Mono path[0] = 'C:/Dev/nebula-virtualworld/Builds/Win64/Nebula_Data/Managed'
Mono config path = 'C:/Dev/nebula-virtualworld/Builds/Win64/MonoBleedingEdge/etc'
CodeReloadManager initialized
Found 1 interfaces on host : 0) 192.168.4.54
Player connection [46260]  Target information:

Player connection [46260]  * "[IP] 192.168.4.54 [Port] 55002 [Flags] 2 [Guid] 3793779926 [EditorId] 1773059659 [Version] 1048832 [Id] WindowsPlayer(2,Atlas) [Debug] 0 [PackageName] WindowsPlayer [ProjectName] nebula-virtualworld" 

Player connection [46260] Started UDP target info broadcast (1) on [225.0.0.222:54997].

Input System module state changed to: Initialized.
[Physics::Module] Initialized fallback backend.
[Physics::Module] Id: 0xdecafbad
Initialize engine version: 6000.6.0f1 (f7f8ed4d1e24)
[EntityIdStore] init: VM path (explicit commit), pageSize=4096, blockCount=1048576, entitiesPerBlock=256, slots reserved=4294967296 bytes
[Subsystems] Discovering subsystems at path C:/Dev/nebula-virtualworld/Builds/Win64/Nebula_Data/UnitySubsystems
Forcing GfxDevice: Null
GfxDevice: creating device client; kGfxThreadingModeNonThreaded
NullGfxDevice:
    Version:  NULL 1.0 [1.0]
    Renderer: Null Device
    Vendor:   Unity Technologies
Begin MonoManager ReloadAssembly
- Finished resetting the current domain, in  0.008 seconds
[Physics::Module] Selected backend.
[Physics::Module] Name: PhysX
[Physics::Module] Id: 0xf2b8ea05
[Physics::Module] SDK Version: 4.1.2
[Physics::Module] Integration Version: 1.0.0
[Physics::Module] Threading Mode: Multi-Threaded
Microsoft Media Foundation video decoding to texture disabled: graphics device is Null, only Direct3D 11 and Direct3D 12 (only on desktop) are supported for hardware-accelerated video decoding.
UnloadTime: 0.418000 ms
[nebula] boot roles=Client scene=World tickRate=60
[nebula] containers: 0 (runtime world)
[nebula] connecting to gateway 127.0.0.1:7200 as 'bot1'
[nebula] chunked world: cell (64.00, 512.00, 64.00) (planar), near 2 cell(s), allocator ring 3, retire after 30s
[nebula] client 0 fps replicas 0 (+0.0/s -0.0/s) entities 0 in 0 pkt/s 0.0 KB/s 0 states/s (msgs: state 0 rpc 0 vars 0) rtt -1ms lead 0 (adj 0, worker saw 0) corrections 0 | full-rate interp: depth 0.0 ticks, starved 0.0% worst +0.0 | frame max 76.7ms fixed/frame max 1 | gaps>3t 0 worst 0t | render delay 0t (stream lag 0t) | snapshot age ms min 0.0 avg 0.0 max 0.0
[nebula] [nebula-probe] t=0.1 pos=0.0,0.0,0.0 cell=0,0,0 origin=0,0,0 replicas=0 dmin=0.0 dmax=0.0 limit=88.0 speed=0.0 beyond=0 dup=0 chunks=0 orphans=0 carrierless=0 spawns=0 despawns=0 pawn=0
[nebula] welcome: clientId=3825002173356310531 identity=468f06fcb933 serverTick=1365003743
[nebula] world starting, about 3 s: no worker is running yet; holding the join
[nebula] [nebula-probe] t=1.1 pos=0.0,0.0,0.0 cell=0,0,0 origin=0,0,0 replicas=0 dmin=0.0 dmax=0.0 limit=88.0 speed=0.0 beyond=0 dup=0 chunks=0 orphans=0 carrierless=0 spawns=0 despawns=0 pawn=0
[nebula] [nebula-probe] t=2.1 pos=0.0,0.0,0.0 cell=0,0,0 origin=0,0,0 replicas=0 dmin=0.0 dmax=0.0 limit=88.0 speed=0.0 beyond=0 dup=0 chunks=0 orphans=0 carrierless=0 spawns=0 despawns=0 pawn=0
[nebula] [nebula-probe] t=3.1 pos=0.0,0.0,0.0 cell=0,0,0 origin=0,0,0 replicas=0 dmin=0.0 dmax=0.0 limit=88.0 speed=0.0 beyond=0 dup=0 chunks=0 orphans=0 carrierless=0 spawns=0 despawns=0 pawn=0
[nebula] joined the world
[nebula] [vw-bot] mode=Wander
[nebula] local player spawned: Player(Clone)#562949953421313(e1,rt_9223367638810361853,local)
[nebula] [nebula-probe] t=4.1 pos=-28.6,0.0,-156.9 cell=-1,0,-3 origin=0,0,0 replicas=0 dmin=0.0 dmax=0.0 limit=88.0 speed=0.0 beyond=0 dup=0 chunks=6 orphans=0 carrierless=0 spawns=1 despawns=0 pawn=1
[nebula] client 66296 fps replicas 1 (+0.2/s -0.0/s) entities 1 in 43 pkt/s 3.5 KB/s 19 states/s (msgs: state 19 rpc 0 vars 0) rtt 0ms lead 4 (adj 1, worker saw 4) corrections 1 last 0.10m | full-rate interp: depth 0.0 ticks, starved 0.0% worst +0.0 | frame max 297.8ms fixed/frame max 1 | gaps>3t 1 worst 5t | render delay 3t (stream lag 0t) | snapshot age ms min 7.2 avg 8.7 max 64.1
[nebula] [nebula-probe] t=5.1 pos=-25.1,0.0,-152.1 cell=-1,0,-3 origin=0,0,0 replicas=0 dmin=0.0 dmax=0.0 limit=97.6 speed=6.0 beyond=0 dup=0 chunks=6 orphans=0 carrierless=0 spawns=1 despawns=0 pawn=1
[nebula] [nebula-probe] t=6.1 pos=-21.6,0.0,-147.2 cell=-1,0,-3 origin=0,0,0 replicas=0 dmin=0.0 dmax=0.0 limit=97.6 speed=6.0 beyond=0 dup=0 chunks=6 orphans=0 carrierless=0 spawns=1 despawns=0 pawn=1
[nebula] [nebula-probe] t=7.1 pos=-18.1,0.0,-142.4 cell=-1,0,-3 origin=0,0,0 replicas=0 dmin=0.0 dmax=0.0 limit=97.6 speed=6.0 beyond=0 dup=0 chunks=6 orphans=0 carrierless=0 spawns=1 despawns=0 pawn=1
[nebula] [nebula-probe] t=8.1 pos=-14.5,0.0,-137.5 cell=-1,0,-3 origin=0,0,0 replicas=0 dmin=0.0 dmax=0.0 limit=97.6 speed=6.0 beyond=0 dup=0 chunks=6 orphans=0 carrierless=0 spawns=1 despawns=0 pawn=1
[nebula] [nebula-probe] t=9.1 pos=-11.0,0.0,-132.6 cell=-1,0,-3 origin=0,0,0 replicas=0 dmin=0.0 dmax=0.0 limit=97.6 speed=6.0 beyond=0 dup=0 chunks=6 orphans=0 carrierless=0 spawns=1 despawns=0 pawn=1
[nebula] client 65166 fps replicas 1 (+0.0/s -0.0/s) entities 1 in 124 pkt/s 9.1 KB/s 60 states/s (msgs: state 60 rpc 0 vars 0) rtt 0ms lead 4 (adj 1, worker saw 4) corrections 0 | full-rate interp: depth 0.0 ticks, starved 0.0% worst +0.0 | frame max 0.9ms fixed/frame max 1 | gaps>3t 0 worst 0t | render delay 3t (stream lag 0t) | snapshot age ms min 7.1 avg 8.0 max 12.5
[nebula] [nebula-probe] t=10.1 pos=-7.5,0.0,-127.8 cell=-1,0,-2 origin=0,0,0 replicas=0 dmin=0.0 dmax=0.0 limit=97.6 speed=6.0 beyond=0 dup=0 chunks=6 orphans=0 carrierless=0 spawns=1 despawns=0 pawn=1
[nebula] [nebula-probe] t=11.1 pos=-4.0,0.0,-122.9 cell=-1,0,-2 origin=0,0,0 replicas=0 dmin=0.0 dmax=0.0 limit=97.6 speed=6.0 beyond=0 dup=0 chunks=6 orphans=0 carrierless=0 spawns=1 despawns=0 pawn=1
[nebula] [nebula-probe] t=12.1 pos=-5.7,0.0,-122.8 cell=-1,0,-2 origin=0,0,0 replicas=0 dmin=0.0 dmax=0.0 limit=90.7 speed=1.7 beyond=0 dup=0 chunks=6 orphans=0 carrierless=0 spawns=1 despawns=0 pawn=1
[nebula] [nebula-probe] t=13.1 pos=-10.8,0.0,-125.8 cell=-1,0,-2 origin=0,0,0 replicas=0 dmin=0.0 dmax=0.0 limit=97.6 speed=6.0 beyond=0 dup=0 chunks=6 orphans=0 carrierless=0 spawns=1 despawns=0 pawn=1
[nebula] [nebula-probe] t=14.1 pos=-16.0,0.0,-128.9 cell=-1,0,-3 origin=0,0,0 replicas=0 dmin=0.0 dmax=0.0 limit=97.6 speed=6.0 beyond=0 dup=0 chunks=6 orphans=0 carrierless=0 spawns=1 despawns=0 pawn=1
[nebula] client 65308 fps replicas 1 (+0.0/s -0.0/s) entities 1 in 125 pkt/s 9.2 KB/s 60 states/s (msgs: state 60 rpc 0 vars 0) rtt 0ms lead 4 (adj 1, worker saw 4) corrections 0 | full-rate interp: depth 0.0 ticks, starved 0.0% worst +0.0 | frame max 0.8ms fixed/frame max 1 | gaps>3t 0 worst 0t | render delay 3t (stream lag 0t) | snapshot age ms min 6.9 avg 8.0 max 12.7
[nebula] [nebula-probe] t=15.1 pos=-21.2,0.0,-131.9 cell=-1,0,-3 origin=0,0,0 replicas=0 dmin=0.0 dmax=0.0 limit=97.6 speed=6.0 beyond=0 dup=0 chunks=6 orphans=0 carrierless=0 spawns=1 despawns=0 pawn=1
[nebula] [nebula-probe] t=16.1 pos=-26.4,0.0,-134.9 cell=-1,0,-3 origin=0,0,0 replicas=0 dmin=0.0 dmax=0.0 limit=97.6 speed=6.0 beyond=0 dup=0 chunks=6 orphans=0 carrierless=0 spawns=1 despawns=0 pawn=1
[nebula] [nebula-probe] t=17.1 pos=-31.6,0.0,-138.0 cell=-1,0,-3 origin=0,0,0 replicas=0 dmin=0.0 dmax=0.0 limit=97.6 speed=6.0 beyond=0 dup=0 chunks=6 orphans=0 carrierless=0 spawns=1 despawns=0 pawn=1
[nebula] [nebula-probe] t=18.1 pos=-36.7,0.0,-141.0 cell=-1,0,-3 origin=0,0,0 replicas=0 dmin=0.0 dmax=0.0 limit=97.6 speed=6.0 beyond=0 dup=0 chunks=6 orphans=0 carrierless=0 spawns=1 despawns=0 pawn=1
[nebula] [nebula-probe] t=19.1 pos=-41.9,0.0,-144.0 cell=-1,0,-3 origin=0,0,0 replicas=0 dmin=0.0 dmax=0.0 limit=97.6 speed=6.0 beyond=0 dup=0 chunks=6 orphans=0 carrierless=0 spawns=1 despawns=0 pawn=1
[nebula] client 64810 fps replicas 1 (+0.0/s -0.0/s) entities 1 in 126 pkt/s 10.1 KB/s 60 states/s (msgs: state 60 rpc 0 vars 0) rtt 0ms lead 4 (adj 1, worker saw 4) corrections 0 | full-rate interp: depth 0.0 ticks, starved 0.0% worst +0.0 | frame max 0.8ms fixed/frame max 1 | gaps>3t 0 worst 0t | render delay 3t (stream lag 0t) | snapshot age ms min 7.2 avg 8.0 max 13.7
[nebula] [nebula-probe] t=20.1 pos=-47.1,0.0,-147.1 cell=-1,0,-3 origin=0,0,0 replicas=0 dmin=0.0 dmax=0.0 limit=97.6 speed=6.0 beyond=0 dup=0 chunks=6 orphans=0 carrierless=0 spawns=1 despawns=0 pawn=1
[nebula] [nebula-probe] t=21.1 pos=-48.6,0.0,-148.1 cell=-1,0,-3 origin=0,0,0 replicas=0 dmin=0.0 dmax=0.0 limit=90.9 speed=1.8 beyond=0 dup=0 chunks=6 orphans=0 carrierless=0 spawns=1 despawns=0 pawn=1
[nebula] [nebula-probe] t=22.1 pos=-43.3,0.0,-145.3 cell=-1,0,-3 origin=0,0,0 replicas=0 dmin=0.0 dmax=0.0 limit=97.6 speed=6.0 beyond=0 dup=0 chunks=6 orphans=0 carrierless=0 spawns=1 despawns=0 pawn=1
[nebula] [nebula-probe] t=23.1 pos=-37.9,0.0,-142.5 cell=-1,0,-3 origin=0,0,0 replicas=0 dmin=0.0 dmax=0.0 limit=97.6 speed=6.0 beyond=0 dup=0 chunks=6 orphans=0 carrierless=0 spawns=1 despawns=0 pawn=1
[nebula] [nebula-probe] t=24.1 pos=-32.6,0.0,-139.8 cell=-1,0,-3 origin=0,0,0 replicas=0 dmin=0.0 dmax=0.0 limit=97.6 speed=6.0 beyond=0 dup=0 chunks=6 orphans=0 carrierless=0 spawns=1 despawns=0 pawn=1
[nebula] client 64813 fps replicas 1 (+0.0/s -0.0/s) entities 1 in 124 pkt/s 9.1 KB/s 60 states/s (msgs: state 60 rpc 0 vars 0) rtt 0ms lead 4 (adj 1, worker saw 4) corrections 0 | full-rate interp: depth 0.0 ticks, starved 0.0% worst +0.0 | frame max 0.9ms fixed/frame max 1 | gaps>3t 0 worst 0t | render delay 3t (stream lag 0t) | snapshot age ms min 7.1 avg 8.1 max 15.2
[nebula] [nebula-probe] t=25.1 pos=-27.3,0.0,-137.0 cell=-1,0,-3 origin=0,0,0 replicas=0 dmin=0.0 dmax=0.0 limit=97.6 speed=6.0 beyond=0 dup=0 chunks=6 orphans=0 carrierless=0 spawns=1 despawns=0 pawn=1
[nebula] [nebula-probe] t=26.1 pos=-21.8,0.0,-134.7 cell=-1,0,-3 origin=0,0,0 replicas=1 dmin=0.5 dmax=0.5 limit=97.5 speed=5.9 beyond=0 dup=0 chunks=9 orphans=0 carrierless=0 spawns=2 despawns=0 pawn=1
[nebula] [nebula-probe] t=27.1 pos=-15.9,0.0,-133.6 cell=-1,0,-3 origin=0,0,0 replicas=1 dmin=5.5 dmax=5.5 limit=97.6 speed=6.0 beyond=0 dup=0 chunks=9 orphans=0 carrierless=0 spawns=2 despawns=0 pawn=1
[nebula] [nebula-probe] t=28.1 pos=-10.0,0.0,-132.5 cell=-1,0,-3 origin=0,0,0 replicas=1 dmin=11.5 dmax=11.5 limit=97.6 speed=6.0 beyond=0 dup=0 chunks=9 orphans=0 carrierless=0 spawns=2 despawns=0 pawn=1
[nebula] [nebula-probe] t=29.1 pos=-4.1,0.0,-131.4 cell=-1,0,-3 origin=0,0,0 replicas=1 dmin=17.5 dmax=17.5 limit=97.6 speed=6.0 beyond=0 dup=0 chunks=9 orphans=0 carrierless=0 spawns=2 despawns=0 pawn=1
[nebula] client 64360 fps replicas 2 (+0.2/s -0.0/s) entities 2 in 125 pkt/s 10.1 KB/s 60 states/s (msgs: state 60 rpc 0 vars 0) rtt 0ms lead 4 (adj 1, worker saw 4) corrections 0 | full-rate interp: depth 0.0 ticks, starved 0.0% worst +0.0 | frame max 2.7ms fixed/frame max 1 | gaps>3t 0 worst 0t | render delay 3t (stream lag 0t) | snapshot age ms min 5.7 avg 8.2 max 16.0
[nebula] [nebula-probe] t=30.1 pos=1.8,0.0,-130.4 cell=0,0,-3 origin=0,0,0 replicas=1 dmin=23.5 dmax=23.5 limit=97.6 speed=6.0 beyond=0 dup=0 chunks=9 orphans=0 carrierless=0 spawns=2 despawns=0 pawn=1
[nebula] [nebula-probe] t=31.1 pos=7.7,0.0,-129.3 cell=0,0,-3 origin=0,0,0 replicas=1 dmin=29.5 dmax=29.5 limit=97.6 speed=6.0 beyond=0 dup=0 chunks=9 orphans=0 carrierless=0 spawns=2 despawns=0 pawn=1
[nebula] [nebula-probe] t=32.1 pos=13.6,0.0,-128.2 cell=0,0,-3 origin=0,0,0 replicas=1 dmin=35.5 dmax=35.5 limit=97.6 speed=6.0 beyond=0 dup=0 chunks=9 orphans=0 carrierless=0 spawns=2 despawns=0 pawn=1
[nebula] [nebula-probe] t=33.1 pos=19.5,0.0,-127.1 cell=0,0,-2 origin=0,0,0 replicas=1 dmin=41.5 dmax=41.5 limit=97.6 speed=6.0 beyond=0 dup=0 chunks=9 orphans=0 carrierless=0 spawns=2 despawns=0 pawn=1
[nebula] [nebula-probe] t=34.1 pos=25.4,0.0,-126.0 cell=0,0,-2 origin=0,0,0 replicas=1 dmin=47.5 dmax=47.5 limit=97.6 speed=6.0 beyond=0 dup=0 chunks=9 orphans=0 carrierless=0 spawns=2 despawns=0 pawn=1
[nebula] client 62622 fps replicas 2 (+0.0/s -0.0/s) entities 2 in 128 pkt/s 11.6 KB/s 60 states/s (msgs: state 60 rpc 0 vars 0) rtt 0ms lead 4 (adj 1, worker saw 4) corrections 0 | full-rate interp: depth 0.0 ticks, starved 0.0% worst +0.0 | frame max 1.2ms fixed/frame max 1 | gaps>3t 0 worst 0t | render delay 3t (stream lag 0t) | snapshot age ms min 11.6 avg 13.0 max 17.5
[nebula] [nebula-probe] t=35.1 pos=29.8,0.0,-122.2 cell=0,0,-2 origin=0,0,0 replicas=1 dmin=52.6 dmax=52.6 limit=97.4 speed=5.8 beyond=0 dup=0 chunks=9 orphans=0 carrierless=0 spawns=2 despawns=0 pawn=1
[nebula] [nebula-probe] t=36.1 pos=33.9,0.0,-117.8 cell=0,0,-2 origin=0,0,0 replicas=1 dmin=57.7 dmax=57.7 limit=97.6 speed=6.0 beyond=0 dup=0 chunks=9 orphans=0 carrierless=0 spawns=2 despawns=0 pawn=1
[nebula] [nebula-probe] t=37.1 pos=38.0,0.0,-113.4 cell=0,0,-2 origin=0,0,0 replicas=1 dmin=63.0 dmax=63.0 limit=97.6 speed=6.0 beyond=0 dup=0 chunks=9 orphans=0 carrierless=0 spawns=2 despawns=0 pawn=1
[nebula] [nebula-probe] t=38.1 pos=42.1,0.0,-109.0 cell=0,0,-2 origin=0,0,0 replicas=1 dmin=68.4 dmax=68.4 limit=97.6 speed=6.0 beyond=0 dup=0 chunks=9 orphans=0 carrierless=0 spawns=2 despawns=0 pawn=1
[nebula] [nebula-probe] t=39.1 pos=41.7,0.0,-105.9 cell=0,0,-2 origin=0,0,0 replicas=1 dmin=0.6 dmax=0.6 limit=93.0 speed=3.1 beyond=0 dup=0 chunks=9 orphans=0 carrierless=0 spawns=3 despawns=1 pawn=1
[nebula] client 61901 fps replicas 2 (+0.2/s -0.2/s) entities 2 in 125 pkt/s 9.6 KB/s 60 states/s (msgs: state 60 rpc 0 vars 0) rtt 0ms lead 4 (adj 1, worker saw 4) corrections 0 | full-rate interp: depth 0.0 ticks, starved 0.0% worst +0.0 | frame max 3.8ms fixed/frame max 1 | gaps>3t 0 worst 0t | render delay 3t (stream lag 0t) | snapshot age ms min 11.7 avg 13.6 max 36.3
[nebula] [nebula-probe] t=40.1 pos=35.9,0.0,-104.4 cell=0,0,-2 origin=0,0,0 replicas=1 dmin=6.6 dmax=6.6 limit=97.6 speed=6.0 beyond=0 dup=0 chunks=9 orphans=0 carrierless=0 spawns=3 despawns=1 pawn=1
[nebula] [nebula-probe] t=41.1 pos=30.1,0.0,-102.9 cell=0,0,-2 origin=0,0,0 replicas=1 dmin=12.6 dmax=12.6 limit=97.6 speed=6.0 beyond=0 dup=0 chunks=9 orphans=0 carrierless=0 spawns=3 despawns=1 pawn=1
[nebula] [nebula-probe] t=42.1 pos=24.3,0.0,-101.3 cell=0,0,-2 origin=0,0,0 replicas=1 dmin=18.6 dmax=18.6 limit=97.6 speed=6.0 beyond=0 dup=0 chunks=9 orphans=0 carrierless=0 spawns=3 despawns=1 pawn=1
[nebula] [nebula-probe] t=43.1 pos=18.6,0.0,-100.9 cell=0,0,-2 origin=0,0,0 replicas=1 dmin=24.3 dmax=24.3 limit=97.2 speed=5.7 beyond=0 dup=0 chunks=9 orphans=0 carrierless=0 spawns=3 despawns=1 pawn=1
[nebula] [nebula-probe] t=44.1 pos=13.1,0.0,-103.2 cell=0,0,-2 origin=0,0,0 replicas=2 dmin=29.4 dmax=46.5 limit=97.6 speed=6.0 beyond=0 dup=0 chunks=9 orphans=0 carrierless=0 spawns=4 despawns=1 pawn=1
[nebula] client 62958 fps replicas 3 (+0.2/s -0.0/s) entities 3 in 127 pkt/s 10.8 KB/s 60 states/s (msgs: state 60 rpc 0 vars 0) rtt 0ms lead 4 (adj 1, worker saw 4) corrections 0 | full-rate interp: depth 0.0 ticks, starved 0.0% worst +0.0 | frame max 0.9ms fixed/frame max 1 | gaps>3t 0 worst 0t | render delay 3t (stream lag 0t) | snapshot age ms min 11.9 avg 14.5 max 17.4
[nebula] [nebula-probe] t=45.1 pos=7.6,0.0,-105.6 cell=0,0,-2 origin=0,0,0 replicas=2 dmin=34.8 dmax=40.9 limit=97.6 speed=6.0 beyond=0 dup=0 chunks=9 orphans=0 carrierless=0 spawns=4 despawns=1 pawn=1
[nebula] [nebula-probe] t=46.1 pos=2.0,0.0,-107.9 cell=0,0,-2 origin=0,0,0 replicas=2 dmin=35.5 dmax=40.3 limit=97.6 speed=6.0 beyond=0 dup=0 chunks=9 orphans=0 carrierless=0 spawns=4 despawns=1 pawn=1
[nebula] [nebula-probe] t=47.1 pos=-3.4,0.0,-110.2 cell=-1,0,-2 origin=0,0,0 replicas=2 dmin=30.3 dmax=45.9 limit=97.4 speed=5.9 beyond=0 dup=0 chunks=9 orphans=0 carrierless=0 spawns=4 despawns=1 pawn=1
[nebula] [nebula-probe] t=48.1 pos=2.2,0.0,-108.1 cell=0,0,-2 origin=0,0,0 replicas=2 dmin=35.4 dmax=40.1 limit=97.6 speed=6.0 beyond=0 dup=0 chunks=9 orphans=0 carrierless=0 spawns=4 despawns=1 pawn=1
[nebula] [nebula-probe] t=49.1 pos=7.9,0.0,-106.1 cell=0,0,-2 origin=0,0,0 replicas=2 dmin=34.4 dmax=40.8 limit=97.6 speed=6.0 beyond=0 dup=0 chunks=9 orphans=0 carrierless=0 spawns=4 despawns=1 pawn=1
[nebula] client 63631 fps replicas 3 (+0.0/s -0.0/s) entities 3 in 128 pkt/s 12.0 KB/s 59 states/s (msgs: state 59 rpc 0 vars 0) rtt 0ms lead 4 (adj 1, worker saw 4) corrections 1 last 0.10m | full-rate interp: depth 0.0 ticks, starved 0.0% worst +0.0 | frame max 0.9ms fixed/frame max 1 | gaps>3t 0 worst 0t | render delay 3t (stream lag 0t) | snapshot age ms min 7.2 avg 13.1 max 17.5
[nebula] [nebula-probe] t=50.1 pos=13.5,0.0,-104.1 cell=0,0,-2 origin=0,0,0 replicas=2 dmin=28.9 dmax=46.3 limit=97.6 speed=6.0 beyond=0 dup=0 chunks=9 orphans=0 carrierless=0 spawns=4 despawns=1 pawn=1
[nebula] [nebula-probe] t=51.1 pos=19.2,0.0,-102.1 cell=0,0,-2 origin=0,0,0 replicas=2 dmin=23.5 dmax=51.9 limit=97.6 speed=6.0 beyond=0 dup=0 chunks=9 orphans=0 carrierless=0 spawns=4 despawns=1 pawn=1
[nebula] [nebula-probe] t=52.1 pos=24.8,0.0,-100.1 cell=0,0,-2 origin=0,0,0 replicas=2 dmin=18.5 dmax=57.6 limit=97.6 speed=6.0 beyond=0 dup=0 chunks=9 orphans=0 carrierless=0 spawns=4 despawns=1 pawn=1
[nebula] [nebula-probe] t=53.1 pos=30.5,0.0,-98.1 cell=0,0,-2 origin=0,0,0 replicas=2 dmin=14.3 dmax=63.4 limit=97.6 speed=6.0 beyond=0 dup=0 chunks=9 orphans=0 carrierless=0 spawns=4 despawns=1 pawn=1
[nebula] [nebula-probe] t=54.1 pos=36.1,0.0,-96.1 cell=0,0,-2 origin=0,0,0 replicas=3 dmin=11.8 dmax=69.2 limit=97.6 speed=6.0 beyond=0 dup=0 chunks=9 orphans=0 carrierless=0 spawns=5 despawns=1 pawn=1
[nebula] client 55354 fps replicas 4 (+0.4/s -0.2/s) entities 4 in 125 pkt/s 9.8 KB/s 65 states/s (msgs: state 60 rpc 0 vars 0) rtt 0ms lead 4 (adj 1, worker saw 4) corrections 0 | full-rate interp: depth 1.6 ticks, starved 0.0% worst +0.0 | frame max 1.9ms fixed/frame max 1 | gaps>3t 0 worst 0t | render delay 3t (stream lag 0t) | snapshot age ms min 11.3 avg 15.7 max 17.9
[nebula] [nebula-probe] t=55.1 pos=41.8,0.0,-94.0 cell=0,0,-2 origin=0,0,0 replicas=3 dmin=12.1 dmax=45.0 limit=97.6 speed=6.0 beyond=0 dup=0 chunks=9 orphans=0 carrierless=0 spawns=6 despawns=2 pawn=1
[nebula] [nebula-probe] t=56.1 pos=46.9,0.0,-91.5 cell=0,0,-2 origin=0,0,0 replicas=4 dmin=15.3 dmax=46.1 limit=97.1 speed=5.7 beyond=0 dup=0 chunks=9 orphans=0 carrierless=0 spawns=7 despawns=2 pawn=1
[nebula] [nebula-probe] t=57.1 pos=48.1,0.0,-85.6 cell=0,0,-2 origin=0,0,0 replicas=4 dmin=14.6 dmax=46.9 limit=97.6 speed=6.0 beyond=0 dup=0 chunks=9 orphans=0 carrierless=0 spawns=7 despawns=2 pawn=1
[nebula] [nebula-probe] t=58.1 pos=49.4,0.0,-79.8 cell=0,0,-2 origin=0,0,0 replicas=5 dmin=7.7 dmax=48.5 limit=97.6 speed=6.0 beyond=0 dup=0 chunks=9 orphans=0 carrierless=0 spawns=8 despawns=2 pawn=1
[nebula] [nebula-probe] t=59.1 pos=50.6,0.0,-73.9 cell=0,0,-2 origin=0,0,0 replicas=5 dmin=1.8 dmax=50.7 limit=97.6 speed=6.0 beyond=0 dup=0 chunks=9 orphans=0 carrierless=0 spawns=8 despawns=2 pawn=1
[nebula] client 31443 fps replicas 6 (+0.4/s -0.0/s) entities 6 in 131 pkt/s 13.5 KB/s 119 states/s (msgs: state 64 rpc 0 vars 0) rtt 0ms lead 4 (adj 1, worker saw 4) corrections 0 | full-rate interp: depth 2.5 ticks, starved 0.0% worst +0.0 | frame max 0.9ms fixed/frame max 1 | gaps>3t 0 worst 0t | render delay 3t (stream lag 0t) | snapshot age ms min 12.9 avg 16.1 max 21.9
[nebula] [nebula-probe] t=60.1 pos=51.9,0.0,-68.0 cell=0,0,-2 origin=0,0,0 replicas=5 dmin=4.3 dmax=53.5 limit=97.6 speed=6.0 beyond=0 dup=0 chunks=9 orphans=0 carrierless=0 spawns=8 despawns=2 pawn=1
[nebula] [nebula-probe] t=61.1 pos=53.1,0.0,-62.2 cell=0,0,-1 origin=0,0,0 replicas=5 dmin=10.3 dmax=56.8 limit=97.6 speed=6.0 beyond=0 dup=0 chunks=9 orphans=0 carrierless=0 spawns=8 despawns=2 pawn=1
[nebula] [nebula-probe] t=62.1 pos=53.3,0.0,-56.4 cell=0,0,-1 origin=0,0,0 replicas=7 dmin=0.3 dmax=61.1 limit=97.2 speed=5.8 beyond=0 dup=0 chunks=12 orphans=0 carrierless=0 spawns=10 despawns=2 pawn=1
[nebula] [nebula-probe] t=63.1 pos=50.9,0.0,-50.9 cell=0,0,-1 origin=0,0,0 replicas=7 dmin=5.7 dmax=66.9 limit=97.6 speed=6.0 beyond=0 dup=0 chunks=12 orphans=0 carrierless=0 spawns=10 despawns=2 pawn=1
[nebula] [nebula-probe] t=64.1 pos=48.5,0.0,-45.4 cell=0,0,-1 origin=0,0,0 replicas=7 dmin=11.7 dmax=61.0 limit=97.6 speed=6.0 beyond=0 dup=0 chunks=9 orphans=0 carrierless=0 spawns=11 despawns=3 pawn=1
[nebula] client 30378 fps replicas 9 (+0.8/s -0.2/s) entities 9 in 136 pkt/s 15.7 KB/s 120 states/s (msgs: state 66 rpc 0 vars 0) rtt 0ms lead 4 (adj 1, worker saw 4) corrections 0 | full-rate interp: depth 2.4 ticks, starved 0.0% worst +0.0 | frame max 1.1ms fixed/frame max 1 | gaps>3t 0 worst 0t | render delay 3t (stream lag 0t) | snapshot age ms min 13.3 avg 16.3 max 20.2
[nebula] [nebula-probe] t=65.1 pos=46.1,0.0,-39.9 cell=0,0,-1 origin=0,0,0 replicas=8 dmin=16.0 dmax=66.9 limit=97.6 speed=6.0 beyond=0 dup=0 chunks=9 orphans=0 carrierless=0 spawns=12 despawns=3 pawn=1
[nebula] [nebula-probe] t=66.1 pos=43.8,0.0,-34.4 cell=0,0,-1 origin=0,0,0 replicas=6 dmin=17.8 dmax=55.7 limit=97.6 speed=6.0 beyond=0 dup=0 chunks=9 orphans=0 carrierless=0 spawns=12 despawns=5 pawn=1
[nebula] [nebula-probe] t=67.1 pos=41.4,0.0,-28.9 cell=0,0,-1 origin=0,0,0 replicas=6 dmin=24.7 dmax=61.3 limit=97.6 speed=6.0 beyond=0 dup=0 chunks=9 orphans=0 carrierless=0 spawns=12 despawns=5 pawn=1
[nebula] [nebula-probe] t=68.1 pos=39.0,0.0,-23.4 cell=0,0,-1 origin=0,0,0 replicas=6 dmin=23.0 dmax=67.1 limit=97.6 speed=6.0 beyond=0 dup=0 chunks=9 orphans=0 carrierless=0 spawns=12 despawns=5 pawn=1
[nebula] [nebula-probe] t=69.1 pos=36.6,0.0,-17.8 cell=0,0,-1 origin=0,0,0 replicas=5 dmin=26.4 dmax=56.5 limit=97.6 speed=6.0 beyond=0 dup=0 chunks=9 orphans=0 carrierless=0 spawns=12 despawns=6 pawn=1
[nebula] client 29550 fps replicas 6 (+0.0/s -0.6/s) entities 6 in 131 pkt/s 13.7 KB/s 148 states/s (msgs: state 67 rpc 0 vars 0) rtt 0ms lead 4 (adj 1, worker saw 4) corrections 0 | full-rate interp: depth 2.4 ticks, starved 0.0% worst +0.0 | frame max 0.9ms fixed/frame max 1 | gaps>3t 0 worst 0t | render delay 3t (stream lag 0t) | snapshot age ms min 13.4 avg 16.3 max 20.5
[nebula] [nebula-probe] t=70.1 pos=34.3,0.0,-12.3 cell=0,0,-1 origin=0,0,0 replicas=5 dmin=26.4 dmax=62.5 limit=97.6 speed=6.0 beyond=0 dup=0 chunks=9 orphans=0 carrierless=0 spawns=12 despawns=6 pawn=1
[nebula] [nebula-probe] t=71.1 pos=32.4,0.0,-6.7 cell=0,0,-1 origin=0,0,0 replicas=6 dmin=25.5 dmax=69.5 limit=97.5 speed=5.9 beyond=0 dup=0 chunks=9 orphans=0 carrierless=0 spawns=13 despawns=6 pawn=1
[nebula] [nebula-probe] t=72.1 pos=31.7,0.0,-0.7 cell=0,0,-1 origin=0,0,0 replicas=4 dmin=24.8 dmax=59.4 limit=97.6 speed=6.0 beyond=0 dup=0 chunks=9 orphans=0 carrierless=0 spawns=13 despawns=8 pawn=1
[nebula] [nebula-probe] t=73.1 pos=31.0,0.0,5.1 cell=0,0,0 origin=0,0,0 replicas=5 dmin=25.1 dmax=65.2 limit=97.4 speed=5.9 beyond=0 dup=0 chunks=12 orphans=0 carrierless=0 spawns=14 despawns=8 pawn=1
[nebula] [nebula-probe] t=74.1 pos=30.2,0.0,11.1 cell=0,0,0 origin=0,0,0 replicas=7 dmin=26.5 dmax=71.0 limit=97.6 speed=6.0 beyond=0 dup=0 chunks=12 orphans=0 carrierless=0 spawns=16 despawns=8 pawn=1
[nebula] client 29663 fps replicas 7 (+0.8/s -0.6/s) entities 7 in 162 pkt/s 13.9 KB/s 122 states/s (msgs: state 95 rpc 0 vars 0) rtt 0ms lead 4 (adj 1, worker saw 4) corrections 1 last 0.10m | full-rate interp: depth 2.5 ticks, starved 0.0% worst +0.0 | frame max 0.9ms fixed/frame max 1 | gaps>3t 0 worst 0t | render delay 3t (stream lag 0t) | snapshot age ms min 13.5 avg 16.4 max 20.5
[nebula] [nebula-probe] t=75.1 pos=29.5,0.0,17.0 cell=0,0,0 origin=0,0,0 replicas=6 dmin=23.3 dmax=54.0 limit=97.6 speed=6.0 beyond=0 dup=0 chunks=9 orphans=0 carrierless=0 spawns=16 despawns=9 pawn=1
[nebula] [nebula-probe] t=76.1 pos=30.4,0.0,22.8 cell=0,0,0 origin=0,0,0 replicas=7 dmin=1.6 dmax=59.6 limit=97.4 speed=5.9 beyond=0 dup=0 chunks=9 orphans=0 carrierless=0 spawns=17 despawns=9 pawn=1
[nebula] [nebula-probe] t=77.1 pos=32.3,0.0,28.5 cell=0,0,0 origin=0,0,0 replicas=7 dmin=7.6 dmax=65.6 limit=97.6 speed=6.0 beyond=0 dup=0 chunks=9 orphans=0 carrierless=0 spawns=17 despawns=9 pawn=1
[nebula] [nebula-probe] t=78.1 pos=34.1,0.0,34.2 cell=0,0,0 origin=0,0,0 replicas=7 dmin=13.6 dmax=60.0 limit=97.6 speed=6.0 beyond=0 dup=0 chunks=9 orphans=0 carrierless=0 spawns=18 despawns=10 pawn=1
[nebula] [nebula-probe] t=79.1 pos=36.0,0.0,39.9 cell=0,0,0 origin=0,0,0 replicas=7 dmin=11.0 dmax=71.7 limit=97.6 speed=6.0 beyond=0 dup=0 chunks=9 orphans=0 carrierless=0 spawns=18 despawns=10 pawn=1
[nebula] client 34763 fps replicas 7 (+0.4/s -0.4/s) entities 7 in 144 pkt/s 13.2 KB/s 75 states/s (msgs: state 75 rpc 0 vars 0) rtt 0ms lead 4 (adj 1, worker saw 4) corrections 0 | full-rate interp: depth 2.1 ticks, starved 0.0% worst +0.0 | frame max 0.9ms fixed/frame max 1 | gaps>3t 0 worst 0t | render delay 3t (stream lag 0t) | snapshot age ms min 15.5 avg 16.4 max 20.4
[nebula] [nebula-probe] t=80.1 pos=37.9,0.0,45.6 cell=0,0,0 origin=0,0,0 replicas=6 dmin=5.2 dmax=37.2 limit=97.6 speed=6.0 beyond=0 dup=0 chunks=9 orphans=0 carrierless=0 spawns=18 despawns=11 pawn=1
[nebula] [nebula-probe] t=81.1 pos=39.7,0.0,51.4 cell=0,0,0 origin=0,0,0 replicas=6 dmin=1.0 dmax=38.2 limit=97.6 speed=6.0 beyond=0 dup=0 chunks=9 orphans=0 carrierless=0 spawns=18 despawns=11 pawn=1
[nebula] [nebula-probe] t=82.1 pos=41.6,0.0,57.1 cell=0,0,0 origin=0,0,0 replicas=6 dmin=6.1 dmax=40.2 limit=97.6 speed=6.0 beyond=0 dup=0 chunks=9 orphans=0 carrierless=0 spawns=18 despawns=11 pawn=1
[nebula] [nebula-probe] t=83.1 pos=43.4,0.0,62.8 cell=0,0,0 origin=0,0,0 replicas=6 dmin=12.1 dmax=43.6 limit=97.6 speed=6.0 beyond=0 dup=0 chunks=9 orphans=0 carrierless=0 spawns=18 despawns=11 pawn=1
[nebula] [nebula-probe] t=84.1 pos=45.3,0.0,68.5 cell=0,0,1 origin=0,0,0 replicas=6 dmin=12.1 dmax=49.6 limit=97.6 speed=6.0 beyond=0 dup=0 chunks=9 orphans=0 carrierless=0 spawns=18 despawns=11 pawn=1
[nebula] client 62805 fps replicas 9 (+0.4/s -0.0/s) entities 9 in 125 pkt/s 9.7 KB/s 60 states/s (msgs: state 60 rpc 0 vars 0) rtt 0ms lead 4 (adj 1, worker saw 4) corrections 0 | full-rate interp: depth 0.0 ticks, starved 0.0% worst +0.0 | frame max 1.1ms fixed/frame max 1 | gaps>3t 0 worst 0t | render delay 3t (stream lag 0t) | snapshot age ms min 13.5 avg 16.4 max 20.4
[nebula] [nebula-probe] t=85.1 pos=47.9,0.0,73.6 cell=0,0,1 origin=0,0,0 replicas=8 dmin=0.8 dmax=55.3 limit=97.2 speed=5.8 beyond=0 dup=0 chunks=12 orphans=0 carrierless=0 spawns=20 despawns=11 pawn=1
[nebula] [nebula-probe] t=86.1 pos=53.0,0.0,76.8 cell=0,0,1 origin=0,0,0 replicas=9 dmin=5.2 dmax=60.1 limit=97.6 speed=6.0 beyond=0 dup=0 chunks=12 orphans=0 carrierless=0 spawns=21 despawns=11 pawn=1
[nebula] [nebula-probe] t=87.1 pos=58.1,0.0,80.0 cell=0,0,1 origin=0,0,0 replicas=10 dmin=7.8 dmax=65.0 limit=97.6 speed=6.0 beyond=0 dup=0 chunks=12 orphans=0 carrierless=0 spawns=22 despawns=11 pawn=1
[nebula] [nebula-probe] t=88.1 pos=63.2,0.0,83.1 cell=0,0,1 origin=0,0,0 replicas=10 dmin=12.5 dmax=64.8 limit=97.6 speed=6.0 beyond=0 dup=0 chunks=9 orphans=0 carrierless=0 spawns=23 despawns=12 pawn=1
[nebula] [nebula-probe] t=89.1 pos=68.3,0.0,86.3 cell=1,0,1 origin=0,0,0 replicas=10 dmin=18.1 dmax=70.7 limit=97.6 speed=6.0 beyond=0 dup=0 chunks=9 orphans=0 carrierless=0 spawns=23 despawns=12 pawn=1
[nebula] client 38666 fps replicas 12 (+1.0/s -0.4/s) entities 12 in 129 pkt/s 12.1 KB/s 72 states/s (msgs: state 62 rpc 0 vars 0) rtt 0ms lead 4 (adj 1, worker saw 4) corrections 0 | full-rate interp: depth 1.6 ticks, starved 0.0% worst +0.0 | frame max 1.0ms fixed/frame max 1 | gaps>3t 0 worst 0t | render delay 3t (stream lag 0t) | snapshot age ms min 12.4 avg 16.4 max 21.0
[nebula] [nebula-probe] t=90.1 pos=73.3,0.0,89.5 cell=1,0,1 origin=0,0,0 replicas=11 dmin=21.5 dmax=58.9 limit=97.6 speed=6.0 beyond=0 dup=0 chunks=9 orphans=0 carrierless=0 spawns=25 despawns=13 pawn=1
[nebula] [nebula-probe] t=91.1 pos=77.2,0.0,92.2 cell=1,0,1 origin=0,0,0 replicas=13 dmin=1.4 dmax=61.9 limit=95.5 speed=4.7 beyond=0 dup=0 chunks=9 orphans=0 carrierless=0 spawns=27 despawns=13 pawn=1
[nebula] [nebula-probe] t=92.1 pos=71.2,0.0,91.4 cell=1,0,1 origin=0,0,0 replicas=13 dmin=4.6 dmax=60.9 limit=97.6 speed=6.0 beyond=0 dup=0 chunks=9 orphans=0 carrierless=0 spawns=27 despawns=13 pawn=1
[nebula] [nebula-probe] t=93.1 pos=65.2,0.0,90.7 cell=1,0,1 origin=0,0,0 replicas=13 dmin=10.6 dmax=60.5 limit=97.6 speed=6.0 beyond=0 dup=0 chunks=9 orphans=0 carrierless=0 spawns=27 despawns=13 pawn=1
[nebula] [nebula-probe] t=94.1 pos=59.3,0.0,89.9 cell=0,0,1 origin=0,0,0 replicas=13 dmin=16.6 dmax=60.7 limit=97.6 speed=6.0 beyond=0 dup=0 chunks=9 orphans=0 carrierless=0 spawns=27 despawns=13 pawn=1
[nebula] client 32857 fps replicas 14 (+0.4/s -0.0/s) entities 14 in 131 pkt/s 12.3 KB/s 68 states/s (msgs: state 62 rpc 0 vars 0) rtt 0ms lead 4 (adj 1, worker saw 4) corrections 0 | full-rate interp: depth 1.6 ticks, starved 0.0% worst +0.0 | frame max 0.9ms fixed/frame max 1 | gaps>3t 0 worst 0t | render delay 3t (stream lag 0t) | snapshot age ms min 15.4 avg 16.3 max 20.8
[nebula] [nebula-probe] t=95.1 pos=53.3,0.0,89.2 cell=0,0,1 origin=0,0,0 replicas=13 dmin=15.9 dmax=65.5 limit=97.6 speed=6.0 beyond=0 dup=0 chunks=9 orphans=0 carrierless=0 spawns=27 despawns=13 pawn=1
[nebula] [nebula-probe] t=96.1 pos=47.4,0.0,88.5 cell=0,0,1 origin=0,0,0 replicas=12 dmin=14.5 dmax=69.6 limit=97.6 speed=6.0 beyond=0 dup=0 chunks=6 orphans=0 carrierless=0 spawns=27 despawns=14 pawn=1
[nebula] [nebula-probe] t=97.1 pos=49.8,0.0,83.1 cell=0,0,1 origin=0,0,0 replicas=11 dmin=3.8 dmax=57.0 limit=97.4 speed=5.9 beyond=0 dup=0 chunks=9 orphans=0 carrierless=0 spawns=28 despawns=16 pawn=1
[nebula] [nebula-probe] t=98.1 pos=52.4,0.0,77.7 cell=0,0,1 origin=0,0,0 replicas=11 dmin=5.3 dmax=64.2 limit=97.6 speed=6.0 beyond=0 dup=0 chunks=9 orphans=0 carrierless=0 spawns=28 despawns=16 pawn=1
[nebula] [nebula-probe] t=99.1 pos=55.0,0.0,72.3 cell=0,0,1 origin=0,0,0 replicas=11 dmin=1.8 dmax=72.7 limit=97.6 speed=6.0 beyond=0 dup=0 chunks=9 orphans=0 carrierless=0 spawns=28 despawns=16 pawn=1
[nebula] client 37700 fps replicas 11 (+0.2/s -0.8/s) entities 11 in 127 pkt/s 9.6 KB/s 66 states/s (msgs: state 62 rpc 0 vars 0) rtt 0ms lead 4 (adj 1, worker saw 4) corrections 0 | full-rate interp: depth 1.5 ticks, starved 0.0% worst +0.0 | frame max 1.0ms fixed/frame max 1 | gaps>3t 0 worst 0t | render delay 3t (stream lag 0t) | snapshot age ms min 15.4 avg 16.4 max 21.2
[nebula] [nebula-probe] t=100.1 pos=57.6,0.0,66.9 cell=0,0,1 origin=0,0,0 replicas=10 dmin=5.5 dmax=60.1 limit=97.6 speed=6.0 beyond=0 dup=0 chunks=9 orphans=0 carrierless=0 spawns=28 despawns=17 pawn=1
[nebula] [nebula-probe] t=101.1 pos=60.2,0.0,61.5 cell=0,0,0 origin=0,0,0 replicas=10 dmin=11.3 dmax=63.9 limit=97.6 speed=6.0 beyond=0 dup=0 chunks=9 orphans=0 carrierless=0 spawns=28 despawns=17 pawn=1
[nebula] [nebula-probe] t=102.1 pos=62.8,0.0,56.0 cell=0,0,0 origin=0,0,0 replicas=11 dmin=17.3 dmax=68.0 limit=97.6 speed=6.0 beyond=0 dup=0 chunks=12 orphans=0 carrierless=0 spawns=29 despawns=17 pawn=1
[nebula] [nebula-probe] t=103.1 pos=65.4,0.0,50.6 cell=1,0,0 origin=0,0,0 replicas=11 dmin=21.1 dmax=47.6 limit=97.6 speed=6.0 beyond=0 dup=0 chunks=9 orphans=0 carrierless=0 spawns=31 despawns=19 pawn=1
[nebula] [nebula-probe] t=104.1 pos=67.9,0.0,45.2 cell=1,0,0 origin=0,0,0 replicas=11 dmin=15.2 dmax=50.5 limit=97.6 speed=6.0 beyond=0 dup=0 chunks=9 orphans=0 carrierless=0 spawns=31 despawns=19 pawn=1
[nebula] client 46304 fps replicas 12 (+0.6/s -0.4/s) entities 12 in 128 pkt/s 11.3 KB/s 68 states/s (msgs: state 61 rpc 0 vars 0) rtt 0ms lead 4 (adj 1, worker saw 4) corrections 0 | full-rate interp: depth 1.4 ticks, starved 0.0% worst +0.0 | frame max 1.0ms fixed/frame max 1 | gaps>3t 0 worst 0t | render delay 3t (stream lag 0t) | snapshot age ms min 15.5 avg 16.5 max 20.6
[nebula] [nebula-probe] t=105.1 pos=70.5,0.0,39.8 cell=1,0,0 origin=0,0,0 replicas=11 dmin=9.4 dmax=53.9 limit=97.6 speed=6.0 beyond=0 dup=0 chunks=9 orphans=0 carrierless=0 spawns=31 despawns=19 pawn=1
[nebula] [nebula-probe] t=106.1 pos=73.9,0.0,34.9 cell=1,0,0 origin=0,0,0 replicas=11 dmin=4.8 dmax=57.7 limit=97.5 speed=6.0 beyond=0 dup=0 chunks=9 orphans=0 carrierless=0 spawns=31 despawns=19 pawn=1
[nebula] [nebula-probe] t=107.1 pos=77.7,0.0,30.3 cell=1,0,0 origin=0,0,0 replicas=12 dmin=5.9 dmax=63.6 limit=97.6 speed=6.0 beyond=0 dup=0 chunks=9 orphans=0 carrierless=0 spawns=32 despawns=19 pawn=1
[nebula] [nebula-probe] t=108.1 pos=81.5,0.0,25.6 cell=1,0,0 origin=0,0,0 replicas=12 dmin=10.9 dmax=69.4 limit=97.6 speed=6.0 beyond=0 dup=0 chunks=9 orphans=0 carrierless=0 spawns=32 despawns=19 pawn=1
[nebula] [nebula-probe] t=109.1 pos=85.3,0.0,21.0 cell=1,0,0 origin=0,0,0 replicas=12 dmin=16.6 dmax=67.6 limit=97.6 speed=6.0 beyond=0 dup=0 chunks=9 orphans=0 carrierless=0 spawns=34 despawns=21 pawn=1
[nebula] client 29265 fps replicas 12 (+0.6/s -0.6/s) entities 12 in 144 pkt/s 14.3 KB/s 113 states/s (msgs: state 76 rpc 0 vars 0) rtt 0ms lead 4 (adj 1, worker saw 4) corrections 0 | full-rate interp: depth 2.3 ticks, starved 0.0% worst +0.0 | frame max 1.2ms fixed/frame max 1 | gaps>3t 0 worst 0t | render delay 3t (stream lag 0t) | snapshot age ms min 15.5 avg 16.4 max 17.6
[nebula] [nebula-probe] t=110.1 pos=89.2,0.0,16.4 cell=1,0,0 origin=0,0,0 replicas=11 dmin=19.0 dmax=70.5 limit=97.6 speed=6.0 beyond=0 dup=0 chunks=9 orphans=0 carrierless=0 spawns=34 despawns=22 pawn=1
[nebula] [nebula-probe] t=111.1 pos=93.0,0.0,11.8 cell=1,0,0 origin=0,0,0 replicas=11 dmin=15.7 dmax=70.5 limit=97.6 speed=6.0 beyond=0 dup=0 chunks=9 orphans=0 carrierless=0 spawns=35 despawns=23 pawn=1
[nebula] [nebula-probe] t=112.1 pos=96.8,0.0,7.1 cell=1,0,0 origin=0,0,0 replicas=10 dmin=16.8 dmax=71.3 limit=97.6 speed=6.0 beyond=0 dup=0 chunks=9 orphans=0 carrierless=0 spawns=35 despawns=24 pawn=1
[nebula] [nebula-probe] t=113.1 pos=100.7,0.0,2.5 cell=1,0,0 origin=0,0,0 replicas=8 dmin=21.5 dmax=56.9 limit=97.6 speed=6.0 beyond=0 dup=0 chunks=9 orphans=0 carrierless=0 spawns=36 despawns=27 pawn=1
[nebula] [nebula-probe] t=114.1 pos=104.5,0.0,-2.1 cell=1,0,-1 origin=0,0,0 replicas=11 dmin=28.2 dmax=61.9 limit=97.6 speed=6.0 beyond=0 dup=0 chunks=12 orphans=0 carrierless=0 spawns=39 despawns=27 pawn=1
[nebula] client 30202 fps replicas 13 (+1.2/s -1.0/s) entities 13 in 141 pkt/s 13.5 KB/s 122 states/s (msgs: state 76 rpc 0 vars 0) rtt 0ms lead 4 (adj 1, worker saw 4) corrections 0 | full-rate interp: depth 2.4 ticks, starved 0.0% worst +0.0 | frame max 0.9ms fixed/frame max 1 | gaps>3t 0 worst 0t | render delay 3t (stream lag 0t) | snapshot age ms min 15.5 avg 16.3 max 20.8
[nebula] [nebula-probe] t=115.1 pos=105.3,0.0,-7.1 cell=1,0,-1 origin=0,0,0 replicas=12 dmin=0.7 dmax=69.0 limit=96.1 speed=5.1 beyond=0 dup=0 chunks=12 orphans=0 carrierless=0 spawns=40 despawns=27 pawn=1
[nebula] [nebula-probe] t=116.1 pos=102.7,0.0,-12.5 cell=1,0,-1 origin=0,0,0 replicas=13 dmin=6.7 dmax=70.2 limit=97.6 speed=6.0 beyond=0 dup=0 chunks=9 orphans=0 carrierless=0 spawns=42 despawns=28 pawn=1
[nebula] [nebula-probe] t=117.1 pos=100.1,0.0,-17.9 cell=1,0,-1 origin=0,0,0 replicas=13 dmin=12.7 dmax=65.9 limit=97.6 speed=6.0 beyond=0 dup=0 chunks=9 orphans=0 carrierless=0 spawns=43 despawns=29 pawn=1
[nebula] [nebula-probe] t=118.1 pos=97.5,0.0,-23.3 cell=1,0,-1 origin=0,0,0 replicas=14 dmin=13.1 dmax=71.7 limit=97.6 speed=6.0 beyond=0 dup=0 chunks=9 orphans=0 carrierless=0 spawns=44 despawns=29 pawn=1
[nebula] [nebula-probe] t=119.1 pos=94.9,0.0,-28.7 cell=1,0,-1 origin=0,0,0 replicas=13 dmin=10.9 dmax=63.6 limit=97.6 speed=6.0 beyond=0 dup=0 chunks=9 orphans=0 carrierless=0 spawns=44 despawns=30 pawn=1
[nebula] client 31402 fps replicas 16 (+1.2/s -0.6/s) entities 16 in 147 pkt/s 12.4 KB/s 89 states/s (msgs: state 78 rpc 0 vars 0) rtt 0ms lead 4 (adj 1, worker saw 4) corrections 0 | full-rate interp: depth 2.0 ticks, starved 0.0% worst +0.0 | frame max 0.9ms fixed/frame max 1 | gaps>3t 0 worst 0t | render delay 3t (stream lag 0t) | snapshot age ms min 14.5 avg 16.4 max 21.8
[nebula] [nebula-probe] t=120.1 pos=92.3,0.0,-34.1 cell=1,0,-1 origin=0,0,0 replicas=15 dmin=11.7 dmax=67.8 limit=97.6 speed=6.0 beyond=0 dup=0 chunks=9 orphans=0 carrierless=0 spawns=46 despawns=30 pawn=1
[nebula] [nebula-probe] t=121.1 pos=89.7,0.0,-39.5 cell=1,0,-1 origin=0,0,0 replicas=14 dmin=15.1 dmax=51.3 limit=97.6 speed=6.0 beyond=0 dup=0 chunks=9 orphans=0 carrierless=0 spawns=47 despawns=32 pawn=1
[nebula] [nebula-probe] t=122.1 pos=87.1,0.0,-44.9 cell=1,0,-1 origin=0,0,0 replicas=16 dmin=19.8 dmax=55.4 limit=97.6 speed=6.0 beyond=0 dup=0 chunks=9 orphans=0 carrierless=0 spawns=49 despawns=32 pawn=1
[nebula] [nebula-probe] t=123.1 pos=84.2,0.0,-50.1 cell=1,0,-1 origin=0,0,0 replicas=18 dmin=24.4 dmax=60.5 limit=97.6 speed=6.0 beyond=0 dup=0 chunks=9 orphans=0 carrierless=0 spawns=51 despawns=32 pawn=1
[nebula] [nebula-probe] t=124.1 pos=80.3,0.0,-54.7 cell=1,0,-1 origin=0,0,0 replicas=19 dmin=19.9 dmax=66.2 limit=97.6 speed=6.0 beyond=0 dup=0 chunks=9 orphans=0 carrierless=0 spawns=52 despawns=32 pawn=1
[nebula] client 30222 fps replicas 19 (+1.2/s -0.6/s) entities 19 in 135 pkt/s 14.7 KB/s 119 states/s (msgs: state 66 rpc 0 vars 0) rtt 0ms lead 4 (adj 1, worker saw 4) corrections 0 | full-rate interp: depth 2.4 ticks, starved 0.0% worst +0.0 | frame max 1.1ms fixed/frame max 1 | gaps>3t 0 worst 0t | render delay 3t (stream lag 0t) | snapshot age ms min 15.1 avg 16.4 max 22.7
[nebula] [nebula-probe] t=125.1 pos=76.4,0.0,-59.3 cell=1,0,-1 origin=0,0,0 replicas=18 dmin=16.3 dmax=70.7 limit=97.6 speed=6.0 beyond=0 dup=0 chunks=9 orphans=0 carrierless=0 spawns=52 despawns=33 pawn=1
[nebula] [nebula-probe] t=126.1 pos=72.6,0.0,-63.9 cell=1,0,-1 origin=0,0,0 replicas=19 dmin=14.5 dmax=69.0 limit=97.6 speed=6.0 beyond=0 dup=0 chunks=9 orphans=0 carrierless=0 spawns=54 despawns=34 pawn=1
[nebula] [nebula-probe] t=127.1 pos=68.7,0.0,-68.5 cell=1,0,-2 origin=0,0,0 replicas=18 dmin=14.9 dmax=72.3 limit=97.6 speed=6.0 beyond=0 dup=0 chunks=9 orphans=0 carrierless=0 spawns=55 despawns=36 pawn=1
[nebula] [nebula-probe] t=128.1 pos=64.8,0.0,-73.1 cell=1,0,-2 origin=0,0,0 replicas=17 dmin=9.2 dmax=70.5 limit=97.6 speed=6.0 beyond=0 dup=0 chunks=9 orphans=0 carrierless=0 spawns=55 despawns=37 pawn=1
[nebula] [nebula-probe] t=129.1 pos=66.5,0.0,-74.5 cell=1,0,-2 origin=0,0,0 replicas=19 dmin=1.3 dmax=63.1 limit=91.6 speed=2.2 beyond=0 dup=0 chunks=9 orphans=0 carrierless=0 spawns=59 despawns=39 pawn=1
[nebula] client 32081 fps replicas 20 (+1.4/s -1.2/s) entities 20 in 132 pkt/s 11.9 KB/s 76 states/s (msgs: state 64 rpc 0 vars 0) rtt 0ms lead 4 (adj 1, worker saw 4) corrections 0 | full-rate interp: depth 1.5 ticks, starved 0.0% worst +0.0 | frame max 1.0ms fixed/frame max 1 | gaps>3t 0 worst 0t | render delay 3t (stream lag 0t) | snapshot age ms min 15.4 avg 16.4 max 20.8
[nebula] [nebula-probe] t=130.1 pos=72.4,0.0,-73.6 cell=1,0,-2 origin=0,0,0 replicas=19 dmin=7.3 dmax=58.4 limit=97.6 speed=6.0 beyond=0 dup=0 chunks=9 orphans=0 carrierless=0 spawns=59 despawns=39 pawn=1
[nebula] [nebula-probe] t=131.1 pos=78.3,0.0,-72.6 cell=1,0,-2 origin=0,0,0 replicas=20 dmin=4.4 dmax=61.6 limit=97.6 speed=6.0 beyond=0 dup=0 chunks=12 orphans=0 carrierless=0 spawns=60 despawns=39 pawn=1
[nebula] [nebula-probe] t=132.1 pos=84.3,0.0,-71.7 cell=1,0,-2 origin=0,0,0 replicas=20 dmin=3.4 dmax=67.4 limit=97.6 speed=6.0 beyond=0 dup=0 chunks=12 orphans=0 carrierless=0 spawns=60 despawns=39 pawn=1
[nebula] [nebula-probe] t=133.1 pos=90.2,0.0,-70.8 cell=1,0,-2 origin=0,0,0 replicas=20 dmin=8.7 dmax=69.3 limit=97.6 speed=6.0 beyond=0 dup=0 chunks=9 orphans=0 carrierless=0 spawns=61 despawns=40 pawn=1
[nebula] [nebula-probe] t=134.1 pos=96.1,0.0,-69.8 cell=1,0,-2 origin=0,0,0 replicas=19 dmin=10.6 dmax=64.9 limit=97.6 speed=6.0 beyond=0 dup=0 chunks=9 orphans=0 carrierless=0 spawns=62 despawns=42 pawn=1
[nebula] client 31517 fps replicas 21 (+0.8/s -0.6/s) entities 21 in 131 pkt/s 13.5 KB/s 103 states/s (msgs: state 64 rpc 0 vars 0) rtt 0ms lead 4 (adj 1, worker saw 4) corrections 0 | full-rate interp: depth 2.4 ticks, starved 0.0% worst +0.0 | frame max 0.9ms fixed/frame max 1 | gaps>3t 0 worst 0t | render delay 3t (stream lag 0t) | snapshot age ms min 15.5 avg 16.4 max 20.5
[nebula] [nebula-probe] t=135.1 pos=102.1,0.0,-68.9 cell=1,0,-2 origin=0,0,0 replicas=20 dmin=7.9 dmax=70.4 limit=97.6 speed=6.0 beyond=0 dup=0 chunks=9 orphans=0 carrierless=0 spawns=63 despawns=42 pawn=1
[nebula] [nebula-probe] t=136.1 pos=108.0,0.0,-68.0 cell=1,0,-2 origin=0,0,0 replicas=19 dmin=6.6 dmax=70.4 limit=97.6 speed=6.0 beyond=0 dup=0 chunks=9 orphans=0 carrierless=0 spawns=63 despawns=43 pawn=1
[nebula] [nebula-probe] t=137.1 pos=111.8,0.0,-63.8 cell=1,0,-1 origin=0,0,0 replicas=18 dmin=6.5 dmax=60.9 limit=97.0 speed=5.6 beyond=0 dup=0 chunks=9 orphans=0 carrierless=0 spawns=64 despawns=45 pawn=1
[nebula] [nebula-probe] t=138.1 pos=115.0,0.0,-58.7 cell=1,0,-1 origin=0,0,0 replicas=19 dmin=9.3 dmax=64.9 limit=97.6 speed=6.0 beyond=0 dup=0 chunks=12 orphans=0 carrierless=0 spawns=65 despawns=45 pawn=1
[nebula] [nebula-probe] t=139.1 pos=118.2,0.0,-53.7 cell=1,0,-1 origin=0,0,0 replicas=20 dmin=5.3 dmax=65.1 limit=97.6 speed=6.0 beyond=0 dup=0 chunks=9 orphans=0 carrierless=0 spawns=67 despawns=46 pawn=1
[nebula] client 30193 fps replicas 21 (+1.0/s -1.0/s) entities 21 in 134 pkt/s 13.9 KB/s 102 states/s (msgs: state 64 rpc 0 vars 0) rtt 0ms lead 4 (adj 1, worker saw 4) corrections 0 | full-rate interp: depth 2.4 ticks, starved 0.0% worst +0.0 | frame max 1.2ms fixed/frame max 1 | gaps>3t 0 worst 0t | render delay 3t (stream lag 0t) | snapshot age ms min 15.4 avg 16.5 max 20.4
[nebula] [nebula-probe] t=140.1 pos=121.5,0.0,-48.6 cell=1,0,-1 origin=0,0,0 replicas=20 dmin=6.0 dmax=68.0 limit=97.6 speed=6.0 beyond=0 dup=0 chunks=9 orphans=0 carrierless=0 spawns=68 despawns=47 pawn=1
[nebula] [nebula-probe] t=141.1 pos=124.7,0.0,-43.5 cell=1,0,-1 origin=0,0,0 replicas=19 dmin=0.9 dmax=69.4 limit=97.6 speed=6.0 beyond=0 dup=0 chunks=9 orphans=0 carrierless=0 spawns=68 despawns=48 pawn=1
[nebula] [nebula-probe] t=142.1 pos=127.9,0.0,-38.5 cell=1,0,-1 origin=0,0,0 replicas=16 dmin=5.1 dmax=58.3 limit=97.6 speed=6.0 beyond=0 dup=0 chunks=9 orphans=0 carrierless=0 spawns=68 despawns=51 pawn=1
[nebula] [nebula-probe] t=143.1 pos=131.1,0.0,-33.4 cell=2,0,-1 origin=0,0,0 replicas=17 dmin=10.3 dmax=64.9 limit=97.6 speed=6.0 beyond=0 dup=0 chunks=9 orphans=0 carrierless=0 spawns=69 despawns=51 pawn=1
[nebula] [nebula-probe] t=144.1 pos=134.3,0.0,-28.3 cell=2,0,-1 origin=0,0,0 replicas=16 dmin=5.3 dmax=69.5 limit=97.6 speed=6.0 beyond=0 dup=0 chunks=6 orphans=0 carrierless=0 spawns=69 despawns=52 pawn=1
[nebula] client 30087 fps replicas 15 (+0.2/s -1.4/s) entities 15 in 132 pkt/s 11.3 KB/s 77 states/s (msgs: state 64 rpc 0 vars 0) rtt 0ms lead 4 (adj 1, worker saw 4) corrections 0 | full-rate interp: depth 1.5 ticks, starved 0.0% worst +0.0 | frame max 1.0ms fixed/frame max 1 | gaps>3t 0 worst 0t | render delay 3t (stream lag 0t) | snapshot age ms min 15.5 avg 16.5 max 20.7
[nebula] [nebula-probe] t=145.1 pos=137.3,0.0,-23.2 cell=2,0,-1 origin=0,0,0 replicas=14 dmin=4.2 dmax=63.6 limit=97.6 speed=6.0 beyond=0 dup=0 chunks=6 orphans=0 carrierless=0 spawns=69 despawns=54 pawn=1
[nebula] [nebula-probe] t=146.1 pos=139.4,0.0,-17.6 cell=2,0,-1 origin=0,0,0 replicas=15 dmin=3.6 dmax=70.4 limit=97.6 speed=6.0 beyond=0 dup=0 chunks=9 orphans=0 carrierless=0 spawns=70 despawns=54 pawn=1
[nebula] [nebula-probe] t=147.1 pos=141.5,0.0,-11.9 cell=2,0,-1 origin=0,0,0 replicas=14 dmin=9.0 dmax=61.5 limit=97.6 speed=6.0 beyond=0 dup=0 chunks=9 orphans=0 carrierless=0 spawns=71 despawns=56 pawn=1
[nebula] [nebula-probe] t=148.1 pos=143.6,0.0,-6.3 cell=2,0,-1 origin=0,0,0 replicas=16 dmin=14.9 dmax=67.3 limit=97.6 speed=6.0 beyond=0 dup=0 chunks=9 orphans=0 carrierless=0 spawns=73 despawns=56 pawn=1
[nebula] [nebula-probe] t=149.1 pos=145.7,0.0,-0.7 cell=2,0,-1 origin=0,0,0 replicas=16 dmin=20.8 dmax=66.0 limit=97.6 speed=6.0 beyond=0 dup=0 chunks=9 orphans=0 carrierless=0 spawns=74 despawns=57 pawn=1
[nebula] client 38655 fps replicas 18 (+1.2/s -0.6/s) entities 18 in 135 pkt/s 12.1 KB/s 74 states/s (msgs: state 67 rpc 0 vars 0) rtt 0ms lead 4 (adj 1, worker saw 4) corrections 1 last 0.10m | full-rate interp: depth 2.1 ticks, starved 0.0% worst +0.0 | frame max 1.0ms fixed/frame max 1 | gaps>3t 0 worst 0t | render delay 3t (stream lag 0t) | snapshot age ms min 15.5 avg 16.4 max 17.7
[nebula] [nebula-probe] t=150.1 pos=147.7,0.0,4.9 cell=2,0,0 origin=0,0,0 replicas=17 dmin=25.1 dmax=70.1 limit=97.4 speed=5.9 beyond=0 dup=0 chunks=12 orphans=0 carrierless=0 spawns=75 despawns=57 pawn=1
[nebula] [nebula-probe] t=151.1 pos=149.8,0.0,10.5 cell=2,0,0 origin=0,0,0 replicas=16 dmin=19.8 dmax=69.3 limit=97.6 speed=6.0 beyond=0 dup=0 chunks=9 orphans=0 carrierless=0 spawns=75 despawns=58 pawn=1
[nebula] [nebula-probe] t=152.1 pos=151.9,0.0,16.1 cell=2,0,0 origin=0,0,0 replicas=15 dmin=15.0 dmax=67.8 limit=97.6 speed=6.0 beyond=0 dup=0 chunks=9 orphans=0 carrierless=0 spawns=75 despawns=59 pawn=1
[nebula] [nebula-probe] t=153.1 pos=154.0,0.0,21.7 cell=2,0,0 origin=0,0,0 replicas=13 dmin=10.7 dmax=70.7 limit=97.6 speed=6.0 beyond=0 dup=0 chunks=9 orphans=0 carrierless=0 spawns=75 despawns=61 pawn=1
[nebula] [nebula-probe] t=154.1 pos=156.1,0.0,27.3 cell=2,0,0 origin=0,0,0 replicas=12 dmin=6.5 dmax=60.8 limit=97.6 speed=6.0 beyond=0 dup=0 chunks=9 orphans=0 carrierless=0 spawns=77 despawns=64 pawn=1
[nebula] client 30935 fps replicas 13 (+0.4/s -1.4/s) entities 13 in 143 pkt/s 14.6 KB/s 107 states/s (msgs: state 73 rpc 0 vars 0) rtt 0ms lead 4 (adj 1, worker saw 4) corrections 0 | full-rate interp: depth 2.4 ticks, starved 0.0% worst +0.0 | frame max 1.0ms fixed/frame max 1 | gaps>3t 0 worst 0t | render delay 3t (stream lag 0t) | snapshot age ms min 15.4 avg 16.4 max 20.5
[nebula] [nebula-probe] t=155.1 pos=156.1,0.0,31.0 cell=2,0,0 origin=0,0,0 replicas=12 dmin=4.6 dmax=62.9 limit=93.8 speed=3.6 beyond=0 dup=0 chunks=9 orphans=0 carrierless=0 spawns=77 despawns=64 pawn=1
[nebula] [nebula-probe] t=156.1 pos=150.4,0.0,29.1 cell=2,0,0 origin=0,0,0 replicas=12 dmin=3.3 dmax=57.6 limit=97.6 speed=6.0 beyond=0 dup=0 chunks=9 orphans=0 carrierless=0 spawns=77 despawns=64 pawn=1
[nebula] [nebula-probe] t=157.1 pos=144.7,0.0,27.2 cell=2,0,0 origin=0,0,0 replicas=14 dmin=3.0 dmax=54.9 limit=97.6 speed=6.0 beyond=0 dup=0 chunks=9 orphans=0 carrierless=0 spawns=79 despawns=64 pawn=1
[nebula] [nebula-probe] t=158.1 pos=139.0,0.0,25.4 cell=2,0,0 origin=0,0,0 replicas=14 dmin=8.3 dmax=52.8 limit=97.6 speed=6.0 beyond=0 dup=0 chunks=9 orphans=0 carrierless=0 spawns=79 despawns=64 pawn=1
[nebula] [nebula-probe] t=159.1 pos=133.3,0.0,23.5 cell=2,0,0 origin=0,0,0 replicas=14 dmin=7.4 dmax=51.3 limit=97.6 speed=6.0 beyond=0 dup=0 chunks=9 orphans=0 carrierless=0 spawns=79 despawns=64 pawn=1
[nebula] client 31495 fps replicas 15 (+0.4/s -0.0/s) entities 15 in 142 pkt/s 11.2 KB/s 77 states/s (msgs: state 77 rpc 0 vars 0) rtt 0ms lead 4 (adj 1, worker saw 4) corrections 0 | full-rate interp: depth 1.6 ticks, starved 0.0% worst +0.0 | frame max 0.9ms fixed/frame max 1 | gaps>3t 0 worst 0t | render delay 3t (stream lag 0t) | snapshot age ms min 15.4 avg 16.4 max 20.6
[nebula] [nebula-probe] t=160.1 pos=127.6,0.0,21.6 cell=1,0,0 origin=0,0,0 replicas=14 dmin=2.0 dmax=50.5 limit=97.6 speed=6.0 beyond=0 dup=0 chunks=9 orphans=0 carrierless=0 spawns=79 despawns=64 pawn=1
[nebula] [nebula-probe] t=161.1 pos=122.0,0.0,19.8 cell=1,0,0 origin=0,0,0 replicas=14 dmin=4.9 dmax=53.2 limit=97.4 speed=5.9 beyond=0 dup=0 chunks=9 orphans=0 carrierless=0 spawns=79 despawns=64 pawn=1
[nebula] [nebula-probe] t=162.1 pos=116.3,0.0,17.9 cell=1,0,0 origin=0,0,0 replicas=15 dmin=10.5 dmax=59.1 limit=97.6 speed=6.0 beyond=0 dup=0 chunks=12 orphans=0 carrierless=0 spawns=80 despawns=64 pawn=1
[nebula] [nebula-probe] t=163.1 pos=111.9,0.0,18.4 cell=1,0,0 origin=0,0,0 replicas=16 dmin=6.1 dmax=62.8 limit=95.1 speed=4.4 beyond=0 dup=0 chunks=12 orphans=0 carrierless=0 spawns=81 despawns=64 pawn=1
[nebula] [nebula-probe] t=164.1 pos=110.5,0.0,24.2 cell=1,0,0 origin=0,0,0 replicas=16 dmin=5.5 dmax=61.7 limit=97.6 speed=6.0 beyond=0 dup=0 chunks=12 orphans=0 carrierless=0 spawns=81 despawns=64 pawn=1
[nebula] client 30941 fps replicas 17 (+0.4/s -0.0/s) entities 17 in 130 pkt/s 12.9 KB/s 84 states/s (msgs: state 63 rpc 0 vars 0) rtt 0ms lead 4 (adj 1, worker saw 4) corrections 1 last 0.10m | full-rate interp: depth 2.2 ticks, starved 0.0% worst +0.0 | frame max 0.9ms fixed/frame max 1 | gaps>3t 0 worst 0t | render delay 3t (stream lag 0t) | snapshot age ms min 15.2 avg 16.4 max 21.0
[nebula] [nebula-probe] t=165.1 pos=109.1,0.0,30.0 cell=1,0,0 origin=0,0,0 replicas=16 dmin=9.8 dmax=65.0 limit=97.6 speed=6.0 beyond=0 dup=0 chunks=12 orphans=0 carrierless=0 spawns=81 despawns=64 pawn=1
[nebula] [nebula-probe] t=166.1 pos=107.7,0.0,35.9 cell=1,0,0 origin=0,0,0 replicas=18 dmin=12.2 dmax=70.8 limit=97.6 speed=6.0 beyond=0 dup=0 chunks=12 orphans=0 carrierless=0 spawns=83 despawns=64 pawn=1
[nebula] [nebula-probe] t=167.1 pos=105.8,0.0,40.8 cell=1,0,0 origin=0,0,0 replicas=16 dmin=9.5 dmax=67.2 limit=96.5 speed=5.3 beyond=0 dup=0 chunks=9 orphans=0 carrierless=0 spawns=83 despawns=66 pawn=1
[nebula] [nebula-probe] t=168.1 pos=100.1,0.0,38.9 cell=1,0,0 origin=0,0,0 replicas=15 dmin=15.3 dmax=68.5 limit=97.6 speed=6.0 beyond=0 dup=0 chunks=9 orphans=0 carrierless=0 spawns=84 despawns=68 pawn=1
[nebula] [nebula-probe] t=169.1 pos=94.4,0.0,36.9 cell=1,0,0 origin=0,0,0 replicas=14 dmin=20.1 dmax=57.5 limit=97.6 speed=6.0 beyond=0 dup=0 chunks=9 orphans=0 carrierless=0 spawns=84 despawns=69 pawn=1
[nebula] client 30751 fps replicas 15 (+0.6/s -1.0/s) entities 15 in 134 pkt/s 14.8 KB/s 118 states/s (msgs: state 64 rpc 0 vars 0) rtt 0ms lead 4 (adj 1, worker saw 4) corrections 0 | full-rate interp: depth 2.5 ticks, starved 0.0% worst +0.0 | frame max 1.1ms fixed/frame max 1 | gaps>3t 0 worst 0t | render delay 3t (stream lag 0t) | snapshot age ms min 15.5 avg 16.4 max 20.0
[nebula] [nebula-probe] t=170.1 pos=88.7,0.0,35.0 cell=1,0,0 origin=0,0,0 replicas=14 dmin=17.5 dmax=63.0 limit=97.6 speed=6.0 beyond=0 dup=0 chunks=9 orphans=0 carrierless=0 spawns=84 despawns=69 pawn=1
[nebula] [nebula-probe] t=171.1 pos=83.0,0.0,33.1 cell=1,0,0 origin=0,0,0 replicas=18 dmin=11.5 dmax=68.7 limit=97.6 speed=6.0 beyond=0 dup=0 chunks=9 orphans=0 carrierless=0 spawns=88 despawns=69 pawn=1
[nebula] [nebula-probe] t=172.1 pos=77.4,0.0,31.2 cell=1,0,0 origin=0,0,0 replicas=18 dmin=5.6 dmax=68.6 limit=97.6 speed=6.0 beyond=0 dup=0 chunks=9 orphans=0 carrierless=0 spawns=89 despawns=70 pawn=1
[nebula] [nebula-probe] t=173.1 pos=71.7,0.0,29.3 cell=1,0,0 origin=0,0,0 replicas=19 dmin=1.3 dmax=56.8 limit=97.6 speed=6.0 beyond=0 dup=0 chunks=9 orphans=0 carrierless=0 spawns=91 despawns=71 pawn=1
[nebula] [nebula-probe] t=174.1 pos=66.0,0.0,27.3 cell=1,0,0 origin=0,0,0 replicas=19 dmin=6.6 dmax=67.0 limit=97.6 speed=6.0 beyond=0 dup=0 chunks=9 orphans=0 carrierless=0 spawns=91 despawns=71 pawn=1
[nebula] client 29321 fps replicas 21 (+1.8/s -0.6/s) entities 21 in 134 pkt/s 13.1 KB/s 102 states/s (msgs: state 66 rpc 0 vars 0) rtt 0ms lead 4 (adj 1, worker saw 4) corrections 0 | full-rate interp: depth 2.5 ticks, starved 0.0% worst +0.0 | frame max 1.0ms fixed/frame max 1 | gaps>3t 0 worst 0t | render delay 4t (stream lag 1t) | snapshot age ms min 15.5 avg 16.4 max 20.2
[nebula] [nebula-probe] t=175.1 pos=60.3,0.0,25.4 cell=0,0,0 origin=0,0,0 replicas=20 dmin=6.8 dmax=65.7 limit=97.6 speed=6.0 beyond=0 dup=0 chunks=9 orphans=0 carrierless=0 spawns=93 despawns=72 pawn=1
[nebula] [nebula-probe] t=176.1 pos=54.6,0.0,23.5 cell=0,0,0 origin=0,0,0 replicas=20 dmin=3.6 dmax=71.3 limit=97.6 speed=6.0 beyond=0 dup=0 chunks=9 orphans=0 carrierless=0 spawns=93 despawns=72 pawn=1
[nebula] [nebula-probe] t=177.1 pos=50.5,0.0,22.5 cell=0,0,0 origin=0,0,0 replicas=19 dmin=2.3 dmax=69.0 limit=94.9 speed=4.3 beyond=0 dup=0 chunks=9 orphans=0 carrierless=0 spawns=93 despawns=73 pawn=1
[nebula] [nebula-probe] t=178.1 pos=54.9,0.0,26.5 cell=0,0,0 origin=0,0,0 replicas=15 dmin=6.2 dmax=60.5 limit=97.6 speed=6.0 beyond=0 dup=0 chunks=9 orphans=0 carrierless=0 spawns=93 despawns=77 pawn=1
[nebula] [nebula-probe] t=179.1 pos=59.3,0.0,30.5 cell=0,0,0 origin=0,0,0 replicas=16 dmin=2.6 dmax=59.2 limit=97.6 speed=6.0 beyond=0 dup=0 chunks=9 orphans=0 carrierless=0 spawns=94 despawns=77 pawn=1
[nebula] client 30673 fps replicas 17 (+0.2/s -1.0/s) entities 17 in 132 pkt/s 13.9 KB/s 120 states/s (msgs: state 64 rpc 0 vars 0) rtt 0ms lead 4 (adj 1, worker saw 4) corrections 0 | full-rate interp: depth 3.3 ticks, starved 0.0% worst +0.0 | frame max 1.0ms fixed/frame max 1 | gaps>3t 0 worst 0t | render delay 4t (stream lag 1t) | snapshot age ms min 15.1 avg 16.5 max 19.6
[nebula] [nebula-probe] t=180.1 pos=63.8,0.0,34.6 cell=0,0,0 origin=0,0,0 replicas=16 dmin=3.5 dmax=58.6 limit=97.6 speed=6.0 beyond=0 dup=0 chunks=9 orphans=0 carrierless=0 spawns=94 despawns=77 pawn=1
[nebula] [nebula-probe] t=181.1 pos=68.2,0.0,38.6 cell=1,0,0 origin=0,0,0 replicas=19 dmin=8.8 dmax=58.5 limit=97.6 speed=6.0 beyond=0 dup=0 chunks=12 orphans=0 carrierless=0 spawns=97 despawns=77 pawn=1
[nebula] [nebula-probe] t=182.1 pos=72.7,0.0,42.6 cell=1,0,0 origin=0,0,0 replicas=19 dmin=12.1 dmax=59.1 limit=97.6 speed=6.0 beyond=0 dup=0 chunks=12 orphans=0 carrierless=0 spawns=97 despawns=77 pawn=1
[nebula] [nebula-probe] t=183.1 pos=77.1,0.0,46.7 cell=1,0,0 origin=0,0,0 replicas=21 dmin=11.9 dmax=60.3 limit=97.6 speed=6.0 beyond=0 dup=0 chunks=12 orphans=0 carrierless=0 spawns=99 despawns=77 pawn=1
[nebula] [nebula-probe] t=184.1 pos=81.5,0.0,50.7 cell=1,0,0 origin=0,0,0 replicas=21 dmin=13.3 dmax=65.4 limit=97.6 speed=6.0 beyond=0 dup=0 chunks=12 orphans=0 carrierless=0 spawns=99 despawns=77 pawn=1
[nebula] client 30772 fps replicas 23 (+1.2/s -0.0/s) entities 23 in 134 pkt/s 16.4 KB/s 120 states/s (msgs: state 64 rpc 0 vars 0) rtt 0ms lead 4 (adj 1, worker saw 4) corrections 0 | full-rate interp: depth 2.8 ticks, starved 0.0% worst +0.0 | frame max 1.0ms fixed/frame max 1 | gaps>3t 0 worst 0t | render delay 3t (stream lag 0t) | snapshot age ms min 15.6 avg 16.4 max 21.1
[nebula] [nebula-probe] t=185.1 pos=86.0,0.0,54.7 cell=1,0,0 origin=0,0,0 replicas=22 dmin=16.8 dmax=70.7 limit=97.6 speed=6.0 beyond=0 dup=0 chunks=12 orphans=0 carrierless=0 spawns=100 despawns=77 pawn=1
[nebula] [nebula-probe] t=186.1 pos=89.6,0.0,53.7 cell=1,0,0 origin=0,0,0 replicas=22 dmin=20.3 dmax=67.9 limit=94.1 speed=3.8 beyond=0 dup=0 chunks=9 orphans=0 carrierless=0 spawns=101 despawns=78 pawn=1
[nebula] [nebula-probe] t=187.1 pos=92.6,0.0,48.5 cell=1,0,0 origin=0,0,0 replicas=21 dmin=19.2 dmax=56.5 limit=97.6 speed=6.0 beyond=0 dup=0 chunks=9 orphans=0 carrierless=0 spawns=102 despawns=80 pawn=1
[nebula] [nebula-probe] t=188.1 pos=95.6,0.0,43.3 cell=1,0,0 origin=0,0,0 replicas=21 dmin=18.0 dmax=58.8 limit=97.6 speed=6.0 beyond=0 dup=0 chunks=9 orphans=0 carrierless=0 spawns=102 despawns=80 pawn=1
[nebula] [nebula-probe] t=189.1 pos=98.6,0.0,38.1 cell=1,0,0 origin=0,0,0 replicas=21 dmin=17.0 dmax=64.6 limit=97.6 speed=6.0 beyond=0 dup=0 chunks=9 orphans=0 carrierless=0 spawns=102 despawns=80 pawn=1
[nebula] client 29690 fps replicas 24 (+0.8/s -0.6/s) entities 24 in 130 pkt/s 11.4 KB/s 79 states/s (msgs: state 63 rpc 0 vars 0) rtt 0ms lead 4 (adj 1, worker saw 4) corrections 0 | full-rate interp: depth 2.4 ticks, starved 0.0% worst +0.0 | frame max 1.0ms fixed/frame max 1 | gaps>3t 0 worst 0t | render delay 4t (stream lag 1t) | snapshot age ms min 15.3 avg 16.4 max 20.6
[nebula] [nebula-probe] t=190.1 pos=101.6,0.0,32.9 cell=1,0,0 origin=0,0,0 replicas=23 dmin=13.1 dmax=70.5 limit=97.6 speed=6.0 beyond=0 dup=0 chunks=9 orphans=0 carrierless=0 spawns=104 despawns=80 pawn=1
[nebula] [nebula-probe] t=191.1 pos=105.2,0.0,28.6 cell=1,0,0 origin=0,0,0 replicas=23 dmin=8.0 dmax=69.9 limit=97.0 speed=5.6 beyond=0 dup=0 chunks=9 orphans=0 carrierless=0 spawns=106 despawns=82 pawn=1
[nebula] [nebula-probe] t=192.1 pos=111.2,0.0,27.9 cell=1,0,0 origin=0,0,0 replicas=21 dmin=8.8 dmax=70.2 limit=97.6 speed=6.0 beyond=0 dup=0 chunks=9 orphans=0 carrierless=0 spawns=108 despawns=86 pawn=1
[nebula] [nebula-probe] t=193.1 pos=117.1,0.0,27.2 cell=1,0,0 origin=0,0,0 replicas=21 dmin=9.9 dmax=65.2 limit=97.6 speed=6.0 beyond=0 dup=0 chunks=9 orphans=0 carrierless=0 spawns=109 despawns=87 pawn=1
[nebula] [nebula-probe] t=194.1 pos=123.1,0.0,26.5 cell=1,0,0 origin=0,0,0 replicas=20 dmin=4.8 dmax=71.1 limit=97.6 speed=6.0 beyond=0 dup=0 chunks=9 orphans=0 carrierless=0 spawns=109 despawns=88 pawn=1
[nebula] client 27949 fps replicas 22 (+1.6/s -2.0/s) entities 22 in 153 pkt/s 12.7 KB/s 83 states/s (msgs: state 83 rpc 0 vars 0) rtt 0ms lead 4 (adj 1, worker saw 4) corrections 0 | full-rate interp: depth 2.3 ticks, starved 0.0% worst +0.0 | frame max 1.0ms fixed/frame max 1 | gaps>3t 0 worst 0t | render delay 3t (stream lag 0t) | snapshot age ms min 15.5 avg 16.5 max 21.6
[nebula] [nebula-probe] t=195.1 pos=129.0,0.0,25.8 cell=2,0,0 origin=0,0,0 replicas=21 dmin=4.3 dmax=70.5 limit=97.6 speed=6.0 beyond=0 dup=0 chunks=9 orphans=0 carrierless=0 spawns=112 despawns=90 pawn=1
[nebula] [nebula-probe] t=196.1 pos=135.0,0.0,25.1 cell=2,0,0 origin=0,0,0 replicas=18 dmin=9.3 dmax=72.4 limit=97.6 speed=6.0 beyond=0 dup=0 chunks=6 orphans=0 carrierless=0 spawns=112 despawns=93 pawn=1
[nebula] [nebula-probe] t=197.1 pos=141.0,0.0,24.3 cell=2,0,0 origin=0,0,0 replicas=17 dmin=7.5 dmax=69.4 limit=97.6 speed=6.0 beyond=0 dup=0 chunks=6 orphans=0 carrierless=0 spawns=112 despawns=94 pawn=1
[nebula] [nebula-probe] t=198.1 pos=146.9,0.0,23.6 cell=2,0,0 origin=0,0,0 replicas=16 dmin=6.3 dmax=61.6 limit=97.6 speed=6.0 beyond=0 dup=0 chunks=6 orphans=0 carrierless=0 spawns=112 despawns=95 pawn=1
[nebula] [nebula-probe] t=199.1 pos=152.9,0.0,22.9 cell=2,0,0 origin=0,0,0 replicas=16 dmin=9.3 dmax=65.9 limit=97.6 speed=6.0 beyond=0 dup=0 chunks=6 orphans=0 carrierless=0 spawns=112 despawns=95 pawn=1
[nebula] client 48237 fps replicas 17 (+0.2/s -1.2/s) entities 17 in 132 pkt/s 11.0 KB/s 63 states/s (msgs: state 63 rpc 0 vars 0) rtt 0ms lead 4 (adj 1, worker saw 4) corrections 0 | full-rate interp: depth 1.7 ticks, starved 0.0% worst +0.0 | frame max 1.2ms fixed/frame max 1 | gaps>3t 0 worst 0t | render delay 4t (stream lag 1t) | snapshot age ms min 15.5 avg 16.5 max 21.7
[nebula] [nebula-probe] t=200.1 pos=154.1,0.0,23.5 cell=2,0,0 origin=0,0,0 replicas=16 dmin=0.4 dmax=60.8 limit=90.1 speed=1.3 beyond=0 dup=0 chunks=9 orphans=0 carrierless=0 spawns=113 despawns=96 pawn=1
[nebula] [nebula-probe] t=201.1 pos=148.5,0.0,25.9 cell=2,0,0 origin=0,0,0 replicas=16 dmin=4.8 dmax=58.1 limit=97.6 speed=6.0 beyond=0 dup=0 chunks=9 orphans=0 carrierless=0 spawns=113 despawns=96 pawn=1
[nebula] [nebula-probe] t=202.1 pos=143.0,0.0,28.3 cell=2,0,0 origin=0,0,0 replicas=16 dmin=3.4 dmax=55.9 limit=97.6 speed=6.0 beyond=0 dup=0 chunks=9 orphans=0 carrierless=0 spawns=113 despawns=96 pawn=1
[nebula] [nebula-probe] t=203.1 pos=137.5,0.0,30.7 cell=2,0,0 origin=0,0,0 replicas=16 dmin=8.5 dmax=54.3 limit=97.6 speed=6.0 beyond=0 dup=0 chunks=9 orphans=0 carrierless=0 spawns=113 despawns=96 pawn=1
[nebula] [nebula-probe] t=204.1 pos=132.0,0.0,33.0 cell=2,0,0 origin=0,0,0 replicas=16 dmin=12.0 dmax=53.4 limit=97.6 speed=6.0 beyond=0 dup=0 chunks=9 orphans=0 carrierless=0 spawns=113 despawns=96 pawn=1
[nebula] client 56997 fps replicas 17 (+0.0/s -0.0/s) entities 17 in 126 pkt/s 10.4 KB/s 60 states/s (msgs: state 60 rpc 0 vars 0) rtt 0ms lead 4 (adj 1, worker saw 4) corrections 0 | full-rate interp: depth 0.0 ticks, starved 0.0% worst +0.0 | frame max 1.1ms fixed/frame max 1 | gaps>3t 0 worst 0t | render delay 4t (stream lag 1t) | snapshot age ms min 15.5 avg 16.5 max 21.2
[nebula] [nebula-probe] t=205.1 pos=127.2,0.0,32.3 cell=1,0,0 origin=0,0,0 replicas=16 dmin=9.7 dmax=52.3 limit=95.8 speed=4.9 beyond=0 dup=0 chunks=9 orphans=0 carrierless=0 spawns=113 despawns=96 pawn=1
[nebula] [nebula-probe] t=206.1 pos=123.3,0.0,27.8 cell=1,0,0 origin=0,0,0 replicas=16 dmin=5.8 dmax=48.7 limit=97.6 speed=6.0 beyond=0 dup=0 chunks=9 orphans=0 carrierless=0 spawns=113 despawns=96 pawn=1
[nebula] [nebula-probe] t=207.1 pos=119.3,0.0,23.3 cell=1,0,0 origin=0,0,0 replicas=17 dmin=6.7 dmax=54.0 limit=97.6 speed=6.0 beyond=0 dup=0 chunks=12 orphans=0 carrierless=0 spawns=114 despawns=96 pawn=1
[nebula] [nebula-probe] t=208.1 pos=115.3,0.0,18.8 cell=1,0,0 origin=0,0,0 replicas=18 dmin=9.3 dmax=59.5 limit=97.6 speed=6.0 beyond=0 dup=0 chunks=12 orphans=0 carrierless=0 spawns=115 despawns=96 pawn=1
