Mono path[0] = 'C:/Dev/nebula-virtualworld/Builds/Win64/Nebula_Data/Managed'
Mono config path = 'C:/Dev/nebula-virtualworld/Builds/Win64/MonoBleedingEdge/etc'
CodeReloadManager initialized
Found 1 interfaces on host : 0) 192.168.4.54
Player connection [51072]  Target information:

Player connection [51072]  * "[IP] 192.168.4.54 [Port] 55001 [Flags] 2 [Guid] 2602135785 [EditorId] 1773059659 [Version] 1048832 [Id] WindowsPlayer(2,Atlas) [Debug] 0 [PackageName] WindowsPlayer [ProjectName] nebula-virtualworld" 

Player connection [51072] Started UDP target info broadcast (1) on [225.0.0.222:54997].

Input System module state changed to: Initialized.
[Physics::Module] Initialized fallback backend.
[Physics::Module] Id: 0xdecafbad
Initialize engine version: 6000.6.0f1 (f7f8ed4d1e24)
[EntityIdStore] init: VM path (explicit commit), pageSize=4096, blockCount=1048576, entitiesPerBlock=256, slots reserved=4294967296 bytes
[Subsystems] Discovering subsystems at path C:/Dev/nebula-virtualworld/Builds/Win64/Nebula_Data/UnitySubsystems
Forcing GfxDevice: Null
GfxDevice: creating device client; kGfxThreadingModeNonThreaded
NullGfxDevice:
    Version:  NULL 1.0 [1.0]
    Renderer: Null Device
    Vendor:   Unity Technologies
Begin MonoManager ReloadAssembly
- Finished resetting the current domain, in  0.008 seconds
[Physics::Module] Selected backend.
[Physics::Module] Name: PhysX
[Physics::Module] Id: 0xf2b8ea05
[Physics::Module] SDK Version: 4.1.2
[Physics::Module] Integration Version: 1.0.0
[Physics::Module] Threading Mode: Multi-Threaded
Microsoft Media Foundation video decoding to texture disabled: graphics device is Null, only Direct3D 11 and Direct3D 12 (only on desktop) are supported for hardware-accelerated video decoding.
UnloadTime: 0.657400 ms
[nebula] boot roles=Client scene=World tickRate=60
[nebula] containers: 0 (runtime world)
[nebula] connecting to gateway 127.0.0.1:7200 as 'bot2'
[nebula] chunked world: cell (64.00, 512.00, 64.00) (planar), near 2 cell(s), allocator ring 3, retire after 30s
[nebula] client 0 fps replicas 0 (+0.0/s -0.0/s) entities 0 in 0 pkt/s 0.0 KB/s 0 states/s (msgs: state 0 rpc 0 vars 0) rtt -1ms lead 0 (adj 0, worker saw 0) corrections 0 | full-rate interp: depth 0.0 ticks, starved 0.0% worst +0.0 | frame max 85.4ms fixed/frame max 1 | gaps>3t 0 worst 0t | render delay 0t (stream lag 0t) | snapshot age ms min 0.0 avg 0.0 max 0.0
[nebula] [nebula-probe] t=0.1 pos=0.0,0.0,0.0 cell=0,0,0 origin=0,0,0 replicas=0 dmin=0.0 dmax=0.0 limit=88.0 speed=0.0 beyond=0 dup=0 chunks=0 orphans=0 carrierless=0 spawns=0 despawns=0 pawn=0
[nebula] welcome: clientId=3825002173356310534 identity=02d9f8d3c60e serverTick=1365003743
[nebula] world starting, about 3 s: no worker is running yet; holding the join
[nebula] [nebula-probe] t=1.1 pos=0.0,0.0,0.0 cell=0,0,0 origin=0,0,0 replicas=0 dmin=0.0 dmax=0.0 limit=88.0 speed=0.0 beyond=0 dup=0 chunks=0 orphans=0 carrierless=0 spawns=0 despawns=0 pawn=0
[nebula] [nebula-probe] t=2.1 pos=0.0,0.0,0.0 cell=0,0,0 origin=0,0,0 replicas=0 dmin=0.0 dmax=0.0 limit=88.0 speed=0.0 beyond=0 dup=0 chunks=0 orphans=0 carrierless=0 spawns=0 despawns=0 pawn=0
[nebula] [nebula-probe] t=3.1 pos=0.0,0.0,0.0 cell=0,0,0 origin=0,0,0 replicas=0 dmin=0.0 dmax=0.0 limit=88.0 speed=0.0 beyond=0 dup=0 chunks=0 orphans=0 carrierless=0 spawns=0 despawns=0 pawn=0
[nebula] joined the world
[nebula] [vw-bot] mode=Wander
[nebula] local player spawned: Player(Clone)#1125899906842626(e1,rt_13194139533315,local)
[nebula] [nebula-probe] t=4.1 pos=228.0,0.0,230.4 cell=3,0,3 origin=0,0,0 replicas=0 dmin=0.0 dmax=0.0 limit=88.0 speed=0.0 beyond=0 dup=0 chunks=4 orphans=0 carrierless=0 spawns=1 despawns=0 pawn=1
[nebula] client 64973 fps replicas 1 (+0.2/s -0.0/s) entities 1 in 43 pkt/s 3.2 KB/s 19 states/s (msgs: state 19 rpc 0 vars 0) rtt 0ms lead 3 (adj 0, worker saw 3) corrections 1 last 0.20m | full-rate interp: depth 0.0 ticks, starved 0.0% worst +0.0 | frame max 302.2ms fixed/frame max 2 | gaps>3t 1 worst 4t | render delay 3t (stream lag 0t) | snapshot age ms min 10.9 avg 12.6 max 47.4
[nebula] [nebula-probe] t=5.1 pos=222.6,0.0,227.9 cell=3,0,3 origin=0,0,0 replicas=0 dmin=0.0 dmax=0.0 limit=97.6 speed=6.0 beyond=0 dup=0 chunks=4 orphans=0 carrierless=0 spawns=1 despawns=0 pawn=1
[nebula] [nebula-probe] t=6.1 pos=217.1,0.0,225.5 cell=3,0,3 origin=0,0,0 replicas=0 dmin=0.0 dmax=0.0 limit=97.6 speed=6.0 beyond=0 dup=0 chunks=4 orphans=0 carrierless=0 spawns=1 despawns=0 pawn=1
[nebula] [nebula-probe] t=7.1 pos=211.6,0.0,223.1 cell=3,0,3 origin=0,0,0 replicas=0 dmin=0.0 dmax=0.0 limit=97.6 speed=6.0 beyond=0 dup=0 chunks=4 orphans=0 carrierless=0 spawns=1 despawns=0 pawn=1
[nebula] [nebula-probe] t=8.1 pos=206.1,0.0,220.6 cell=3,0,3 origin=0,0,0 replicas=0 dmin=0.0 dmax=0.0 limit=97.6 speed=6.0 beyond=0 dup=0 chunks=4 orphans=0 carrierless=0 spawns=1 despawns=0 pawn=1
[nebula] [nebula-probe] t=9.1 pos=200.6,0.0,218.2 cell=3,0,3 origin=0,0,0 replicas=0 dmin=0.0 dmax=0.0 limit=97.6 speed=6.0 beyond=0 dup=0 chunks=4 orphans=0 carrierless=0 spawns=1 despawns=0 pawn=1
[nebula] client 64201 fps replicas 1 (+0.0/s -0.0/s) entities 1 in 124 pkt/s 8.7 KB/s 60 states/s (msgs: state 60 rpc 0 vars 0) rtt 0ms lead 4 (adj 1, worker saw 4) corrections 0 | full-rate interp: depth 0.0 ticks, starved 0.0% worst +0.0 | frame max 0.9ms fixed/frame max 1 | gaps>3t 0 worst 0t | render delay 3t (stream lag 0t) | snapshot age ms min 11.0 avg 12.1 max 18.2
[nebula] [nebula-probe] t=10.1 pos=195.0,0.0,215.7 cell=3,0,3 origin=0,0,0 replicas=0 dmin=0.0 dmax=0.0 limit=97.8 speed=6.1 beyond=0 dup=0 chunks=4 orphans=0 carrierless=0 spawns=1 despawns=0 pawn=1
[nebula] [nebula-probe] t=11.1 pos=189.6,0.0,213.3 cell=2,0,3 origin=0,0,0 replicas=0 dmin=0.0 dmax=0.0 limit=97.6 speed=6.0 beyond=0 dup=0 chunks=4 orphans=0 carrierless=0 spawns=1 despawns=0 pawn=1
[nebula] [nebula-probe] t=12.1 pos=184.0,0.0,210.9 cell=2,0,3 origin=0,0,0 replicas=0 dmin=0.0 dmax=0.0 limit=97.6 speed=6.0 beyond=0 dup=0 chunks=4 orphans=0 carrierless=0 spawns=1 despawns=0 pawn=1
[nebula] [nebula-probe] t=13.1 pos=178.5,0.0,208.6 cell=2,0,3 origin=0,0,0 replicas=0 dmin=0.0 dmax=0.0 limit=97.6 speed=6.0 beyond=0 dup=0 chunks=4 orphans=0 carrierless=0 spawns=1 despawns=0 pawn=1
[nebula] [nebula-probe] t=14.1 pos=173.0,0.0,206.2 cell=2,0,3 origin=0,0,0 replicas=0 dmin=0.0 dmax=0.0 limit=97.6 speed=6.0 beyond=0 dup=0 chunks=4 orphans=0 carrierless=0 spawns=1 despawns=0 pawn=1
[nebula] client 63909 fps replicas 1 (+0.0/s -0.0/s) entities 1 in 125 pkt/s 8.8 KB/s 60 states/s (msgs: state 60 rpc 0 vars 0) rtt 0ms lead 4 (adj 1, worker saw 4) corrections 0 | full-rate interp: depth 0.0 ticks, starved 0.0% worst +0.0 | frame max 1.0ms fixed/frame max 1 | gaps>3t 0 worst 0t | render delay 3t (stream lag 0t) | snapshot age ms min 10.9 avg 12.1 max 16.2
[nebula] [nebula-probe] t=15.1 pos=167.5,0.0,203.9 cell=2,0,3 origin=0,0,0 replicas=0 dmin=0.0 dmax=0.0 limit=97.6 speed=6.0 beyond=0 dup=0 chunks=4 orphans=0 carrierless=0 spawns=1 despawns=0 pawn=1
[nebula] [nebula-probe] t=16.1 pos=161.9,0.0,201.6 cell=2,0,3 origin=0,0,0 replicas=0 dmin=0.0 dmax=0.0 limit=97.6 speed=6.0 beyond=0 dup=0 chunks=4 orphans=0 carrierless=0 spawns=1 despawns=0 pawn=1
[nebula] [nebula-probe] t=17.1 pos=156.4,0.0,199.2 cell=2,0,3 origin=0,0,0 replicas=0 dmin=0.0 dmax=0.0 limit=97.6 speed=6.0 beyond=0 dup=0 chunks=4 orphans=0 carrierless=0 spawns=1 despawns=0 pawn=1
[nebula] [nebula-probe] t=18.1 pos=150.9,0.0,196.9 cell=2,0,3 origin=0,0,0 replicas=0 dmin=0.0 dmax=0.0 limit=97.6 speed=6.0 beyond=0 dup=0 chunks=4 orphans=0 carrierless=0 spawns=1 despawns=0 pawn=1
[nebula] [nebula-probe] t=19.1 pos=147.0,0.0,193.0 cell=2,0,3 origin=0,0,0 replicas=0 dmin=0.0 dmax=0.0 limit=96.8 speed=5.5 beyond=0 dup=0 chunks=4 orphans=0 carrierless=0 spawns=1 despawns=0 pawn=1
[nebula] client 63755 fps replicas 1 (+0.0/s -0.0/s) entities 1 in 127 pkt/s 9.4 KB/s 60 states/s (msgs: state 60 rpc 0 vars 0) rtt 0ms lead 4 (adj 1, worker saw 4) corrections 0 | full-rate interp: depth 0.0 ticks, starved 0.0% worst +0.0 | frame max 0.8ms fixed/frame max 1 | gaps>3t 0 worst 0t | render delay 3t (stream lag 0t) | snapshot age ms min 11.2 avg 12.1 max 24.5
[nebula] [nebula-probe] t=20.1 pos=145.0,0.0,187.4 cell=2,0,2 origin=0,0,0 replicas=0 dmin=0.0 dmax=0.0 limit=97.6 speed=6.0 beyond=0 dup=0 chunks=4 orphans=0 carrierless=0 spawns=1 despawns=0 pawn=1
[nebula] [nebula-probe] t=21.1 pos=143.1,0.0,181.7 cell=2,0,2 origin=0,0,0 replicas=0 dmin=0.0 dmax=0.0 limit=97.6 speed=6.0 beyond=0 dup=0 chunks=4 orphans=0 carrierless=0 spawns=1 despawns=0 pawn=1
[nebula] [nebula-probe] t=22.1 pos=141.1,0.0,176.0 cell=2,0,2 origin=0,0,0 replicas=1 dmin=43.4 dmax=43.4 limit=97.6 speed=6.0 beyond=0 dup=0 chunks=9 orphans=0 carrierless=0 spawns=2 despawns=0 pawn=1
[nebula] [nebula-probe] t=23.1 pos=139.2,0.0,170.4 cell=2,0,2 origin=0,0,0 replicas=1 dmin=37.4 dmax=37.4 limit=97.6 speed=6.0 beyond=0 dup=0 chunks=9 orphans=0 carrierless=0 spawns=2 despawns=0 pawn=1
[nebula] [nebula-probe] t=24.1 pos=137.2,0.0,164.7 cell=2,0,2 origin=0,0,0 replicas=1 dmin=31.4 dmax=31.4 limit=97.6 speed=6.0 beyond=0 dup=0 chunks=9 orphans=0 carrierless=0 spawns=2 despawns=0 pawn=1
[nebula] client 63580 fps replicas 3 (+0.4/s -0.0/s) entities 3 in 125 pkt/s 9.5 KB/s 60 states/s (msgs: state 60 rpc 0 vars 0) rtt 0ms lead 4 (adj 1, worker saw 4) corrections 0 | full-rate interp: depth 0.0 ticks, starved 0.0% worst +0.0 | frame max 2.7ms fixed/frame max 1 | gaps>3t 0 worst 0t | render delay 3t (stream lag 0t) | snapshot age ms min 11.3 avg 12.1 max 14.7
[nebula] [nebula-probe] t=25.1 pos=135.6,0.0,158.9 cell=2,0,2 origin=0,0,0 replicas=2 dmin=1.9 dmax=25.5 limit=97.6 speed=6.0 beyond=0 dup=0 chunks=9 orphans=0 carrierless=0 spawns=3 despawns=0 pawn=1
[nebula] [nebula-probe] t=26.1 pos=134.1,0.0,153.1 cell=2,0,2 origin=0,0,0 replicas=2 dmin=7.9 dmax=19.5 limit=97.6 speed=6.0 beyond=0 dup=0 chunks=9 orphans=0 carrierless=0 spawns=3 despawns=0 pawn=1
[nebula] [nebula-probe] t=27.1 pos=132.7,0.0,147.3 cell=2,0,2 origin=0,0,0 replicas=3 dmin=13.6 dmax=41.9 limit=97.6 speed=6.0 beyond=0 dup=0 chunks=9 orphans=0 carrierless=0 spawns=4 despawns=0 pawn=1
[nebula] [nebula-probe] t=28.1 pos=131.2,0.0,141.4 cell=2,0,2 origin=0,0,0 replicas=3 dmin=7.9 dmax=36.1 limit=97.6 speed=6.0 beyond=0 dup=0 chunks=9 orphans=0 carrierless=0 spawns=4 despawns=0 pawn=1
[nebula] [nebula-probe] t=29.1 pos=129.8,0.0,135.6 cell=2,0,2 origin=0,0,0 replicas=4 dmin=3.3 dmax=46.9 limit=97.6 speed=6.0 beyond=0 dup=0 chunks=9 orphans=0 carrierless=0 spawns=5 despawns=0 pawn=1
[nebula] client 62343 fps replicas 6 (+0.6/s -0.0/s) entities 6 in 126 pkt/s 10.2 KB/s 60 states/s (msgs: state 60 rpc 0 vars 0) rtt 0ms lead 4 (adj 1, worker saw 4) corrections 0 | full-rate interp: depth 0.0 ticks, starved 0.0% worst +0.0 | frame max 0.8ms fixed/frame max 1 | gaps>3t 0 worst 0t | render delay 3t (stream lag 0t) | snapshot age ms min 11.4 avg 12.2 max 17.2
[nebula] [nebula-probe] t=30.1 pos=128.3,0.0,129.8 cell=2,0,2 origin=0,0,0 replicas=5 dmin=2.2 dmax=43.9 limit=97.6 speed=6.0 beyond=0 dup=0 chunks=9 orphans=0 carrierless=0 spawns=6 despawns=0 pawn=1
[nebula] [nebula-probe] t=31.1 pos=126.8,0.0,124.0 cell=1,0,1 origin=0,0,0 replicas=5 dmin=8.2 dmax=41.6 limit=97.6 speed=6.0 beyond=0 dup=0 chunks=9 orphans=0 carrierless=0 spawns=6 despawns=0 pawn=1
[nebula] [nebula-probe] t=32.1 pos=125.3,0.0,118.2 cell=1,0,1 origin=0,0,0 replicas=6 dmin=14.2 dmax=43.9 limit=97.6 speed=6.0 beyond=0 dup=0 chunks=14 orphans=0 carrierless=0 spawns=7 despawns=0 pawn=1
[nebula] [nebula-probe] t=33.1 pos=123.9,0.0,112.4 cell=1,0,1 origin=0,0,0 replicas=6 dmin=10.6 dmax=49.9 limit=97.6 speed=6.0 beyond=0 dup=0 chunks=14 orphans=0 carrierless=0 spawns=7 despawns=0 pawn=1
[nebula] [nebula-probe] t=34.1 pos=122.4,0.0,106.5 cell=1,0,1 origin=0,0,0 replicas=6 dmin=9.5 dmax=55.9 limit=97.6 speed=6.0 beyond=0 dup=0 chunks=14 orphans=0 carrierless=0 spawns=7 despawns=0 pawn=1
[nebula] client 57168 fps replicas 9 (+0.6/s -0.0/s) entities 9 in 128 pkt/s 12.5 KB/s 62 states/s (msgs: state 60 rpc 0 vars 0) rtt 0ms lead 4 (adj 1, worker saw 4) corrections 0 | full-rate interp: depth 1.9 ticks, starved 0.0% worst +0.0 | frame max 1.6ms fixed/frame max 1 | gaps>3t 0 worst 0t | render delay 3t (stream lag 0t) | snapshot age ms min 11.4 avg 13.9 max 21.1
[nebula] [nebula-probe] t=35.1 pos=120.9,0.0,100.7 cell=1,0,1 origin=0,0,0 replicas=8 dmin=11.8 dmax=61.9 limit=97.6 speed=6.0 beyond=0 dup=0 chunks=14 orphans=0 carrierless=0 spawns=9 despawns=0 pawn=1
[nebula] [nebula-probe] t=36.1 pos=119.5,0.0,94.9 cell=1,0,1 origin=0,0,0 replicas=8 dmin=16.2 dmax=67.9 limit=97.6 speed=6.0 beyond=0 dup=0 chunks=14 orphans=0 carrierless=0 spawns=9 despawns=0 pawn=1
[nebula] [nebula-probe] t=37.1 pos=118.0,0.0,89.1 cell=1,0,1 origin=0,0,0 replicas=8 dmin=3.3 dmax=46.8 limit=97.6 speed=6.0 beyond=0 dup=0 chunks=9 orphans=0 carrierless=0 spawns=10 despawns=1 pawn=1
[nebula] [nebula-probe] t=38.1 pos=116.5,0.0,83.3 cell=1,0,1 origin=0,0,0 replicas=8 dmin=9.3 dmax=52.8 limit=97.6 speed=6.0 beyond=0 dup=0 chunks=9 orphans=0 carrierless=0 spawns=10 despawns=1 pawn=1
[nebula] [nebula-probe] t=39.1 pos=115.1,0.0,77.5 cell=1,0,1 origin=0,0,0 replicas=8 dmin=15.3 dmax=58.8 limit=97.6 speed=6.0 beyond=0 dup=0 chunks=9 orphans=0 carrierless=0 spawns=10 despawns=1 pawn=1
[nebula] client 31376 fps replicas 9 (+0.2/s -0.2/s) entities 9 in 127 pkt/s 10.6 KB/s 77 states/s (msgs: state 62 rpc 0 vars 0) rtt 0ms lead 4 (adj 1, worker saw 4) corrections 0 | full-rate interp: depth 1.6 ticks, starved 0.0% worst +0.0 | frame max 3.8ms fixed/frame max 1 | gaps>3t 0 worst 0t | render delay 3t (stream lag 0t) | snapshot age ms min 12.1 avg 14.7 max 36.3
[nebula] [nebula-probe] t=40.1 pos=113.6,0.0,71.6 cell=1,0,1 origin=0,0,0 replicas=8 dmin=14.8 dmax=64.8 limit=97.6 speed=6.0 beyond=0 dup=0 chunks=9 orphans=0 carrierless=0 spawns=10 despawns=1 pawn=1
[nebula] [nebula-probe] t=41.1 pos=112.1,0.0,65.8 cell=1,0,1 origin=0,0,0 replicas=8 dmin=8.8 dmax=70.8 limit=97.6 speed=6.0 beyond=0 dup=0 chunks=9 orphans=0 carrierless=0 spawns=10 despawns=1 pawn=1
[nebula] [nebula-probe] t=42.1 pos=110.7,0.0,60.0 cell=1,0,0 origin=0,0,0 replicas=6 dmin=2.8 dmax=65.3 limit=97.6 speed=6.0 beyond=0 dup=0 chunks=6 orphans=0 carrierless=0 spawns=10 despawns=3 pawn=1
[nebula] [nebula-probe] t=43.1 pos=109.2,0.0,54.2 cell=1,0,0 origin=0,0,0 replicas=6 dmin=3.2 dmax=56.0 limit=97.6 speed=6.0 beyond=0 dup=0 chunks=9 orphans=0 carrierless=0 spawns=11 despawns=4 pawn=1
[nebula] [nebula-probe] t=44.1 pos=107.7,0.0,48.4 cell=1,0,0 origin=0,0,0 replicas=6 dmin=9.2 dmax=61.9 limit=97.6 speed=6.0 beyond=0 dup=0 chunks=9 orphans=0 carrierless=0 spawns=11 despawns=4 pawn=1
[nebula] client 32316 fps replicas 7 (+0.2/s -0.6/s) entities 7 in 130 pkt/s 11.4 KB/s 77 states/s (msgs: state 63 rpc 0 vars 0) rtt 0ms lead 4 (adj 1, worker saw 4) corrections 0 | full-rate interp: depth 1.6 ticks, starved 0.0% worst +0.0 | frame max 0.9ms fixed/frame max 1 | gaps>3t 0 worst 0t | render delay 3t (stream lag 0t) | snapshot age ms min 12.0 avg 15.0 max 17.4
[nebula] [nebula-probe] t=45.1 pos=106.3,0.0,42.5 cell=1,0,0 origin=0,0,0 replicas=6 dmin=15.2 dmax=67.8 limit=97.6 speed=6.0 beyond=0 dup=0 chunks=9 orphans=0 carrierless=0 spawns=11 despawns=4 pawn=1
[nebula] [nebula-probe] t=46.1 pos=112.1,0.0,41.3 cell=1,0,0 origin=0,0,0 replicas=5 dmin=16.3 dmax=53.0 limit=97.6 speed=6.0 beyond=0 dup=0 chunks=9 orphans=0 carrierless=0 spawns=11 despawns=5 pawn=1
[nebula] [nebula-probe] t=47.1 pos=118.0,0.0,40.0 cell=1,0,0 origin=0,0,0 replicas=5 dmin=19.3 dmax=64.3 limit=97.6 speed=6.0 beyond=0 dup=0 chunks=9 orphans=0 carrierless=0 spawns=11 despawns=5 pawn=1
[nebula] [nebula-probe] t=48.1 pos=123.8,0.0,38.7 cell=1,0,0 origin=0,0,0 replicas=5 dmin=23.5 dmax=75.8 limit=97.6 speed=6.0 beyond=0 dup=0 chunks=9 orphans=0 carrierless=0 spawns=11 despawns=5 pawn=1
[nebula] [nebula-probe] t=49.1 pos=129.6,0.0,37.5 cell=2,0,0 origin=0,0,0 replicas=4 dmin=28.2 dmax=61.3 limit=97.4 speed=5.9 beyond=0 dup=0 chunks=9 orphans=0 carrierless=0 spawns=11 despawns=6 pawn=1
[nebula] client 44800 fps replicas 5 (+0.0/s -0.4/s) entities 5 in 130 pkt/s 12.0 KB/s 65 states/s (msgs: state 61 rpc 0 vars 0) rtt 0ms lead 4 (adj 1, worker saw 4) corrections 1 last 0.10m | full-rate interp: depth 1.5 ticks, starved 0.0% worst +0.0 | frame max 0.8ms fixed/frame max 1 | gaps>3t 0 worst 0t | render delay 3t (stream lag 0t) | snapshot age ms min 12.1 avg 15.2 max 19.9
[nebula] [nebula-probe] t=50.1 pos=135.5,0.0,36.2 cell=2,0,0 origin=0,0,0 replicas=4 dmin=33.5 dmax=65.8 limit=97.6 speed=6.0 beyond=0 dup=0 chunks=9 orphans=0 carrierless=0 spawns=11 despawns=6 pawn=1
[nebula] [nebula-probe] t=51.1 pos=141.1,0.0,34.4 cell=2,0,0 origin=0,0,0 replicas=3 dmin=39.0 dmax=69.4 limit=97.4 speed=5.9 beyond=0 dup=0 chunks=6 orphans=0 carrierless=0 spawns=11 despawns=7 pawn=1
[nebula] [nebula-probe] t=52.1 pos=145.8,0.0,30.6 cell=2,0,0 origin=0,0,0 replicas=2 dmin=45.0 dmax=67.3 limit=97.6 speed=6.0 beyond=0 dup=0 chunks=6 orphans=0 carrierless=0 spawns=11 despawns=8 pawn=1
[nebula] [nebula-probe] t=53.1 pos=150.4,0.0,26.9 cell=2,0,0 origin=0,0,0 replicas=1 dmin=51.0 dmax=51.0 limit=97.6 speed=6.0 beyond=0 dup=0 chunks=6 orphans=0 carrierless=0 spawns=11 despawns=9 pawn=1
[nebula] [nebula-probe] t=54.1 pos=155.1,0.0,23.1 cell=2,0,0 origin=0,0,0 replicas=1 dmin=57.0 dmax=57.0 limit=97.6 speed=6.0 beyond=0 dup=0 chunks=6 orphans=0 carrierless=0 spawns=11 despawns=9 pawn=1
[nebula] client 62834 fps replicas 3 (+0.2/s -0.6/s) entities 3 in 125 pkt/s 9.2 KB/s 60 states/s (msgs: state 60 rpc 0 vars 0) rtt 0ms lead 4 (adj 1, worker saw 4) corrections 0 | full-rate interp: depth 0.0 ticks, starved 0.0% worst +0.0 | frame max 0.9ms fixed/frame max 1 | gaps>3t 0 worst 0t | render delay 3t (stream lag 0t) | snapshot age ms min 12.1 avg 15.7 max 17.9
[nebula] [nebula-probe] t=55.1 pos=159.8,0.0,19.4 cell=2,0,0 origin=0,0,0 replicas=2 dmin=46.4 dmax=63.0 limit=97.6 speed=6.0 beyond=0 dup=0 chunks=9 orphans=0 carrierless=0 spawns=12 despawns=9 pawn=1
[nebula] [nebula-probe] t=56.1 pos=164.5,0.0,15.7 cell=2,0,0 origin=0,0,0 replicas=2 dmin=40.5 dmax=69.0 limit=97.6 speed=6.0 beyond=0 dup=0 chunks=9 orphans=0 carrierless=0 spawns=12 despawns=9 pawn=1
[nebula] [nebula-probe] t=57.1 pos=169.2,0.0,11.9 cell=2,0,0 origin=0,0,0 replicas=1 dmin=34.5 dmax=34.5 limit=97.6 speed=6.0 beyond=0 dup=0 chunks=9 orphans=0 carrierless=0 spawns=12 despawns=10 pawn=1
[nebula] [nebula-probe] t=58.1 pos=166.7,0.0,12.4 cell=2,0,0 origin=0,0,0 replicas=1 dmin=36.6 dmax=36.6 limit=92.0 speed=2.5 beyond=0 dup=0 chunks=9 orphans=0 carrierless=0 spawns=12 despawns=10 pawn=1
[nebula] [nebula-probe] t=59.1 pos=161.2,0.0,14.7 cell=2,0,0 origin=0,0,0 replicas=1 dmin=42.3 dmax=42.3 limit=97.6 speed=6.0 beyond=0 dup=0 chunks=9 orphans=0 carrierless=0 spawns=12 despawns=10 pawn=1
[nebula] client 61610 fps replicas 2 (+0.0/s -0.2/s) entities 2 in 127 pkt/s 10.8 KB/s 60 states/s (msgs: state 60 rpc 0 vars 0) rtt 0ms lead 4 (adj 1, worker saw 4) corrections 0 | full-rate interp: depth 0.0 ticks, starved 0.0% worst +0.0 | frame max 1.1ms fixed/frame max 1 | gaps>3t 0 worst 0t | render delay 3t (stream lag 0t) | snapshot age ms min 12.9 avg 16.1 max 20.3
[nebula] [nebula-probe] t=60.1 pos=155.6,0.0,16.9 cell=2,0,0 origin=0,0,0 replicas=1 dmin=48.0 dmax=48.0 limit=97.6 speed=6.0 beyond=0 dup=0 chunks=9 orphans=0 carrierless=0 spawns=12 despawns=10 pawn=1
[nebula] [nebula-probe] t=61.1 pos=150.1,0.0,19.2 cell=2,0,0 origin=0,0,0 replicas=1 dmin=53.9 dmax=53.9 limit=97.6 speed=6.0 beyond=0 dup=0 chunks=9 orphans=0 carrierless=0 spawns=12 despawns=10 pawn=1
[nebula] [nebula-probe] t=62.1 pos=144.5,0.0,21.5 cell=2,0,0 origin=0,0,0 replicas=1 dmin=59.7 dmax=59.7 limit=97.6 speed=6.0 beyond=0 dup=0 chunks=9 orphans=0 carrierless=0 spawns=12 despawns=10 pawn=1
[nebula] [nebula-probe] t=63.1 pos=139.0,0.0,23.8 cell=2,0,0 origin=0,0,0 replicas=2 dmin=44.7 dmax=65.6 limit=97.6 speed=6.0 beyond=0 dup=0 chunks=9 orphans=0 carrierless=0 spawns=13 despawns=10 pawn=1
[nebula] [nebula-probe] t=64.1 pos=135.2,0.0,23.0 cell=2,0,0 origin=0,0,0 replicas=2 dmin=42.9 dmax=68.3 limit=94.1 speed=3.8 beyond=0 dup=0 chunks=9 orphans=0 carrierless=0 spawns=13 despawns=10 pawn=1
[nebula] client 61847 fps replicas 2 (+0.2/s -0.2/s) entities 2 in 129 pkt/s 12.4 KB/s 60 states/s (msgs: state 60 rpc 0 vars 0) rtt 0ms lead 4 (adj 1, worker saw 4) corrections 0 | full-rate interp: depth 0.0 ticks, starved 0.0% worst +0.0 | frame max 1.0ms fixed/frame max 1 | gaps>3t 0 worst 0t | render delay 3t (stream lag 0t) | snapshot age ms min 12.8 avg 16.3 max 20.2
[nebula] [nebula-probe] t=65.1 pos=134.6,0.0,17.1 cell=2,0,0 origin=0,0,0 replicas=1 dmin=47.5 dmax=47.5 limit=97.6 speed=6.0 beyond=0 dup=0 chunks=9 orphans=0 carrierless=0 spawns=13 despawns=11 pawn=1
[nebula] [nebula-probe] t=66.1 pos=134.0,0.0,11.1 cell=2,0,0 origin=0,0,0 replicas=1 dmin=52.4 dmax=52.4 limit=97.6 speed=6.0 beyond=0 dup=0 chunks=9 orphans=0 carrierless=0 spawns=13 despawns=11 pawn=1
[nebula] [nebula-probe] t=67.1 pos=133.4,0.0,5.1 cell=2,0,0 origin=0,0,0 replicas=1 dmin=57.5 dmax=57.5 limit=97.6 speed=6.0 beyond=0 dup=0 chunks=9 orphans=0 carrierless=0 spawns=13 despawns=11 pawn=1
[nebula] [nebula-probe] t=68.1 pos=133.5,0.0,0.4 cell=2,0,0 origin=0,0,0 replicas=3 dmin=44.1 dmax=61.8 limit=95.5 speed=4.7 beyond=0 dup=0 chunks=9 orphans=0 carrierless=0 spawns=15 despawns=11 pawn=1
[nebula] [nebula-probe] t=69.1 pos=138.3,0.0,4.1 cell=2,0,0 origin=0,0,0 replicas=4 dmin=47.2 dmax=60.5 limit=97.6 speed=6.0 beyond=0 dup=0 chunks=9 orphans=0 carrierless=0 spawns=16 despawns=11 pawn=1
[nebula] client 51942 fps replicas 5 (+0.6/s -0.0/s) entities 5 in 131 pkt/s 10.0 KB/s 65 states/s (msgs: state 65 rpc 0 vars 0) rtt 0ms lead 4 (adj 1, worker saw 4) corrections 0 | full-rate interp: depth 1.5 ticks, starved 0.0% worst +0.0 | frame max 0.9ms fixed/frame max 1 | gaps>3t 0 worst 0t | render delay 3t (stream lag 0t) | snapshot age ms min 13.4 avg 16.3 max 20.5
[nebula] [nebula-probe] t=70.1 pos=143.0,0.0,7.8 cell=2,0,0 origin=0,0,0 replicas=4 dmin=45.6 dmax=59.8 limit=97.6 speed=6.0 beyond=0 dup=0 chunks=9 orphans=0 carrierless=0 spawns=16 despawns=11 pawn=1
[nebula] [nebula-probe] t=71.1 pos=147.7,0.0,11.5 cell=2,0,0 origin=0,0,0 replicas=4 dmin=44.3 dmax=61.8 limit=97.6 speed=6.0 beyond=0 dup=0 chunks=9 orphans=0 carrierless=0 spawns=16 despawns=11 pawn=1
[nebula] [nebula-probe] t=72.1 pos=152.5,0.0,15.2 cell=2,0,0 origin=0,0,0 replicas=5 dmin=44.5 dmax=67.3 limit=97.6 speed=6.0 beyond=0 dup=0 chunks=9 orphans=0 carrierless=0 spawns=17 despawns=11 pawn=1
[nebula] [nebula-probe] t=73.1 pos=157.2,0.0,18.9 cell=2,0,0 origin=0,0,0 replicas=4 dmin=49.0 dmax=69.5 limit=97.6 speed=6.0 beyond=0 dup=0 chunks=9 orphans=0 carrierless=0 spawns=17 despawns=12 pawn=1
[nebula] [nebula-probe] t=74.1 pos=161.9,0.0,22.6 cell=2,0,0 origin=0,0,0 replicas=4 dmin=47.2 dmax=62.9 limit=97.6 speed=6.0 beyond=0 dup=0 chunks=9 orphans=0 carrierless=0 spawns=18 despawns=13 pawn=1
[nebula] client 31708 fps replicas 5 (+0.4/s -0.4/s) entities 5 in 140 pkt/s 11.4 KB/s 73 states/s (msgs: state 73 rpc 0 vars 0) rtt 0ms lead 4 (adj 1, worker saw 4) corrections 0 | full-rate interp: depth 1.5 ticks, starved 0.0% worst +0.0 | frame max 0.9ms fixed/frame max 1 | gaps>3t 0 worst 0t | render delay 3t (stream lag 0t) | snapshot age ms min 13.5 avg 16.4 max 20.5
[nebula] [nebula-probe] t=75.1 pos=166.7,0.0,26.2 cell=2,0,0 origin=0,0,0 replicas=4 dmin=47.1 dmax=65.0 limit=97.6 speed=6.0 beyond=0 dup=0 chunks=9 orphans=0 carrierless=0 spawns=18 despawns=13 pawn=1
[nebula] [nebula-probe] t=76.1 pos=171.4,0.0,29.9 cell=2,0,0 origin=0,0,0 replicas=3 dmin=47.8 dmax=65.6 limit=97.6 speed=6.0 beyond=0 dup=0 chunks=9 orphans=0 carrierless=0 spawns=18 despawns=14 pawn=1
[nebula] [nebula-probe] t=77.1 pos=167.4,0.0,30.9 cell=2,0,0 origin=0,0,0 replicas=3 dmin=2.8 dmax=64.2 limit=94.6 speed=4.1 beyond=0 dup=0 chunks=9 orphans=0 carrierless=0 spawns=19 despawns=15 pawn=1
[nebula] [nebula-probe] t=78.1 pos=161.4,0.0,31.2 cell=2,0,0 origin=0,0,0 replicas=2 dmin=8.8 dmax=54.2 limit=97.6 speed=6.0 beyond=0 dup=0 chunks=9 orphans=0 carrierless=0 spawns=19 despawns=16 pawn=1
[nebula] [nebula-probe] t=79.1 pos=155.4,0.0,31.5 cell=2,0,0 origin=0,0,0 replicas=2 dmin=14.8 dmax=58.2 limit=97.6 speed=6.0 beyond=0 dup=0 chunks=9 orphans=0 carrierless=0 spawns=19 despawns=16 pawn=1
[nebula] client 44513 fps replicas 3 (+0.2/s -0.6/s) entities 3 in 134 pkt/s 12.7 KB/s 64 states/s (msgs: state 64 rpc 0 vars 0) rtt 0ms lead 4 (adj 1, worker saw 4) corrections 0 | full-rate interp: depth 1.5 ticks, starved 0.0% worst +0.0 | frame max 0.9ms fixed/frame max 1 | gaps>3t 0 worst 0t | render delay 3t (stream lag 0t) | snapshot age ms min 15.5 avg 16.4 max 20.4
[nebula] [nebula-probe] t=80.1 pos=149.4,0.0,31.8 cell=2,0,0 origin=0,0,0 replicas=2 dmin=20.8 dmax=62.6 limit=97.6 speed=6.0 beyond=0 dup=0 chunks=9 orphans=0 carrierless=0 spawns=19 despawns=16 pawn=1
[nebula] [nebula-probe] t=81.1 pos=145.8,0.0,28.9 cell=2,0,0 origin=0,0,0 replicas=4 dmin=1.0 dmax=63.3 limit=95.4 speed=4.6 beyond=0 dup=0 chunks=9 orphans=0 carrierless=0 spawns=21 despawns=16 pawn=1
[nebula] [nebula-probe] t=82.1 pos=144.4,0.0,23.1 cell=2,0,0 origin=0,0,0 replicas=4 dmin=7.0 dmax=60.8 limit=97.6 speed=6.0 beyond=0 dup=0 chunks=9 orphans=0 carrierless=0 spawns=21 despawns=16 pawn=1
[nebula] [nebula-probe] t=83.1 pos=142.9,0.0,17.3 cell=2,0,0 origin=0,0,0 replicas=6 dmin=13.0 dmax=58.8 limit=97.6 speed=6.0 beyond=0 dup=0 chunks=9 orphans=0 carrierless=0 spawns=23 despawns=16 pawn=1
[nebula] [nebula-probe] t=84.1 pos=141.5,0.0,11.4 cell=2,0,0 origin=0,0,0 replicas=6 dmin=19.0 dmax=57.4 limit=97.6 speed=6.0 beyond=0 dup=0 chunks=9 orphans=0 carrierless=0 spawns=23 despawns=16 pawn=1
[nebula] client 45938 fps replicas 7 (+0.8/s -0.0/s) entities 7 in 139 pkt/s 10.5 KB/s 74 states/s (msgs: state 74 rpc 0 vars 0) rtt 0ms lead 4 (adj 1, worker saw 4) corrections 0 | full-rate interp: depth 2.2 ticks, starved 0.0% worst +0.0 | frame max 0.9ms fixed/frame max 1 | gaps>3t 0 worst 0t | render delay 3t (stream lag 0t) | snapshot age ms min 13.5 avg 16.4 max 20.4
[nebula] [nebula-probe] t=85.1 pos=140.1,0.0,5.6 cell=2,0,0 origin=0,0,0 replicas=6 dmin=24.6 dmax=60.1 limit=97.6 speed=6.0 beyond=0 dup=0 chunks=9 orphans=0 carrierless=0 spawns=23 despawns=16 pawn=1
[nebula] [nebula-probe] t=86.1 pos=138.7,0.0,-0.2 cell=2,0,-1 origin=0,0,0 replicas=7 dmin=19.4 dmax=64.6 limit=97.6 speed=6.0 beyond=0 dup=0 chunks=9 orphans=0 carrierless=0 spawns=24 despawns=16 pawn=1
[nebula] [nebula-probe] t=87.1 pos=137.3,0.0,-6.1 cell=2,0,-1 origin=0,0,0 replicas=9 dmin=17.7 dmax=69.2 limit=97.6 speed=6.0 beyond=0 dup=0 chunks=12 orphans=0 carrierless=0 spawns=26 despawns=16 pawn=1
[nebula] [nebula-probe] t=88.1 pos=135.9,0.0,-11.9 cell=2,0,-1 origin=0,0,0 replicas=8 dmin=16.0 dmax=57.8 limit=97.6 speed=6.0 beyond=0 dup=0 chunks=9 orphans=0 carrierless=0 spawns=26 despawns=17 pawn=1
[nebula] [nebula-probe] t=89.1 pos=134.5,0.0,-17.7 cell=2,0,-1 origin=0,0,0 replicas=8 dmin=11.0 dmax=60.2 limit=97.6 speed=6.0 beyond=0 dup=0 chunks=9 orphans=0 carrierless=0 spawns=26 despawns=17 pawn=1
[nebula] client 29854 fps replicas 10 (+0.8/s -0.2/s) entities 10 in 144 pkt/s 14.0 KB/s 115 states/s (msgs: state 76 rpc 0 vars 0) rtt 0ms lead 4 (adj 1, worker saw 4) corrections 0 | full-rate interp: depth 2.5 ticks, starved 0.0% worst +0.0 | frame max 0.9ms fixed/frame max 1 | gaps>3t 0 worst 0t | render delay 3t (stream lag 0t) | snapshot age ms min 12.4 avg 16.4 max 21.0
[nebula] [nebula-probe] t=90.1 pos=139.2,0.0,-21.0 cell=2,0,-1 origin=0,0,0 replicas=9 dmin=3.5 dmax=60.2 limit=97.2 speed=5.7 beyond=0 dup=0 chunks=9 orphans=0 carrierless=0 spawns=27 despawns=17 pawn=1
[nebula] [nebula-probe] t=91.1 pos=144.4,0.0,-24.0 cell=2,0,-1 origin=0,0,0 replicas=9 dmin=5.9 dmax=60.5 limit=97.6 speed=6.0 beyond=0 dup=0 chunks=9 orphans=0 carrierless=0 spawns=27 despawns=17 pawn=1
[nebula] [nebula-probe] t=92.1 pos=149.5,0.0,-27.1 cell=2,0,-1 origin=0,0,0 replicas=9 dmin=10.0 dmax=61.4 limit=97.6 speed=6.0 beyond=0 dup=0 chunks=9 orphans=0 carrierless=0 spawns=27 despawns=17 pawn=1
[nebula] [nebula-probe] t=93.1 pos=154.7,0.0,-30.1 cell=2,0,-1 origin=0,0,0 replicas=9 dmin=15.4 dmax=62.8 limit=97.6 speed=6.0 beyond=0 dup=0 chunks=9 orphans=0 carrierless=0 spawns=27 despawns=17 pawn=1
[nebula] [nebula-probe] t=94.1 pos=159.8,0.0,-33.2 cell=2,0,-1 origin=0,0,0 replicas=9 dmin=21.1 dmax=64.7 limit=97.6 speed=6.0 beyond=0 dup=0 chunks=9 orphans=0 carrierless=0 spawns=27 despawns=17 pawn=1
[nebula] client 30847 fps replicas 8 (+0.0/s -0.4/s) entities 8 in 131 pkt/s 12.9 KB/s 76 states/s (msgs: state 62 rpc 0 vars 0) rtt 0ms lead 4 (adj 1, worker saw 4) corrections 0 | full-rate interp: depth 1.6 ticks, starved 0.0% worst +0.0 | frame max 0.9ms fixed/frame max 1 | gaps>3t 0 worst 0t | render delay 3t (stream lag 0t) | snapshot age ms min 15.4 avg 16.3 max 20.8
[nebula] [nebula-probe] t=95.1 pos=165.0,0.0,-36.2 cell=2,0,-1 origin=0,0,0 replicas=7 dmin=27.0 dmax=50.2 limit=97.6 speed=6.0 beyond=0 dup=0 chunks=9 orphans=0 carrierless=0 spawns=27 despawns=19 pawn=1
[nebula] [nebula-probe] t=96.1 pos=170.2,0.0,-39.3 cell=2,0,-1 origin=0,0,0 replicas=7 dmin=32.9 dmax=55.2 limit=97.6 speed=6.0 beyond=0 dup=0 chunks=9 orphans=0 carrierless=0 spawns=27 despawns=19 pawn=1
[nebula] [nebula-probe] t=97.1 pos=175.3,0.0,-42.3 cell=2,0,-1 origin=0,0,0 replicas=7 dmin=35.1 dmax=60.9 limit=97.6 speed=6.0 beyond=0 dup=0 chunks=9 orphans=0 carrierless=0 spawns=27 despawns=19 pawn=1
[nebula] [nebula-probe] t=98.1 pos=172.9,0.0,-45.2 cell=2,0,-1 origin=0,0,0 replicas=9 dmin=2.3 dmax=60.2 limit=94.1 speed=3.8 beyond=0 dup=0 chunks=9 orphans=0 carrierless=0 spawns=29 despawns=19 pawn=1
[nebula] [nebula-probe] t=99.1 pos=167.6,0.0,-48.1 cell=2,0,-1 origin=0,0,0 replicas=9 dmin=8.3 dmax=56.9 limit=97.6 speed=6.0 beyond=0 dup=0 chunks=9 orphans=0 carrierless=0 spawns=29 despawns=19 pawn=1
[nebula] client 33777 fps replicas 10 (+0.4/s -0.0/s) entities 10 in 127 pkt/s 9.7 KB/s 67 states/s (msgs: state 62 rpc 0 vars 0) rtt 0ms lead 4 (adj 1, worker saw 4) corrections 0 | full-rate interp: depth 1.5 ticks, starved 0.0% worst +0.0 | frame max 1.0ms fixed/frame max 1 | gaps>3t 0 worst 0t | render delay 3t (stream lag 0t) | snapshot age ms min 15.4 avg 16.4 max 21.2
[nebula] [nebula-probe] t=100.1 pos=162.3,0.0,-51.0 cell=2,0,-1 origin=0,0,0 replicas=9 dmin=14.3 dmax=53.7 limit=97.6 speed=6.0 beyond=0 dup=0 chunks=9 orphans=0 carrierless=0 spawns=29 despawns=19 pawn=1
[nebula] [nebula-probe] t=101.1 pos=157.1,0.0,-53.9 cell=2,0,-1 origin=0,0,0 replicas=9 dmin=20.3 dmax=55.4 limit=97.6 speed=6.0 beyond=0 dup=0 chunks=9 orphans=0 carrierless=0 spawns=29 despawns=19 pawn=1
[nebula] [nebula-probe] t=102.1 pos=151.8,0.0,-56.7 cell=2,0,-1 origin=0,0,0 replicas=9 dmin=22.8 dmax=61.0 limit=97.6 speed=6.0 beyond=0 dup=0 chunks=9 orphans=0 carrierless=0 spawns=29 despawns=19 pawn=1
[nebula] [nebula-probe] t=103.1 pos=146.5,0.0,-59.6 cell=2,0,-1 origin=0,0,0 replicas=11 dmin=19.6 dmax=66.7 limit=97.6 speed=6.0 beyond=0 dup=0 chunks=9 orphans=0 carrierless=0 spawns=31 despawns=19 pawn=1
[nebula] [nebula-probe] t=104.1 pos=142.5,0.0,-56.7 cell=2,0,-1 origin=0,0,0 replicas=10 dmin=14.6 dmax=62.8 limit=95.9 speed=4.9 beyond=0 dup=0 chunks=9 orphans=0 carrierless=0 spawns=31 despawns=20 pawn=1
[nebula] client 32791 fps replicas 11 (+0.4/s -0.2/s) entities 11 in 129 pkt/s 11.1 KB/s 67 states/s (msgs: state 62 rpc 0 vars 0) rtt 0ms lead 4 (adj 1, worker saw 4) corrections 0 | full-rate interp: depth 1.5 ticks, starved 0.0% worst +0.0 | frame max 0.9ms fixed/frame max 1 | gaps>3t 0 worst 0t | render delay 3t (stream lag 0t) | snapshot age ms min 15.5 avg 16.4 max 20.6
[nebula] [nebula-probe] t=105.1 pos=138.9,0.0,-51.9 cell=2,0,-1 origin=0,0,0 replicas=10 dmin=9.1 dmax=63.0 limit=97.6 speed=6.0 beyond=0 dup=0 chunks=9 orphans=0 carrierless=0 spawns=31 despawns=20 pawn=1
[nebula] [nebula-probe] t=106.1 pos=135.3,0.0,-47.1 cell=2,0,-1 origin=0,0,0 replicas=10 dmin=4.7 dmax=61.0 limit=97.6 speed=6.0 beyond=0 dup=0 chunks=9 orphans=0 carrierless=0 spawns=31 despawns=20 pawn=1
[nebula] [nebula-probe] t=107.1 pos=131.7,0.0,-42.3 cell=2,0,-1 origin=0,0,0 replicas=10 dmin=5.8 dmax=54.1 limit=97.6 speed=6.0 beyond=0 dup=0 chunks=9 orphans=0 carrierless=0 spawns=31 despawns=20 pawn=1
[nebula] [nebula-probe] t=108.1 pos=127.4,0.0,-41.4 cell=1,0,-1 origin=0,0,0 replicas=11 dmin=2.6 dmax=49.9 limit=95.1 speed=4.4 beyond=0 dup=0 chunks=9 orphans=0 carrierless=0 spawns=32 despawns=20 pawn=1
[nebula] [nebula-probe] t=109.1 pos=122.3,0.0,-44.5 cell=1,0,-1 origin=0,0,0 replicas=11 dmin=3.5 dmax=52.6 limit=97.6 speed=6.0 beyond=0 dup=0 chunks=9 orphans=0 carrierless=0 spawns=32 despawns=20 pawn=1
[nebula] client 32368 fps replicas 13 (+0.4/s -0.0/s) entities 13 in 132 pkt/s 12.4 KB/s 67 states/s (msgs: state 63 rpc 0 vars 0) rtt 0ms lead 4 (adj 1, worker saw 4) corrections 0 | full-rate interp: depth 1.5 ticks, starved 0.0% worst +0.0 | frame max 1.0ms fixed/frame max 1 | gaps>3t 0 worst 0t | render delay 3t (stream lag 0t) | snapshot age ms min 15.5 avg 16.4 max 17.6
[nebula] [nebula-probe] t=110.1 pos=117.1,0.0,-47.6 cell=1,0,-1 origin=0,0,0 replicas=12 dmin=4.8 dmax=57.8 limit=97.6 speed=6.0 beyond=0 dup=0 chunks=12 orphans=0 carrierless=0 spawns=33 despawns=20 pawn=1
[nebula] [nebula-probe] t=111.1 pos=112.0,0.0,-50.7 cell=1,0,-1 origin=0,0,0 replicas=12 dmin=10.2 dmax=63.2 limit=97.6 speed=6.0 beyond=0 dup=0 chunks=12 orphans=0 carrierless=0 spawns=33 despawns=20 pawn=1
[nebula] [nebula-probe] t=112.1 pos=106.9,0.0,-53.8 cell=1,0,-1 origin=0,0,0 replicas=12 dmin=8.1 dmax=68.7 limit=97.6 speed=6.0 beyond=0 dup=0 chunks=12 orphans=0 carrierless=0 spawns=33 despawns=20 pawn=1
[nebula] [nebula-probe] t=113.1 pos=101.8,0.0,-57.0 cell=1,0,-1 origin=0,0,0 replicas=11 dmin=6.2 dmax=51.1 limit=97.6 speed=6.0 beyond=0 dup=0 chunks=9 orphans=0 carrierless=0 spawns=34 despawns=22 pawn=1
[nebula] [nebula-probe] t=114.1 pos=96.6,0.0,-60.1 cell=1,0,-1 origin=0,0,0 replicas=14 dmin=9.1 dmax=56.9 limit=97.6 speed=6.0 beyond=0 dup=0 chunks=9 orphans=0 carrierless=0 spawns=37 despawns=22 pawn=1
[nebula] client 45697 fps replicas 16 (+1.0/s -0.4/s) entities 16 in 130 pkt/s 10.9 KB/s 64 states/s (msgs: state 64 rpc 0 vars 0) rtt 0ms lead 4 (adj 1, worker saw 4) corrections 0 | full-rate interp: depth 1.5 ticks, starved 0.0% worst +0.0 | frame max 0.9ms fixed/frame max 1 | gaps>3t 0 worst 0t | render delay 4t (stream lag 1t) | snapshot age ms min 15.5 avg 16.3 max 20.8
[nebula] [nebula-probe] t=115.1 pos=91.5,0.0,-63.2 cell=1,0,-1 origin=0,0,0 replicas=15 dmin=14.1 dmax=62.7 limit=97.6 speed=6.0 beyond=0 dup=0 chunks=9 orphans=0 carrierless=0 spawns=38 despawns=22 pawn=1
[nebula] [nebula-probe] t=116.1 pos=86.4,0.0,-66.3 cell=1,0,-2 origin=0,0,0 replicas=16 dmin=9.1 dmax=68.6 limit=97.6 speed=6.0 beyond=0 dup=0 chunks=12 orphans=0 carrierless=0 spawns=39 despawns=22 pawn=1
[nebula] [nebula-probe] t=117.1 pos=83.3,0.0,-68.2 cell=1,0,-2 origin=0,0,0 replicas=14 dmin=6.4 dmax=63.6 limit=93.8 speed=3.6 beyond=0 dup=0 chunks=9 orphans=0 carrierless=0 spawns=39 despawns=24 pawn=1
[nebula] [nebula-probe] t=118.1 pos=88.3,0.0,-64.9 cell=1,0,-2 origin=0,0,0 replicas=15 dmin=11.3 dmax=59.7 limit=97.6 speed=6.0 beyond=0 dup=0 chunks=9 orphans=0 carrierless=0 spawns=40 despawns=24 pawn=1
[nebula] [nebula-probe] t=119.1 pos=93.3,0.0,-61.6 cell=1,0,-1 origin=0,0,0 replicas=15 dmin=12.2 dmax=56.1 limit=97.6 speed=6.0 beyond=0 dup=0 chunks=9 orphans=0 carrierless=0 spawns=40 despawns=24 pawn=1
[nebula] client 47568 fps replicas 16 (+0.4/s -0.4/s) entities 16 in 128 pkt/s 11.5 KB/s 72 states/s (msgs: state 61 rpc 0 vars 0) rtt 0ms lead 4 (adj 1, worker saw 4) corrections 0 | full-rate interp: depth 2.8 ticks, starved 0.0% worst +0.0 | frame max 1.1ms fixed/frame max 1 | gaps>3t 0 worst 0t | render delay 4t (stream lag 1t) | snapshot age ms min 14.5 avg 16.4 max 21.8
[nebula] [nebula-probe] t=120.1 pos=98.4,0.0,-58.3 cell=1,0,-1 origin=0,0,0 replicas=15 dmin=8.0 dmax=57.6 limit=97.6 speed=6.0 beyond=0 dup=0 chunks=9 orphans=0 carrierless=0 spawns=40 despawns=24 pawn=1
[nebula] [nebula-probe] t=121.1 pos=103.4,0.0,-55.0 cell=1,0,-1 origin=0,0,0 replicas=16 dmin=7.2 dmax=62.6 limit=97.6 speed=6.0 beyond=0 dup=0 chunks=12 orphans=0 carrierless=0 spawns=41 despawns=24 pawn=1
[nebula] [nebula-probe] t=122.1 pos=108.4,0.0,-51.7 cell=1,0,-1 origin=0,0,0 replicas=20 dmin=10.5 dmax=67.7 limit=97.6 speed=6.0 beyond=0 dup=0 chunks=12 orphans=0 carrierless=0 spawns=45 despawns=24 pawn=1
[nebula] [nebula-probe] t=123.1 pos=113.4,0.0,-48.4 cell=1,0,-1 origin=0,0,0 replicas=19 dmin=7.6 dmax=66.4 limit=97.6 speed=6.0 beyond=0 dup=0 chunks=9 orphans=0 carrierless=0 spawns=45 despawns=25 pawn=1
[nebula] [nebula-probe] t=124.1 pos=115.0,0.0,-51.3 cell=1,0,-1 origin=0,0,0 replicas=19 dmin=1.9 dmax=62.0 limit=93.3 speed=3.3 beyond=0 dup=0 chunks=9 orphans=0 carrierless=0 spawns=46 despawns=26 pawn=1
[nebula] client 30602 fps replicas 20 (+1.2/s -0.4/s) entities 20 in 135 pkt/s 15.6 KB/s 122 states/s (msgs: state 65 rpc 0 vars 0) rtt 0ms lead 4 (adj 1, worker saw 4) corrections 0 | full-rate interp: depth 2.5 ticks, starved 0.0% worst +0.0 | frame max 0.9ms fixed/frame max 1 | gaps>3t 0 worst 0t | render delay 3t (stream lag 0t) | snapshot age ms min 15.1 avg 16.4 max 22.7
[nebula] [nebula-probe] t=125.1 pos=114.8,0.0,-57.3 cell=1,0,-1 origin=0,0,0 replicas=19 dmin=7.9 dmax=61.6 limit=97.6 speed=6.0 beyond=0 dup=0 chunks=9 orphans=0 carrierless=0 spawns=46 despawns=26 pawn=1
[nebula] [nebula-probe] t=126.1 pos=114.6,0.0,-63.3 cell=1,0,-1 origin=0,0,0 replicas=19 dmin=9.1 dmax=61.8 limit=97.6 speed=6.0 beyond=0 dup=0 chunks=9 orphans=0 carrierless=0 spawns=46 despawns=26 pawn=1
[nebula] [nebula-probe] t=127.1 pos=114.4,0.0,-69.3 cell=1,0,-2 origin=0,0,0 replicas=19 dmin=11.5 dmax=63.5 limit=97.6 speed=6.0 beyond=0 dup=0 chunks=9 orphans=0 carrierless=0 spawns=46 despawns=26 pawn=1
[nebula] [nebula-probe] t=128.1 pos=114.1,0.0,-75.3 cell=1,0,-2 origin=0,0,0 replicas=19 dmin=16.0 dmax=69.4 limit=97.6 speed=6.0 beyond=0 dup=0 chunks=9 orphans=0 carrierless=0 spawns=46 despawns=26 pawn=1
[nebula] [nebula-probe] t=129.1 pos=113.9,0.0,-81.3 cell=1,0,-2 origin=0,0,0 replicas=17 dmin=21.2 dmax=66.0 limit=97.6 speed=6.0 beyond=0 dup=0 chunks=6 orphans=0 carrierless=0 spawns=46 despawns=28 pawn=1
[nebula] client 29972 fps replicas 16 (+0.0/s -0.8/s) entities 16 in 133 pkt/s 11.9 KB/s 91 states/s (msgs: state 65 rpc 0 vars 0) rtt 0ms lead 4 (adj 1, worker saw 4) corrections 0 | full-rate interp: depth 2.1 ticks, starved 0.0% worst +0.0 | frame max 1.1ms fixed/frame max 1 | gaps>3t 0 worst 0t | render delay 4t (stream lag 1t) | snapshot age ms min 15.4 avg 16.4 max 20.8
[nebula] [nebula-probe] t=130.1 pos=113.7,0.0,-87.3 cell=1,0,-2 origin=0,0,0 replicas=15 dmin=26.8 dmax=68.6 limit=97.6 speed=6.0 beyond=0 dup=0 chunks=6 orphans=0 carrierless=0 spawns=46 despawns=30 pawn=1
[nebula] [nebula-probe] t=131.1 pos=112.5,0.0,-91.0 cell=1,0,-2 origin=0,0,0 replicas=14 dmin=0.7 dmax=61.5 limit=94.2 speed=3.9 beyond=0 dup=0 chunks=9 orphans=0 carrierless=0 spawns=47 despawns=32 pawn=1
[nebula] [nebula-probe] t=132.1 pos=107.9,0.0,-87.1 cell=1,0,-2 origin=0,0,0 replicas=15 dmin=5.3 dmax=57.6 limit=97.6 speed=6.0 beyond=0 dup=0 chunks=9 orphans=0 carrierless=0 spawns=48 despawns=32 pawn=1
[nebula] [nebula-probe] t=133.1 pos=103.4,0.0,-83.3 cell=1,0,-2 origin=0,0,0 replicas=15 dmin=11.3 dmax=58.3 limit=97.6 speed=6.0 beyond=0 dup=0 chunks=9 orphans=0 carrierless=0 spawns=48 despawns=32 pawn=1
[nebula] [nebula-probe] t=134.1 pos=98.8,0.0,-79.4 cell=1,0,-2 origin=0,0,0 replicas=15 dmin=10.1 dmax=60.0 limit=97.6 speed=6.0 beyond=0 dup=0 chunks=9 orphans=0 carrierless=0 spawns=48 despawns=32 pawn=1
[nebula] client 30352 fps replicas 18 (+0.8/s -0.4/s) entities 18 in 133 pkt/s 13.1 KB/s 110 states/s (msgs: state 66 rpc 0 vars 0) rtt 0ms lead 4 (adj 1, worker saw 4) corrections 0 | full-rate interp: depth 2.9 ticks, starved 0.0% worst +0.0 | frame max 0.9ms fixed/frame max 1 | gaps>3t 0 worst 0t | render delay 4t (stream lag 1t) | snapshot age ms min 15.5 avg 16.4 max 20.5
[nebula] [nebula-probe] t=135.1 pos=94.2,0.0,-75.5 cell=1,0,-2 origin=0,0,0 replicas=17 dmin=9.6 dmax=61.7 limit=97.6 speed=6.0 beyond=0 dup=0 chunks=9 orphans=0 carrierless=0 spawns=50 despawns=32 pawn=1
[nebula] [nebula-probe] t=136.1 pos=89.6,0.0,-71.7 cell=1,0,-2 origin=0,0,0 replicas=18 dmin=7.8 dmax=63.5 limit=97.6 speed=6.0 beyond=0 dup=0 chunks=9 orphans=0 carrierless=0 spawns=51 despawns=32 pawn=1
[nebula] [nebula-probe] t=137.1 pos=85.0,0.0,-67.8 cell=1,0,-2 origin=0,0,0 replicas=19 dmin=7.2 dmax=65.2 limit=97.6 speed=6.0 beyond=0 dup=0 chunks=9 orphans=0 carrierless=0 spawns=52 despawns=32 pawn=1
[nebula] [nebula-probe] t=138.1 pos=80.4,0.0,-63.9 cell=1,0,-1 origin=0,0,0 replicas=18 dmin=10.8 dmax=67.5 limit=97.6 speed=6.0 beyond=0 dup=0 chunks=9 orphans=0 carrierless=0 spawns=52 despawns=33 pawn=1
[nebula] [nebula-probe] t=139.1 pos=75.8,0.0,-60.0 cell=1,0,-1 origin=0,0,0 replicas=17 dmin=15.9 dmax=56.2 limit=97.6 speed=6.0 beyond=0 dup=0 chunks=6 orphans=0 carrierless=0 spawns=52 despawns=34 pawn=1
[nebula] client 29905 fps replicas 18 (+0.4/s -0.4/s) entities 18 in 133 pkt/s 13.4 KB/s 101 states/s (msgs: state 64 rpc 0 vars 0) rtt 0ms lead 4 (adj 1, worker saw 4) corrections 0 | full-rate interp: depth 3.3 ticks, starved 0.0% worst +0.0 | frame max 0.9ms fixed/frame max 1 | gaps>3t 0 worst 0t | render delay 4t (stream lag 1t) | snapshot age ms min 15.4 avg 16.5 max 20.4
[nebula] [nebula-probe] t=140.1 pos=73.8,0.0,-59.4 cell=1,0,-1 origin=0,0,0 replicas=17 dmin=17.4 dmax=58.1 limit=91.5 speed=2.2 beyond=0 dup=0 chunks=6 orphans=0 carrierless=0 spawns=52 despawns=34 pawn=1
[nebula] [nebula-probe] t=141.1 pos=76.4,0.0,-64.8 cell=1,0,-2 origin=0,0,0 replicas=18 dmin=11.4 dmax=56.9 limit=97.6 speed=6.0 beyond=0 dup=0 chunks=9 orphans=0 carrierless=0 spawns=53 despawns=34 pawn=1
[nebula] [nebula-probe] t=142.1 pos=78.9,0.0,-70.3 cell=1,0,-2 origin=0,0,0 replicas=18 dmin=5.5 dmax=57.6 limit=97.6 speed=6.0 beyond=0 dup=0 chunks=9 orphans=0 carrierless=0 spawns=53 despawns=34 pawn=1
[nebula] [nebula-probe] t=143.1 pos=81.5,0.0,-75.7 cell=1,0,-2 origin=0,0,0 replicas=18 dmin=1.4 dmax=64.3 limit=97.6 speed=6.0 beyond=0 dup=0 chunks=9 orphans=0 carrierless=0 spawns=53 despawns=34 pawn=1
[nebula] [nebula-probe] t=144.1 pos=84.1,0.0,-81.1 cell=1,0,-2 origin=0,0,0 replicas=17 dmin=6.8 dmax=58.0 limit=97.6 speed=6.0 beyond=0 dup=0 chunks=6 orphans=0 carrierless=0 spawns=53 despawns=35 pawn=1
[nebula] client 36614 fps replicas 18 (+0.2/s -0.2/s) entities 18 in 129 pkt/s 10.8 KB/s 66 states/s (msgs: state 62 rpc 0 vars 0) rtt 0ms lead 4 (adj 1, worker saw 4) corrections 0 | full-rate interp: depth 2.5 ticks, starved 0.0% worst +0.0 | frame max 0.9ms fixed/frame max 1 | gaps>3t 0 worst 0t | render delay 3t (stream lag 0t) | snapshot age ms min 15.5 avg 16.5 max 20.7
[nebula] [nebula-probe] t=145.1 pos=86.7,0.0,-86.5 cell=1,0,-2 origin=0,0,0 replicas=17 dmin=9.9 dmax=61.8 limit=97.6 speed=6.0 beyond=0 dup=0 chunks=6 orphans=0 carrierless=0 spawns=53 despawns=35 pawn=1
[nebula] [nebula-probe] t=146.1 pos=89.3,0.0,-91.9 cell=1,0,-2 origin=0,0,0 replicas=17 dmin=7.2 dmax=66.8 limit=97.6 speed=6.0 beyond=0 dup=0 chunks=6 orphans=0 carrierless=0 spawns=53 despawns=35 pawn=1
[nebula] [nebula-probe] t=147.1 pos=91.3,0.0,-94.7 cell=1,0,-2 origin=0,0,0 replicas=16 dmin=0.7 dmax=64.1 limit=93.4 speed=3.4 beyond=0 dup=0 chunks=9 orphans=0 carrierless=0 spawns=54 despawns=37 pawn=1
[nebula] [nebula-probe] t=148.1 pos=91.3,0.0,-88.7 cell=1,0,-2 origin=0,0,0 replicas=16 dmin=5.3 dmax=60.6 limit=97.6 speed=6.0 beyond=0 dup=0 chunks=9 orphans=0 carrierless=0 spawns=54 despawns=37 pawn=1
[nebula] [nebula-probe] t=149.1 pos=91.4,0.0,-82.7 cell=1,0,-2 origin=0,0,0 replicas=16 dmin=11.3 dmax=57.5 limit=97.6 speed=6.0 beyond=0 dup=0 chunks=9 orphans=0 carrierless=0 spawns=54 despawns=37 pawn=1
[nebula] client 60324 fps replicas 17 (+0.2/s -0.4/s) entities 17 in 127 pkt/s 10.6 KB/s 60 states/s (msgs: state 60 rpc 0 vars 0) rtt 0ms lead 4 (adj 1, worker saw 4) corrections 0 | full-rate interp: depth 0.0 ticks, starved 0.0% worst +0.0 | frame max 0.9ms fixed/frame max 1 | gaps>3t 0 worst 0t | render delay 4t (stream lag 1t) | snapshot age ms min 15.5 avg 16.4 max 17.7
[nebula] [nebula-probe] t=150.1 pos=91.4,0.0,-76.7 cell=1,0,-2 origin=0,0,0 replicas=16 dmin=9.3 dmax=55.0 limit=97.6 speed=6.0 beyond=0 dup=0 chunks=9 orphans=0 carrierless=0 spawns=54 despawns=37 pawn=1
[nebula] [nebula-probe] t=151.1 pos=91.5,0.0,-70.7 cell=1,0,-2 origin=0,0,0 replicas=18 dmin=9.9 dmax=54.4 limit=97.6 speed=6.0 beyond=0 dup=0 chunks=9 orphans=0 carrierless=0 spawns=56 despawns=37 pawn=1
[nebula] [nebula-probe] t=152.1 pos=91.5,0.0,-64.7 cell=1,0,-2 origin=0,0,0 replicas=18 dmin=13.4 dmax=57.5 limit=97.6 speed=6.0 beyond=0 dup=0 chunks=9 orphans=0 carrierless=0 spawns=56 despawns=37 pawn=1
[nebula] [nebula-probe] t=153.1 pos=91.6,0.0,-58.7 cell=1,0,-1 origin=0,0,0 replicas=18 dmin=14.4 dmax=61.0 limit=97.6 speed=6.0 beyond=0 dup=0 chunks=9 orphans=0 carrierless=0 spawns=56 despawns=37 pawn=1
[nebula] [nebula-probe] t=154.1 pos=91.6,0.0,-52.7 cell=1,0,-1 origin=0,0,0 replicas=18 dmin=16.7 dmax=64.9 limit=97.6 speed=6.0 beyond=0 dup=0 chunks=9 orphans=0 carrierless=0 spawns=56 despawns=37 pawn=1
[nebula] client 59394 fps replicas 21 (+0.8/s -0.0/s) entities 21 in 129 pkt/s 12.4 KB/s 60 states/s (msgs: state 60 rpc 0 vars 0) rtt 0ms lead 4 (adj 1, worker saw 4) corrections 0 | full-rate interp: depth 0.0 ticks, starved 0.0% worst +0.0 | frame max 0.9ms fixed/frame max 1 | gaps>3t 0 worst 0t | render delay 3t (stream lag 0t) | snapshot age ms min 15.4 avg 16.4 max 20.5
[nebula] [nebula-probe] t=155.1 pos=90.4,0.0,-54.2 cell=1,0,-1 origin=0,0,0 replicas=20 dmin=1.8 dmax=62.9 limit=91.2 speed=2.0 beyond=0 dup=0 chunks=12 orphans=0 carrierless=0 spawns=58 despawns=37 pawn=1
[nebula] [nebula-probe] t=156.1 pos=88.4,0.0,-59.9 cell=1,0,-1 origin=0,0,0 replicas=20 dmin=7.8 dmax=57.8 limit=97.6 speed=6.0 beyond=0 dup=0 chunks=12 orphans=0 carrierless=0 spawns=58 despawns=37 pawn=1
[nebula] [nebula-probe] t=157.1 pos=86.5,0.0,-65.6 cell=1,0,-2 origin=0,0,0 replicas=20 dmin=9.8 dmax=62.2 limit=97.6 speed=6.0 beyond=0 dup=0 chunks=12 orphans=0 carrierless=0 spawns=58 despawns=37 pawn=1
[nebula] [nebula-probe] t=158.1 pos=84.5,0.0,-71.3 cell=1,0,-2 origin=0,0,0 replicas=20 dmin=3.9 dmax=68.2 limit=97.6 speed=6.0 beyond=0 dup=0 chunks=12 orphans=0 carrierless=0 spawns=58 despawns=37 pawn=1
[nebula] [nebula-probe] t=159.1 pos=82.6,0.0,-77.0 cell=1,0,-2 origin=0,0,0 replicas=19 dmin=2.5 dmax=56.1 limit=97.6 speed=6.0 beyond=0 dup=0 chunks=9 orphans=0 carrierless=0 spawns=58 despawns=38 pawn=1
[nebula] client 59252 fps replicas 21 (+0.2/s -0.2/s) entities 21 in 126 pkt/s 10.8 KB/s 60 states/s (msgs: state 60 rpc 0 vars 0) rtt 0ms lead 4 (adj 1, worker saw 4) corrections 0 | full-rate interp: depth 0.0 ticks, starved 0.0% worst +0.0 | frame max 1.0ms fixed/frame max 1 | gaps>3t 0 worst 0t | render delay 3t (stream lag 0t) | snapshot age ms min 15.4 avg 16.4 max 20.6
[nebula] [nebula-probe] t=160.1 pos=80.7,0.0,-82.6 cell=1,0,-2 origin=0,0,0 replicas=20 dmin=8.3 dmax=61.0 limit=97.6 speed=6.0 beyond=0 dup=0 chunks=9 orphans=0 carrierless=0 spawns=59 despawns=38 pawn=1
[nebula] [nebula-probe] t=161.1 pos=78.7,0.0,-88.3 cell=1,0,-2 origin=0,0,0 replicas=20 dmin=8.7 dmax=66.9 limit=97.6 speed=6.0 beyond=0 dup=0 chunks=9 orphans=0 carrierless=0 spawns=59 despawns=38 pawn=1
[nebula] [nebula-probe] t=162.1 pos=76.8,0.0,-94.0 cell=1,0,-2 origin=0,0,0 replicas=18 dmin=6.7 dmax=69.1 limit=97.6 speed=6.0 beyond=0 dup=0 chunks=9 orphans=0 carrierless=0 spawns=60 despawns=41 pawn=1
[nebula] [nebula-probe] t=163.1 pos=74.3,0.0,-99.5 cell=1,0,-2 origin=0,0,0 replicas=17 dmin=9.7 dmax=64.5 limit=97.6 speed=6.0 beyond=0 dup=0 chunks=9 orphans=0 carrierless=0 spawns=61 despawns=43 pawn=1
[nebula] [nebula-probe] t=164.1 pos=71.8,0.0,-104.9 cell=1,0,-2 origin=0,0,0 replicas=18 dmin=14.6 dmax=70.3 limit=97.6 speed=6.0 beyond=0 dup=0 chunks=9 orphans=0 carrierless=0 spawns=62 despawns=43 pawn=1
[nebula] client 50794 fps replicas 19 (+0.8/s -1.2/s) entities 19 in 131 pkt/s 11.6 KB/s 66 states/s (msgs: state 63 rpc 0 vars 0) rtt 0ms lead 4 (adj 1, worker saw 4) corrections 0 | full-rate interp: depth 2.3 ticks, starved 0.0% worst +0.0 | frame max 1.1ms fixed/frame max 1 | gaps>3t 0 worst 0t | render delay 4t (stream lag 1t) | snapshot age ms min 13.4 avg 16.4 max 20.4
[nebula] [nebula-probe] t=165.1 pos=69.3,0.0,-110.4 cell=1,0,-2 origin=0,0,0 replicas=18 dmin=20.2 dmax=62.1 limit=97.6 speed=6.0 beyond=0 dup=0 chunks=9 orphans=0 carrierless=0 spawns=63 despawns=44 pawn=1
[nebula] [nebula-probe] t=166.1 pos=66.9,0.0,-115.8 cell=1,0,-2 origin=0,0,0 replicas=18 dmin=17.7 dmax=67.7 limit=97.6 speed=6.0 beyond=0 dup=0 chunks=9 orphans=0 carrierless=0 spawns=63 despawns=44 pawn=1
[nebula] [nebula-probe] t=167.1 pos=64.4,0.0,-121.3 cell=1,0,-2 origin=0,0,0 replicas=16 dmin=7.3 dmax=66.1 limit=97.6 speed=6.0 beyond=0 dup=0 chunks=9 orphans=0 carrierless=0 spawns=64 despawns=47 pawn=1
[nebula] [nebula-probe] t=168.1 pos=61.9,0.0,-126.8 cell=0,0,-2 origin=0,0,0 replicas=15 dmin=6.1 dmax=61.8 limit=97.6 speed=6.0 beyond=0 dup=0 chunks=6 orphans=0 carrierless=0 spawns=64 despawns=48 pawn=1
[nebula] [nebula-probe] t=169.1 pos=59.5,0.0,-132.1 cell=0,0,-3 origin=0,0,0 replicas=16 dmin=16.1 dmax=67.0 limit=97.4 speed=5.9 beyond=0 dup=0 chunks=11 orphans=0 carrierless=0 spawns=65 despawns=48 pawn=1
[nebula] client 30891 fps replicas 16 (+0.4/s -1.0/s) entities 16 in 152 pkt/s 14.9 KB/s 120 states/s (msgs: state 83 rpc 0 vars 0) rtt 0ms lead 4 (adj 1, worker saw 4) corrections 1 last 0.10m | full-rate interp: depth 2.8 ticks, starved 0.0% worst +0.0 | frame max 1.0ms fixed/frame max 1 | gaps>3t 0 worst 0t | render delay 3t (stream lag 0t) | snapshot age ms min 12.5 avg 16.4 max 20.0
[nebula] [nebula-probe] t=170.1 pos=57.0,0.0,-137.6 cell=0,0,-3 origin=0,0,0 replicas=15 dmin=20.4 dmax=68.0 limit=97.6 speed=6.0 beyond=0 dup=0 chunks=9 orphans=0 carrierless=0 spawns=65 despawns=49 pawn=1
[nebula] [nebula-probe] t=171.1 pos=54.5,0.0,-143.1 cell=0,0,-3 origin=0,0,0 replicas=14 dmin=18.9 dmax=69.2 limit=97.6 speed=6.0 beyond=0 dup=0 chunks=9 orphans=0 carrierless=0 spawns=66 despawns=51 pawn=1
[nebula] [nebula-probe] t=172.1 pos=52.3,0.0,-148.0 cell=0,0,-3 origin=0,0,0 replicas=14 dmin=19.1 dmax=66.9 limit=96.6 speed=5.4 beyond=0 dup=0 chunks=9 orphans=0 carrierless=0 spawns=67 despawns=52 pawn=1
[nebula] [nebula-probe] t=173.1 pos=54.8,0.0,-142.6 cell=0,0,-3 origin=0,0,0 replicas=15 dmin=4.2 dmax=61.2 limit=97.6 speed=6.0 beyond=0 dup=0 chunks=9 orphans=0 carrierless=0 spawns=68 despawns=52 pawn=1
[nebula] [nebula-probe] t=174.1 pos=57.4,0.0,-137.1 cell=0,0,-3 origin=0,0,0 replicas=15 dmin=10.2 dmax=55.5 limit=97.6 speed=6.0 beyond=0 dup=0 chunks=9 orphans=0 carrierless=0 spawns=68 despawns=52 pawn=1
[nebula] client 30100 fps replicas 16 (+0.6/s -0.6/s) entities 16 in 141 pkt/s 12.2 KB/s 85 states/s (msgs: state 75 rpc 0 vars 0) rtt 0ms lead 4 (adj 1, worker saw 4) corrections 0 | full-rate interp: depth 2.5 ticks, starved 0.0% worst +0.0 | frame max 0.9ms fixed/frame max 1 | gaps>3t 0 worst 0t | render delay 4t (stream lag 1t) | snapshot age ms min 12.8 avg 16.3 max 20.2
[nebula] [nebula-probe] t=175.1 pos=60.0,0.0,-131.7 cell=0,0,-3 origin=0,0,0 replicas=15 dmin=16.2 dmax=59.1 limit=97.6 speed=6.0 beyond=0 dup=0 chunks=9 orphans=0 carrierless=0 spawns=68 despawns=52 pawn=1
[nebula] [nebula-probe] t=176.1 pos=62.6,0.0,-126.3 cell=0,0,-2 origin=0,0,0 replicas=15 dmin=11.4 dmax=65.0 limit=97.6 speed=6.0 beyond=0 dup=0 chunks=9 orphans=0 carrierless=0 spawns=68 despawns=52 pawn=1
[nebula] [nebula-probe] t=177.1 pos=65.1,0.0,-120.9 cell=1,0,-2 origin=0,0,0 replicas=16 dmin=5.7 dmax=70.9 limit=97.6 speed=6.0 beyond=0 dup=0 chunks=14 orphans=0 carrierless=0 spawns=69 despawns=52 pawn=1
[nebula] [nebula-probe] t=178.1 pos=67.7,0.0,-115.5 cell=1,0,-2 origin=0,0,0 replicas=16 dmin=2.6 dmax=52.2 limit=97.6 speed=6.0 beyond=0 dup=0 chunks=9 orphans=0 carrierless=0 spawns=71 despawns=54 pawn=1
[nebula] [nebula-probe] t=179.1 pos=70.3,0.0,-110.0 cell=1,0,-2 origin=0,0,0 replicas=17 dmin=7.3 dmax=56.9 limit=97.6 speed=6.0 beyond=0 dup=0 chunks=9 orphans=0 carrierless=0 spawns=72 despawns=54 pawn=1
[nebula] client 30029 fps replicas 18 (+0.8/s -0.4/s) entities 18 in 137 pkt/s 14.2 KB/s 117 states/s (msgs: state 70 rpc 0 vars 0) rtt 0ms lead 4 (adj 1, worker saw 4) corrections 0 | full-rate interp: depth 3.2 ticks, starved 0.0% worst +0.0 | frame max 0.9ms fixed/frame max 1 | gaps>3t 0 worst 0t | render delay 3t (stream lag 0t) | snapshot age ms min 12.9 avg 16.5 max 21.5
[nebula] [nebula-probe] t=180.1 pos=72.8,0.0,-104.6 cell=1,0,-2 origin=0,0,0 replicas=17 dmin=13.1 dmax=61.7 limit=97.6 speed=6.0 beyond=0 dup=0 chunks=9 orphans=0 carrierless=0 spawns=72 despawns=54 pawn=1
[nebula] [nebula-probe] t=181.1 pos=71.8,0.0,-105.4 cell=1,0,-2 origin=0,0,0 replicas=18 dmin=12.1 dmax=60.5 limit=90.1 speed=1.3 beyond=0 dup=0 chunks=9 orphans=0 carrierless=0 spawns=73 despawns=54 pawn=1
[nebula] [nebula-probe] t=182.1 pos=68.5,0.0,-110.4 cell=1,0,-2 origin=0,0,0 replicas=18 dmin=7.0 dmax=55.1 limit=97.6 speed=6.0 beyond=0 dup=0 chunks=9 orphans=0 carrierless=0 spawns=73 despawns=54 pawn=1
[nebula] [nebula-probe] t=183.1 pos=65.1,0.0,-115.3 cell=1,0,-2 origin=0,0,0 replicas=18 dmin=4.9 dmax=53.0 limit=97.6 speed=6.0 beyond=0 dup=0 chunks=9 orphans=0 carrierless=0 spawns=73 despawns=54 pawn=1
[nebula] [nebula-probe] t=184.1 pos=61.7,0.0,-120.3 cell=0,0,-2 origin=0,0,0 replicas=19 dmin=5.7 dmax=58.4 limit=97.6 speed=6.0 beyond=0 dup=0 chunks=9 orphans=0 carrierless=0 spawns=74 despawns=54 pawn=1
[nebula] client 31338 fps replicas 20 (+0.4/s -0.0/s) entities 20 in 133 pkt/s 14.8 KB/s 116 states/s (msgs: state 64 rpc 0 vars 0) rtt 0ms lead 4 (adj 1, worker saw 4) corrections 0 | full-rate interp: depth 3.0 ticks, starved 0.0% worst +0.0 | frame max 0.9ms fixed/frame max 1 | gaps>3t 0 worst 0t | render delay 3t (stream lag 0t) | snapshot age ms min 15.6 avg 16.6 max 21.7
[nebula] [nebula-probe] t=185.1 pos=58.3,0.0,-125.3 cell=0,0,-2 origin=0,0,0 replicas=19 dmin=8.1 dmax=63.9 limit=97.6 speed=6.0 beyond=0 dup=0 chunks=9 orphans=0 carrierless=0 spawns=74 despawns=54 pawn=1
[nebula] [nebula-probe] t=186.1 pos=57.4,0.0,-130.4 cell=0,0,-3 origin=0,0,0 replicas=20 dmin=11.2 dmax=67.6 limit=96.3 speed=5.2 beyond=0 dup=0 chunks=12 orphans=0 carrierless=0 spawns=75 despawns=54 pawn=1
[nebula] [nebula-probe] t=187.1 pos=59.6,0.0,-135.9 cell=0,0,-3 origin=0,0,0 replicas=19 dmin=12.3 dmax=65.5 limit=97.6 speed=6.0 beyond=0 dup=0 chunks=6 orphans=0 carrierless=0 spawns=75 despawns=55 pawn=1
[nebula] [nebula-probe] t=188.1 pos=61.9,0.0,-141.5 cell=0,0,-3 origin=0,0,0 replicas=18 dmin=10.1 dmax=69.9 limit=97.6 speed=6.0 beyond=0 dup=0 chunks=6 orphans=0 carrierless=0 spawns=75 despawns=56 pawn=1
[nebula] [nebula-probe] t=189.1 pos=64.2,0.0,-147.0 cell=1,0,-3 origin=0,0,0 replicas=16 dmin=11.2 dmax=66.8 limit=97.6 speed=6.0 beyond=0 dup=0 chunks=6 orphans=0 carrierless=0 spawns=75 despawns=58 pawn=1
[nebula] client 30782 fps replicas 16 (+0.2/s -1.0/s) entities 16 in 135 pkt/s 11.0 KB/s 70 states/s (msgs: state 68 rpc 0 vars 0) rtt 0ms lead 4 (adj 1, worker saw 4) corrections 1 last 0.10m | full-rate interp: depth 2.2 ticks, starved 0.0% worst +0.0 | frame max 1.1ms fixed/frame max 1 | gaps>3t 0 worst 0t | render delay 4t (stream lag 1t) | snapshot age ms min 12.8 avg 16.4 max 21.1
[nebula] [nebula-probe] t=190.1 pos=66.5,0.0,-152.6 cell=1,0,-3 origin=0,0,0 replicas=15 dmin=14.8 dmax=70.9 limit=97.6 speed=6.0 beyond=0 dup=0 chunks=4 orphans=0 carrierless=0 spawns=75 despawns=59 pawn=1
[nebula] [nebula-probe] t=191.1 pos=68.7,0.0,-158.1 cell=1,0,-3 origin=0,0,0 replicas=14 dmin=19.6 dmax=69.5 limit=97.6 speed=6.0 beyond=0 dup=0 chunks=4 orphans=0 carrierless=0 spawns=75 despawns=60 pawn=1
[nebula] [nebula-probe] t=192.1 pos=71.0,0.0,-163.7 cell=1,0,-3 origin=0,0,0 replicas=11 dmin=25.0 dmax=69.0 limit=97.6 speed=6.0 beyond=0 dup=0 chunks=4 orphans=0 carrierless=0 spawns=75 despawns=63 pawn=1
[nebula] [nebula-probe] t=193.1 pos=69.2,0.0,-160.5 cell=1,0,-3 origin=0,0,0 replicas=11 dmin=2.7 dmax=61.7 limit=93.8 speed=3.6 beyond=0 dup=0 chunks=9 orphans=0 carrierless=0 spawns=76 despawns=64 pawn=1
[nebula] [nebula-probe] t=194.1 pos=66.4,0.0,-155.2 cell=1,0,-3 origin=0,0,0 replicas=11 dmin=8.7 dmax=57.5 limit=97.6 speed=6.0 beyond=0 dup=0 chunks=9 orphans=0 carrierless=0 spawns=76 despawns=64 pawn=1
[nebula] client 31395 fps replicas 12 (+0.2/s -1.0/s) entities 12 in 135 pkt/s 10.8 KB/s 67 states/s (msgs: state 67 rpc 0 vars 0) rtt 0ms lead 4 (adj 1, worker saw 4) corrections 0 | full-rate interp: depth 1.9 ticks, starved 0.0% worst +0.0 | frame max 1.0ms fixed/frame max 1 | gaps>3t 0 worst 0t | render delay 3t (stream lag 0t) | snapshot age ms min 12.9 avg 16.4 max 20.6
[nebula] [nebula-probe] t=195.1 pos=63.6,0.0,-149.9 cell=0,0,-3 origin=0,0,0 replicas=11 dmin=11.2 dmax=53.3 limit=97.6 speed=6.0 beyond=0 dup=0 chunks=9 orphans=0 carrierless=0 spawns=76 despawns=64 pawn=1
[nebula] [nebula-probe] t=196.1 pos=60.9,0.0,-144.6 cell=0,0,-3 origin=0,0,0 replicas=11 dmin=8.0 dmax=50.4 limit=97.6 speed=6.0 beyond=0 dup=0 chunks=9 orphans=0 carrierless=0 spawns=76 despawns=64 pawn=1
[nebula] [nebula-probe] t=197.1 pos=58.1,0.0,-139.3 cell=0,0,-3 origin=0,0,0 replicas=13 dmin=8.6 dmax=48.1 limit=97.6 speed=6.0 beyond=0 dup=0 chunks=12 orphans=0 carrierless=0 spawns=78 despawns=64 pawn=1
[nebula] [nebula-probe] t=198.1 pos=55.3,0.0,-134.0 cell=0,0,-3 origin=0,0,0 replicas=15 dmin=12.6 dmax=47.4 limit=97.6 speed=6.0 beyond=0 dup=0 chunks=12 orphans=0 carrierless=0 spawns=80 despawns=64 pawn=1
[nebula] [nebula-probe] t=199.1 pos=52.5,0.0,-128.7 cell=0,0,-3 origin=0,0,0 replicas=17 dmin=14.7 dmax=45.7 limit=97.6 speed=6.0 beyond=0 dup=0 chunks=12 orphans=0 carrierless=0 spawns=82 despawns=64 pawn=1
[nebula] client 29038 fps replicas 19 (+1.4/s -0.0/s) entities 19 in 147 pkt/s 14.7 KB/s 88 states/s (msgs: state 79 rpc 0 vars 0) rtt 0ms lead 4 (adj 1, worker saw 4) corrections 0 | full-rate interp: depth 2.2 ticks, starved 0.0% worst +0.0 | frame max 1.0ms fixed/frame max 1 | gaps>3t 0 worst 0t | render delay 3t (stream lag 0t) | snapshot age ms min 13.3 avg 16.6 max 21.7
[nebula] [nebula-probe] t=200.1 pos=49.7,0.0,-123.4 cell=0,0,-2 origin=0,0,0 replicas=18 dmin=16.6 dmax=45.7 limit=97.6 speed=6.0 beyond=0 dup=0 chunks=12 orphans=0 carrierless=0 spawns=83 despawns=64 pawn=1
[nebula] [nebula-probe] t=201.1 pos=46.9,0.0,-118.1 cell=0,0,-2 origin=0,0,0 replicas=19 dmin=11.2 dmax=50.7 limit=97.6 speed=6.0 beyond=0 dup=0 chunks=15 orphans=0 carrierless=0 spawns=84 despawns=64 pawn=1
[nebula] [nebula-probe] t=202.1 pos=42.8,0.0,-116.1 cell=0,0,-2 origin=0,0,0 replicas=21 dmin=6.7 dmax=54.5 limit=95.3 speed=4.6 beyond=0 dup=0 chunks=15 orphans=0 carrierless=0 spawns=86 despawns=64 pawn=1
[nebula] [nebula-probe] t=203.1 pos=37.1,0.0,-118.0 cell=0,0,-2 origin=0,0,0 replicas=22 dmin=4.9 dmax=56.0 limit=97.6 speed=6.0 beyond=0 dup=0 chunks=15 orphans=0 carrierless=0 spawns=87 despawns=64 pawn=1
[nebula] [nebula-probe] t=204.1 pos=31.5,0.0,-120.0 cell=0,0,-2 origin=0,0,0 replicas=23 dmin=9.3 dmax=61.7 limit=97.6 speed=6.0 beyond=0 dup=0 chunks=15 orphans=0 carrierless=0 spawns=88 despawns=64 pawn=1
[nebula] client 27356 fps replicas 25 (+1.2/s -0.0/s) entities 25 in 135 pkt/s 15.3 KB/s 132 states/s (msgs: state 68 rpc 0 vars 0) rtt 0ms lead 4 (adj 1, worker saw 4) corrections 0 | full-rate interp: depth 3.3 ticks, starved 0.0% worst +0.0 | frame max 1.2ms fixed/frame max 1 | gaps>3t 0 worst 0t | render delay 4t (stream lag 1t) | snapshot age ms min 15.6 avg 17.4 max 21.4
[nebula] [nebula-probe] t=205.1 pos=25.8,0.0,-122.0 cell=0,0,-2 origin=0,0,0 replicas=24 dmin=14.7 dmax=67.7 limit=97.6 speed=6.0 beyond=0 dup=0 chunks=15 orphans=0 carrierless=0 spawns=89 despawns=64 pawn=1
[nebula] [nebula-probe] t=206.1 pos=20.1,0.0,-124.0 cell=0,0,-2 origin=0,0,0 replicas=24 dmin=12.0 dmax=69.1 limit=97.6 speed=6.0 beyond=0 dup=0 chunks=9 orphans=0 carrierless=0 spawns=91 despawns=66 pawn=1
[nebula] [nebula-probe] t=207.1 pos=16.5,0.0,-126.1 cell=0,0,-2 origin=0,0,0 replicas=23 dmin=10.4 dmax=65.4 limit=94.7 speed=4.2 beyond=0 dup=0 chunks=9 orphans=0 carrierless=0 spawns=92 despawns=68 pawn=1
[nebula] [nebula-probe] t=208.1 pos=21.8,0.0,-128.6 cell=0,0,-3 origin=0,0,0 replicas=23 dmin=7.6 dmax=63.6 limit=97.4 speed=5.9 beyond=0 dup=0 chunks=9 orphans=0 carrierless=0 spawns=92 despawns=68 pawn=1
