Mono path[0] = 'C:/Dev/nebula-virtualworld/Builds/Win64/Nebula_Data/Managed'
Mono config path = 'C:/Dev/nebula-virtualworld/Builds/Win64/MonoBleedingEdge/etc'
CodeReloadManager initialized
Found 1 interfaces on host : 0) 192.168.4.54
Player connection [65004]  Target information:

Player connection [65004]  * "[IP] 192.168.4.54 [Port] 55006 [Flags] 2 [Guid] 1251898876 [EditorId] 1773059659 [Version] 1048832 [Id] WindowsPlayer(2,Atlas) [Debug] 0 [PackageName] WindowsPlayer [ProjectName] nebula-virtualworld" 

Player connection [65004] Started UDP target info broadcast (1) on [225.0.0.222:54997].

Input System module state changed to: Initialized.
[Physics::Module] Initialized fallback backend.
[Physics::Module] Id: 0xdecafbad
Initialize engine version: 6000.6.0f1 (f7f8ed4d1e24)
[EntityIdStore] init: VM path (explicit commit), pageSize=4096, blockCount=1048576, entitiesPerBlock=256, slots reserved=4294967296 bytes
[Subsystems] Discovering subsystems at path C:/Dev/nebula-virtualworld/Builds/Win64/Nebula_Data/UnitySubsystems
Forcing GfxDevice: Null
GfxDevice: creating device client; kGfxThreadingModeNonThreaded
NullGfxDevice:
    Version:  NULL 1.0 [1.0]
    Renderer: Null Device
    Vendor:   Unity Technologies
Begin MonoManager ReloadAssembly
- Finished resetting the current domain, in  0.007 seconds
[Physics::Module] Selected backend.
[Physics::Module] Name: PhysX
[Physics::Module] Id: 0xf2b8ea05
[Physics::Module] SDK Version: 4.1.2
[Physics::Module] Integration Version: 1.0.0
[Physics::Module] Threading Mode: Multi-Threaded
Microsoft Media Foundation video decoding to texture disabled: graphics device is Null, only Direct3D 11 and Direct3D 12 (only on desktop) are supported for hardware-accelerated video decoding.
UnloadTime: 0.630500 ms
[nebula] boot roles=Client scene=World tickRate=60
[nebula] containers: 0 (runtime world)
[nebula] connecting to gateway 127.0.0.1:7200 as 'bot3'
[nebula] chunked world: cell (64.00, 512.00, 64.00) (planar), near 2 cell(s), allocator ring 3, retire after 30s
[nebula] client 0 fps replicas 0 (+0.0/s -0.0/s) entities 0 in 0 pkt/s 0.0 KB/s 0 states/s (msgs: state 0 rpc 0 vars 0) rtt -1ms lead 0 (adj 0, worker saw 0) corrections 0 | full-rate interp: depth 0.0 ticks, starved 0.0% worst +0.0 | frame max 88.3ms fixed/frame max 1 | gaps>3t 0 worst 0t | render delay 0t (stream lag 0t) | snapshot age ms min 0.0 avg 0.0 max 0.0
[nebula] [nebula-probe] t=0.1 pos=0.0,0.0,0.0 cell=0,0,0 origin=0,0,0 replicas=0 dmin=0.0 dmax=0.0 limit=88.0 speed=0.0 beyond=0 dup=0 chunks=0 orphans=0 carrierless=0 spawns=0 despawns=0 pawn=0
[nebula] welcome: clientId=3825002173356310530 identity=9f5e321b165e serverTick=1365003743
[nebula] world starting, about 3 s: no worker is running yet; holding the join
[nebula] [nebula-probe] t=1.1 pos=0.0,0.0,0.0 cell=0,0,0 origin=0,0,0 replicas=0 dmin=0.0 dmax=0.0 limit=88.0 speed=0.0 beyond=0 dup=0 chunks=0 orphans=0 carrierless=0 spawns=0 despawns=0 pawn=0
[nebula] [nebula-probe] t=2.1 pos=0.0,0.0,0.0 cell=0,0,0 origin=0,0,0 replicas=0 dmin=0.0 dmax=0.0 limit=88.0 speed=0.0 beyond=0 dup=0 chunks=0 orphans=0 carrierless=0 spawns=0 despawns=0 pawn=0
[nebula] [nebula-probe] t=3.1 pos=0.0,0.0,0.0 cell=0,0,0 origin=0,0,0 replicas=0 dmin=0.0 dmax=0.0 limit=88.0 speed=0.0 beyond=0 dup=0 chunks=0 orphans=0 carrierless=0 spawns=0 despawns=0 pawn=0
[nebula] joined the world
[nebula] [vw-bot] mode=Wander
[nebula] local player spawned: Player(Clone)#281474976710657(e1,rt_4398046511105,local)
[nebula] [nebula-probe] t=4.1 pos=86.9,0.0,120.8 cell=1,0,1 origin=0,0,0 replicas=1 dmin=1.6 dmax=1.6 limit=88.0 speed=0.0 beyond=0 dup=0 chunks=9 orphans=0 carrierless=0 spawns=2 despawns=0 pawn=1
[nebula] client 64125 fps replicas 2 (+0.4/s -0.0/s) entities 2 in 43 pkt/s 3.7 KB/s 19 states/s (msgs: state 19 rpc 0 vars 0) rtt 0ms lead 3 (adj 0, worker saw 3) corrections 1 last 0.10m | full-rate interp: depth 0.0 ticks, starved 0.0% worst +0.0 | frame max 297.0ms fixed/frame max 1 | gaps>3t 1 worst 4t | render delay 3t (stream lag 0t) | snapshot age ms min 10.9 avg 12.7 max 47.9
[nebula] [nebula-probe] t=5.1 pos=92.5,0.0,123.0 cell=1,0,1 origin=0,0,0 replicas=1 dmin=7.6 dmax=7.6 limit=97.6 speed=6.0 beyond=0 dup=0 chunks=9 orphans=0 carrierless=0 spawns=2 despawns=0 pawn=1
[nebula] [nebula-probe] t=6.1 pos=98.1,0.0,125.3 cell=1,0,1 origin=0,0,0 replicas=1 dmin=13.6 dmax=13.6 limit=97.6 speed=6.0 beyond=0 dup=0 chunks=9 orphans=0 carrierless=0 spawns=2 despawns=0 pawn=1
[nebula] [nebula-probe] t=7.1 pos=103.6,0.0,127.5 cell=1,0,1 origin=0,0,0 replicas=1 dmin=19.6 dmax=19.6 limit=97.6 speed=6.0 beyond=0 dup=0 chunks=9 orphans=0 carrierless=0 spawns=2 despawns=0 pawn=1
[nebula] [nebula-probe] t=8.1 pos=109.2,0.0,129.7 cell=1,0,2 origin=0,0,0 replicas=1 dmin=25.6 dmax=25.6 limit=97.6 speed=6.0 beyond=0 dup=0 chunks=9 orphans=0 carrierless=0 spawns=2 despawns=0 pawn=1
[nebula] [nebula-probe] t=9.1 pos=114.8,0.0,132.0 cell=1,0,2 origin=0,0,0 replicas=1 dmin=31.6 dmax=31.6 limit=97.6 speed=6.0 beyond=0 dup=0 chunks=9 orphans=0 carrierless=0 spawns=2 despawns=0 pawn=1
[nebula] client 64229 fps replicas 2 (+0.0/s -0.0/s) entities 2 in 124 pkt/s 9.4 KB/s 60 states/s (msgs: state 60 rpc 0 vars 0) rtt 0ms lead 4 (adj 1, worker saw 4) corrections 1 last 0.10m | full-rate interp: depth 0.0 ticks, starved 0.0% worst +0.0 | frame max 0.9ms fixed/frame max 1 | gaps>3t 0 worst 0t | render delay 3t (stream lag 0t) | snapshot age ms min 11.0 avg 12.1 max 18.2
[nebula] [nebula-probe] t=10.1 pos=120.3,0.0,134.2 cell=1,0,2 origin=0,0,0 replicas=1 dmin=37.6 dmax=37.6 limit=97.6 speed=6.0 beyond=0 dup=0 chunks=9 orphans=0 carrierless=0 spawns=2 despawns=0 pawn=1
[nebula] [nebula-probe] t=11.1 pos=125.8,0.0,136.4 cell=1,0,2 origin=0,0,0 replicas=1 dmin=43.5 dmax=43.5 limit=97.4 speed=5.9 beyond=0 dup=0 chunks=9 orphans=0 carrierless=0 spawns=2 despawns=0 pawn=1
[nebula] [nebula-probe] t=12.1 pos=125.5,0.0,133.2 cell=1,0,2 origin=0,0,0 replicas=2 dmin=2.2 dmax=42.1 limit=93.2 speed=3.2 beyond=0 dup=0 chunks=12 orphans=0 carrierless=0 spawns=3 despawns=0 pawn=1
[nebula] [nebula-probe] t=13.1 pos=122.8,0.0,127.8 cell=1,0,1 origin=0,0,0 replicas=2 dmin=8.2 dmax=38.2 limit=97.6 speed=6.0 beyond=0 dup=0 chunks=12 orphans=0 carrierless=0 spawns=3 despawns=0 pawn=1
[nebula] [nebula-probe] t=14.1 pos=120.2,0.0,122.4 cell=1,0,1 origin=0,0,0 replicas=2 dmin=14.2 dmax=34.8 limit=97.6 speed=6.0 beyond=0 dup=0 chunks=12 orphans=0 carrierless=0 spawns=3 despawns=0 pawn=1
[nebula] client 63598 fps replicas 3 (+0.2/s -0.0/s) entities 3 in 124 pkt/s 9.9 KB/s 60 states/s (msgs: state 60 rpc 0 vars 0) rtt 0ms lead 4 (adj 1, worker saw 4) corrections 1 last 0.10m | full-rate interp: depth 0.0 ticks, starved 0.0% worst +0.0 | frame max 0.9ms fixed/frame max 1 | gaps>3t 0 worst 0t | render delay 3t (stream lag 0t) | snapshot age ms min 10.9 avg 12.1 max 16.1
[nebula] [nebula-probe] t=15.1 pos=117.6,0.0,117.0 cell=1,0,1 origin=0,0,0 replicas=2 dmin=20.2 dmax=32.3 limit=97.6 speed=6.0 beyond=0 dup=0 chunks=12 orphans=0 carrierless=0 spawns=3 despawns=0 pawn=1
[nebula] [nebula-probe] t=16.1 pos=114.9,0.0,111.6 cell=1,0,1 origin=0,0,0 replicas=2 dmin=26.2 dmax=30.7 limit=97.6 speed=6.0 beyond=0 dup=0 chunks=12 orphans=0 carrierless=0 spawns=3 despawns=0 pawn=1
[nebula] [nebula-probe] t=17.1 pos=111.1,0.0,107.0 cell=1,0,1 origin=0,0,0 replicas=3 dmin=3.9 dmax=32.1 limit=97.6 speed=6.0 beyond=0 dup=0 chunks=12 orphans=0 carrierless=0 spawns=4 despawns=0 pawn=1
[nebula] [nebula-probe] t=18.1 pos=107.3,0.0,102.3 cell=1,0,1 origin=0,0,0 replicas=3 dmin=9.9 dmax=38.0 limit=97.6 speed=6.0 beyond=0 dup=0 chunks=12 orphans=0 carrierless=0 spawns=4 despawns=0 pawn=1
[nebula] [nebula-probe] t=19.1 pos=103.5,0.0,97.7 cell=1,0,1 origin=0,0,0 replicas=3 dmin=15.9 dmax=43.9 limit=97.6 speed=6.0 beyond=0 dup=0 chunks=12 orphans=0 carrierless=0 spawns=4 despawns=0 pawn=1
[nebula] client 63104 fps replicas 4 (+0.2/s -0.0/s) entities 4 in 127 pkt/s 11.8 KB/s 60 states/s (msgs: state 60 rpc 0 vars 0) rtt 0ms lead 4 (adj 1, worker saw 4) corrections 0 | full-rate interp: depth 0.0 ticks, starved 0.0% worst +0.0 | frame max 0.8ms fixed/frame max 1 | gaps>3t 0 worst 0t | render delay 3t (stream lag 0t) | snapshot age ms min 11.3 avg 12.1 max 24.5
[nebula] [nebula-probe] t=20.1 pos=99.7,0.0,93.1 cell=1,0,1 origin=0,0,0 replicas=3 dmin=21.9 dmax=49.9 limit=97.6 speed=6.0 beyond=0 dup=0 chunks=12 orphans=0 carrierless=0 spawns=4 despawns=0 pawn=1
[nebula] [nebula-probe] t=21.1 pos=95.7,0.0,88.6 cell=1,0,1 origin=0,0,0 replicas=5 dmin=1.1 dmax=55.8 limit=97.6 speed=6.0 beyond=0 dup=0 chunks=12 orphans=0 carrierless=0 spawns=6 despawns=0 pawn=1
[nebula] [nebula-probe] t=22.1 pos=90.8,0.0,85.1 cell=1,0,1 origin=0,0,0 replicas=5 dmin=4.9 dmax=61.4 limit=97.6 speed=6.0 beyond=0 dup=0 chunks=12 orphans=0 carrierless=0 spawns=6 despawns=0 pawn=1
[nebula] [nebula-probe] t=23.1 pos=86.0,0.0,81.6 cell=1,0,1 origin=0,0,0 replicas=5 dmin=10.9 dmax=67.1 limit=97.6 speed=6.0 beyond=0 dup=0 chunks=12 orphans=0 carrierless=0 spawns=6 despawns=0 pawn=1
[nebula] [nebula-probe] t=24.1 pos=81.1,0.0,78.1 cell=1,0,1 origin=0,0,0 replicas=4 dmin=16.9 dmax=45.5 limit=97.6 speed=6.0 beyond=0 dup=0 chunks=9 orphans=0 carrierless=0 spawns=6 despawns=1 pawn=1
[nebula] client 35891 fps replicas 6 (+0.6/s -0.2/s) entities 6 in 128 pkt/s 11.7 KB/s 101 states/s (msgs: state 63 rpc 0 vars 0) rtt 0ms lead 4 (adj 1, worker saw 4) corrections 0 | full-rate interp: depth 2.5 ticks, starved 0.0% worst +0.0 | frame max 3.7ms fixed/frame max 1 | gaps>3t 0 worst 0t | render delay 3t (stream lag 0t) | snapshot age ms min 11.3 avg 12.1 max 16.5
[nebula] [nebula-probe] t=25.1 pos=76.2,0.0,74.6 cell=1,0,1 origin=0,0,0 replicas=5 dmin=22.9 dmax=51.5 limit=97.6 speed=6.0 beyond=0 dup=0 chunks=9 orphans=0 carrierless=0 spawns=7 despawns=1 pawn=1
[nebula] [nebula-probe] t=26.1 pos=71.3,0.0,71.1 cell=1,0,1 origin=0,0,0 replicas=5 dmin=22.9 dmax=57.4 limit=97.6 speed=6.0 beyond=0 dup=0 chunks=9 orphans=0 carrierless=0 spawns=7 despawns=1 pawn=1
[nebula] [nebula-probe] t=27.1 pos=66.4,0.0,67.7 cell=1,0,1 origin=0,0,0 replicas=5 dmin=22.0 dmax=63.4 limit=97.6 speed=6.0 beyond=0 dup=0 chunks=9 orphans=0 carrierless=0 spawns=7 despawns=1 pawn=1
[nebula] [nebula-probe] t=28.1 pos=71.1,0.0,66.3 cell=1,0,1 origin=0,0,0 replicas=5 dmin=30.3 dmax=61.0 limit=95.7 speed=4.8 beyond=0 dup=0 chunks=9 orphans=0 carrierless=0 spawns=7 despawns=1 pawn=1
[nebula] [nebula-probe] t=29.1 pos=77.0,0.0,65.2 cell=1,0,1 origin=0,0,0 replicas=6 dmin=28.9 dmax=57.9 limit=97.6 speed=6.0 beyond=0 dup=0 chunks=9 orphans=0 carrierless=0 spawns=8 despawns=1 pawn=1
[nebula] client 32440 fps replicas 7 (+0.2/s -0.0/s) entities 7 in 129 pkt/s 12.0 KB/s 103 states/s (msgs: state 64 rpc 0 vars 0) rtt 0ms lead 4 (adj 1, worker saw 4) corrections 0 | full-rate interp: depth 2.4 ticks, starved 0.0% worst +0.0 | frame max 0.8ms fixed/frame max 1 | gaps>3t 0 worst 0t | render delay 3t (stream lag 0t) | snapshot age ms min 11.4 avg 12.9 max 17.2
[nebula] [nebula-probe] t=30.1 pos=82.9,0.0,64.1 cell=1,0,1 origin=0,0,0 replicas=6 dmin=26.7 dmax=56.2 limit=97.6 speed=6.0 beyond=0 dup=0 chunks=9 orphans=0 carrierless=0 spawns=8 despawns=1 pawn=1
[nebula] [nebula-probe] t=31.1 pos=88.8,0.0,63.0 cell=1,0,0 origin=0,0,0 replicas=6 dmin=25.7 dmax=57.3 limit=97.6 speed=6.0 beyond=0 dup=0 chunks=9 orphans=0 carrierless=0 spawns=8 despawns=1 pawn=1
[nebula] [nebula-probe] t=32.1 pos=94.7,0.0,61.9 cell=1,0,0 origin=0,0,0 replicas=6 dmin=26.1 dmax=59.0 limit=97.6 speed=6.0 beyond=0 dup=0 chunks=9 orphans=0 carrierless=0 spawns=8 despawns=1 pawn=1
[nebula] [nebula-probe] t=33.1 pos=100.6,0.0,60.8 cell=1,0,0 origin=0,0,0 replicas=6 dmin=27.8 dmax=61.3 limit=97.6 speed=6.0 beyond=0 dup=0 chunks=9 orphans=0 carrierless=0 spawns=8 despawns=1 pawn=1
[nebula] [nebula-probe] t=34.1 pos=106.5,0.0,59.7 cell=1,0,0 origin=0,0,0 replicas=6 dmin=30.6 dmax=66.4 limit=97.6 speed=6.0 beyond=0 dup=0 chunks=9 orphans=0 carrierless=0 spawns=8 despawns=1 pawn=1
[nebula] client 32117 fps replicas 8 (+0.4/s -0.2/s) entities 8 in 131 pkt/s 12.2 KB/s 76 states/s (msgs: state 63 rpc 0 vars 0) rtt 0ms lead 4 (adj 1, worker saw 4) corrections 0 | full-rate interp: depth 1.6 ticks, starved 0.0% worst +0.0 | frame max 0.9ms fixed/frame max 1 | gaps>3t 0 worst 0t | render delay 3t (stream lag 0t) | snapshot age ms min 11.9 avg 14.0 max 21.1
[nebula] [nebula-probe] t=35.1 pos=110.2,0.0,58.0 cell=1,0,0 origin=0,0,0 replicas=7 dmin=0.8 dmax=67.0 limit=94.5 speed=4.1 beyond=0 dup=0 chunks=9 orphans=0 carrierless=0 spawns=10 despawns=2 pawn=1
[nebula] [nebula-probe] t=36.1 pos=105.8,0.0,53.8 cell=1,0,0 origin=0,0,0 replicas=6 dmin=5.2 dmax=57.4 limit=97.6 speed=6.0 beyond=0 dup=0 chunks=9 orphans=0 carrierless=0 spawns=10 despawns=3 pawn=1
[nebula] [nebula-probe] t=37.1 pos=101.5,0.0,49.6 cell=1,0,0 origin=0,0,0 replicas=7 dmin=11.2 dmax=61.6 limit=97.6 speed=6.0 beyond=0 dup=0 chunks=9 orphans=0 carrierless=0 spawns=11 despawns=3 pawn=1
[nebula] [nebula-probe] t=38.1 pos=97.2,0.0,45.5 cell=1,0,0 origin=0,0,0 replicas=7 dmin=17.2 dmax=66.6 limit=97.6 speed=6.0 beyond=0 dup=0 chunks=9 orphans=0 carrierless=0 spawns=11 despawns=3 pawn=1
[nebula] [nebula-probe] t=39.1 pos=92.9,0.0,41.3 cell=1,0,0 origin=0,0,0 replicas=7 dmin=23.2 dmax=58.5 limit=97.6 speed=6.0 beyond=0 dup=0 chunks=9 orphans=0 carrierless=0 spawns=12 despawns=4 pawn=1
[nebula] client 30509 fps replicas 8 (+0.4/s -0.4/s) entities 8 in 129 pkt/s 10.6 KB/s 84 states/s (msgs: state 65 rpc 0 vars 0) rtt 0ms lead 4 (adj 1, worker saw 4) corrections 0 | full-rate interp: depth 1.6 ticks, starved 0.0% worst +0.0 | frame max 0.9ms fixed/frame max 1 | gaps>3t 0 worst 0t | render delay 3t (stream lag 0t) | snapshot age ms min 12.1 avg 14.7 max 36.3
[nebula] [nebula-probe] t=40.1 pos=88.6,0.0,37.2 cell=1,0,0 origin=0,0,0 replicas=7 dmin=18.0 dmax=62.9 limit=97.6 speed=6.0 beyond=0 dup=0 chunks=9 orphans=0 carrierless=0 spawns=12 despawns=4 pawn=1
[nebula] [nebula-probe] t=41.1 pos=84.2,0.0,33.0 cell=1,0,0 origin=0,0,0 replicas=8 dmin=12.7 dmax=68.6 limit=97.6 speed=6.0 beyond=0 dup=0 chunks=9 orphans=0 carrierless=0 spawns=13 despawns=4 pawn=1
[nebula] [nebula-probe] t=42.1 pos=79.6,0.0,30.9 cell=1,0,0 origin=0,0,0 replicas=7 dmin=7.8 dmax=59.0 limit=96.1 speed=5.0 beyond=0 dup=0 chunks=9 orphans=0 carrierless=0 spawns=13 despawns=5 pawn=1
[nebula] [nebula-probe] t=43.1 pos=74.3,0.0,33.8 cell=1,0,0 origin=0,0,0 replicas=7 dmin=4.1 dmax=57.9 limit=97.6 speed=6.0 beyond=0 dup=0 chunks=9 orphans=0 carrierless=0 spawns=13 despawns=5 pawn=1
[nebula] [nebula-probe] t=44.1 pos=69.1,0.0,36.6 cell=1,0,0 origin=0,0,0 replicas=7 dmin=6.7 dmax=57.4 limit=97.6 speed=6.0 beyond=0 dup=0 chunks=9 orphans=0 carrierless=0 spawns=13 despawns=5 pawn=1
[nebula] client 30793 fps replicas 9 (+0.4/s -0.2/s) entities 9 in 132 pkt/s 11.8 KB/s 85 states/s (msgs: state 65 rpc 0 vars 0) rtt 0ms lead 4 (adj 1, worker saw 4) corrections 0 | full-rate interp: depth 1.5 ticks, starved 0.0% worst +0.0 | frame max 0.9ms fixed/frame max 1 | gaps>3t 0 worst 0t | render delay 3t (stream lag 0t) | snapshot age ms min 12.0 avg 15.0 max 17.4
[nebula] [nebula-probe] t=45.1 pos=63.8,0.0,39.5 cell=0,0,0 origin=0,0,0 replicas=8 dmin=12.0 dmax=57.6 limit=97.6 speed=6.0 beyond=0 dup=0 chunks=9 orphans=0 carrierless=0 spawns=14 despawns=5 pawn=1
[nebula] [nebula-probe] t=46.1 pos=58.5,0.0,42.4 cell=0,0,0 origin=0,0,0 replicas=8 dmin=17.8 dmax=58.3 limit=97.6 speed=6.0 beyond=0 dup=0 chunks=9 orphans=0 carrierless=0 spawns=14 despawns=5 pawn=1
[nebula] [nebula-probe] t=47.1 pos=53.2,0.0,45.2 cell=0,0,0 origin=0,0,0 replicas=8 dmin=13.9 dmax=64.2 limit=97.6 speed=6.0 beyond=0 dup=0 chunks=9 orphans=0 carrierless=0 spawns=14 despawns=5 pawn=1
[nebula] [nebula-probe] t=48.1 pos=48.0,0.0,48.1 cell=0,0,0 origin=0,0,0 replicas=8 dmin=7.9 dmax=75.7 limit=97.6 speed=6.0 beyond=0 dup=0 chunks=9 orphans=0 carrierless=0 spawns=14 despawns=5 pawn=1
[nebula] [nebula-probe] t=49.1 pos=42.7,0.0,50.9 cell=0,0,0 origin=0,0,0 replicas=7 dmin=2.0 dmax=67.2 limit=97.6 speed=6.0 beyond=0 dup=0 chunks=6 orphans=0 carrierless=0 spawns=14 despawns=6 pawn=1
[nebula] client 31531 fps replicas 8 (+0.2/s -0.4/s) entities 8 in 134 pkt/s 13.7 KB/s 108 states/s (msgs: state 65 rpc 0 vars 0) rtt 0ms lead 4 (adj 1, worker saw 4) corrections 0 | full-rate interp: depth 2.4 ticks, starved 0.0% worst +0.0 | frame max 0.9ms fixed/frame max 1 | gaps>3t 0 worst 0t | render delay 3t (stream lag 0t) | snapshot age ms min 12.2 avg 15.4 max 19.9
[nebula] [nebula-probe] t=50.1 pos=41.4,0.0,46.8 cell=0,0,0 origin=0,0,0 replicas=7 dmin=2.6 dmax=67.4 limit=94.9 speed=4.3 beyond=0 dup=0 chunks=9 orphans=0 carrierless=0 spawns=15 despawns=7 pawn=1
[nebula] [nebula-probe] t=51.1 pos=41.1,0.0,40.8 cell=0,0,0 origin=0,0,0 replicas=6 dmin=8.6 dmax=35.1 limit=97.6 speed=6.0 beyond=0 dup=0 chunks=9 orphans=0 carrierless=0 spawns=15 despawns=8 pawn=1
[nebula] [nebula-probe] t=52.1 pos=40.9,0.0,34.9 cell=0,0,0 origin=0,0,0 replicas=6 dmin=14.6 dmax=40.7 limit=97.6 speed=6.0 beyond=0 dup=0 chunks=9 orphans=0 carrierless=0 spawns=15 despawns=8 pawn=1
[nebula] [nebula-probe] t=53.1 pos=40.7,0.0,28.9 cell=0,0,0 origin=0,0,0 replicas=6 dmin=20.6 dmax=46.3 limit=97.6 speed=6.0 beyond=0 dup=0 chunks=9 orphans=0 carrierless=0 spawns=15 despawns=8 pawn=1
[nebula] [nebula-probe] t=54.1 pos=40.5,0.0,22.9 cell=0,0,0 origin=0,0,0 replicas=6 dmin=26.6 dmax=52.1 limit=97.6 speed=6.0 beyond=0 dup=0 chunks=9 orphans=0 carrierless=0 spawns=15 despawns=8 pawn=1
[nebula] client 32690 fps replicas 7 (+0.0/s -0.2/s) entities 7 in 132 pkt/s 10.3 KB/s 76 states/s (msgs: state 67 rpc 0 vars 0) rtt 0ms lead 4 (adj 1, worker saw 4) corrections 0 | full-rate interp: depth 1.6 ticks, starved 0.0% worst +0.0 | frame max 0.9ms fixed/frame max 1 | gaps>3t 0 worst 0t | render delay 3t (stream lag 0t) | snapshot age ms min 12.3 avg 15.9 max 17.9
[nebula] [nebula-probe] t=55.1 pos=40.3,0.0,16.9 cell=0,0,0 origin=0,0,0 replicas=6 dmin=30.4 dmax=57.9 limit=97.6 speed=6.0 beyond=0 dup=0 chunks=9 orphans=0 carrierless=0 spawns=15 despawns=8 pawn=1
[nebula] [nebula-probe] t=56.1 pos=40.0,0.0,10.9 cell=0,0,0 origin=0,0,0 replicas=6 dmin=34.5 dmax=63.7 limit=97.6 speed=6.0 beyond=0 dup=0 chunks=9 orphans=0 carrierless=0 spawns=15 despawns=8 pawn=1
[nebula] [nebula-probe] t=57.1 pos=45.8,0.0,10.9 cell=0,0,0 origin=0,0,0 replicas=6 dmin=32.6 dmax=62.4 limit=97.3 speed=5.8 beyond=0 dup=0 chunks=9 orphans=0 carrierless=0 spawns=15 despawns=8 pawn=1
[nebula] [nebula-probe] t=58.1 pos=51.8,0.0,11.1 cell=0,0,0 origin=0,0,0 replicas=6 dmin=27.8 dmax=61.4 limit=97.6 speed=6.0 beyond=0 dup=0 chunks=9 orphans=0 carrierless=0 spawns=15 despawns=8 pawn=1
[nebula] [nebula-probe] t=59.1 pos=57.8,0.0,11.4 cell=0,0,0 origin=0,0,0 replicas=6 dmin=23.7 dmax=66.6 limit=97.6 speed=6.0 beyond=0 dup=0 chunks=9 orphans=0 carrierless=0 spawns=15 despawns=8 pawn=1
[nebula] client 33022 fps replicas 7 (+0.0/s -0.0/s) entities 7 in 138 pkt/s 11.3 KB/s 71 states/s (msgs: state 71 rpc 0 vars 0) rtt 0ms lead 4 (adj 1, worker saw 4) corrections 0 | full-rate interp: depth 1.6 ticks, starved 0.0% worst +0.0 | frame max 0.9ms fixed/frame max 1 | gaps>3t 0 worst 0t | render delay 3t (stream lag 0t) | snapshot age ms min 12.9 avg 16.1 max 21.9
[nebula] [nebula-probe] t=60.1 pos=63.8,0.0,11.6 cell=0,0,0 origin=0,0,0 replicas=6 dmin=20.5 dmax=71.9 limit=97.6 speed=6.0 beyond=0 dup=0 chunks=9 orphans=0 carrierless=0 spawns=15 despawns=8 pawn=1
[nebula] [nebula-probe] t=61.1 pos=69.8,0.0,11.9 cell=1,0,0 origin=0,0,0 replicas=5 dmin=18.8 dmax=61.8 limit=97.6 speed=6.0 beyond=0 dup=0 chunks=9 orphans=0 carrierless=0 spawns=15 despawns=9 pawn=1
[nebula] [nebula-probe] t=62.1 pos=72.4,0.0,9.5 cell=1,0,0 origin=0,0,0 replicas=5 dmin=21.0 dmax=64.7 limit=93.6 speed=3.5 beyond=0 dup=0 chunks=9 orphans=0 carrierless=0 spawns=15 despawns=9 pawn=1
[nebula] [nebula-probe] t=63.1 pos=70.6,0.0,3.8 cell=1,0,0 origin=0,0,0 replicas=5 dmin=26.8 dmax=69.9 limit=97.6 speed=6.0 beyond=0 dup=0 chunks=9 orphans=0 carrierless=0 spawns=15 despawns=9 pawn=1
[nebula] [nebula-probe] t=64.1 pos=68.9,0.0,-1.8 cell=1,0,-1 origin=0,0,0 replicas=4 dmin=32.5 dmax=64.4 limit=97.4 speed=5.9 beyond=0 dup=0 chunks=6 orphans=0 carrierless=0 spawns=15 despawns=10 pawn=1
[nebula] client 57959 fps replicas 6 (+0.2/s -0.4/s) entities 6 in 129 pkt/s 12.2 KB/s 62 states/s (msgs: state 60 rpc 0 vars 0) rtt 0ms lead 4 (adj 1, worker saw 4) corrections 1 last 0.10m | full-rate interp: depth 1.8 ticks, starved 0.0% worst +0.0 | frame max 0.9ms fixed/frame max 1 | gaps>3t 0 worst 0t | render delay 3t (stream lag 0t) | snapshot age ms min 13.3 avg 16.3 max 20.7
[nebula] [nebula-probe] t=65.1 pos=67.1,0.0,-7.6 cell=1,0,-1 origin=0,0,0 replicas=5 dmin=38.4 dmax=66.7 limit=97.6 speed=6.0 beyond=0 dup=0 chunks=11 orphans=0 carrierless=0 spawns=16 despawns=10 pawn=1
[nebula] [nebula-probe] t=66.1 pos=65.3,0.0,-13.3 cell=1,0,-1 origin=0,0,0 replicas=5 dmin=30.4 dmax=68.9 limit=97.6 speed=6.0 beyond=0 dup=0 chunks=9 orphans=0 carrierless=0 spawns=17 despawns=11 pawn=1
[nebula] [nebula-probe] t=67.1 pos=63.5,0.0,-19.0 cell=0,0,-1 origin=0,0,0 replicas=4 dmin=24.2 dmax=50.2 limit=97.6 speed=6.0 beyond=0 dup=0 chunks=9 orphans=0 carrierless=0 spawns=18 despawns=13 pawn=1
[nebula] [nebula-probe] t=68.1 pos=61.7,0.0,-24.7 cell=0,0,-1 origin=0,0,0 replicas=4 dmin=22.4 dmax=56.2 limit=97.6 speed=6.0 beyond=0 dup=0 chunks=9 orphans=0 carrierless=0 spawns=18 despawns=13 pawn=1
[nebula] [nebula-probe] t=69.1 pos=59.9,0.0,-30.5 cell=0,0,-1 origin=0,0,0 replicas=5 dmin=25.9 dmax=62.1 limit=97.6 speed=6.0 beyond=0 dup=0 chunks=12 orphans=0 carrierless=0 spawns=19 despawns=13 pawn=1
[nebula] client 30514 fps replicas 6 (+0.6/s -0.6/s) entities 6 in 131 pkt/s 12.9 KB/s 124 states/s (msgs: state 65 rpc 0 vars 0) rtt 0ms lead 4 (adj 1, worker saw 4) corrections 0 | full-rate interp: depth 2.4 ticks, starved 0.0% worst +0.0 | frame max 0.9ms fixed/frame max 1 | gaps>3t 0 worst 0t | render delay 3t (stream lag 0t) | snapshot age ms min 13.4 avg 16.3 max 20.5
[nebula] [nebula-probe] t=70.1 pos=54.9,0.0,-27.4 cell=0,0,-1 origin=0,0,0 replicas=5 dmin=24.9 dmax=60.3 limit=97.4 speed=5.9 beyond=0 dup=0 chunks=12 orphans=0 carrierless=0 spawns=19 despawns=13 pawn=1
[nebula] [nebula-probe] t=71.1 pos=49.9,0.0,-24.2 cell=0,0,-1 origin=0,0,0 replicas=6 dmin=24.1 dmax=58.9 limit=97.6 speed=6.0 beyond=0 dup=0 chunks=12 orphans=0 carrierless=0 spawns=20 despawns=13 pawn=1
[nebula] [nebula-probe] t=72.1 pos=44.8,0.0,-20.9 cell=0,0,-1 origin=0,0,0 replicas=6 dmin=23.4 dmax=60.3 limit=97.6 speed=6.0 beyond=0 dup=0 chunks=12 orphans=0 carrierless=0 spawns=20 despawns=13 pawn=1
[nebula] [nebula-probe] t=73.1 pos=39.8,0.0,-17.7 cell=0,0,-1 origin=0,0,0 replicas=6 dmin=23.7 dmax=69.4 limit=97.6 speed=6.0 beyond=0 dup=0 chunks=12 orphans=0 carrierless=0 spawns=20 despawns=13 pawn=1
[nebula] [nebula-probe] t=74.1 pos=34.7,0.0,-14.5 cell=0,0,-1 origin=0,0,0 replicas=5 dmin=25.2 dmax=60.3 limit=97.6 speed=6.0 beyond=0 dup=0 chunks=9 orphans=0 carrierless=0 spawns=20 despawns=14 pawn=1
[nebula] client 29845 fps replicas 6 (+0.2/s -0.2/s) entities 6 in 163 pkt/s 14.7 KB/s 126 states/s (msgs: state 96 rpc 0 vars 0) rtt 0ms lead 4 (adj 1, worker saw 4) corrections 0 | full-rate interp: depth 2.5 ticks, starved 0.0% worst +0.0 | frame max 0.9ms fixed/frame max 1 | gaps>3t 0 worst 0t | render delay 3t (stream lag 0t) | snapshot age ms min 13.5 avg 16.4 max 20.5
[nebula] [nebula-probe] t=75.1 pos=29.6,0.0,-11.3 cell=0,0,-1 origin=0,0,0 replicas=5 dmin=27.5 dmax=64.9 limit=97.6 speed=6.0 beyond=0 dup=0 chunks=9 orphans=0 carrierless=0 spawns=20 despawns=14 pawn=1
[nebula] [nebula-probe] t=76.1 pos=26.0,0.0,-14.7 cell=0,0,-1 origin=0,0,0 replicas=6 dmin=26.6 dmax=64.3 limit=95.9 speed=5.0 beyond=0 dup=0 chunks=9 orphans=0 carrierless=0 spawns=21 despawns=14 pawn=1
[nebula] [nebula-probe] t=77.1 pos=22.8,0.0,-19.7 cell=0,0,-1 origin=0,0,0 replicas=6 dmin=21.0 dmax=70.2 limit=97.6 speed=6.0 beyond=0 dup=0 chunks=9 orphans=0 carrierless=0 spawns=21 despawns=14 pawn=1
[nebula] [nebula-probe] t=78.1 pos=19.5,0.0,-24.8 cell=0,0,-1 origin=0,0,0 replicas=5 dmin=15.8 dmax=60.0 limit=97.6 speed=6.0 beyond=0 dup=0 chunks=9 orphans=0 carrierless=0 spawns=21 despawns=15 pawn=1
[nebula] [nebula-probe] t=79.1 pos=16.3,0.0,-29.8 cell=0,0,-1 origin=0,0,0 replicas=5 dmin=11.2 dmax=71.7 limit=97.6 speed=6.0 beyond=0 dup=0 chunks=9 orphans=0 carrierless=0 spawns=21 despawns=15 pawn=1
[nebula] client 35526 fps replicas 5 (+0.2/s -0.4/s) entities 5 in 143 pkt/s 13.2 KB/s 73 states/s (msgs: state 73 rpc 0 vars 0) rtt 0ms lead 4 (adj 1, worker saw 4) corrections 0 | full-rate interp: depth 2.1 ticks, starved 0.0% worst +0.0 | frame max 0.9ms fixed/frame max 1 | gaps>3t 0 worst 0t | render delay 3t (stream lag 0t) | snapshot age ms min 15.5 avg 16.4 max 20.4
[nebula] [nebula-probe] t=80.1 pos=13.0,0.0,-34.9 cell=0,0,-1 origin=0,0,0 replicas=4 dmin=8.7 dmax=58.6 limit=97.6 speed=6.0 beyond=0 dup=0 chunks=9 orphans=0 carrierless=0 spawns=21 despawns=16 pawn=1
[nebula] [nebula-probe] t=81.1 pos=14.7,0.0,-39.0 cell=0,0,-1 origin=0,0,0 replicas=5 dmin=1.5 dmax=62.2 limit=95.1 speed=4.4 beyond=0 dup=0 chunks=9 orphans=0 carrierless=0 spawns=22 despawns=16 pawn=1
[nebula] [nebula-probe] t=82.1 pos=19.6,0.0,-42.4 cell=0,0,-1 origin=0,0,0 replicas=5 dmin=7.5 dmax=64.6 limit=97.6 speed=6.0 beyond=0 dup=0 chunks=9 orphans=0 carrierless=0 spawns=22 despawns=16 pawn=1
[nebula] [nebula-probe] t=83.1 pos=24.5,0.0,-45.9 cell=0,0,-1 origin=0,0,0 replicas=4 dmin=13.5 dmax=37.8 limit=97.6 speed=6.0 beyond=0 dup=0 chunks=9 orphans=0 carrierless=0 spawns=22 despawns=17 pawn=1
[nebula] [nebula-probe] t=84.1 pos=29.3,0.0,-49.4 cell=0,0,-1 origin=0,0,0 replicas=5 dmin=19.5 dmax=46.1 limit=97.6 speed=6.0 beyond=0 dup=0 chunks=9 orphans=0 carrierless=0 spawns=23 despawns=17 pawn=1
[nebula] client 60954 fps replicas 7 (+0.6/s -0.2/s) entities 7 in 125 pkt/s 9.8 KB/s 61 states/s (msgs: state 60 rpc 0 vars 0) rtt 0ms lead 4 (adj 1, worker saw 4) corrections 0 | full-rate interp: depth 1.4 ticks, starved 0.0% worst +0.0 | frame max 0.9ms fixed/frame max 1 | gaps>3t 0 worst 0t | render delay 3t (stream lag 0t) | snapshot age ms min 13.5 avg 16.4 max 20.4
[nebula] [nebula-probe] t=85.1 pos=34.2,0.0,-52.9 cell=0,0,-1 origin=0,0,0 replicas=6 dmin=19.2 dmax=44.5 limit=97.6 speed=6.0 beyond=0 dup=0 chunks=9 orphans=0 carrierless=0 spawns=24 despawns=17 pawn=1
[nebula] [nebula-probe] t=86.1 pos=39.1,0.0,-56.3 cell=0,0,-1 origin=0,0,0 replicas=7 dmin=14.0 dmax=46.9 limit=97.5 speed=5.9 beyond=0 dup=0 chunks=9 orphans=0 carrierless=0 spawns=25 despawns=17 pawn=1
[nebula] [nebula-probe] t=87.1 pos=44.2,0.0,-53.0 cell=0,0,-1 origin=0,0,0 replicas=9 dmin=4.0 dmax=45.6 limit=97.6 speed=6.0 beyond=0 dup=0 chunks=9 orphans=0 carrierless=0 spawns=27 despawns=17 pawn=1
[nebula] [nebula-probe] t=88.1 pos=49.3,0.0,-49.8 cell=0,0,-1 origin=0,0,0 replicas=9 dmin=7.4 dmax=53.3 limit=97.6 speed=6.0 beyond=0 dup=0 chunks=9 orphans=0 carrierless=0 spawns=27 despawns=17 pawn=1
[nebula] [nebula-probe] t=89.1 pos=54.3,0.0,-46.6 cell=0,0,-1 origin=0,0,0 replicas=9 dmin=9.6 dmax=61.0 limit=97.6 speed=6.0 beyond=0 dup=0 chunks=9 orphans=0 carrierless=0 spawns=27 despawns=17 pawn=1
[nebula] client 32010 fps replicas 10 (+0.6/s -0.0/s) entities 10 in 129 pkt/s 11.5 KB/s 72 states/s (msgs: state 63 rpc 0 vars 0) rtt 0ms lead 4 (adj 1, worker saw 4) corrections 0 | full-rate interp: depth 1.5 ticks, starved 0.0% worst +0.0 | frame max 0.9ms fixed/frame max 1 | gaps>3t 0 worst 0t | render delay 3t (stream lag 0t) | snapshot age ms min 12.4 avg 16.4 max 21.0
[nebula] [nebula-probe] t=90.1 pos=59.4,0.0,-43.4 cell=0,0,-1 origin=0,0,0 replicas=9 dmin=14.2 dmax=68.7 limit=97.6 speed=6.0 beyond=0 dup=0 chunks=9 orphans=0 carrierless=0 spawns=27 despawns=17 pawn=1
[nebula] [nebula-probe] t=91.1 pos=64.5,0.0,-40.2 cell=1,0,-1 origin=0,0,0 replicas=9 dmin=19.5 dmax=60.0 limit=97.6 speed=6.0 beyond=0 dup=0 chunks=9 orphans=0 carrierless=0 spawns=28 despawns=18 pawn=1
[nebula] [nebula-probe] t=92.1 pos=69.5,0.0,-37.0 cell=1,0,-1 origin=0,0,0 replicas=9 dmin=25.2 dmax=64.8 limit=97.6 speed=6.0 beyond=0 dup=0 chunks=9 orphans=0 carrierless=0 spawns=28 despawns=18 pawn=1
[nebula] [nebula-probe] t=93.1 pos=74.6,0.0,-33.8 cell=1,0,-1 origin=0,0,0 replicas=10 dmin=31.0 dmax=69.8 limit=97.6 speed=6.0 beyond=0 dup=0 chunks=12 orphans=0 carrierless=0 spawns=29 despawns=18 pawn=1
[nebula] [nebula-probe] t=94.1 pos=79.7,0.0,-30.6 cell=1,0,-1 origin=0,0,0 replicas=8 dmin=36.8 dmax=66.6 limit=97.6 speed=6.0 beyond=0 dup=0 chunks=9 orphans=0 carrierless=0 spawns=29 despawns=20 pawn=1
[nebula] client 56519 fps replicas 9 (+0.6/s -0.8/s) entities 9 in 130 pkt/s 12.2 KB/s 61 states/s (msgs: state 60 rpc 0 vars 0) rtt 0ms lead 4 (adj 1, worker saw 4) corrections 0 | full-rate interp: depth 0.0 ticks, starved 0.0% worst +0.0 | frame max 0.9ms fixed/frame max 1 | gaps>3t 0 worst 0t | render delay 3t (stream lag 0t) | snapshot age ms min 15.4 avg 16.3 max 20.8
[nebula] [nebula-probe] t=95.1 pos=84.6,0.0,-27.3 cell=1,0,-1 origin=0,0,0 replicas=8 dmin=37.8 dmax=59.0 limit=97.5 speed=5.9 beyond=0 dup=0 chunks=9 orphans=0 carrierless=0 spawns=30 despawns=21 pawn=1
[nebula] [nebula-probe] t=96.1 pos=84.2,0.0,-21.3 cell=1,0,-1 origin=0,0,0 replicas=10 dmin=4.0 dmax=64.4 limit=97.6 speed=6.0 beyond=0 dup=0 chunks=9 orphans=0 carrierless=0 spawns=32 despawns=21 pawn=1
[nebula] [nebula-probe] t=97.1 pos=83.7,0.0,-15.3 cell=1,0,-1 origin=0,0,0 replicas=10 dmin=10.0 dmax=69.9 limit=97.6 speed=6.0 beyond=0 dup=0 chunks=9 orphans=0 carrierless=0 spawns=32 despawns=21 pawn=1
[nebula] [nebula-probe] t=98.1 pos=83.3,0.0,-9.4 cell=1,0,-1 origin=0,0,0 replicas=9 dmin=16.0 dmax=65.2 limit=97.6 speed=6.0 beyond=0 dup=0 chunks=9 orphans=0 carrierless=0 spawns=33 despawns=23 pawn=1
[nebula] [nebula-probe] t=99.1 pos=82.8,0.0,-3.4 cell=1,0,-1 origin=0,0,0 replicas=9 dmin=22.0 dmax=71.1 limit=97.6 speed=6.0 beyond=0 dup=0 chunks=9 orphans=0 carrierless=0 spawns=33 despawns=23 pawn=1
[nebula] client 32664 fps replicas 8 (+0.6/s -0.8/s) entities 8 in 128 pkt/s 10.1 KB/s 76 states/s (msgs: state 63 rpc 0 vars 0) rtt 0ms lead 4 (adj 1, worker saw 4) corrections 1 last 0.10m | full-rate interp: depth 1.7 ticks, starved 0.0% worst +0.0 | frame max 0.9ms fixed/frame max 1 | gaps>3t 0 worst 0t | render delay 3t (stream lag 0t) | snapshot age ms min 15.4 avg 16.4 max 21.2
[nebula] [nebula-probe] t=100.1 pos=84.5,0.0,2.0 cell=1,0,0 origin=0,0,0 replicas=7 dmin=27.3 dmax=67.2 limit=97.0 speed=5.6 beyond=0 dup=0 chunks=9 orphans=0 carrierless=0 spawns=33 despawns=25 pawn=1
[nebula] [nebula-probe] t=101.1 pos=87.6,0.0,7.2 cell=1,0,0 origin=0,0,0 replicas=6 dmin=28.2 dmax=62.7 limit=97.6 speed=6.0 beyond=0 dup=0 chunks=9 orphans=0 carrierless=0 spawns=34 despawns=27 pawn=1
[nebula] [nebula-probe] t=102.1 pos=90.7,0.0,12.3 cell=1,0,0 origin=0,0,0 replicas=6 dmin=26.2 dmax=65.2 limit=97.6 speed=6.0 beyond=0 dup=0 chunks=9 orphans=0 carrierless=0 spawns=34 despawns=27 pawn=1
[nebula] [nebula-probe] t=103.1 pos=93.7,0.0,17.5 cell=1,0,0 origin=0,0,0 replicas=7 dmin=25.5 dmax=65.7 limit=97.6 speed=6.0 beyond=0 dup=0 chunks=9 orphans=0 carrierless=0 spawns=36 despawns=28 pawn=1
[nebula] [nebula-probe] t=104.1 pos=96.8,0.0,22.6 cell=1,0,0 origin=0,0,0 replicas=6 dmin=26.2 dmax=54.0 limit=97.6 speed=6.0 beyond=0 dup=0 chunks=9 orphans=0 carrierless=0 spawns=36 despawns=29 pawn=1
[nebula] client 29858 fps replicas 8 (+0.8/s -0.8/s) entities 8 in 146 pkt/s 12.2 KB/s 85 states/s (msgs: state 78 rpc 0 vars 0) rtt 0ms lead 4 (adj 1, worker saw 4) corrections 0 | full-rate interp: depth 1.6 ticks, starved 0.0% worst +0.0 | frame max 1.1ms fixed/frame max 1 | gaps>3t 0 worst 0t | render delay 3t (stream lag 0t) | snapshot age ms min 15.5 avg 16.4 max 20.6
[nebula] [nebula-probe] t=105.1 pos=99.9,0.0,27.7 cell=1,0,0 origin=0,0,0 replicas=7 dmin=28.2 dmax=58.3 limit=97.6 speed=6.0 beyond=0 dup=0 chunks=9 orphans=0 carrierless=0 spawns=37 despawns=29 pawn=1
[nebula] [nebula-probe] t=106.1 pos=103.0,0.0,32.9 cell=1,0,0 origin=0,0,0 replicas=7 dmin=25.4 dmax=62.9 limit=97.6 speed=6.0 beyond=0 dup=0 chunks=9 orphans=0 carrierless=0 spawns=37 despawns=29 pawn=1
[nebula] [nebula-probe] t=107.1 pos=106.1,0.0,38.0 cell=1,0,0 origin=0,0,0 replicas=7 dmin=19.7 dmax=67.8 limit=97.6 speed=6.0 beyond=0 dup=0 chunks=9 orphans=0 carrierless=0 spawns=37 despawns=29 pawn=1
[nebula] [nebula-probe] t=108.1 pos=109.1,0.0,43.2 cell=1,0,0 origin=0,0,0 replicas=6 dmin=14.2 dmax=48.9 limit=97.6 speed=6.0 beyond=0 dup=0 chunks=9 orphans=0 carrierless=0 spawns=38 despawns=31 pawn=1
[nebula] [nebula-probe] t=109.1 pos=113.2,0.0,46.6 cell=1,0,0 origin=0,0,0 replicas=8 dmin=0.1 dmax=48.3 limit=96.5 speed=5.3 beyond=0 dup=0 chunks=9 orphans=0 carrierless=0 spawns=40 despawns=31 pawn=1
[nebula] client 29097 fps replicas 9 (+0.6/s -0.4/s) entities 9 in 144 pkt/s 14.1 KB/s 109 states/s (msgs: state 76 rpc 0 vars 0) rtt 0ms lead 4 (adj 1, worker saw 4) corrections 0 | full-rate interp: depth 2.3 ticks, starved 0.0% worst +0.0 | frame max 0.9ms fixed/frame max 1 | gaps>3t 0 worst 0t | render delay 3t (stream lag 0t) | snapshot age ms min 15.5 avg 16.4 max 17.6
[nebula] [nebula-probe] t=110.1 pos=119.2,0.0,46.7 cell=1,0,0 origin=0,0,0 replicas=8 dmin=5.9 dmax=50.1 limit=97.6 speed=6.0 beyond=0 dup=0 chunks=9 orphans=0 carrierless=0 spawns=40 despawns=31 pawn=1
[nebula] [nebula-probe] t=111.1 pos=125.2,0.0,46.7 cell=1,0,0 origin=0,0,0 replicas=8 dmin=11.9 dmax=55.8 limit=97.6 speed=6.0 beyond=0 dup=0 chunks=9 orphans=0 carrierless=0 spawns=40 despawns=31 pawn=1
[nebula] [nebula-probe] t=112.1 pos=131.1,0.0,46.8 cell=2,0,0 origin=0,0,0 replicas=9 dmin=17.8 dmax=61.5 limit=97.4 speed=5.9 beyond=0 dup=0 chunks=9 orphans=0 carrierless=0 spawns=41 despawns=31 pawn=1
[nebula] [nebula-probe] t=113.1 pos=137.1,0.0,46.8 cell=2,0,0 origin=0,0,0 replicas=9 dmin=19.1 dmax=67.3 limit=97.6 speed=6.0 beyond=0 dup=0 chunks=9 orphans=0 carrierless=0 spawns=41 despawns=31 pawn=1
[nebula] [nebula-probe] t=114.1 pos=143.1,0.0,46.9 cell=2,0,0 origin=0,0,0 replicas=8 dmin=17.2 dmax=63.4 limit=97.6 speed=6.0 beyond=0 dup=0 chunks=6 orphans=0 carrierless=0 spawns=41 despawns=32 pawn=1
[nebula] client 30874 fps replicas 9 (+0.2/s -0.2/s) entities 9 in 142 pkt/s 11.4 KB/s 85 states/s (msgs: state 77 rpc 0 vars 0) rtt 0ms lead 4 (adj 1, worker saw 4) corrections 1 last 0.10m | full-rate interp: depth 1.6 ticks, starved 0.0% worst +0.0 | frame max 0.9ms fixed/frame max 1 | gaps>3t 0 worst 0t | render delay 3t (stream lag 0t) | snapshot age ms min 15.5 avg 16.3 max 20.8
[nebula] [nebula-probe] t=115.1 pos=149.1,0.0,46.9 cell=2,0,0 origin=0,0,0 replicas=8 dmin=17.3 dmax=68.5 limit=97.6 speed=6.0 beyond=0 dup=0 chunks=6 orphans=0 carrierless=0 spawns=41 despawns=32 pawn=1
[nebula] [nebula-probe] t=116.1 pos=155.1,0.0,46.9 cell=2,0,0 origin=0,0,0 replicas=7 dmin=19.3 dmax=58.1 limit=97.6 speed=6.0 beyond=0 dup=0 chunks=9 orphans=0 carrierless=0 spawns=42 despawns=34 pawn=1
[nebula] [nebula-probe] t=117.1 pos=161.1,0.0,47.0 cell=2,0,0 origin=0,0,0 replicas=7 dmin=18.6 dmax=62.0 limit=97.6 speed=6.0 beyond=0 dup=0 chunks=9 orphans=0 carrierless=0 spawns=42 despawns=34 pawn=1
[nebula] [nebula-probe] t=118.1 pos=167.1,0.0,47.0 cell=2,0,0 origin=0,0,0 replicas=7 dmin=16.6 dmax=66.2 limit=97.6 speed=6.0 beyond=0 dup=0 chunks=9 orphans=0 carrierless=0 spawns=42 despawns=34 pawn=1
[nebula] [nebula-probe] t=119.1 pos=167.3,0.0,45.9 cell=2,0,0 origin=0,0,0 replicas=7 dmin=0.9 dmax=66.3 limit=89.9 speed=1.2 beyond=0 dup=0 chunks=9 orphans=0 carrierless=0 spawns=43 despawns=35 pawn=1
[nebula] client 36149 fps replicas 7 (+0.4/s -0.8/s) entities 7 in 138 pkt/s 11.5 KB/s 71 states/s (msgs: state 71 rpc 0 vars 0) rtt 0ms lead 4 (adj 1, worker saw 4) corrections 0 | full-rate interp: depth 1.6 ticks, starved 0.0% worst +0.0 | frame max 0.9ms fixed/frame max 1 | gaps>3t 0 worst 0t | render delay 3t (stream lag 0t) | snapshot age ms min 14.5 avg 16.4 max 21.8
[nebula] [nebula-probe] t=120.1 pos=161.8,0.0,43.5 cell=2,0,0 origin=0,0,0 replicas=6 dmin=6.9 dmax=54.0 limit=97.6 speed=6.0 beyond=0 dup=0 chunks=9 orphans=0 carrierless=0 spawns=43 despawns=36 pawn=1
[nebula] [nebula-probe] t=121.1 pos=156.3,0.0,41.2 cell=2,0,0 origin=0,0,0 replicas=6 dmin=12.9 dmax=49.4 limit=97.6 speed=6.0 beyond=0 dup=0 chunks=9 orphans=0 carrierless=0 spawns=43 despawns=36 pawn=1
[nebula] [nebula-probe] t=122.1 pos=150.8,0.0,38.8 cell=2,0,0 origin=0,0,0 replicas=6 dmin=10.1 dmax=45.2 limit=97.6 speed=6.0 beyond=0 dup=0 chunks=9 orphans=0 carrierless=0 spawns=43 despawns=36 pawn=1
[nebula] [nebula-probe] t=123.1 pos=145.2,0.0,36.4 cell=2,0,0 origin=0,0,0 replicas=6 dmin=6.6 dmax=41.4 limit=97.6 speed=6.0 beyond=0 dup=0 chunks=9 orphans=0 carrierless=0 spawns=43 despawns=36 pawn=1
[nebula] [nebula-probe] t=124.1 pos=139.7,0.0,34.1 cell=2,0,0 origin=0,0,0 replicas=6 dmin=7.5 dmax=38.1 limit=97.6 speed=6.0 beyond=0 dup=0 chunks=9 orphans=0 carrierless=0 spawns=43 despawns=36 pawn=1
[nebula] client 61197 fps replicas 8 (+0.2/s -0.0/s) entities 8 in 129 pkt/s 12.0 KB/s 60 states/s (msgs: state 60 rpc 0 vars 0) rtt 0ms lead 4 (adj 1, worker saw 4) corrections 0 | full-rate interp: depth 0.0 ticks, starved 0.0% worst +0.0 | frame max 0.9ms fixed/frame max 1 | gaps>3t 0 worst 0t | render delay 3t (stream lag 0t) | snapshot age ms min 15.1 avg 16.4 max 22.7
[nebula] [nebula-probe] t=125.1 pos=134.2,0.0,31.7 cell=2,0,0 origin=0,0,0 replicas=7 dmin=11.9 dmax=44.9 limit=97.6 speed=6.0 beyond=0 dup=0 chunks=9 orphans=0 carrierless=0 spawns=44 despawns=36 pawn=1
[nebula] [nebula-probe] t=126.1 pos=128.7,0.0,29.4 cell=2,0,0 origin=0,0,0 replicas=8 dmin=7.2 dmax=42.9 limit=97.6 speed=6.0 beyond=0 dup=0 chunks=9 orphans=0 carrierless=0 spawns=45 despawns=36 pawn=1
[nebula] [nebula-probe] t=127.1 pos=126.5,0.0,34.7 cell=1,0,0 origin=0,0,0 replicas=8 dmin=12.1 dmax=46.2 limit=97.3 speed=5.8 beyond=0 dup=0 chunks=9 orphans=0 carrierless=0 spawns=45 despawns=36 pawn=1
[nebula] [nebula-probe] t=128.1 pos=124.4,0.0,40.4 cell=1,0,0 origin=0,0,0 replicas=8 dmin=12.8 dmax=50.5 limit=97.6 speed=6.0 beyond=0 dup=0 chunks=9 orphans=0 carrierless=0 spawns=45 despawns=36 pawn=1
[nebula] [nebula-probe] t=129.1 pos=122.4,0.0,46.0 cell=1,0,0 origin=0,0,0 replicas=9 dmin=9.1 dmax=55.1 limit=97.6 speed=6.0 beyond=0 dup=0 chunks=12 orphans=0 carrierless=0 spawns=46 despawns=36 pawn=1
[nebula] client 61691 fps replicas 11 (+0.6/s -0.0/s) entities 11 in 127 pkt/s 11.0 KB/s 60 states/s (msgs: state 60 rpc 0 vars 0) rtt 0ms lead 4 (adj 1, worker saw 4) corrections 0 | full-rate interp: depth 0.0 ticks, starved 0.0% worst +0.0 | frame max 1.0ms fixed/frame max 1 | gaps>3t 0 worst 0t | render delay 3t (stream lag 0t) | snapshot age ms min 15.4 avg 16.4 max 20.8
[nebula] [nebula-probe] t=130.1 pos=120.3,0.0,51.6 cell=1,0,0 origin=0,0,0 replicas=10 dmin=8.6 dmax=59.9 limit=97.6 speed=6.0 beyond=0 dup=0 chunks=12 orphans=0 carrierless=0 spawns=47 despawns=36 pawn=1
[nebula] [nebula-probe] t=131.1 pos=119.5,0.0,48.2 cell=1,0,0 origin=0,0,0 replicas=10 dmin=6.4 dmax=56.4 limit=93.7 speed=3.6 beyond=0 dup=0 chunks=12 orphans=0 carrierless=0 spawns=47 despawns=36 pawn=1
[nebula] [nebula-probe] t=132.1 pos=119.0,0.0,42.2 cell=1,0,0 origin=0,0,0 replicas=10 dmin=7.3 dmax=52.4 limit=97.6 speed=6.0 beyond=0 dup=0 chunks=12 orphans=0 carrierless=0 spawns=47 despawns=36 pawn=1
[nebula] [nebula-probe] t=133.1 pos=118.6,0.0,36.2 cell=1,0,0 origin=0,0,0 replicas=11 dmin=11.7 dmax=56.9 limit=97.6 speed=6.0 beyond=0 dup=0 chunks=12 orphans=0 carrierless=0 spawns=48 despawns=36 pawn=1
[nebula] [nebula-probe] t=134.1 pos=118.1,0.0,30.2 cell=1,0,0 origin=0,0,0 replicas=11 dmin=10.9 dmax=62.3 limit=97.6 speed=6.0 beyond=0 dup=0 chunks=12 orphans=0 carrierless=0 spawns=48 despawns=36 pawn=1
[nebula] client 61763 fps replicas 12 (+0.2/s -0.0/s) entities 12 in 127 pkt/s 11.7 KB/s 60 states/s (msgs: state 60 rpc 0 vars 0) rtt 0ms lead 4 (adj 1, worker saw 4) corrections 0 | full-rate interp: depth 0.0 ticks, starved 0.0% worst +0.0 | frame max 0.9ms fixed/frame max 1 | gaps>3t 0 worst 0t | render delay 4t (stream lag 1t) | snapshot age ms min 14.5 avg 16.4 max 17.6
[nebula] [nebula-probe] t=135.1 pos=117.6,0.0,24.2 cell=1,0,0 origin=0,0,0 replicas=11 dmin=8.5 dmax=68.1 limit=97.6 speed=6.0 beyond=0 dup=0 chunks=12 orphans=0 carrierless=0 spawns=48 despawns=36 pawn=1
[nebula] [nebula-probe] t=136.1 pos=117.0,0.0,21.4 cell=1,0,0 origin=0,0,0 replicas=11 dmin=9.0 dmax=56.8 limit=92.6 speed=2.9 beyond=0 dup=0 chunks=9 orphans=0 carrierless=0 spawns=50 despawns=38 pawn=1
[nebula] [nebula-probe] t=137.1 pos=116.0,0.0,27.3 cell=1,0,0 origin=0,0,0 replicas=11 dmin=11.0 dmax=55.5 limit=97.6 speed=6.0 beyond=0 dup=0 chunks=9 orphans=0 carrierless=0 spawns=50 despawns=38 pawn=1
[nebula] [nebula-probe] t=138.1 pos=115.0,0.0,33.3 cell=1,0,0 origin=0,0,0 replicas=11 dmin=13.5 dmax=56.6 limit=97.6 speed=6.0 beyond=0 dup=0 chunks=9 orphans=0 carrierless=0 spawns=50 despawns=38 pawn=1
[nebula] [nebula-probe] t=139.1 pos=114.0,0.0,39.2 cell=1,0,0 origin=0,0,0 replicas=11 dmin=7.5 dmax=62.4 limit=97.6 speed=6.0 beyond=0 dup=0 chunks=9 orphans=0 carrierless=0 spawns=50 despawns=38 pawn=1
[nebula] client 32274 fps replicas 13 (+0.6/s -0.4/s) entities 13 in 144 pkt/s 12.5 KB/s 75 states/s (msgs: state 75 rpc 0 vars 0) rtt 0ms lead 4 (adj 1, worker saw 4) corrections 0 | full-rate interp: depth 2.2 ticks, starved 0.0% worst +0.0 | frame max 0.9ms fixed/frame max 1 | gaps>3t 0 worst 0t | render delay 3t (stream lag 0t) | snapshot age ms min 15.4 avg 16.5 max 20.4
[nebula] [nebula-probe] t=140.1 pos=113.0,0.0,45.1 cell=1,0,0 origin=0,0,0 replicas=12 dmin=1.6 dmax=68.3 limit=97.6 speed=6.0 beyond=0 dup=0 chunks=9 orphans=0 carrierless=0 spawns=51 despawns=38 pawn=1
[nebula] [nebula-probe] t=141.1 pos=112.9,0.0,49.8 cell=1,0,0 origin=0,0,0 replicas=13 dmin=1.2 dmax=60.3 limit=95.5 speed=4.7 beyond=0 dup=0 chunks=9 orphans=0 carrierless=0 spawns=53 despawns=39 pawn=1
[nebula] [nebula-probe] t=142.1 pos=118.5,0.0,47.5 cell=1,0,0 origin=0,0,0 replicas=13 dmin=4.8 dmax=59.8 limit=97.6 speed=6.0 beyond=0 dup=0 chunks=9 orphans=0 carrierless=0 spawns=53 despawns=39 pawn=1
[nebula] [nebula-probe] t=143.1 pos=124.0,0.0,45.1 cell=1,0,0 origin=0,0,0 replicas=13 dmin=10.8 dmax=63.4 limit=97.6 speed=6.0 beyond=0 dup=0 chunks=9 orphans=0 carrierless=0 spawns=53 despawns=39 pawn=1
[nebula] [nebula-probe] t=144.1 pos=129.5,0.0,42.9 cell=2,0,0 origin=0,0,0 replicas=13 dmin=16.6 dmax=68.9 limit=97.4 speed=5.9 beyond=0 dup=0 chunks=9 orphans=0 carrierless=0 spawns=53 despawns=39 pawn=1
[nebula] client 35007 fps replicas 13 (+0.4/s -0.4/s) entities 13 in 132 pkt/s 10.9 KB/s 66 states/s (msgs: state 66 rpc 0 vars 0) rtt 0ms lead 4 (adj 1, worker saw 4) corrections 1 last 0.10m | full-rate interp: depth 1.6 ticks, starved 0.0% worst +0.0 | frame max 1.0ms fixed/frame max 1 | gaps>3t 0 worst 0t | render delay 3t (stream lag 0t) | snapshot age ms min 15.5 avg 16.5 max 20.7
[nebula] [nebula-probe] t=145.1 pos=135.0,0.0,40.6 cell=2,0,0 origin=0,0,0 replicas=12 dmin=15.3 dmax=64.0 limit=97.6 speed=6.0 beyond=0 dup=0 chunks=6 orphans=0 carrierless=0 spawns=53 despawns=40 pawn=1
[nebula] [nebula-probe] t=146.1 pos=140.5,0.0,38.2 cell=2,0,0 origin=0,0,0 replicas=12 dmin=10.0 dmax=69.2 limit=97.6 speed=6.0 beyond=0 dup=0 chunks=6 orphans=0 carrierless=0 spawns=53 despawns=40 pawn=1
[nebula] [nebula-probe] t=147.1 pos=146.1,0.0,35.9 cell=2,0,0 origin=0,0,0 replicas=10 dmin=6.0 dmax=62.6 limit=97.6 speed=6.0 beyond=0 dup=0 chunks=6 orphans=0 carrierless=0 spawns=53 despawns=42 pawn=1
[nebula] [nebula-probe] t=148.1 pos=151.6,0.0,33.6 cell=2,0,0 origin=0,0,0 replicas=11 dmin=6.7 dmax=67.2 limit=97.6 speed=6.0 beyond=0 dup=0 chunks=9 orphans=0 carrierless=0 spawns=54 despawns=42 pawn=1
[nebula] [nebula-probe] t=149.1 pos=150.2,0.0,31.7 cell=2,0,0 origin=0,0,0 replicas=11 dmin=1.6 dmax=58.7 limit=91.8 speed=2.4 beyond=0 dup=0 chunks=9 orphans=0 carrierless=0 spawns=55 despawns=43 pawn=1
[nebula] client 44940 fps replicas 12 (+0.4/s -0.6/s) entities 12 in 136 pkt/s 11.4 KB/s 74 states/s (msgs: state 68 rpc 0 vars 0) rtt 0ms lead 4 (adj 1, worker saw 4) corrections 0 | full-rate interp: depth 2.2 ticks, starved 0.0% worst +0.0 | frame max 0.9ms fixed/frame max 1 | gaps>3t 0 worst 0t | render delay 3t (stream lag 0t) | snapshot age ms min 15.5 avg 16.4 max 17.7
[nebula] [nebula-probe] t=150.1 pos=144.4,0.0,30.0 cell=2,0,0 origin=0,0,0 replicas=11 dmin=1.6 dmax=53.2 limit=97.6 speed=6.0 beyond=0 dup=0 chunks=9 orphans=0 carrierless=0 spawns=55 despawns=43 pawn=1
[nebula] [nebula-probe] t=151.1 pos=138.6,0.0,28.4 cell=2,0,0 origin=0,0,0 replicas=12 dmin=7.5 dmax=48.0 limit=97.6 speed=6.0 beyond=0 dup=0 chunks=9 orphans=0 carrierless=0 spawns=56 despawns=43 pawn=1
[nebula] [nebula-probe] t=152.1 pos=132.9,0.0,26.7 cell=2,0,0 origin=0,0,0 replicas=12 dmin=8.0 dmax=46.0 limit=97.6 speed=6.0 beyond=0 dup=0 chunks=9 orphans=0 carrierless=0 spawns=56 despawns=43 pawn=1
[nebula] [nebula-probe] t=153.1 pos=127.1,0.0,25.0 cell=1,0,0 origin=0,0,0 replicas=12 dmin=2.6 dmax=46.2 limit=97.6 speed=6.0 beyond=0 dup=0 chunks=9 orphans=0 carrierless=0 spawns=56 despawns=43 pawn=1
[nebula] [nebula-probe] t=154.1 pos=121.4,0.0,23.4 cell=1,0,0 origin=0,0,0 replicas=12 dmin=4.6 dmax=52.0 limit=97.4 speed=5.9 beyond=0 dup=0 chunks=9 orphans=0 carrierless=0 spawns=56 despawns=43 pawn=1
[nebula] client 31356 fps replicas 14 (+0.4/s -0.0/s) entities 14 in 142 pkt/s 14.7 KB/s 107 states/s (msgs: state 73 rpc 0 vars 0) rtt 0ms lead 4 (adj 1, worker saw 4) corrections 1 last 0.10m | full-rate interp: depth 2.4 ticks, starved 0.0% worst +0.0 | frame max 0.9ms fixed/frame max 1 | gaps>3t 0 worst 0t | render delay 3t (stream lag 0t) | snapshot age ms min 15.4 avg 16.4 max 20.5
[nebula] [nebula-probe] t=155.1 pos=115.7,0.0,21.8 cell=1,0,0 origin=0,0,0 replicas=13 dmin=10.3 dmax=57.9 limit=97.6 speed=6.0 beyond=0 dup=0 chunks=12 orphans=0 carrierless=0 spawns=57 despawns=43 pawn=1
[nebula] [nebula-probe] t=156.1 pos=109.9,0.0,20.1 cell=1,0,0 origin=0,0,0 replicas=13 dmin=16.3 dmax=63.8 limit=97.6 speed=6.0 beyond=0 dup=0 chunks=12 orphans=0 carrierless=0 spawns=57 despawns=43 pawn=1
[nebula] [nebula-probe] t=157.1 pos=104.6,0.0,21.7 cell=1,0,0 origin=0,0,0 replicas=15 dmin=1.9 dmax=68.1 limit=96.8 speed=5.5 beyond=0 dup=0 chunks=12 orphans=0 carrierless=0 spawns=59 despawns=43 pawn=1
[nebula] [nebula-probe] t=158.1 pos=99.6,0.0,25.0 cell=1,0,0 origin=0,0,0 replicas=14 dmin=7.9 dmax=57.4 limit=97.6 speed=6.0 beyond=0 dup=0 chunks=9 orphans=0 carrierless=0 spawns=60 despawns=45 pawn=1
[nebula] [nebula-probe] t=159.1 pos=94.6,0.0,28.3 cell=1,0,0 origin=0,0,0 replicas=15 dmin=13.9 dmax=63.1 limit=97.6 speed=6.0 beyond=0 dup=0 chunks=9 orphans=0 carrierless=0 spawns=61 despawns=45 pawn=1
[nebula] client 31523 fps replicas 16 (+0.8/s -0.4/s) entities 16 in 143 pkt/s 11.6 KB/s 76 states/s (msgs: state 76 rpc 0 vars 0) rtt 0ms lead 4 (adj 1, worker saw 4) corrections 0 | full-rate interp: depth 2.0 ticks, starved 0.0% worst +0.0 | frame max 0.9ms fixed/frame max 1 | gaps>3t 0 worst 0t | render delay 3t (stream lag 0t) | snapshot age ms min 15.4 avg 16.4 max 20.6
[nebula] [nebula-probe] t=160.1 pos=89.6,0.0,31.6 cell=1,0,0 origin=0,0,0 replicas=15 dmin=17.8 dmax=68.9 limit=97.6 speed=6.0 beyond=0 dup=0 chunks=9 orphans=0 carrierless=0 spawns=61 despawns=45 pawn=1
[nebula] [nebula-probe] t=161.1 pos=84.6,0.0,34.9 cell=1,0,0 origin=0,0,0 replicas=16 dmin=13.5 dmax=67.2 limit=97.6 speed=6.0 beyond=0 dup=0 chunks=9 orphans=0 carrierless=0 spawns=63 despawns=46 pawn=1
[nebula] [nebula-probe] t=162.1 pos=79.6,0.0,38.2 cell=1,0,0 origin=0,0,0 replicas=16 dmin=10.9 dmax=66.9 limit=97.6 speed=6.0 beyond=0 dup=0 chunks=9 orphans=0 carrierless=0 spawns=64 despawns=47 pawn=1
[nebula] [nebula-probe] t=163.1 pos=77.6,0.0,39.0 cell=1,0,0 origin=0,0,0 replicas=16 dmin=10.3 dmax=57.4 limit=91.4 speed=2.1 beyond=0 dup=0 chunks=9 orphans=0 carrierless=0 spawns=65 despawns=48 pawn=1
[nebula] [nebula-probe] t=164.1 pos=81.7,0.0,34.6 cell=1,0,0 origin=0,0,0 replicas=16 dmin=10.7 dmax=51.5 limit=97.6 speed=6.0 beyond=0 dup=0 chunks=9 orphans=0 carrierless=0 spawns=65 despawns=48 pawn=1
[nebula] client 31355 fps replicas 17 (+0.8/s -0.6/s) entities 17 in 132 pkt/s 12.3 KB/s 83 states/s (msgs: state 63 rpc 0 vars 0) rtt 0ms lead 4 (adj 1, worker saw 4) corrections 0 | full-rate interp: depth 2.2 ticks, starved 0.0% worst +0.0 | frame max 0.9ms fixed/frame max 1 | gaps>3t 0 worst 0t | render delay 3t (stream lag 0t) | snapshot age ms min 15.2 avg 16.4 max 21.0
[nebula] [nebula-probe] t=165.1 pos=85.9,0.0,30.3 cell=1,0,0 origin=0,0,0 replicas=16 dmin=14.1 dmax=57.5 limit=97.6 speed=6.0 beyond=0 dup=0 chunks=9 orphans=0 carrierless=0 spawns=65 despawns=48 pawn=1
[nebula] [nebula-probe] t=166.1 pos=90.0,0.0,25.9 cell=1,0,0 origin=0,0,0 replicas=16 dmin=17.1 dmax=63.5 limit=97.6 speed=6.0 beyond=0 dup=0 chunks=9 orphans=0 carrierless=0 spawns=65 despawns=48 pawn=1
[nebula] [nebula-probe] t=167.1 pos=94.1,0.0,21.6 cell=1,0,0 origin=0,0,0 replicas=16 dmin=12.1 dmax=69.5 limit=97.6 speed=6.0 beyond=0 dup=0 chunks=9 orphans=0 carrierless=0 spawns=65 despawns=48 pawn=1
[nebula] [nebula-probe] t=168.1 pos=98.2,0.0,17.2 cell=1,0,0 origin=0,0,0 replicas=16 dmin=8.7 dmax=68.9 limit=97.6 speed=6.0 beyond=0 dup=0 chunks=9 orphans=0 carrierless=0 spawns=66 despawns=49 pawn=1
[nebula] [nebula-probe] t=169.1 pos=102.4,0.0,12.8 cell=1,0,0 origin=0,0,0 replicas=16 dmin=8.7 dmax=54.1 limit=97.6 speed=6.0 beyond=0 dup=0 chunks=9 orphans=0 carrierless=0 spawns=69 despawns=52 pawn=1
[nebula] client 30608 fps replicas 17 (+0.8/s -0.8/s) entities 17 in 133 pkt/s 14.7 KB/s 119 states/s (msgs: state 64 rpc 0 vars 0) rtt 0ms lead 4 (adj 1, worker saw 4) corrections 0 | full-rate interp: depth 2.5 ticks, starved 0.0% worst +0.0 | frame max 1.0ms fixed/frame max 1 | gaps>3t 0 worst 0t | render delay 3t (stream lag 0t) | snapshot age ms min 15.5 avg 16.4 max 20.0
[nebula] [nebula-probe] t=170.1 pos=106.5,0.0,8.5 cell=1,0,0 origin=0,0,0 replicas=16 dmin=12.2 dmax=60.0 limit=97.6 speed=6.0 beyond=0 dup=0 chunks=9 orphans=0 carrierless=0 spawns=69 despawns=52 pawn=1
[nebula] [nebula-probe] t=171.1 pos=111.3,0.0,5.4 cell=1,0,0 origin=0,0,0 replicas=18 dmin=0.1 dmax=65.5 limit=97.1 speed=5.7 beyond=0 dup=0 chunks=9 orphans=0 carrierless=0 spawns=71 despawns=52 pawn=1
[nebula] [nebula-probe] t=172.1 pos=117.2,0.0,4.4 cell=1,0,0 origin=0,0,0 replicas=18 dmin=6.1 dmax=63.1 limit=97.6 speed=6.0 beyond=0 dup=0 chunks=9 orphans=0 carrierless=0 spawns=73 despawns=54 pawn=1
[nebula] [nebula-probe] t=173.1 pos=123.1,0.0,3.4 cell=1,0,0 origin=0,0,0 replicas=19 dmin=12.1 dmax=68.9 limit=97.6 speed=6.0 beyond=0 dup=0 chunks=9 orphans=0 carrierless=0 spawns=74 despawns=54 pawn=1
[nebula] [nebula-probe] t=174.1 pos=129.0,0.0,2.4 cell=2,0,0 origin=0,0,0 replicas=18 dmin=18.1 dmax=67.2 limit=97.6 speed=6.0 beyond=0 dup=0 chunks=9 orphans=0 carrierless=0 spawns=74 despawns=55 pawn=1
[nebula] client 31591 fps replicas 20 (+1.2/s -0.6/s) entities 20 in 131 pkt/s 11.5 KB/s 71 states/s (msgs: state 63 rpc 0 vars 0) rtt 0ms lead 4 (adj 1, worker saw 4) corrections 0 | full-rate interp: depth 1.5 ticks, starved 0.0% worst +0.0 | frame max 1.0ms fixed/frame max 1 | gaps>3t 0 worst 0t | render delay 4t (stream lag 1t) | snapshot age ms min 15.5 avg 16.4 max 20.2
[nebula] [nebula-probe] t=175.1 pos=134.9,0.0,1.4 cell=2,0,0 origin=0,0,0 replicas=18 dmin=20.6 dmax=69.5 limit=97.6 speed=6.0 beyond=0 dup=0 chunks=9 orphans=0 carrierless=0 spawns=75 despawns=56 pawn=1
[nebula] [nebula-probe] t=176.1 pos=140.9,0.0,0.4 cell=2,0,0 origin=0,0,0 replicas=17 dmin=20.1 dmax=65.0 limit=97.6 speed=6.0 beyond=0 dup=0 chunks=9 orphans=0 carrierless=0 spawns=75 despawns=57 pawn=1
[nebula] [nebula-probe] t=177.1 pos=146.8,0.0,-0.6 cell=2,0,-1 origin=0,0,0 replicas=17 dmin=21.4 dmax=68.9 limit=97.6 speed=6.0 beyond=0 dup=0 chunks=9 orphans=0 carrierless=0 spawns=75 despawns=57 pawn=1
[nebula] [nebula-probe] t=178.1 pos=152.7,0.0,-1.6 cell=2,0,-1 origin=0,0,0 replicas=16 dmin=24.1 dmax=63.9 limit=97.6 speed=6.0 beyond=0 dup=0 chunks=9 orphans=0 carrierless=0 spawns=76 despawns=59 pawn=1
[nebula] [nebula-probe] t=179.1 pos=158.6,0.0,-2.6 cell=2,0,-1 origin=0,0,0 replicas=17 dmin=27.9 dmax=68.4 limit=97.6 speed=6.0 beyond=0 dup=0 chunks=9 orphans=0 carrierless=0 spawns=77 despawns=59 pawn=1
[nebula] client 59371 fps replicas 16 (+0.4/s -1.2/s) entities 16 in 128 pkt/s 11.3 KB/s 60 states/s (msgs: state 60 rpc 0 vars 0) rtt 0ms lead 4 (adj 1, worker saw 4) corrections 0 | full-rate interp: depth 0.0 ticks, starved 0.0% worst +0.0 | frame max 1.0ms fixed/frame max 1 | gaps>3t 0 worst 0t | render delay 4t (stream lag 1t) | snapshot age ms min 15.5 avg 16.5 max 21.5
[nebula] [nebula-probe] t=180.1 pos=161.8,0.0,-3.5 cell=2,0,-1 origin=0,0,0 replicas=15 dmin=30.0 dmax=60.6 limit=93.3 speed=3.3 beyond=0 dup=0 chunks=9 orphans=0 carrierless=0 spawns=77 despawns=61 pawn=1
[nebula] [nebula-probe] t=181.1 pos=155.8,0.0,-4.3 cell=2,0,-1 origin=0,0,0 replicas=15 dmin=24.7 dmax=55.5 limit=97.6 speed=6.0 beyond=0 dup=0 chunks=9 orphans=0 carrierless=0 spawns=77 despawns=61 pawn=1
[nebula] [nebula-probe] t=182.1 pos=149.9,0.0,-5.0 cell=2,0,-1 origin=0,0,0 replicas=16 dmin=19.7 dmax=50.7 limit=97.6 speed=6.0 beyond=0 dup=0 chunks=9 orphans=0 carrierless=0 spawns=78 despawns=61 pawn=1
[nebula] [nebula-probe] t=183.1 pos=143.9,0.0,-5.8 cell=2,0,-1 origin=0,0,0 replicas=16 dmin=15.5 dmax=50.2 limit=97.6 speed=6.0 beyond=0 dup=0 chunks=9 orphans=0 carrierless=0 spawns=78 despawns=61 pawn=1
[nebula] [nebula-probe] t=184.1 pos=138.0,0.0,-6.6 cell=2,0,-1 origin=0,0,0 replicas=16 dmin=12.7 dmax=56.0 limit=97.6 speed=6.0 beyond=0 dup=0 chunks=9 orphans=0 carrierless=0 spawns=78 despawns=61 pawn=1
[nebula] client 60137 fps replicas 19 (+0.6/s -0.0/s) entities 19 in 130 pkt/s 12.4 KB/s 60 states/s (msgs: state 60 rpc 0 vars 0) rtt 0ms lead 4 (adj 1, worker saw 4) corrections 0 | full-rate interp: depth 0.0 ticks, starved 0.0% worst +0.0 | frame max 1.0ms fixed/frame max 1 | gaps>3t 0 worst 0t | render delay 3t (stream lag 0t) | snapshot age ms min 15.6 avg 16.6 max 21.7
[nebula] [nebula-probe] t=185.1 pos=132.1,0.0,-7.8 cell=2,0,-1 origin=0,0,0 replicas=18 dmin=3.4 dmax=61.8 limit=97.6 speed=6.0 beyond=0 dup=0 chunks=9 orphans=0 carrierless=0 spawns=80 despawns=61 pawn=1
[nebula] [nebula-probe] t=186.1 pos=126.2,0.0,-9.1 cell=1,0,-1 origin=0,0,0 replicas=20 dmin=9.4 dmax=67.5 limit=97.6 speed=6.0 beyond=0 dup=0 chunks=9 orphans=0 carrierless=0 spawns=82 despawns=61 pawn=1
[nebula] [nebula-probe] t=187.1 pos=120.4,0.0,-10.4 cell=1,0,-1 origin=0,0,0 replicas=19 dmin=9.1 dmax=64.6 limit=97.6 speed=6.0 beyond=0 dup=0 chunks=6 orphans=0 carrierless=0 spawns=82 despawns=62 pawn=1
[nebula] [nebula-probe] t=188.1 pos=114.5,0.0,-11.7 cell=1,0,-1 origin=0,0,0 replicas=19 dmin=5.3 dmax=70.0 limit=97.6 speed=6.0 beyond=0 dup=0 chunks=6 orphans=0 carrierless=0 spawns=82 despawns=62 pawn=1
[nebula] [nebula-probe] t=189.1 pos=108.7,0.0,-13.0 cell=1,0,-1 origin=0,0,0 replicas=18 dmin=6.7 dmax=62.4 limit=97.6 speed=6.0 beyond=0 dup=0 chunks=9 orphans=0 carrierless=0 spawns=83 despawns=64 pawn=1
[nebula] client 33426 fps replicas 21 (+1.0/s -0.6/s) entities 21 in 159 pkt/s 12.3 KB/s 93 states/s (msgs: state 93 rpc 0 vars 0) rtt 0ms lead 4 (adj 1, worker saw 4) corrections 0 | full-rate interp: depth 3.0 ticks, starved 0.0% worst +0.0 | frame max 0.9ms fixed/frame max 1 | gaps>3t 0 worst 0t | render delay 4t (stream lag 1t) | snapshot age ms min 15.6 avg 16.5 max 21.1
[nebula] [nebula-probe] t=190.1 pos=102.7,0.0,-13.9 cell=1,0,-1 origin=0,0,0 replicas=20 dmin=3.1 dmax=67.2 limit=97.6 speed=6.0 beyond=0 dup=0 chunks=9 orphans=0 carrierless=0 spawns=85 despawns=64 pawn=1
[nebula] [nebula-probe] t=191.1 pos=96.8,0.0,-14.7 cell=1,0,-1 origin=0,0,0 replicas=20 dmin=9.1 dmax=66.4 limit=97.6 speed=6.0 beyond=0 dup=0 chunks=9 orphans=0 carrierless=0 spawns=86 despawns=65 pawn=1
[nebula] [nebula-probe] t=192.1 pos=90.9,0.0,-15.6 cell=1,0,-1 origin=0,0,0 replicas=19 dmin=11.0 dmax=52.0 limit=97.6 speed=6.0 beyond=0 dup=0 chunks=9 orphans=0 carrierless=0 spawns=86 despawns=66 pawn=1
[nebula] [nebula-probe] t=193.1 pos=84.9,0.0,-16.4 cell=1,0,-1 origin=0,0,0 replicas=20 dmin=8.9 dmax=56.7 limit=97.6 speed=6.0 beyond=0 dup=0 chunks=9 orphans=0 carrierless=0 spawns=87 despawns=66 pawn=1
[nebula] [nebula-probe] t=194.1 pos=79.0,0.0,-17.3 cell=1,0,-1 origin=0,0,0 replicas=22 dmin=9.8 dmax=61.7 limit=97.6 speed=6.0 beyond=0 dup=0 chunks=9 orphans=0 carrierless=0 spawns=89 despawns=66 pawn=1
[nebula] client 27632 fps replicas 23 (+0.8/s -0.4/s) entities 23 in 144 pkt/s 14.7 KB/s 132 states/s (msgs: state 75 rpc 0 vars 0) rtt 0ms lead 4 (adj 1, worker saw 4) corrections 0 | full-rate interp: depth 3.1 ticks, starved 0.0% worst +0.0 | frame max 1.0ms fixed/frame max 1 | gaps>3t 0 worst 0t | render delay 3t (stream lag 0t) | snapshot age ms min 15.6 avg 16.7 max 21.3
[nebula] [nebula-probe] t=195.1 pos=73.0,0.0,-18.1 cell=1,0,-1 origin=0,0,0 replicas=22 dmin=13.5 dmax=70.6 limit=97.6 speed=6.0 beyond=0 dup=0 chunks=9 orphans=0 carrierless=0 spawns=89 despawns=66 pawn=1
[nebula] [nebula-probe] t=196.1 pos=67.1,0.0,-19.0 cell=1,0,-1 origin=0,0,0 replicas=19 dmin=17.7 dmax=69.3 limit=97.6 speed=6.0 beyond=0 dup=0 chunks=9 orphans=0 carrierless=0 spawns=90 despawns=70 pawn=1
[nebula] [nebula-probe] t=197.1 pos=61.1,0.0,-19.8 cell=0,0,-1 origin=0,0,0 replicas=17 dmin=19.2 dmax=68.2 limit=97.6 speed=6.0 beyond=0 dup=0 chunks=9 orphans=0 carrierless=0 spawns=90 despawns=72 pawn=1
[nebula] [nebula-probe] t=198.1 pos=55.6,0.0,-21.7 cell=0,0,-1 origin=0,0,0 replicas=17 dmin=20.1 dmax=66.9 limit=97.4 speed=5.9 beyond=0 dup=0 chunks=9 orphans=0 carrierless=0 spawns=91 despawns=73 pawn=1
[nebula] [nebula-probe] t=199.1 pos=50.6,0.0,-24.9 cell=0,0,-1 origin=0,0,0 replicas=16 dmin=19.8 dmax=67.8 limit=97.6 speed=6.0 beyond=0 dup=0 chunks=9 orphans=0 carrierless=0 spawns=93 despawns=76 pawn=1
[nebula] client 28639 fps replicas 15 (+0.8/s -2.4/s) entities 15 in 135 pkt/s 14.8 KB/s 121 states/s (msgs: state 65 rpc 0 vars 0) rtt 0ms lead 4 (adj 1, worker saw 4) corrections 0 | full-rate interp: depth 2.7 ticks, starved 0.0% worst +0.0 | frame max 1.0ms fixed/frame max 1 | gaps>3t 0 worst 0t | render delay 4t (stream lag 1t) | snapshot age ms min 15.6 avg 16.9 max 21.7
[nebula] [nebula-probe] t=200.1 pos=45.5,0.0,-28.2 cell=0,0,-1 origin=0,0,0 replicas=14 dmin=19.5 dmax=69.6 limit=97.6 speed=6.0 beyond=0 dup=0 chunks=9 orphans=0 carrierless=0 spawns=93 despawns=78 pawn=1
[nebula] [nebula-probe] t=201.1 pos=40.5,0.0,-31.5 cell=0,0,-1 origin=0,0,0 replicas=14 dmin=23.0 dmax=70.3 limit=97.6 speed=6.0 beyond=0 dup=0 chunks=9 orphans=0 carrierless=0 spawns=94 despawns=79 pawn=1
[nebula] [nebula-probe] t=202.1 pos=35.5,0.0,-34.8 cell=0,0,-1 origin=0,0,0 replicas=11 dmin=21.1 dmax=67.0 limit=97.6 speed=6.0 beyond=0 dup=0 chunks=9 orphans=0 carrierless=0 spawns=94 despawns=82 pawn=1
[nebula] [nebula-probe] t=203.1 pos=30.5,0.0,-38.1 cell=0,0,-1 origin=0,0,0 replicas=11 dmin=17.0 dmax=62.8 limit=97.6 speed=6.0 beyond=0 dup=0 chunks=9 orphans=0 carrierless=0 spawns=95 despawns=83 pawn=1
[nebula] [nebula-probe] t=204.1 pos=25.5,0.0,-41.3 cell=0,0,-1 origin=0,0,0 replicas=11 dmin=12.4 dmax=67.7 limit=97.6 speed=6.0 beyond=0 dup=0 chunks=9 orphans=0 carrierless=0 spawns=95 despawns=83 pawn=1
[nebula] client 28559 fps replicas 10 (+0.4/s -1.4/s) entities 10 in 131 pkt/s 12.1 KB/s 95 states/s (msgs: state 64 rpc 0 vars 0) rtt 0ms lead 4 (adj 1, worker saw 4) corrections 0 | full-rate interp: depth 3.2 ticks, starved 0.0% worst +0.0 | frame max 1.0ms fixed/frame max 1 | gaps>3t 0 worst 0t | render delay 4t (stream lag 1t) | snapshot age ms min 15.7 avg 17.3 max 21.4
[nebula] [nebula-probe] t=205.1 pos=20.4,0.0,-44.6 cell=0,0,-1 origin=0,0,0 replicas=9 dmin=9.6 dmax=66.9 limit=97.6 speed=6.0 beyond=0 dup=0 chunks=9 orphans=0 carrierless=0 spawns=95 despawns=85 pawn=1
[nebula] [nebula-probe] t=206.1 pos=15.9,0.0,-48.5 cell=0,0,-1 origin=0,0,0 replicas=9 dmin=3.7 dmax=47.6 limit=97.6 speed=6.0 beyond=0 dup=0 chunks=9 orphans=0 carrierless=0 spawns=97 despawns=87 pawn=1
[nebula] [nebula-probe] t=207.1 pos=11.3,0.0,-52.4 cell=0,0,-1 origin=0,0,0 replicas=9 dmin=9.7 dmax=52.3 limit=97.6 speed=6.0 beyond=0 dup=0 chunks=9 orphans=0 carrierless=0 spawns=97 despawns=87 pawn=1
[nebula] [nebula-probe] t=208.1 pos=6.8,0.0,-56.4 cell=0,0,-1 origin=0,0,0 replicas=10 dmin=15.7 dmax=57.8 limit=97.6 speed=6.0 beyond=0 dup=0 chunks=9 orphans=0 carrierless=0 spawns=98 despawns=87 pawn=1
