Mono path[0] = 'C:/Dev/nebula-virtualworld/Builds/Win64/Nebula_Data/Managed'
Mono config path = 'C:/Dev/nebula-virtualworld/Builds/Win64/MonoBleedingEdge/etc'
CodeReloadManager initialized
Found 1 interfaces on host : 0) 192.168.4.54
Player connection [45692]  Target information:

Player connection [45692]  * "[IP] 192.168.4.54 [Port] 55000 [Flags] 2 [Guid] 1605269719 [EditorId] 1773059659 [Version] 1048832 [Id] WindowsPlayer(2,Atlas) [Debug] 0 [PackageName] WindowsPlayer [ProjectName] nebula-virtualworld" 

Player connection [45692] Started UDP target info broadcast (1) on [225.0.0.222:54997].

Input System module state changed to: Initialized.
[Physics::Module] Initialized fallback backend.
[Physics::Module] Id: 0xdecafbad
Initialize engine version: 6000.6.0f1 (f7f8ed4d1e24)
[EntityIdStore] init: VM path (explicit commit), pageSize=4096, blockCount=1048576, entitiesPerBlock=256, slots reserved=4294967296 bytes
[Subsystems] Discovering subsystems at path C:/Dev/nebula-virtualworld/Builds/Win64/Nebula_Data/UnitySubsystems
Forcing GfxDevice: Null
GfxDevice: creating device client; kGfxThreadingModeNonThreaded
NullGfxDevice:
    Version:  NULL 1.0 [1.0]
    Renderer: Null Device
    Vendor:   Unity Technologies
Begin MonoManager ReloadAssembly
- Finished resetting the current domain, in  0.008 seconds
[Physics::Module] Selected backend.
[Physics::Module] Name: PhysX
[Physics::Module] Id: 0xf2b8ea05
[Physics::Module] SDK Version: 4.1.2
[Physics::Module] Integration Version: 1.0.0
[Physics::Module] Threading Mode: Multi-Threaded
Microsoft Media Foundation video decoding to texture disabled: graphics device is Null, only Direct3D 11 and Direct3D 12 (only on desktop) are supported for hardware-accelerated video decoding.
UnloadTime: 0.644600 ms
[nebula] boot roles=Client scene=World tickRate=60
[nebula] containers: 0 (runtime world)
[nebula] connecting to gateway 127.0.0.1:7200 as 'bot4'
[nebula] chunked world: cell (64.00, 512.00, 64.00) (planar), near 2 cell(s), allocator ring 3, retire after 30s
[nebula] client 0 fps replicas 0 (+0.0/s -0.0/s) entities 0 in 0 pkt/s 0.0 KB/s 0 states/s (msgs: state 0 rpc 0 vars 0) rtt -1ms lead 0 (adj 0, worker saw 0) corrections 0 | full-rate interp: depth 0.0 ticks, starved 0.0% worst +0.0 | frame max 84.6ms fixed/frame max 1 | gaps>3t 0 worst 0t | render delay 0t (stream lag 0t) | snapshot age ms min 0.0 avg 0.0 max 0.0
[nebula] [nebula-probe] t=0.1 pos=0.0,0.0,0.0 cell=0,0,0 origin=0,0,0 replicas=0 dmin=0.0 dmax=0.0 limit=88.0 speed=0.0 beyond=0 dup=0 chunks=0 orphans=0 carrierless=0 spawns=0 despawns=0 pawn=0
[nebula] welcome: clientId=3825002173356310532 identity=dc13920e23af serverTick=1365003743
[nebula] world starting, about 3 s: no worker is running yet; holding the join
[nebula] [nebula-probe] t=1.1 pos=0.0,0.0,0.0 cell=0,0,0 origin=0,0,0 replicas=0 dmin=0.0 dmax=0.0 limit=88.0 speed=0.0 beyond=0 dup=0 chunks=0 orphans=0 carrierless=0 spawns=0 despawns=0 pawn=0
[nebula] [nebula-probe] t=2.1 pos=0.0,0.0,0.0 cell=0,0,0 origin=0,0,0 replicas=0 dmin=0.0 dmax=0.0 limit=88.0 speed=0.0 beyond=0 dup=0 chunks=0 orphans=0 carrierless=0 spawns=0 despawns=0 pawn=0
[nebula] [nebula-probe] t=3.1 pos=0.0,0.0,0.0 cell=0,0,0 origin=0,0,0 replicas=0 dmin=0.0 dmax=0.0 limit=88.0 speed=0.0 beyond=0 dup=0 chunks=0 orphans=0 carrierless=0 spawns=0 despawns=0 pawn=0
[nebula] joined the world
[nebula] [vw-bot] mode=Wander
[nebula] local player spawned: Player(Clone)#281474976710658(e1,rt_0,local)
[nebula] [nebula-probe] t=4.1 pos=41.0,0.0,31.6 cell=0,0,0 origin=0,0,0 replicas=0 dmin=0.0 dmax=0.0 limit=88.0 speed=0.0 beyond=0 dup=0 chunks=9 orphans=0 carrierless=0 spawns=1 despawns=0 pawn=1
[nebula] client 65273 fps replicas 1 (+0.2/s -0.0/s) entities 1 in 43 pkt/s 3.7 KB/s 19 states/s (msgs: state 19 rpc 0 vars 0) rtt 0ms lead 3 (adj 0, worker saw 3) corrections 1 last 0.10m | full-rate interp: depth 0.0 ticks, starved 0.0% worst +0.0 | frame max 298.1ms fixed/frame max 1 | gaps>3t 1 worst 4t | render delay 3t (stream lag 0t) | snapshot age ms min 10.9 avg 12.6 max 46.9
[nebula] [nebula-probe] t=5.1 pos=42.1,0.0,37.5 cell=0,0,0 origin=0,0,0 replicas=0 dmin=0.0 dmax=0.0 limit=97.6 speed=6.0 beyond=0 dup=0 chunks=9 orphans=0 carrierless=0 spawns=1 despawns=0 pawn=1
[nebula] [nebula-probe] t=6.1 pos=43.2,0.0,43.4 cell=0,0,0 origin=0,0,0 replicas=0 dmin=0.0 dmax=0.0 limit=97.6 speed=6.0 beyond=0 dup=0 chunks=9 orphans=0 carrierless=0 spawns=1 despawns=0 pawn=1
[nebula] [nebula-probe] t=7.1 pos=44.3,0.0,49.3 cell=0,0,0 origin=0,0,0 replicas=0 dmin=0.0 dmax=0.0 limit=97.6 speed=6.0 beyond=0 dup=0 chunks=9 orphans=0 carrierless=0 spawns=1 despawns=0 pawn=1
[nebula] [nebula-probe] t=8.1 pos=45.4,0.0,55.2 cell=0,0,0 origin=0,0,0 replicas=0 dmin=0.0 dmax=0.0 limit=97.6 speed=6.0 beyond=0 dup=0 chunks=9 orphans=0 carrierless=0 spawns=1 despawns=0 pawn=1
[nebula] [nebula-probe] t=9.1 pos=46.5,0.0,61.1 cell=0,0,0 origin=0,0,0 replicas=0 dmin=0.0 dmax=0.0 limit=97.6 speed=6.0 beyond=0 dup=0 chunks=9 orphans=0 carrierless=0 spawns=1 despawns=0 pawn=1
[nebula] client 64277 fps replicas 1 (+0.0/s -0.0/s) entities 1 in 124 pkt/s 9.5 KB/s 60 states/s (msgs: state 60 rpc 0 vars 0) rtt 0ms lead 3 (adj 0, worker saw 3) corrections 0 | full-rate interp: depth 0.0 ticks, starved 0.0% worst +0.0 | frame max 1.0ms fixed/frame max 1 | gaps>3t 0 worst 0t | render delay 3t (stream lag 0t) | snapshot age ms min 11.0 avg 12.1 max 18.2
[nebula] [nebula-probe] t=10.1 pos=48.9,0.0,61.2 cell=0,0,0 origin=0,0,0 replicas=0 dmin=0.0 dmax=0.0 limit=91.7 speed=2.3 beyond=0 dup=0 chunks=9 orphans=0 carrierless=0 spawns=1 despawns=0 pawn=1
[nebula] [nebula-probe] t=11.1 pos=52.2,0.0,56.2 cell=0,0,0 origin=0,0,0 replicas=0 dmin=0.0 dmax=0.0 limit=97.6 speed=6.0 beyond=0 dup=0 chunks=9 orphans=0 carrierless=0 spawns=1 despawns=0 pawn=1
[nebula] [nebula-probe] t=12.1 pos=55.6,0.0,51.3 cell=0,0,0 origin=0,0,0 replicas=0 dmin=0.0 dmax=0.0 limit=97.6 speed=6.0 beyond=0 dup=0 chunks=9 orphans=0 carrierless=0 spawns=1 despawns=0 pawn=1
[nebula] [nebula-probe] t=13.1 pos=59.0,0.0,46.3 cell=0,0,0 origin=0,0,0 replicas=0 dmin=0.0 dmax=0.0 limit=97.6 speed=6.0 beyond=0 dup=0 chunks=9 orphans=0 carrierless=0 spawns=1 despawns=0 pawn=1
[nebula] [nebula-probe] t=14.1 pos=62.4,0.0,41.4 cell=0,0,0 origin=0,0,0 replicas=0 dmin=0.0 dmax=0.0 limit=97.6 speed=6.0 beyond=0 dup=0 chunks=9 orphans=0 carrierless=0 spawns=1 despawns=0 pawn=1
[nebula] client 64477 fps replicas 1 (+0.0/s -0.0/s) entities 1 in 125 pkt/s 9.6 KB/s 60 states/s (msgs: state 60 rpc 0 vars 0) rtt 0ms lead 3 (adj 0, worker saw 3) corrections 0 | full-rate interp: depth 0.0 ticks, starved 0.0% worst +0.0 | frame max 0.9ms fixed/frame max 1 | gaps>3t 0 worst 0t | render delay 3t (stream lag 0t) | snapshot age ms min 10.9 avg 12.1 max 17.8
[nebula] [nebula-probe] t=15.1 pos=65.8,0.0,36.4 cell=1,0,0 origin=0,0,0 replicas=0 dmin=0.0 dmax=0.0 limit=97.6 speed=6.0 beyond=0 dup=0 chunks=9 orphans=0 carrierless=0 spawns=1 despawns=0 pawn=1
[nebula] [nebula-probe] t=16.1 pos=69.2,0.0,31.5 cell=1,0,0 origin=0,0,0 replicas=0 dmin=0.0 dmax=0.0 limit=97.6 speed=6.0 beyond=0 dup=0 chunks=9 orphans=0 carrierless=0 spawns=1 despawns=0 pawn=1
[nebula] [nebula-probe] t=17.1 pos=71.9,0.0,30.8 cell=1,0,0 origin=0,0,0 replicas=1 dmin=0.3 dmax=0.3 limit=92.4 speed=2.8 beyond=0 dup=0 chunks=12 orphans=0 carrierless=0 spawns=2 despawns=0 pawn=1
[nebula] [nebula-probe] t=18.1 pos=73.5,0.0,36.6 cell=1,0,0 origin=0,0,0 replicas=1 dmin=6.3 dmax=6.3 limit=97.6 speed=6.0 beyond=0 dup=0 chunks=12 orphans=0 carrierless=0 spawns=2 despawns=0 pawn=1
[nebula] [nebula-probe] t=19.1 pos=75.1,0.0,42.4 cell=1,0,0 origin=0,0,0 replicas=1 dmin=12.3 dmax=12.3 limit=97.6 speed=6.0 beyond=0 dup=0 chunks=12 orphans=0 carrierless=0 spawns=2 despawns=0 pawn=1
[nebula] client 64245 fps replicas 2 (+0.2/s -0.0/s) entities 2 in 127 pkt/s 11.5 KB/s 60 states/s (msgs: state 60 rpc 0 vars 0) rtt 0ms lead 3 (adj 0, worker saw 3) corrections 0 | full-rate interp: depth 0.0 ticks, starved 0.0% worst +0.0 | frame max 2.8ms fixed/frame max 1 | gaps>3t 0 worst 0t | render delay 3t (stream lag 0t) | snapshot age ms min 11.3 avg 12.1 max 24.5
[nebula] [nebula-probe] t=20.1 pos=76.7,0.0,48.2 cell=1,0,0 origin=0,0,0 replicas=1 dmin=18.3 dmax=18.3 limit=97.6 speed=6.0 beyond=0 dup=0 chunks=12 orphans=0 carrierless=0 spawns=2 despawns=0 pawn=1
[nebula] [nebula-probe] t=21.1 pos=78.4,0.0,53.9 cell=1,0,0 origin=0,0,0 replicas=3 dmin=24.3 dmax=39.4 limit=97.6 speed=6.0 beyond=0 dup=0 chunks=12 orphans=0 carrierless=0 spawns=4 despawns=0 pawn=1
[nebula] [nebula-probe] t=22.1 pos=79.4,0.0,59.1 cell=1,0,0 origin=0,0,0 replicas=3 dmin=29.1 dmax=32.7 limit=96.4 speed=5.3 beyond=0 dup=0 chunks=12 orphans=0 carrierless=0 spawns=4 despawns=0 pawn=1
[nebula] [nebula-probe] t=23.1 pos=73.5,0.0,57.7 cell=1,0,0 origin=0,0,0 replicas=3 dmin=27.2 dmax=37.0 limit=97.6 speed=6.0 beyond=0 dup=0 chunks=12 orphans=0 carrierless=0 spawns=4 despawns=0 pawn=1
[nebula] [nebula-probe] t=24.1 pos=67.7,0.0,56.3 cell=1,0,0 origin=0,0,0 replicas=3 dmin=26.1 dmax=41.7 limit=97.6 speed=6.0 beyond=0 dup=0 chunks=12 orphans=0 carrierless=0 spawns=4 despawns=0 pawn=1
[nebula] client 36347 fps replicas 4 (+0.4/s -0.0/s) entities 4 in 128 pkt/s 12.0 KB/s 102 states/s (msgs: state 64 rpc 0 vars 0) rtt 0ms lead 3 (adj 0, worker saw 3) corrections 0 | full-rate interp: depth 2.4 ticks, starved 0.0% worst +0.0 | frame max 2.0ms fixed/frame max 1 | gaps>3t 0 worst 0t | render delay 3t (stream lag 0t) | snapshot age ms min 11.3 avg 12.1 max 16.5
[nebula] [nebula-probe] t=25.1 pos=61.9,0.0,54.8 cell=0,0,0 origin=0,0,0 replicas=3 dmin=25.1 dmax=46.7 limit=97.6 speed=6.0 beyond=0 dup=0 chunks=12 orphans=0 carrierless=0 spawns=4 despawns=0 pawn=1
[nebula] [nebula-probe] t=26.1 pos=56.1,0.0,53.4 cell=0,0,0 origin=0,0,0 replicas=3 dmin=24.1 dmax=51.9 limit=97.6 speed=6.0 beyond=0 dup=0 chunks=12 orphans=0 carrierless=0 spawns=4 despawns=0 pawn=1
[nebula] [nebula-probe] t=27.1 pos=50.2,0.0,52.0 cell=0,0,0 origin=0,0,0 replicas=3 dmin=23.3 dmax=57.3 limit=97.6 speed=6.0 beyond=0 dup=0 chunks=12 orphans=0 carrierless=0 spawns=4 despawns=0 pawn=1
[nebula] [nebula-probe] t=28.1 pos=44.4,0.0,50.6 cell=0,0,0 origin=0,0,0 replicas=3 dmin=30.4 dmax=62.8 limit=97.6 speed=6.0 beyond=0 dup=0 chunks=12 orphans=0 carrierless=0 spawns=4 despawns=0 pawn=1
[nebula] [nebula-probe] t=29.1 pos=39.8,0.0,50.0 cell=0,0,0 origin=0,0,0 replicas=4 dmin=1.3 dmax=66.8 limit=95.4 speed=4.6 beyond=0 dup=0 chunks=12 orphans=0 carrierless=0 spawns=5 despawns=0 pawn=1
[nebula] client 32578 fps replicas 4 (+0.2/s -0.2/s) entities 4 in 129 pkt/s 12.7 KB/s 103 states/s (msgs: state 64 rpc 0 vars 0) rtt 0ms lead 3 (adj 0, worker saw 3) corrections 0 | full-rate interp: depth 2.4 ticks, starved 0.0% worst +0.0 | frame max 3.5ms fixed/frame max 1 | gaps>3t 0 worst 0t | render delay 3t (stream lag 0t) | snapshot age ms min 11.4 avg 12.9 max 17.2
[nebula] [nebula-probe] t=30.1 pos=43.5,0.0,54.7 cell=0,0,0 origin=0,0,0 replicas=3 dmin=4.7 dmax=39.7 limit=97.6 speed=6.0 beyond=0 dup=0 chunks=9 orphans=0 carrierless=0 spawns=5 despawns=1 pawn=1
[nebula] [nebula-probe] t=31.1 pos=47.3,0.0,59.4 cell=0,0,0 origin=0,0,0 replicas=3 dmin=10.7 dmax=40.9 limit=97.6 speed=6.0 beyond=0 dup=0 chunks=9 orphans=0 carrierless=0 spawns=5 despawns=1 pawn=1
[nebula] [nebula-probe] t=32.1 pos=51.0,0.0,64.1 cell=0,0,1 origin=0,0,0 replicas=3 dmin=16.7 dmax=43.0 limit=97.6 speed=6.0 beyond=0 dup=0 chunks=9 orphans=0 carrierless=0 spawns=5 despawns=1 pawn=1
[nebula] [nebula-probe] t=33.1 pos=54.7,0.0,68.8 cell=0,0,1 origin=0,0,0 replicas=4 dmin=22.7 dmax=45.8 limit=97.6 speed=6.0 beyond=0 dup=0 chunks=12 orphans=0 carrierless=0 spawns=6 despawns=1 pawn=1
[nebula] [nebula-probe] t=34.1 pos=58.4,0.0,73.6 cell=0,0,1 origin=0,0,0 replicas=4 dmin=28.7 dmax=49.3 limit=97.6 speed=6.0 beyond=0 dup=0 chunks=12 orphans=0 carrierless=0 spawns=6 despawns=1 pawn=1
[nebula] client 32402 fps replicas 6 (+0.4/s -0.0/s) entities 6 in 131 pkt/s 12.5 KB/s 74 states/s (msgs: state 63 rpc 0 vars 0) rtt 0ms lead 3 (adj 0, worker saw 3) corrections 0 | full-rate interp: depth 1.5 ticks, starved 0.0% worst +0.0 | frame max 0.9ms fixed/frame max 1 | gaps>3t 0 worst 0t | render delay 3t (stream lag 0t) | snapshot age ms min 11.9 avg 14.1 max 21.1
[nebula] [nebula-probe] t=35.1 pos=53.9,0.0,69.9 cell=0,0,1 origin=0,0,0 replicas=5 dmin=3.8 dmax=57.9 limit=97.3 speed=5.8 beyond=0 dup=0 chunks=12 orphans=0 carrierless=0 spawns=7 despawns=1 pawn=1
[nebula] [nebula-probe] t=36.1 pos=49.3,0.0,66.0 cell=0,0,1 origin=0,0,0 replicas=5 dmin=9.8 dmax=58.3 limit=97.6 speed=6.0 beyond=0 dup=0 chunks=12 orphans=0 carrierless=0 spawns=7 despawns=1 pawn=1
[nebula] [nebula-probe] t=37.1 pos=44.7,0.0,62.2 cell=0,0,0 origin=0,0,0 replicas=5 dmin=11.9 dmax=58.6 limit=97.6 speed=6.0 beyond=0 dup=0 chunks=12 orphans=0 carrierless=0 spawns=7 despawns=1 pawn=1
[nebula] [nebula-probe] t=38.1 pos=40.1,0.0,58.3 cell=0,0,0 origin=0,0,0 replicas=5 dmin=7.3 dmax=62.2 limit=97.6 speed=6.0 beyond=0 dup=0 chunks=12 orphans=0 carrierless=0 spawns=7 despawns=1 pawn=1
[nebula] [nebula-probe] t=39.1 pos=35.5,0.0,54.5 cell=0,0,0 origin=0,0,0 replicas=5 dmin=6.2 dmax=68.1 limit=97.6 speed=6.0 beyond=0 dup=0 chunks=12 orphans=0 carrierless=0 spawns=7 despawns=1 pawn=1
[nebula] client 33628 fps replicas 5 (+0.0/s -0.2/s) entities 5 in 127 pkt/s 10.3 KB/s 67 states/s (msgs: state 62 rpc 0 vars 0) rtt 0ms lead 4 (adj 1, worker saw 3) corrections 0 | full-rate interp: depth 1.5 ticks, starved 0.0% worst +0.0 | frame max 0.9ms fixed/frame max 1 | gaps>3t 0 worst 0t | render delay 3t (stream lag 0t) | snapshot age ms min 12.1 avg 14.8 max 36.3
[nebula] [nebula-probe] t=40.1 pos=30.9,0.0,50.6 cell=0,0,0 origin=0,0,0 replicas=4 dmin=9.8 dmax=59.6 limit=97.6 speed=6.0 beyond=0 dup=0 chunks=9 orphans=0 carrierless=0 spawns=7 despawns=2 pawn=1
[nebula] [nebula-probe] t=41.1 pos=26.3,0.0,46.8 cell=0,0,0 origin=0,0,0 replicas=4 dmin=15.0 dmax=60.0 limit=97.6 speed=6.0 beyond=0 dup=0 chunks=9 orphans=0 carrierless=0 spawns=7 despawns=2 pawn=1
[nebula] [nebula-probe] t=42.1 pos=21.6,0.0,42.9 cell=0,0,0 origin=0,0,0 replicas=4 dmin=20.7 dmax=60.0 limit=97.8 speed=6.1 beyond=0 dup=0 chunks=9 orphans=0 carrierless=0 spawns=7 despawns=2 pawn=1
[nebula] [nebula-probe] t=43.1 pos=17.0,0.0,39.0 cell=0,0,0 origin=0,0,0 replicas=4 dmin=26.5 dmax=58.3 limit=97.6 speed=6.0 beyond=0 dup=0 chunks=9 orphans=0 carrierless=0 spawns=7 despawns=2 pawn=1
[nebula] [nebula-probe] t=44.1 pos=19.5,0.0,36.2 cell=0,0,0 origin=0,0,0 replicas=5 dmin=2.1 dmax=52.6 limit=94.0 speed=3.7 beyond=0 dup=0 chunks=9 orphans=0 carrierless=0 spawns=8 despawns=2 pawn=1
[nebula] client 34137 fps replicas 6 (+0.2/s -0.0/s) entities 6 in 129 pkt/s 11.1 KB/s 68 states/s (msgs: state 62 rpc 0 vars 0) rtt 0ms lead 4 (adj 1, worker saw 4) corrections 0 | full-rate interp: depth 1.5 ticks, starved 0.0% worst +0.0 | frame max 0.9ms fixed/frame max 1 | gaps>3t 0 worst 0t | render delay 3t (stream lag 0t) | snapshot age ms min 12.0 avg 15.0 max 17.4
[nebula] [nebula-probe] t=45.1 pos=25.0,0.0,33.9 cell=0,0,0 origin=0,0,0 replicas=5 dmin=8.1 dmax=49.9 limit=97.6 speed=6.0 beyond=0 dup=0 chunks=9 orphans=0 carrierless=0 spawns=8 despawns=2 pawn=1
[nebula] [nebula-probe] t=46.1 pos=30.5,0.0,31.6 cell=0,0,0 origin=0,0,0 replicas=5 dmin=14.1 dmax=48.5 limit=97.6 speed=6.0 beyond=0 dup=0 chunks=9 orphans=0 carrierless=0 spawns=8 despawns=2 pawn=1
[nebula] [nebula-probe] t=47.1 pos=36.1,0.0,29.3 cell=0,0,0 origin=0,0,0 replicas=5 dmin=20.1 dmax=47.8 limit=97.6 speed=6.0 beyond=0 dup=0 chunks=9 orphans=0 carrierless=0 spawns=8 despawns=2 pawn=1
[nebula] [nebula-probe] t=48.1 pos=39.6,0.0,26.2 cell=0,0,0 origin=0,0,0 replicas=5 dmin=23.3 dmax=49.2 limit=95.4 speed=4.7 beyond=0 dup=0 chunks=9 orphans=0 carrierless=0 spawns=8 despawns=2 pawn=1
[nebula] [nebula-probe] t=49.1 pos=36.7,0.0,21.0 cell=0,0,0 origin=0,0,0 replicas=5 dmin=25.0 dmax=55.1 limit=97.6 speed=6.0 beyond=0 dup=0 chunks=9 orphans=0 carrierless=0 spawns=8 despawns=2 pawn=1
[nebula] client 32364 fps replicas 7 (+0.2/s -0.0/s) entities 7 in 132 pkt/s 13.9 KB/s 103 states/s (msgs: state 64 rpc 0 vars 0) rtt 0ms lead 4 (adj 1, worker saw 4) corrections 0 | full-rate interp: depth 2.4 ticks, starved 0.0% worst +0.0 | frame max 0.9ms fixed/frame max 1 | gaps>3t 0 worst 0t | render delay 3t (stream lag 0t) | snapshot age ms min 12.2 avg 15.4 max 19.9
[nebula] [nebula-probe] t=50.1 pos=33.7,0.0,15.8 cell=0,0,0 origin=0,0,0 replicas=6 dmin=26.7 dmax=61.0 limit=97.6 speed=6.0 beyond=0 dup=0 chunks=9 orphans=0 carrierless=0 spawns=9 despawns=2 pawn=1
[nebula] [nebula-probe] t=51.1 pos=30.8,0.0,10.6 cell=0,0,0 origin=0,0,0 replicas=6 dmin=29.6 dmax=67.0 limit=97.6 speed=6.0 beyond=0 dup=0 chunks=9 orphans=0 carrierless=0 spawns=9 despawns=2 pawn=1
[nebula] [nebula-probe] t=52.1 pos=27.9,0.0,5.3 cell=0,0,0 origin=0,0,0 replicas=5 dmin=33.0 dmax=50.7 limit=97.6 speed=6.0 beyond=0 dup=0 chunks=9 orphans=0 carrierless=0 spawns=9 despawns=3 pawn=1
[nebula] [nebula-probe] t=53.1 pos=24.8,0.0,0.2 cell=0,0,0 origin=0,0,0 replicas=5 dmin=33.5 dmax=55.9 limit=97.6 speed=6.0 beyond=0 dup=0 chunks=9 orphans=0 carrierless=0 spawns=9 despawns=3 pawn=1
[nebula] [nebula-probe] t=54.1 pos=21.4,0.0,-4.7 cell=0,0,-1 origin=0,0,0 replicas=5 dmin=34.1 dmax=61.5 limit=97.4 speed=5.9 beyond=0 dup=0 chunks=9 orphans=0 carrierless=0 spawns=9 despawns=3 pawn=1
[nebula] client 32852 fps replicas 6 (+0.0/s -0.2/s) entities 6 in 131 pkt/s 10.3 KB/s 76 states/s (msgs: state 67 rpc 0 vars 0) rtt 0ms lead 4 (adj 1, worker saw 4) corrections 1 last 0.10m | full-rate interp: depth 1.6 ticks, starved 0.0% worst +0.0 | frame max 0.9ms fixed/frame max 1 | gaps>3t 0 worst 0t | render delay 3t (stream lag 0t) | snapshot age ms min 12.3 avg 15.8 max 17.9
[nebula] [nebula-probe] t=55.1 pos=18.0,0.0,-9.6 cell=0,0,-1 origin=0,0,0 replicas=5 dmin=35.2 dmax=67.1 limit=97.6 speed=6.0 beyond=0 dup=0 chunks=9 orphans=0 carrierless=0 spawns=9 despawns=3 pawn=1
[nebula] [nebula-probe] t=56.1 pos=14.5,0.0,-14.4 cell=0,0,-1 origin=0,0,0 replicas=3 dmin=36.5 dmax=69.4 limit=97.6 speed=6.0 beyond=0 dup=0 chunks=6 orphans=0 carrierless=0 spawns=9 despawns=5 pawn=1
[nebula] [nebula-probe] t=57.1 pos=11.0,0.0,-19.3 cell=0,0,-1 origin=0,0,0 replicas=2 dmin=45.5 dmax=56.8 limit=97.6 speed=6.0 beyond=0 dup=0 chunks=6 orphans=0 carrierless=0 spawns=9 despawns=6 pawn=1
[nebula] [nebula-probe] t=58.1 pos=7.5,0.0,-24.2 cell=0,0,-1 origin=0,0,0 replicas=2 dmin=56.1 dmax=62.1 limit=97.6 speed=6.0 beyond=0 dup=0 chunks=6 orphans=0 carrierless=0 spawns=9 despawns=6 pawn=1
[nebula] [nebula-probe] t=59.1 pos=4.1,0.0,-29.1 cell=0,0,-1 origin=0,0,0 replicas=2 dmin=66.7 dmax=67.5 limit=97.6 speed=6.0 beyond=0 dup=0 chunks=6 orphans=0 carrierless=0 spawns=9 despawns=6 pawn=1
[nebula] client 33240 fps replicas 3 (+0.2/s -0.8/s) entities 3 in 138 pkt/s 11.0 KB/s 71 states/s (msgs: state 71 rpc 0 vars 0) rtt 0ms lead 4 (adj 1, worker saw 4) corrections 0 | full-rate interp: depth 1.6 ticks, starved 0.0% worst +0.0 | frame max 0.9ms fixed/frame max 1 | gaps>3t 0 worst 0t | render delay 3t (stream lag 0t) | snapshot age ms min 12.9 avg 16.1 max 20.3
[nebula] [nebula-probe] t=60.1 pos=7.5,0.0,-32.6 cell=0,0,-1 origin=0,0,0 replicas=2 dmin=2.7 dmax=71.0 limit=95.8 speed=4.9 beyond=0 dup=0 chunks=9 orphans=0 carrierless=0 spawns=10 despawns=7 pawn=1
[nebula] [nebula-probe] t=61.1 pos=12.6,0.0,-35.8 cell=0,0,-1 origin=0,0,0 replicas=1 dmin=8.7 dmax=8.7 limit=97.6 speed=6.0 beyond=0 dup=0 chunks=9 orphans=0 carrierless=0 spawns=10 despawns=8 pawn=1
[nebula] [nebula-probe] t=62.1 pos=17.7,0.0,-38.9 cell=0,0,-1 origin=0,0,0 replicas=3 dmin=14.7 dmax=40.2 limit=97.6 speed=6.0 beyond=0 dup=0 chunks=9 orphans=0 carrierless=0 spawns=12 despawns=8 pawn=1
[nebula] [nebula-probe] t=63.1 pos=22.8,0.0,-42.1 cell=0,0,-1 origin=0,0,0 replicas=4 dmin=20.7 dmax=41.8 limit=97.6 speed=6.0 beyond=0 dup=0 chunks=9 orphans=0 carrierless=0 spawns=13 despawns=8 pawn=1
[nebula] [nebula-probe] t=64.1 pos=27.9,0.0,-45.2 cell=0,0,-1 origin=0,0,0 replicas=4 dmin=20.9 dmax=36.0 limit=97.6 speed=6.0 beyond=0 dup=0 chunks=9 orphans=0 carrierless=0 spawns=13 despawns=8 pawn=1
[nebula] client 39864 fps replicas 5 (+0.6/s -0.2/s) entities 5 in 132 pkt/s 13.7 KB/s 89 states/s (msgs: state 62 rpc 0 vars 0) rtt 0ms lead 4 (adj 1, worker saw 4) corrections 0 | full-rate interp: depth 2.4 ticks, starved 0.0% worst +0.0 | frame max 0.8ms fixed/frame max 1 | gaps>3t 0 worst 0t | render delay 3t (stream lag 0t) | snapshot age ms min 13.3 avg 16.3 max 20.2
[nebula] [nebula-probe] t=65.1 pos=33.0,0.0,-48.3 cell=0,0,-1 origin=0,0,0 replicas=4 dmin=15.5 dmax=32.7 limit=97.6 speed=6.0 beyond=0 dup=0 chunks=9 orphans=0 carrierless=0 spawns=13 despawns=8 pawn=1
[nebula] [nebula-probe] t=66.1 pos=38.1,0.0,-51.5 cell=0,0,-1 origin=0,0,0 replicas=4 dmin=15.7 dmax=38.7 limit=97.6 speed=6.0 beyond=0 dup=0 chunks=9 orphans=0 carrierless=0 spawns=13 despawns=8 pawn=1
[nebula] [nebula-probe] t=67.1 pos=43.2,0.0,-54.6 cell=0,0,-1 origin=0,0,0 replicas=6 dmin=10.0 dmax=44.7 limit=97.6 speed=6.0 beyond=0 dup=0 chunks=9 orphans=0 carrierless=0 spawns=15 despawns=8 pawn=1
[nebula] [nebula-probe] t=68.1 pos=47.0,0.0,-58.4 cell=0,0,-1 origin=0,0,0 replicas=6 dmin=6.5 dmax=49.9 limit=96.5 speed=5.3 beyond=0 dup=0 chunks=9 orphans=0 carrierless=0 spawns=15 despawns=8 pawn=1
[nebula] [nebula-probe] t=69.1 pos=45.9,0.0,-64.3 cell=0,0,-2 origin=0,0,0 replicas=7 dmin=9.9 dmax=52.4 limit=97.6 speed=6.0 beyond=0 dup=0 chunks=9 orphans=0 carrierless=0 spawns=16 despawns=8 pawn=1
[nebula] client 30437 fps replicas 9 (+0.8/s -0.0/s) entities 9 in 131 pkt/s 12.3 KB/s 112 states/s (msgs: state 65 rpc 0 vars 0) rtt 0ms lead 4 (adj 1, worker saw 4) corrections 0 | full-rate interp: depth 2.3 ticks, starved 0.0% worst +0.0 | frame max 0.9ms fixed/frame max 1 | gaps>3t 0 worst 0t | render delay 3t (stream lag 0t) | snapshot age ms min 13.4 avg 16.3 max 20.5
[nebula] [nebula-probe] t=70.1 pos=44.8,0.0,-70.2 cell=0,0,-2 origin=0,0,0 replicas=8 dmin=7.1 dmax=58.0 limit=97.6 speed=6.0 beyond=0 dup=0 chunks=12 orphans=0 carrierless=0 spawns=17 despawns=8 pawn=1
[nebula] [nebula-probe] t=71.1 pos=43.6,0.0,-76.0 cell=0,0,-2 origin=0,0,0 replicas=8 dmin=8.7 dmax=69.5 limit=97.6 speed=6.0 beyond=0 dup=0 chunks=12 orphans=0 carrierless=0 spawns=17 despawns=8 pawn=1
[nebula] [nebula-probe] t=72.1 pos=42.5,0.0,-81.9 cell=0,0,-2 origin=0,0,0 replicas=7 dmin=13.1 dmax=63.0 limit=97.6 speed=6.0 beyond=0 dup=0 chunks=9 orphans=0 carrierless=0 spawns=17 despawns=9 pawn=1
[nebula] [nebula-probe] t=73.1 pos=41.4,0.0,-87.8 cell=0,0,-2 origin=0,0,0 replicas=7 dmin=18.3 dmax=69.7 limit=97.6 speed=6.0 beyond=0 dup=0 chunks=9 orphans=0 carrierless=0 spawns=17 despawns=9 pawn=1
[nebula] [nebula-probe] t=74.1 pos=40.2,0.0,-93.7 cell=0,0,-2 origin=0,0,0 replicas=5 dmin=12.5 dmax=46.3 limit=97.6 speed=6.0 beyond=0 dup=0 chunks=9 orphans=0 carrierless=0 spawns=17 despawns=11 pawn=1
[nebula] client 30093 fps replicas 7 (+0.2/s -0.6/s) entities 7 in 133 pkt/s 13.7 KB/s 113 states/s (msgs: state 66 rpc 0 vars 0) rtt 0ms lead 4 (adj 1, worker saw 4) corrections 0 | full-rate interp: depth 2.4 ticks, starved 0.0% worst +0.0 | frame max 1.1ms fixed/frame max 1 | gaps>3t 0 worst 0t | render delay 3t (stream lag 0t) | snapshot age ms min 13.5 avg 16.4 max 20.5
[nebula] [nebula-probe] t=75.1 pos=39.1,0.0,-99.6 cell=0,0,-2 origin=0,0,0 replicas=6 dmin=7.2 dmax=50.0 limit=97.6 speed=6.0 beyond=0 dup=0 chunks=9 orphans=0 carrierless=0 spawns=18 despawns=11 pawn=1
[nebula] [nebula-probe] t=76.1 pos=38.0,0.0,-105.5 cell=0,0,-2 origin=0,0,0 replicas=6 dmin=4.4 dmax=54.1 limit=97.6 speed=6.0 beyond=0 dup=0 chunks=9 orphans=0 carrierless=0 spawns=18 despawns=11 pawn=1
[nebula] [nebula-probe] t=77.1 pos=37.0,0.0,-111.4 cell=0,0,-2 origin=0,0,0 replicas=7 dmin=1.2 dmax=58.4 limit=97.6 speed=6.0 beyond=0 dup=0 chunks=9 orphans=0 carrierless=0 spawns=19 despawns=11 pawn=1
[nebula] [nebula-probe] t=78.1 pos=37.1,0.0,-117.4 cell=0,0,-2 origin=0,0,0 replicas=7 dmin=4.8 dmax=63.4 limit=97.6 speed=6.0 beyond=0 dup=0 chunks=9 orphans=0 carrierless=0 spawns=19 despawns=11 pawn=1
[nebula] [nebula-probe] t=79.1 pos=37.1,0.0,-123.4 cell=0,0,-2 origin=0,0,0 replicas=7 dmin=10.8 dmax=69.2 limit=97.6 speed=6.0 beyond=0 dup=0 chunks=9 orphans=0 carrierless=0 spawns=19 despawns=11 pawn=1
[nebula] client 31978 fps replicas 6 (+0.2/s -0.4/s) entities 6 in 132 pkt/s 13.1 KB/s 72 states/s (msgs: state 62 rpc 0 vars 0) rtt 0ms lead 4 (adj 1, worker saw 4) corrections 1 last 0.10m | full-rate interp: depth 1.6 ticks, starved 0.0% worst +0.0 | frame max 0.9ms fixed/frame max 1 | gaps>3t 0 worst 0t | render delay 3t (stream lag 0t) | snapshot age ms min 11.5 avg 16.3 max 20.4
[nebula] [nebula-probe] t=80.1 pos=37.1,0.0,-129.3 cell=0,0,-3 origin=0,0,0 replicas=5 dmin=16.7 dmax=58.7 limit=97.4 speed=5.9 beyond=0 dup=0 chunks=9 orphans=0 carrierless=0 spawns=19 despawns=13 pawn=1
[nebula] [nebula-probe] t=81.1 pos=37.2,0.0,-135.3 cell=0,0,-3 origin=0,0,0 replicas=5 dmin=22.7 dmax=64.6 limit=97.6 speed=6.0 beyond=0 dup=0 chunks=9 orphans=0 carrierless=0 spawns=19 despawns=13 pawn=1
[nebula] [nebula-probe] t=82.1 pos=36.6,0.0,-137.2 cell=0,0,-3 origin=0,0,0 replicas=6 dmin=0.0 dmax=66.6 limit=91.2 speed=2.0 beyond=0 dup=0 chunks=12 orphans=0 carrierless=0 spawns=20 despawns=13 pawn=1
[nebula] [nebula-probe] t=83.1 pos=34.7,0.0,-131.5 cell=0,0,-3 origin=0,0,0 replicas=5 dmin=6.0 dmax=56.7 limit=97.6 speed=6.0 beyond=0 dup=0 chunks=9 orphans=0 carrierless=0 spawns=20 despawns=14 pawn=1
[nebula] [nebula-probe] t=84.1 pos=32.9,0.0,-125.8 cell=0,0,-2 origin=0,0,0 replicas=5 dmin=12.0 dmax=52.8 limit=97.6 speed=6.0 beyond=0 dup=0 chunks=9 orphans=0 carrierless=0 spawns=20 despawns=14 pawn=1
[nebula] client 33765 fps replicas 6 (+0.2/s -0.2/s) entities 6 in 133 pkt/s 10.4 KB/s 72 states/s (msgs: state 68 rpc 0 vars 0) rtt 0ms lead 4 (adj 1, worker saw 4) corrections 0 | full-rate interp: depth 1.5 ticks, starved 0.0% worst +0.0 | frame max 1.2ms fixed/frame max 1 | gaps>3t 0 worst 0t | render delay 3t (stream lag 0t) | snapshot age ms min 11.2 avg 13.5 max 20.4
[nebula] [nebula-probe] t=85.1 pos=31.1,0.0,-120.1 cell=0,0,-2 origin=0,0,0 replicas=5 dmin=9.6 dmax=49.3 limit=97.6 speed=6.0 beyond=0 dup=0 chunks=9 orphans=0 carrierless=0 spawns=20 despawns=14 pawn=1
[nebula] [nebula-probe] t=86.1 pos=29.2,0.0,-114.4 cell=0,0,-2 origin=0,0,0 replicas=5 dmin=8.0 dmax=46.2 limit=97.6 speed=6.0 beyond=0 dup=0 chunks=9 orphans=0 carrierless=0 spawns=20 despawns=14 pawn=1
[nebula] [nebula-probe] t=87.1 pos=27.4,0.0,-108.6 cell=0,0,-2 origin=0,0,0 replicas=7 dmin=10.4 dmax=43.9 limit=97.6 speed=6.0 beyond=0 dup=0 chunks=12 orphans=0 carrierless=0 spawns=22 despawns=14 pawn=1
[nebula] [nebula-probe] t=88.1 pos=25.6,0.0,-102.9 cell=0,0,-2 origin=0,0,0 replicas=7 dmin=15.0 dmax=42.2 limit=97.6 speed=6.0 beyond=0 dup=0 chunks=12 orphans=0 carrierless=0 spawns=22 despawns=14 pawn=1
[nebula] [nebula-probe] t=89.1 pos=23.8,0.0,-97.2 cell=0,0,-2 origin=0,0,0 replicas=8 dmin=19.8 dmax=45.4 limit=97.6 speed=6.0 beyond=0 dup=0 chunks=12 orphans=0 carrierless=0 spawns=23 despawns=14 pawn=1
[nebula] client 30073 fps replicas 10 (+0.8/s -0.0/s) entities 10 in 131 pkt/s 13.8 KB/s 108 states/s (msgs: state 64 rpc 0 vars 0) rtt 0ms lead 4 (adj 1, worker saw 4) corrections 0 | full-rate interp: depth 2.4 ticks, starved 0.0% worst +0.0 | frame max 1.0ms fixed/frame max 1 | gaps>3t 0 worst 0t | render delay 3t (stream lag 0t) | snapshot age ms min 12.4 avg 16.4 max 21.0
[nebula] [nebula-probe] t=90.1 pos=20.6,0.0,-96.4 cell=0,0,-2 origin=0,0,0 replicas=9 dmin=0.9 dmax=45.9 limit=93.1 speed=3.2 beyond=0 dup=0 chunks=12 orphans=0 carrierless=0 spawns=24 despawns=14 pawn=1
[nebula] [nebula-probe] t=91.1 pos=16.3,0.0,-100.5 cell=0,0,-2 origin=0,0,0 replicas=9 dmin=6.9 dmax=51.5 limit=97.6 speed=6.0 beyond=0 dup=0 chunks=12 orphans=0 carrierless=0 spawns=24 despawns=14 pawn=1
[nebula] [nebula-probe] t=92.1 pos=11.9,0.0,-104.6 cell=0,0,-2 origin=0,0,0 replicas=10 dmin=12.9 dmax=57.3 limit=97.6 speed=6.0 beyond=0 dup=0 chunks=12 orphans=0 carrierless=0 spawns=25 despawns=14 pawn=1
[nebula] [nebula-probe] t=93.1 pos=7.5,0.0,-108.7 cell=0,0,-2 origin=0,0,0 replicas=10 dmin=18.9 dmax=64.4 limit=97.6 speed=6.0 beyond=0 dup=0 chunks=12 orphans=0 carrierless=0 spawns=25 despawns=14 pawn=1
[nebula] [nebula-probe] t=94.1 pos=3.1,0.0,-112.8 cell=0,0,-2 origin=0,0,0 replicas=10 dmin=24.9 dmax=72.6 limit=97.6 speed=6.0 beyond=0 dup=0 chunks=12 orphans=0 carrierless=0 spawns=25 despawns=14 pawn=1
[nebula] client 37196 fps replicas 8 (+0.2/s -0.6/s) entities 8 in 132 pkt/s 13.7 KB/s 68 states/s (msgs: state 62 rpc 0 vars 0) rtt 0ms lead 4 (adj 1, worker saw 4) corrections 1 last 0.10m | full-rate interp: depth 1.6 ticks, starved 0.0% worst +0.0 | frame max 1.1ms fixed/frame max 1 | gaps>3t 0 worst 0t | render delay 3t (stream lag 0t) | snapshot age ms min 11.5 avg 16.2 max 20.8
[nebula] [nebula-probe] t=95.1 pos=-1.2,0.0,-116.8 cell=-1,0,-2 origin=0,0,0 replicas=7 dmin=26.8 dmax=69.0 limit=97.4 speed=5.9 beyond=0 dup=0 chunks=9 orphans=0 carrierless=0 spawns=25 despawns=17 pawn=1
[nebula] [nebula-probe] t=96.1 pos=-5.6,0.0,-120.9 cell=-1,0,-2 origin=0,0,0 replicas=6 dmin=20.8 dmax=55.0 limit=97.6 speed=6.0 beyond=0 dup=0 chunks=6 orphans=0 carrierless=0 spawns=25 despawns=18 pawn=1
[nebula] [nebula-probe] t=97.1 pos=-10.0,0.0,-125.0 cell=-1,0,-2 origin=0,0,0 replicas=6 dmin=14.9 dmax=60.7 limit=97.6 speed=6.0 beyond=0 dup=0 chunks=6 orphans=0 carrierless=0 spawns=25 despawns=18 pawn=1
[nebula] [nebula-probe] t=98.1 pos=-14.4,0.0,-129.1 cell=-1,0,-3 origin=0,0,0 replicas=6 dmin=8.9 dmax=66.6 limit=97.6 speed=6.0 beyond=0 dup=0 chunks=6 orphans=0 carrierless=0 spawns=25 despawns=18 pawn=1
[nebula] [nebula-probe] t=99.1 pos=-18.8,0.0,-133.2 cell=-1,0,-3 origin=0,0,0 replicas=5 dmin=2.9 dmax=66.8 limit=97.6 speed=6.0 beyond=0 dup=0 chunks=4 orphans=0 carrierless=0 spawns=25 despawns=19 pawn=1
[nebula] client 60325 fps replicas 6 (+0.2/s -0.6/s) entities 6 in 125 pkt/s 9.0 KB/s 60 states/s (msgs: state 60 rpc 0 vars 0) rtt 0ms lead 4 (adj 1, worker saw 4) corrections 0 | full-rate interp: depth 0.0 ticks, starved 0.0% worst +0.0 | frame max 0.9ms fixed/frame max 1 | gaps>3t 0 worst 0t | render delay 3t (stream lag 0t) | snapshot age ms min 11.2 avg 12.1 max 17.0
[nebula] [nebula-probe] t=100.1 pos=-22.3,0.0,-132.5 cell=-1,0,-3 origin=0,0,0 replicas=5 dmin=0.9 dmax=62.6 limit=93.7 speed=3.6 beyond=0 dup=0 chunks=9 orphans=0 carrierless=0 spawns=26 despawns=20 pawn=1
[nebula] [nebula-probe] t=101.1 pos=-25.0,0.0,-127.1 cell=-1,0,-2 origin=0,0,0 replicas=5 dmin=6.9 dmax=63.7 limit=97.6 speed=6.0 beyond=0 dup=0 chunks=9 orphans=0 carrierless=0 spawns=26 despawns=20 pawn=1
[nebula] [nebula-probe] t=102.1 pos=-27.7,0.0,-121.8 cell=-1,0,-2 origin=0,0,0 replicas=5 dmin=12.9 dmax=66.1 limit=97.6 speed=6.0 beyond=0 dup=0 chunks=9 orphans=0 carrierless=0 spawns=26 despawns=20 pawn=1
[nebula] [nebula-probe] t=103.1 pos=-30.3,0.0,-116.4 cell=-1,0,-2 origin=0,0,0 replicas=3 dmin=18.9 dmax=55.6 limit=97.6 speed=6.0 beyond=0 dup=0 chunks=6 orphans=0 carrierless=0 spawns=26 despawns=22 pawn=1
[nebula] [nebula-probe] t=104.1 pos=-33.0,0.0,-111.0 cell=-1,0,-2 origin=0,0,0 replicas=3 dmin=24.9 dmax=56.4 limit=97.6 speed=6.0 beyond=0 dup=0 chunks=6 orphans=0 carrierless=0 spawns=26 despawns=22 pawn=1
[nebula] client 58851 fps replicas 4 (+0.0/s -0.4/s) entities 4 in 127 pkt/s 10.6 KB/s 60 states/s (msgs: state 60 rpc 0 vars 0) rtt 0ms lead 4 (adj 1, worker saw 4) corrections 0 | full-rate interp: depth 0.0 ticks, starved 0.0% worst +0.0 | frame max 0.9ms fixed/frame max 1 | gaps>3t 0 worst 0t | render delay 3t (stream lag 0t) | snapshot age ms min 11.2 avg 12.1 max 18.0
[nebula] [nebula-probe] t=105.1 pos=-35.7,0.0,-105.7 cell=-1,0,-2 origin=0,0,0 replicas=3 dmin=30.9 dmax=57.8 limit=97.6 speed=6.0 beyond=0 dup=0 chunks=6 orphans=0 carrierless=0 spawns=26 despawns=22 pawn=1
[nebula] [nebula-probe] t=106.1 pos=-38.4,0.0,-100.3 cell=-1,0,-2 origin=0,0,0 replicas=3 dmin=36.9 dmax=59.8 limit=97.6 speed=6.0 beyond=0 dup=0 chunks=6 orphans=0 carrierless=0 spawns=26 despawns=22 pawn=1
[nebula] [nebula-probe] t=107.1 pos=-41.0,0.0,-94.9 cell=-1,0,-2 origin=0,0,0 replicas=3 dmin=42.9 dmax=62.3 limit=97.6 speed=6.0 beyond=0 dup=0 chunks=6 orphans=0 carrierless=0 spawns=26 despawns=22 pawn=1
[nebula] [nebula-probe] t=108.1 pos=-45.8,0.0,-96.6 cell=-1,0,-2 origin=0,0,0 replicas=3 dmin=43.8 dmax=67.1 limit=96.0 speed=5.0 beyond=0 dup=0 chunks=6 orphans=0 carrierless=0 spawns=26 despawns=22 pawn=1
[nebula] [nebula-probe] t=109.1 pos=-50.9,0.0,-99.7 cell=-1,0,-2 origin=0,0,0 replicas=2 dmin=44.4 dmax=45.7 limit=97.6 speed=6.0 beyond=0 dup=0 chunks=6 orphans=0 carrierless=0 spawns=26 despawns=23 pawn=1
[nebula] client 58972 fps replicas 3 (+0.0/s -0.2/s) entities 3 in 128 pkt/s 10.7 KB/s 60 states/s (msgs: state 60 rpc 0 vars 0) rtt 0ms lead 4 (adj 1, worker saw 4) corrections 0 | full-rate interp: depth 0.0 ticks, starved 0.0% worst +0.0 | frame max 1.0ms fixed/frame max 1 | gaps>3t 0 worst 0t | render delay 3t (stream lag 0t) | snapshot age ms min 11.2 avg 12.1 max 14.0
[nebula] [nebula-probe] t=110.1 pos=-56.0,0.0,-102.8 cell=-1,0,-2 origin=0,0,0 replicas=2 dmin=45.8 dmax=47.1 limit=97.6 speed=6.0 beyond=0 dup=0 chunks=6 orphans=0 carrierless=0 spawns=26 despawns=23 pawn=1
[nebula] [nebula-probe] t=111.1 pos=-61.2,0.0,-105.9 cell=-1,0,-2 origin=0,0,0 replicas=2 dmin=47.9 dmax=49.1 limit=97.6 speed=6.0 beyond=0 dup=0 chunks=6 orphans=0 carrierless=0 spawns=26 despawns=23 pawn=1
[nebula] [nebula-probe] t=112.1 pos=-62.8,0.0,-108.4 cell=-1,0,-2 origin=0,0,0 replicas=2 dmin=47.9 dmax=49.1 limit=92.9 speed=3.1 beyond=0 dup=0 chunks=6 orphans=0 carrierless=0 spawns=26 despawns=23 pawn=1
[nebula] [nebula-probe] t=113.1 pos=-57.0,0.0,-109.9 cell=-1,0,-2 origin=0,0,0 replicas=2 dmin=42.2 dmax=43.4 limit=97.6 speed=6.0 beyond=0 dup=0 chunks=6 orphans=0 carrierless=0 spawns=26 despawns=23 pawn=1
[nebula] [nebula-probe] t=114.1 pos=-51.2,0.0,-111.4 cell=-1,0,-2 origin=0,0,0 replicas=2 dmin=36.6 dmax=37.9 limit=97.6 speed=6.0 beyond=0 dup=0 chunks=6 orphans=0 carrierless=0 spawns=26 despawns=23 pawn=1
[nebula] client 62861 fps replicas 3 (+0.0/s -0.0/s) entities 3 in 126 pkt/s 9.6 KB/s 60 states/s (msgs: state 60 rpc 0 vars 0) rtt 0ms lead 4 (adj 1, worker saw 4) corrections 0 | full-rate interp: depth 0.0 ticks, starved 0.0% worst +0.0 | frame max 0.9ms fixed/frame max 1 | gaps>3t 0 worst 0t | render delay 3t (stream lag 0t) | snapshot age ms min 10.6 avg 12.2 max 18.6
[nebula] [nebula-probe] t=115.1 pos=-45.4,0.0,-112.8 cell=-1,0,-2 origin=0,0,0 replicas=2 dmin=31.2 dmax=32.5 limit=97.6 speed=6.0 beyond=0 dup=0 chunks=6 orphans=0 carrierless=0 spawns=26 despawns=23 pawn=1
[nebula] [nebula-probe] t=116.1 pos=-39.6,0.0,-114.3 cell=-1,0,-2 origin=0,0,0 replicas=2 dmin=26.0 dmax=27.3 limit=97.6 speed=6.0 beyond=0 dup=0 chunks=6 orphans=0 carrierless=0 spawns=26 despawns=23 pawn=1
[nebula] [nebula-probe] t=117.1 pos=-33.7,0.0,-115.7 cell=-1,0,-2 origin=0,0,0 replicas=2 dmin=21.2 dmax=22.6 limit=97.6 speed=6.0 beyond=0 dup=0 chunks=6 orphans=0 carrierless=0 spawns=26 despawns=23 pawn=1
[nebula] [nebula-probe] t=118.1 pos=-29.2,0.0,-117.9 cell=-1,0,-2 origin=0,0,0 replicas=3 dmin=1.1 dmax=18.5 limit=96.0 speed=5.0 beyond=0 dup=0 chunks=9 orphans=0 carrierless=0 spawns=27 despawns=23 pawn=1
[nebula] [nebula-probe] t=119.1 pos=-31.2,0.0,-123.5 cell=-1,0,-2 origin=0,0,0 replicas=3 dmin=4.9 dmax=14.8 limit=97.6 speed=6.0 beyond=0 dup=0 chunks=9 orphans=0 carrierless=0 spawns=27 despawns=23 pawn=1
[nebula] client 62497 fps replicas 4 (+0.2/s -0.0/s) entities 4 in 127 pkt/s 10.2 KB/s 60 states/s (msgs: state 60 rpc 0 vars 0) rtt 0ms lead 4 (adj 1, worker saw 4) corrections 0 | full-rate interp: depth 0.0 ticks, starved 0.0% worst +0.0 | frame max 0.9ms fixed/frame max 1 | gaps>3t 0 worst 0t | render delay 3t (stream lag 0t) | snapshot age ms min 11.2 avg 12.1 max 16.8
[nebula] [nebula-probe] t=120.1 pos=-33.2,0.0,-129.2 cell=-1,0,-3 origin=0,0,0 replicas=3 dmin=10.9 dmax=13.1 limit=97.6 speed=6.0 beyond=0 dup=0 chunks=9 orphans=0 carrierless=0 spawns=27 despawns=23 pawn=1
[nebula] [nebula-probe] t=121.1 pos=-35.2,0.0,-134.8 cell=-1,0,-3 origin=0,0,0 replicas=3 dmin=13.4 dmax=16.9 limit=97.6 speed=6.0 beyond=0 dup=0 chunks=9 orphans=0 carrierless=0 spawns=27 despawns=23 pawn=1
[nebula] [nebula-probe] t=122.1 pos=-37.2,0.0,-140.5 cell=-1,0,-3 origin=0,0,0 replicas=3 dmin=16.9 dmax=22.9 limit=97.6 speed=6.0 beyond=0 dup=0 chunks=9 orphans=0 carrierless=0 spawns=27 despawns=23 pawn=1
[nebula] [nebula-probe] t=123.1 pos=-39.2,0.0,-146.2 cell=-1,0,-3 origin=0,0,0 replicas=3 dmin=21.3 dmax=28.9 limit=97.6 speed=6.0 beyond=0 dup=0 chunks=9 orphans=0 carrierless=0 spawns=27 despawns=23 pawn=1
[nebula] [nebula-probe] t=124.1 pos=-41.2,0.0,-151.8 cell=-1,0,-3 origin=0,0,0 replicas=3 dmin=26.3 dmax=34.9 limit=97.6 speed=6.0 beyond=0 dup=0 chunks=9 orphans=0 carrierless=0 spawns=27 despawns=23 pawn=1
[nebula] client 62639 fps replicas 4 (+0.0/s -0.0/s) entities 4 in 128 pkt/s 12.1 KB/s 60 states/s (msgs: state 60 rpc 0 vars 0) rtt 0ms lead 4 (adj 1, worker saw 4) corrections 0 | full-rate interp: depth 0.0 ticks, starved 0.0% worst +0.0 | frame max 0.9ms fixed/frame max 1 | gaps>3t 0 worst 0t | render delay 3t (stream lag 0t) | snapshot age ms min 11.1 avg 12.2 max 17.1
[nebula] [nebula-probe] t=125.1 pos=-43.2,0.0,-157.5 cell=-1,0,-3 origin=0,0,0 replicas=3 dmin=31.7 dmax=40.9 limit=97.6 speed=6.0 beyond=0 dup=0 chunks=9 orphans=0 carrierless=0 spawns=27 despawns=23 pawn=1
[nebula] [nebula-probe] t=126.1 pos=-45.2,0.0,-163.1 cell=-1,0,-3 origin=0,0,0 replicas=3 dmin=37.2 dmax=46.9 limit=97.6 speed=6.0 beyond=0 dup=0 chunks=9 orphans=0 carrierless=0 spawns=27 despawns=23 pawn=1
[nebula] [nebula-probe] t=127.1 pos=-46.7,0.0,-167.5 cell=-1,0,-3 origin=0,0,0 replicas=4 dmin=1.4 dmax=51.5 limit=95.4 speed=4.6 beyond=0 dup=0 chunks=12 orphans=0 carrierless=0 spawns=28 despawns=23 pawn=1
[nebula] [nebula-probe] t=128.1 pos=-44.1,0.0,-162.1 cell=-1,0,-3 origin=0,0,0 replicas=4 dmin=4.6 dmax=45.5 limit=97.6 speed=6.0 beyond=0 dup=0 chunks=12 orphans=0 carrierless=0 spawns=28 despawns=23 pawn=1
[nebula] [nebula-probe] t=129.1 pos=-41.6,0.0,-156.6 cell=-1,0,-3 origin=0,0,0 replicas=4 dmin=10.6 dmax=39.6 limit=97.6 speed=6.0 beyond=0 dup=0 chunks=12 orphans=0 carrierless=0 spawns=28 despawns=23 pawn=1
[nebula] client 63029 fps replicas 5 (+0.2/s -0.0/s) entities 5 in 127 pkt/s 11.3 KB/s 60 states/s (msgs: state 60 rpc 0 vars 0) rtt 0ms lead 4 (adj 1, worker saw 4) corrections 0 | full-rate interp: depth 0.0 ticks, starved 0.0% worst +0.0 | frame max 0.9ms fixed/frame max 1 | gaps>3t 0 worst 0t | render delay 3t (stream lag 0t) | snapshot age ms min 11.3 avg 12.3 max 18.2
[nebula] [nebula-probe] t=130.1 pos=-39.0,0.0,-151.2 cell=-1,0,-3 origin=0,0,0 replicas=4 dmin=16.6 dmax=33.6 limit=97.6 speed=6.0 beyond=0 dup=0 chunks=12 orphans=0 carrierless=0 spawns=28 despawns=23 pawn=1
[nebula] [nebula-probe] t=131.1 pos=-36.5,0.0,-145.8 cell=-1,0,-3 origin=0,0,0 replicas=4 dmin=18.8 dmax=27.7 limit=97.6 speed=6.0 beyond=0 dup=0 chunks=12 orphans=0 carrierless=0 spawns=28 despawns=23 pawn=1
[nebula] [nebula-probe] t=132.1 pos=-34.0,0.0,-140.5 cell=-1,0,-3 origin=0,0,0 replicas=4 dmin=14.0 dmax=28.4 limit=97.3 speed=5.8 beyond=0 dup=0 chunks=12 orphans=0 carrierless=0 spawns=28 despawns=23 pawn=1
[nebula] [nebula-probe] t=133.1 pos=-35.7,0.0,-146.3 cell=-1,0,-3 origin=0,0,0 replicas=4 dmin=18.5 dmax=28.0 limit=97.6 speed=6.0 beyond=0 dup=0 chunks=12 orphans=0 carrierless=0 spawns=28 despawns=23 pawn=1
[nebula] [nebula-probe] t=134.1 pos=-37.4,0.0,-152.0 cell=-1,0,-3 origin=0,0,0 replicas=4 dmin=16.6 dmax=34.0 limit=97.6 speed=6.0 beyond=0 dup=0 chunks=12 orphans=0 carrierless=0 spawns=28 despawns=23 pawn=1
[nebula] client 62708 fps replicas 5 (+0.0/s -0.0/s) entities 5 in 127 pkt/s 11.9 KB/s 60 states/s (msgs: state 60 rpc 0 vars 0) rtt 0ms lead 4 (adj 1, worker saw 4) corrections 0 | full-rate interp: depth 0.0 ticks, starved 0.0% worst +0.0 | frame max 0.9ms fixed/frame max 1 | gaps>3t 0 worst 0t | render delay 3t (stream lag 0t) | snapshot age ms min 11.4 avg 14.0 max 17.6
[nebula] [nebula-probe] t=135.1 pos=-39.1,0.0,-157.8 cell=-1,0,-3 origin=0,0,0 replicas=4 dmin=11.0 dmax=40.0 limit=97.6 speed=6.0 beyond=0 dup=0 chunks=12 orphans=0 carrierless=0 spawns=28 despawns=23 pawn=1
[nebula] [nebula-probe] t=136.1 pos=-40.8,0.0,-163.6 cell=-1,0,-3 origin=0,0,0 replicas=4 dmin=5.9 dmax=46.0 limit=97.6 speed=6.0 beyond=0 dup=0 chunks=12 orphans=0 carrierless=0 spawns=28 despawns=23 pawn=1
[nebula] [nebula-probe] t=137.1 pos=-39.2,0.0,-159.9 cell=-1,0,-3 origin=0,0,0 replicas=4 dmin=9.4 dmax=42.1 limit=94.4 speed=4.0 beyond=0 dup=0 chunks=12 orphans=0 carrierless=0 spawns=28 despawns=23 pawn=1
[nebula] [nebula-probe] t=138.1 pos=-37.0,0.0,-154.3 cell=-1,0,-3 origin=0,0,0 replicas=4 dmin=15.0 dmax=36.1 limit=97.6 speed=6.0 beyond=0 dup=0 chunks=12 orphans=0 carrierless=0 spawns=28 despawns=23 pawn=1
[nebula] [nebula-probe] t=139.1 pos=-34.9,0.0,-148.7 cell=-1,0,-3 origin=0,0,0 replicas=5 dmin=19.5 dmax=45.8 limit=97.6 speed=6.0 beyond=0 dup=0 chunks=12 orphans=0 carrierless=0 spawns=29 despawns=23 pawn=1
[nebula] client 49906 fps replicas 6 (+0.2/s -0.0/s) entities 6 in 129 pkt/s 13.4 KB/s 66 states/s (msgs: state 61 rpc 0 vars 0) rtt 0ms lead 4 (adj 1, worker saw 4) corrections 0 | full-rate interp: depth 1.6 ticks, starved 0.0% worst +0.0 | frame max 0.9ms fixed/frame max 1 | gaps>3t 0 worst 0t | render delay 3t (stream lag 0t) | snapshot age ms min 11.6 avg 15.1 max 20.4
[nebula] [nebula-probe] t=140.1 pos=-32.7,0.0,-143.1 cell=-1,0,-3 origin=0,0,0 replicas=5 dmin=14.2 dmax=43.7 limit=97.6 speed=6.0 beyond=0 dup=0 chunks=12 orphans=0 carrierless=0 spawns=29 despawns=23 pawn=1
[nebula] [nebula-probe] t=141.1 pos=-30.5,0.0,-137.5 cell=-1,0,-3 origin=0,0,0 replicas=5 dmin=9.5 dmax=41.6 limit=97.6 speed=6.0 beyond=0 dup=0 chunks=12 orphans=0 carrierless=0 spawns=29 despawns=23 pawn=1
[nebula] [nebula-probe] t=142.1 pos=-28.3,0.0,-131.9 cell=-1,0,-3 origin=0,0,0 replicas=5 dmin=6.5 dmax=39.9 limit=97.6 speed=6.0 beyond=0 dup=0 chunks=12 orphans=0 carrierless=0 spawns=29 despawns=23 pawn=1
[nebula] [nebula-probe] t=143.1 pos=-26.1,0.0,-126.3 cell=-1,0,-2 origin=0,0,0 replicas=6 dmin=8.2 dmax=46.8 limit=97.6 speed=6.0 beyond=0 dup=0 chunks=12 orphans=0 carrierless=0 spawns=30 despawns=23 pawn=1
[nebula] [nebula-probe] t=144.1 pos=-23.9,0.0,-120.7 cell=-1,0,-2 origin=0,0,0 replicas=6 dmin=5.9 dmax=50.6 limit=97.6 speed=6.0 beyond=0 dup=0 chunks=12 orphans=0 carrierless=0 spawns=30 despawns=23 pawn=1
[nebula] client 31798 fps replicas 7 (+0.2/s -0.0/s) entities 7 in 129 pkt/s 12.4 KB/s 75 states/s (msgs: state 63 rpc 0 vars 0) rtt 0ms lead 4 (adj 1, worker saw 4) corrections 0 | full-rate interp: depth 1.5 ticks, starved 0.0% worst +0.0 | frame max 0.9ms fixed/frame max 1 | gaps>3t 0 worst 0t | render delay 3t (stream lag 0t) | snapshot age ms min 12.1 avg 15.2 max 20.7
[nebula] [nebula-probe] t=145.1 pos=-21.8,0.0,-115.1 cell=-1,0,-2 origin=0,0,0 replicas=6 dmin=8.7 dmax=56.6 limit=97.6 speed=6.0 beyond=0 dup=0 chunks=12 orphans=0 carrierless=0 spawns=30 despawns=23 pawn=1
[nebula] [nebula-probe] t=146.1 pos=-19.6,0.0,-111.3 cell=-1,0,-2 origin=0,0,0 replicas=8 dmin=1.2 dmax=62.1 limit=95.1 speed=4.4 beyond=0 dup=0 chunks=12 orphans=0 carrierless=0 spawns=32 despawns=23 pawn=1
[nebula] [nebula-probe] t=147.1 pos=-17.7,0.0,-116.9 cell=-1,0,-2 origin=0,0,0 replicas=8 dmin=4.8 dmax=62.1 limit=97.6 speed=6.0 beyond=0 dup=0 chunks=12 orphans=0 carrierless=0 spawns=32 despawns=23 pawn=1
[nebula] [nebula-probe] t=148.1 pos=-15.8,0.0,-122.6 cell=-1,0,-2 origin=0,0,0 replicas=8 dmin=10.8 dmax=62.0 limit=97.6 speed=6.0 beyond=0 dup=0 chunks=12 orphans=0 carrierless=0 spawns=32 despawns=23 pawn=1
[nebula] [nebula-probe] t=149.1 pos=-13.8,0.0,-128.3 cell=-1,0,-3 origin=0,0,0 replicas=8 dmin=9.5 dmax=62.0 limit=97.6 speed=6.0 beyond=0 dup=0 chunks=12 orphans=0 carrierless=0 spawns=32 despawns=23 pawn=1
[nebula] client 34177 fps replicas 9 (+0.4/s -0.0/s) entities 9 in 130 pkt/s 12.6 KB/s 67 states/s (msgs: state 62 rpc 0 vars 0) rtt 0ms lead 4 (adj 1, worker saw 4) corrections 0 | full-rate interp: depth 1.4 ticks, starved 0.0% worst +0.0 | frame max 0.9ms fixed/frame max 1 | gaps>3t 0 worst 0t | render delay 3t (stream lag 0t) | snapshot age ms min 12.1 avg 15.2 max 17.7
[nebula] [nebula-probe] t=150.1 pos=-11.9,0.0,-134.0 cell=-1,0,-3 origin=0,0,0 replicas=8 dmin=9.4 dmax=57.3 limit=97.6 speed=6.0 beyond=0 dup=0 chunks=12 orphans=0 carrierless=0 spawns=32 despawns=23 pawn=1
[nebula] [nebula-probe] t=151.1 pos=-10.0,0.0,-139.7 cell=-1,0,-3 origin=0,0,0 replicas=9 dmin=12.4 dmax=53.9 limit=97.6 speed=6.0 beyond=0 dup=0 chunks=12 orphans=0 carrierless=0 spawns=33 despawns=23 pawn=1
[nebula] [nebula-probe] t=152.1 pos=-8.1,0.0,-145.3 cell=-1,0,-3 origin=0,0,0 replicas=10 dmin=17.1 dmax=57.6 limit=97.6 speed=6.0 beyond=0 dup=0 chunks=12 orphans=0 carrierless=0 spawns=34 despawns=23 pawn=1
[nebula] [nebula-probe] t=153.1 pos=-6.1,0.0,-151.0 cell=-1,0,-3 origin=0,0,0 replicas=10 dmin=22.4 dmax=61.7 limit=97.6 speed=6.0 beyond=0 dup=0 chunks=12 orphans=0 carrierless=0 spawns=34 despawns=23 pawn=1
[nebula] [nebula-probe] t=154.1 pos=-5.3,0.0,-149.9 cell=-1,0,-3 origin=0,0,0 replicas=10 dmin=17.2 dmax=60.3 limit=90.2 speed=1.4 beyond=0 dup=0 chunks=12 orphans=0 carrierless=0 spawns=34 despawns=23 pawn=1
[nebula] client 32248 fps replicas 11 (+0.4/s -0.0/s) entities 11 in 132 pkt/s 15.5 KB/s 97 states/s (msgs: state 63 rpc 0 vars 0) rtt 0ms lead 4 (adj 1, worker saw 4) corrections 0 | full-rate interp: depth 2.4 ticks, starved 0.0% worst +0.0 | frame max 1.0ms fixed/frame max 1 | gaps>3t 0 worst 0t | render delay 3t (stream lag 0t) | snapshot age ms min 12.2 avg 16.0 max 20.5
[nebula] [nebula-probe] t=155.1 pos=-5.4,0.0,-143.9 cell=-1,0,-3 origin=0,0,0 replicas=10 dmin=15.6 dmax=55.0 limit=97.6 speed=6.0 beyond=0 dup=0 chunks=12 orphans=0 carrierless=0 spawns=34 despawns=23 pawn=1
[nebula] [nebula-probe] t=156.1 pos=-5.4,0.0,-137.9 cell=-1,0,-3 origin=0,0,0 replicas=10 dmin=15.5 dmax=50.6 limit=97.6 speed=6.0 beyond=0 dup=0 chunks=12 orphans=0 carrierless=0 spawns=34 despawns=23 pawn=1
[nebula] [nebula-probe] t=157.1 pos=-5.4,0.0,-131.9 cell=-1,0,-3 origin=0,0,0 replicas=12 dmin=16.1 dmax=55.6 limit=97.6 speed=6.0 beyond=0 dup=0 chunks=12 orphans=0 carrierless=0 spawns=36 despawns=23 pawn=1
[nebula] [nebula-probe] t=158.1 pos=-5.5,0.0,-125.9 cell=-1,0,-2 origin=0,0,0 replicas=12 dmin=18.1 dmax=60.7 limit=97.6 speed=6.0 beyond=0 dup=0 chunks=12 orphans=0 carrierless=0 spawns=36 despawns=23 pawn=1
[nebula] [nebula-probe] t=159.1 pos=-5.5,0.0,-119.9 cell=-1,0,-2 origin=0,0,0 replicas=12 dmin=15.7 dmax=66.1 limit=97.6 speed=6.0 beyond=0 dup=0 chunks=12 orphans=0 carrierless=0 spawns=36 despawns=23 pawn=1
[nebula] client 31601 fps replicas 12 (+0.4/s -0.2/s) entities 12 in 130 pkt/s 13.9 KB/s 120 states/s (msgs: state 64 rpc 0 vars 0) rtt 0ms lead 4 (adj 1, worker saw 4) corrections 0 | full-rate interp: depth 2.5 ticks, starved 0.0% worst +0.0 | frame max 0.9ms fixed/frame max 1 | gaps>3t 0 worst 0t | render delay 3t (stream lag 0t) | snapshot age ms min 12.4 avg 16.1 max 20.6
[nebula] [nebula-probe] t=160.1 pos=-5.5,0.0,-113.9 cell=-1,0,-2 origin=0,0,0 replicas=11 dmin=13.8 dmax=66.2 limit=97.6 speed=6.0 beyond=0 dup=0 chunks=9 orphans=0 carrierless=0 spawns=36 despawns=24 pawn=1
[nebula] [nebula-probe] t=161.1 pos=-5.5,0.0,-107.9 cell=-1,0,-2 origin=0,0,0 replicas=11 dmin=14.4 dmax=51.3 limit=97.6 speed=6.0 beyond=0 dup=0 chunks=9 orphans=0 carrierless=0 spawns=37 despawns=25 pawn=1
[nebula] [nebula-probe] t=162.1 pos=-5.6,0.0,-101.9 cell=-1,0,-2 origin=0,0,0 replicas=11 dmin=17.2 dmax=55.0 limit=97.6 speed=6.0 beyond=0 dup=0 chunks=9 orphans=0 carrierless=0 spawns=37 despawns=25 pawn=1
[nebula] [nebula-probe] t=163.1 pos=-5.3,0.0,-99.7 cell=-1,0,-2 origin=0,0,0 replicas=12 dmin=0.2 dmax=56.2 limit=91.6 speed=2.2 beyond=0 dup=0 chunks=9 orphans=0 carrierless=0 spawns=38 despawns=25 pawn=1
[nebula] [nebula-probe] t=164.1 pos=-4.3,0.0,-105.6 cell=-1,0,-2 origin=0,0,0 replicas=12 dmin=5.8 dmax=51.7 limit=97.6 speed=6.0 beyond=0 dup=0 chunks=9 orphans=0 carrierless=0 spawns=38 despawns=25 pawn=1
[nebula] client 32736 fps replicas 13 (+0.4/s -0.2/s) entities 13 in 131 pkt/s 12.0 KB/s 72 states/s (msgs: state 63 rpc 0 vars 0) rtt 0ms lead 4 (adj 1, worker saw 4) corrections 0 | full-rate interp: depth 1.5 ticks, starved 0.0% worst +0.0 | frame max 0.9ms fixed/frame max 1 | gaps>3t 0 worst 0t | render delay 3t (stream lag 0t) | snapshot age ms min 12.2 avg 16.2 max 19.7
[nebula] [nebula-probe] t=165.1 pos=-3.3,0.0,-111.5 cell=-1,0,-2 origin=0,0,0 replicas=12 dmin=11.8 dmax=51.2 limit=97.6 speed=6.0 beyond=0 dup=0 chunks=9 orphans=0 carrierless=0 spawns=38 despawns=25 pawn=1
[nebula] [nebula-probe] t=166.1 pos=-2.3,0.0,-117.4 cell=-1,0,-2 origin=0,0,0 replicas=12 dmin=17.6 dmax=54.2 limit=97.6 speed=6.0 beyond=0 dup=0 chunks=9 orphans=0 carrierless=0 spawns=38 despawns=25 pawn=1
[nebula] [nebula-probe] t=167.1 pos=-1.4,0.0,-123.4 cell=-1,0,-2 origin=0,0,0 replicas=12 dmin=20.9 dmax=58.5 limit=97.6 speed=6.0 beyond=0 dup=0 chunks=9 orphans=0 carrierless=0 spawns=38 despawns=25 pawn=1
[nebula] [nebula-probe] t=168.1 pos=-0.4,0.0,-129.3 cell=-1,0,-3 origin=0,0,0 replicas=12 dmin=21.1 dmax=63.8 limit=97.6 speed=6.0 beyond=0 dup=0 chunks=9 orphans=0 carrierless=0 spawns=38 despawns=25 pawn=1
[nebula] [nebula-probe] t=169.1 pos=0.6,0.0,-135.2 cell=0,0,-3 origin=0,0,0 replicas=12 dmin=19.1 dmax=69.9 limit=97.6 speed=6.0 beyond=0 dup=0 chunks=10 orphans=0 carrierless=0 spawns=38 despawns=25 pawn=1
[nebula] client 36376 fps replicas 14 (+0.4/s -0.2/s) entities 14 in 134 pkt/s 12.8 KB/s 67 states/s (msgs: state 67 rpc 0 vars 0) rtt 0ms lead 4 (adj 1, worker saw 4) corrections 0 | full-rate interp: depth 1.5 ticks, starved 0.0% worst +0.0 | frame max 0.9ms fixed/frame max 1 | gaps>3t 0 worst 0t | render delay 3t (stream lag 0t) | snapshot age ms min 12.5 avg 16.2 max 20.0
[nebula] [nebula-probe] t=170.1 pos=3.8,0.0,-140.1 cell=0,0,-3 origin=0,0,0 replicas=13 dmin=2.8 dmax=51.4 limit=97.4 speed=5.9 beyond=0 dup=0 chunks=9 orphans=0 carrierless=0 spawns=40 despawns=26 pawn=1
[nebula] [nebula-probe] t=171.1 pos=7.5,0.0,-144.8 cell=0,0,-3 origin=0,0,0 replicas=13 dmin=8.8 dmax=52.1 limit=97.6 speed=6.0 beyond=0 dup=0 chunks=9 orphans=0 carrierless=0 spawns=40 despawns=26 pawn=1
[nebula] [nebula-probe] t=172.1 pos=11.2,0.0,-149.6 cell=0,0,-3 origin=0,0,0 replicas=14 dmin=14.8 dmax=54.7 limit=97.6 speed=6.0 beyond=0 dup=0 chunks=9 orphans=0 carrierless=0 spawns=41 despawns=26 pawn=1
[nebula] [nebula-probe] t=173.1 pos=14.9,0.0,-154.3 cell=0,0,-3 origin=0,0,0 replicas=15 dmin=18.9 dmax=58.8 limit=97.6 speed=6.0 beyond=0 dup=0 chunks=9 orphans=0 carrierless=0 spawns=42 despawns=26 pawn=1
[nebula] [nebula-probe] t=174.1 pos=13.2,0.0,-153.1 cell=0,0,-3 origin=0,0,0 replicas=15 dmin=18.3 dmax=57.9 limit=91.3 speed=2.0 beyond=0 dup=0 chunks=9 orphans=0 carrierless=0 spawns=42 despawns=26 pawn=1
[nebula] client 38393 fps replicas 16 (+0.4/s -0.0/s) entities 16 in 129 pkt/s 11.5 KB/s 71 states/s (msgs: state 62 rpc 0 vars 0) rtt 0ms lead 4 (adj 1, worker saw 4) corrections 0 | full-rate interp: depth 1.5 ticks, starved 0.0% worst +0.0 | frame max 0.9ms fixed/frame max 1 | gaps>3t 0 worst 0t | render delay 3t (stream lag 0t) | snapshot age ms min 12.8 avg 16.2 max 20.2
[nebula] [nebula-probe] t=175.1 pos=8.9,0.0,-149.0 cell=0,0,-3 origin=0,0,0 replicas=15 dmin=13.0 dmax=54.7 limit=97.6 speed=6.0 beyond=0 dup=0 chunks=9 orphans=0 carrierless=0 spawns=42 despawns=26 pawn=1
[nebula] [nebula-probe] t=176.1 pos=4.5,0.0,-144.9 cell=0,0,-3 origin=0,0,0 replicas=15 dmin=7.4 dmax=60.5 limit=97.6 speed=6.0 beyond=0 dup=0 chunks=9 orphans=0 carrierless=0 spawns=42 despawns=26 pawn=1
[nebula] [nebula-probe] t=177.1 pos=0.1,0.0,-140.8 cell=0,0,-3 origin=0,0,0 replicas=15 dmin=3.5 dmax=67.5 limit=97.6 speed=6.0 beyond=0 dup=0 chunks=9 orphans=0 carrierless=0 spawns=42 despawns=26 pawn=1
[nebula] [nebula-probe] t=178.1 pos=-4.3,0.0,-136.7 cell=-1,0,-3 origin=0,0,0 replicas=14 dmin=6.5 dmax=58.2 limit=97.6 speed=6.0 beyond=0 dup=0 chunks=6 orphans=0 carrierless=0 spawns=42 despawns=27 pawn=1
[nebula] [nebula-probe] t=179.1 pos=-8.7,0.0,-132.6 cell=-1,0,-3 origin=0,0,0 replicas=14 dmin=12.0 dmax=63.2 limit=97.6 speed=6.0 beyond=0 dup=0 chunks=6 orphans=0 carrierless=0 spawns=42 despawns=27 pawn=1
[nebula] client 45566 fps replicas 17 (+0.4/s -0.2/s) entities 17 in 131 pkt/s 11.4 KB/s 64 states/s (msgs: state 63 rpc 0 vars 0) rtt 0ms lead 4 (adj 1, worker saw 4) corrections 0 | full-rate interp: depth 1.4 ticks, starved 0.0% worst +0.0 | frame max 1.0ms fixed/frame max 1 | gaps>3t 0 worst 0t | render delay 3t (stream lag 0t) | snapshot age ms min 12.8 avg 16.3 max 19.6
[nebula] [nebula-probe] t=180.1 pos=-9.2,0.0,-136.6 cell=-1,0,-3 origin=0,0,0 replicas=16 dmin=2.7 dmax=63.0 limit=94.4 speed=4.0 beyond=0 dup=0 chunks=9 orphans=0 carrierless=0 spawns=44 despawns=27 pawn=1
[nebula] [nebula-probe] t=181.1 pos=-8.7,0.0,-142.6 cell=-1,0,-3 origin=0,0,0 replicas=16 dmin=8.7 dmax=62.7 limit=97.6 speed=6.0 beyond=0 dup=0 chunks=9 orphans=0 carrierless=0 spawns=44 despawns=27 pawn=1
[nebula] [nebula-probe] t=182.1 pos=-8.2,0.0,-148.6 cell=-1,0,-3 origin=0,0,0 replicas=16 dmin=14.7 dmax=66.0 limit=97.6 speed=6.0 beyond=0 dup=0 chunks=9 orphans=0 carrierless=0 spawns=44 despawns=27 pawn=1
[nebula] [nebula-probe] t=183.1 pos=-7.8,0.0,-154.5 cell=-1,0,-3 origin=0,0,0 replicas=15 dmin=19.3 dmax=65.6 limit=97.6 speed=6.0 beyond=0 dup=0 chunks=9 orphans=0 carrierless=0 spawns=44 despawns=28 pawn=1
[nebula] [nebula-probe] t=184.1 pos=-7.3,0.0,-160.5 cell=-1,0,-3 origin=0,0,0 replicas=14 dmin=24.5 dmax=68.8 limit=97.6 speed=6.0 beyond=0 dup=0 chunks=9 orphans=0 carrierless=0 spawns=44 despawns=29 pawn=1
[nebula] client 60265 fps replicas 14 (+0.0/s -0.6/s) entities 14 in 130 pkt/s 12.5 KB/s 60 states/s (msgs: state 60 rpc 0 vars 0) rtt 0ms lead 4 (adj 1, worker saw 4) corrections 0 | full-rate interp: depth 0.0 ticks, starved 0.0% worst +0.0 | frame max 0.9ms fixed/frame max 1 | gaps>3t 0 worst 0t | render delay 3t (stream lag 0t) | snapshot age ms min 12.9 avg 16.3 max 21.1
[nebula] [nebula-probe] t=185.1 pos=-6.8,0.0,-166.5 cell=-1,0,-3 origin=0,0,0 replicas=13 dmin=29.9 dmax=69.5 limit=97.6 speed=6.0 beyond=0 dup=0 chunks=9 orphans=0 carrierless=0 spawns=44 despawns=30 pawn=1
[nebula] [nebula-probe] t=186.1 pos=-6.4,0.0,-172.5 cell=-1,0,-3 origin=0,0,0 replicas=11 dmin=31.3 dmax=64.9 limit=97.6 speed=6.0 beyond=0 dup=0 chunks=9 orphans=0 carrierless=0 spawns=44 despawns=32 pawn=1
[nebula] [nebula-probe] t=187.1 pos=-5.9,0.0,-178.5 cell=-1,0,-3 origin=0,0,0 replicas=10 dmin=30.2 dmax=67.4 limit=97.6 speed=6.0 beyond=0 dup=0 chunks=9 orphans=0 carrierless=0 spawns=44 despawns=33 pawn=1
[nebula] [nebula-probe] t=188.1 pos=-5.4,0.0,-184.5 cell=-1,0,-3 origin=0,0,0 replicas=9 dmin=30.2 dmax=69.9 limit=97.6 speed=6.0 beyond=0 dup=0 chunks=9 orphans=0 carrierless=0 spawns=44 despawns=34 pawn=1
[nebula] [nebula-probe] t=189.1 pos=-4.5,0.0,-186.7 cell=-1,0,-3 origin=0,0,0 replicas=9 dmin=0.2 dmax=64.3 limit=91.9 speed=2.4 beyond=0 dup=0 chunks=9 orphans=0 carrierless=0 spawns=45 despawns=35 pawn=1
[nebula] client 57478 fps replicas 10 (+0.2/s -1.0/s) entities 10 in 127 pkt/s 10.6 KB/s 60 states/s (msgs: state 60 rpc 0 vars 0) rtt 0ms lead 4 (adj 1, worker saw 4) corrections 0 | full-rate interp: depth 0.0 ticks, starved 0.0% worst +0.0 | frame max 1.2ms fixed/frame max 1 | gaps>3t 0 worst 0t | render delay 3t (stream lag 0t) | snapshot age ms min 12.8 avg 16.3 max 20.6
[nebula] [nebula-probe] t=190.1 pos=-2.8,0.0,-181.0 cell=-1,0,-3 origin=0,0,0 replicas=9 dmin=5.8 dmax=58.8 limit=97.6 speed=6.0 beyond=0 dup=0 chunks=9 orphans=0 carrierless=0 spawns=45 despawns=35 pawn=1
[nebula] [nebula-probe] t=191.1 pos=-1.0,0.0,-175.3 cell=-1,0,-3 origin=0,0,0 replicas=9 dmin=11.8 dmax=53.5 limit=97.6 speed=6.0 beyond=0 dup=0 chunks=9 orphans=0 carrierless=0 spawns=45 despawns=35 pawn=1
[nebula] [nebula-probe] t=192.1 pos=0.7,0.0,-169.5 cell=0,0,-3 origin=0,0,0 replicas=9 dmin=17.8 dmax=48.2 limit=97.6 speed=6.0 beyond=0 dup=0 chunks=9 orphans=0 carrierless=0 spawns=45 despawns=35 pawn=1
[nebula] [nebula-probe] t=193.1 pos=2.5,0.0,-163.8 cell=0,0,-3 origin=0,0,0 replicas=9 dmin=23.8 dmax=48.6 limit=97.6 speed=6.0 beyond=0 dup=0 chunks=9 orphans=0 carrierless=0 spawns=45 despawns=35 pawn=1
[nebula] [nebula-probe] t=194.1 pos=4.3,0.0,-158.0 cell=0,0,-3 origin=0,0,0 replicas=9 dmin=20.2 dmax=51.0 limit=97.6 speed=6.0 beyond=0 dup=0 chunks=9 orphans=0 carrierless=0 spawns=45 despawns=35 pawn=1
[nebula] client 57537 fps replicas 12 (+0.4/s -0.0/s) entities 12 in 128 pkt/s 11.6 KB/s 60 states/s (msgs: state 60 rpc 0 vars 0) rtt 0ms lead 4 (adj 1, worker saw 4) corrections 0 | full-rate interp: depth 0.0 ticks, starved 0.0% worst +0.0 | frame max 1.0ms fixed/frame max 1 | gaps>3t 0 worst 0t | render delay 3t (stream lag 0t) | snapshot age ms min 12.9 avg 16.4 max 17.6
[nebula] [nebula-probe] t=195.1 pos=6.0,0.0,-152.3 cell=0,0,-3 origin=0,0,0 replicas=11 dmin=14.9 dmax=53.9 limit=97.6 speed=6.0 beyond=0 dup=0 chunks=12 orphans=0 carrierless=0 spawns=47 despawns=35 pawn=1
[nebula] [nebula-probe] t=196.1 pos=9.1,0.0,-147.2 cell=0,0,-3 origin=0,0,0 replicas=13 dmin=11.7 dmax=58.3 limit=97.5 speed=5.9 beyond=0 dup=0 chunks=12 orphans=0 carrierless=0 spawns=49 despawns=35 pawn=1
[nebula] [nebula-probe] t=197.1 pos=12.7,0.0,-142.4 cell=0,0,-3 origin=0,0,0 replicas=17 dmin=9.5 dmax=63.4 limit=97.6 speed=6.0 beyond=0 dup=0 chunks=12 orphans=0 carrierless=0 spawns=53 despawns=35 pawn=1
[nebula] [nebula-probe] t=198.1 pos=16.3,0.0,-137.7 cell=0,0,-3 origin=0,0,0 replicas=18 dmin=3.8 dmax=68.6 limit=97.6 speed=6.0 beyond=0 dup=0 chunks=12 orphans=0 carrierless=0 spawns=54 despawns=35 pawn=1
[nebula] [nebula-probe] t=199.1 pos=19.9,0.0,-132.9 cell=0,0,-3 origin=0,0,0 replicas=19 dmin=3.1 dmax=59.0 limit=97.6 speed=6.0 beyond=0 dup=0 chunks=9 orphans=0 carrierless=0 spawns=56 despawns=36 pawn=1
[nebula] client 39655 fps replicas 21 (+2.0/s -0.2/s) entities 21 in 137 pkt/s 14.0 KB/s 73 states/s (msgs: state 66 rpc 0 vars 0) rtt 0ms lead 4 (adj 1, worker saw 4) corrections 0 | full-rate interp: depth 2.0 ticks, starved 0.0% worst +0.0 | frame max 1.0ms fixed/frame max 1 | gaps>3t 0 worst 0t | render delay 3t (stream lag 0t) | snapshot age ms min 13.3 avg 16.5 max 21.7
[nebula] [nebula-probe] t=200.1 pos=23.5,0.0,-128.1 cell=0,0,-3 origin=0,0,0 replicas=20 dmin=8.8 dmax=64.8 limit=97.6 speed=6.0 beyond=0 dup=0 chunks=9 orphans=0 carrierless=0 spawns=57 despawns=36 pawn=1
[nebula] [nebula-probe] t=201.1 pos=27.1,0.0,-123.3 cell=0,0,-2 origin=0,0,0 replicas=20 dmin=14.6 dmax=70.7 limit=97.6 speed=6.0 beyond=0 dup=0 chunks=9 orphans=0 carrierless=0 spawns=57 despawns=36 pawn=1
[nebula] [nebula-probe] t=202.1 pos=30.8,0.0,-118.5 cell=0,0,-2 origin=0,0,0 replicas=20 dmin=8.6 dmax=60.7 limit=97.6 speed=6.0 beyond=0 dup=0 chunks=9 orphans=0 carrierless=0 spawns=58 despawns=37 pawn=1
[nebula] [nebula-probe] t=203.1 pos=34.4,0.0,-113.7 cell=0,0,-2 origin=0,0,0 replicas=22 dmin=2.9 dmax=65.9 limit=97.6 speed=6.0 beyond=0 dup=0 chunks=9 orphans=0 carrierless=0 spawns=60 despawns=37 pawn=1
[nebula] [nebula-probe] t=204.1 pos=38.0,0.0,-108.9 cell=0,0,-2 origin=0,0,0 replicas=24 dmin=3.8 dmax=68.3 limit=97.6 speed=6.0 beyond=0 dup=0 chunks=9 orphans=0 carrierless=0 spawns=63 despawns=38 pawn=1
[nebula] client 28942 fps replicas 22 (+1.2/s -1.0/s) entities 22 in 134 pkt/s 13.4 KB/s 124 states/s (msgs: state 66 rpc 0 vars 0) rtt 0ms lead 4 (adj 1, worker saw 4) corrections 0 | full-rate interp: depth 2.4 ticks, starved 0.0% worst +0.0 | frame max 1.0ms fixed/frame max 1 | gaps>3t 0 worst 0t | render delay 3t (stream lag 0t) | snapshot age ms min 15.6 avg 17.4 max 21.4
[nebula] [nebula-probe] t=205.1 pos=41.8,0.0,-104.3 cell=0,0,-2 origin=0,0,0 replicas=21 dmin=1.8 dmax=61.6 limit=97.6 speed=6.0 beyond=0 dup=0 chunks=9 orphans=0 carrierless=0 spawns=63 despawns=41 pawn=1
[nebula] [nebula-probe] t=206.1 pos=45.9,0.0,-99.9 cell=0,0,-2 origin=0,0,0 replicas=27 dmin=4.2 dmax=66.3 limit=97.6 speed=6.0 beyond=0 dup=0 chunks=9 orphans=0 carrierless=0 spawns=69 despawns=41 pawn=1
[nebula] [nebula-probe] t=207.1 pos=49.9,0.0,-95.5 cell=0,0,-2 origin=0,0,0 replicas=25 dmin=6.4 dmax=64.0 limit=97.6 speed=6.0 beyond=0 dup=0 chunks=9 orphans=0 carrierless=0 spawns=69 despawns=43 pawn=1
[nebula] [nebula-probe] t=208.1 pos=54.0,0.0,-91.0 cell=0,0,-2 origin=0,0,0 replicas=25 dmin=11.7 dmax=70.0 limit=97.6 speed=6.0 beyond=0 dup=0 chunks=9 orphans=0 carrierless=0 spawns=69 despawns=43 pawn=1
