Mono path[0] = 'C:/Dev/nebula-virtualworld/Builds/Win64/Nebula_Data/Managed'
Mono config path = 'C:/Dev/nebula-virtualworld/Builds/Win64/MonoBleedingEdge/etc'
CodeReloadManager initialized
Found 1 interfaces on host : 0) 192.168.4.54
Player connection [4452]  Target information:

Player connection [4452]  * "[IP] 192.168.4.54 [Port] 55005 [Flags] 2 [Guid] 3624705505 [EditorId] 1773059659 [Version] 1048832 [Id] WindowsPlayer(2,Atlas) [Debug] 0 [PackageName] WindowsPlayer [ProjectName] nebula-virtualworld" 

Player connection [4452] Started UDP target info broadcast (1) on [225.0.0.222:54997].

Input System module state changed to: Initialized.
[Physics::Module] Initialized fallback backend.
[Physics::Module] Id: 0xdecafbad
Initialize engine version: 6000.6.0f1 (f7f8ed4d1e24)
[EntityIdStore] init: VM path (explicit commit), pageSize=4096, blockCount=1048576, entitiesPerBlock=256, slots reserved=4294967296 bytes
[Subsystems] Discovering subsystems at path C:/Dev/nebula-virtualworld/Builds/Win64/Nebula_Data/UnitySubsystems
Forcing GfxDevice: Null
GfxDevice: creating device client; kGfxThreadingModeNonThreaded
NullGfxDevice:
    Version:  NULL 1.0 [1.0]
    Renderer: Null Device
    Vendor:   Unity Technologies
Begin MonoManager ReloadAssembly
- Finished resetting the current domain, in  0.008 seconds
[Physics::Module] Selected backend.
[Physics::Module] Name: PhysX
[Physics::Module] Id: 0xf2b8ea05
[Physics::Module] SDK Version: 4.1.2
[Physics::Module] Integration Version: 1.0.0
[Physics::Module] Threading Mode: Multi-Threaded
Microsoft Media Foundation video decoding to texture disabled: graphics device is Null, only Direct3D 11 and Direct3D 12 (only on desktop) are supported for hardware-accelerated video decoding.
UnloadTime: 0.447200 ms
[nebula] boot roles=Client scene=World tickRate=60
[nebula] containers: 0 (runtime world)
[nebula] connecting to gateway 127.0.0.1:7200 as 'bot5'
[nebula] chunked world: cell (64.00, 512.00, 64.00) (planar), near 2 cell(s), allocator ring 3, retire after 30s
[nebula] client 0 fps replicas 0 (+0.0/s -0.0/s) entities 0 in 0 pkt/s 0.0 KB/s 0 states/s (msgs: state 0 rpc 0 vars 0) rtt -1ms lead 0 (adj 0, worker saw 0) corrections 0 | full-rate interp: depth 0.0 ticks, starved 0.0% worst +0.0 | frame max 75.6ms fixed/frame max 1 | gaps>3t 0 worst 0t | render delay 0t (stream lag 0t) | snapshot age ms min 0.0 avg 0.0 max 0.0
[nebula] [nebula-probe] t=0.1 pos=0.0,0.0,0.0 cell=0,0,0 origin=0,0,0 replicas=0 dmin=0.0 dmax=0.0 limit=88.0 speed=0.0 beyond=0 dup=0 chunks=0 orphans=0 carrierless=0 spawns=0 despawns=0 pawn=0
[nebula] welcome: clientId=3825002173356310529 identity=f69bf0da4849 serverTick=1365003743
[nebula] world starting, about 3 s: no worker is running yet; holding the join
[nebula] [nebula-probe] t=1.1 pos=0.0,0.0,0.0 cell=0,0,0 origin=0,0,0 replicas=0 dmin=0.0 dmax=0.0 limit=88.0 speed=0.0 beyond=0 dup=0 chunks=0 orphans=0 carrierless=0 spawns=0 despawns=0 pawn=0
[nebula] [nebula-probe] t=2.1 pos=0.0,0.0,0.0 cell=0,0,0 origin=0,0,0 replicas=0 dmin=0.0 dmax=0.0 limit=88.0 speed=0.0 beyond=0 dup=0 chunks=0 orphans=0 carrierless=0 spawns=0 despawns=0 pawn=0
[nebula] [nebula-probe] t=3.1 pos=0.0,0.0,0.0 cell=0,0,0 origin=0,0,0 replicas=0 dmin=0.0 dmax=0.0 limit=88.0 speed=0.0 beyond=0 dup=0 chunks=0 orphans=0 carrierless=0 spawns=0 despawns=0 pawn=0
[nebula] joined the world
[nebula] [vw-bot] mode=Wander
[nebula] local player spawned: Player(Clone)#1125899906842625(e1,rt_4398046511106,local)
[nebula] [nebula-probe] t=4.1 pos=70.9,0.0,173.3 cell=1,0,2 origin=0,0,0 replicas=1 dmin=1.5 dmax=1.5 limit=88.0 speed=0.0 beyond=0 dup=0 chunks=9 orphans=0 carrierless=0 spawns=2 despawns=0 pawn=1
[nebula] client 65000 fps replicas 2 (+0.4/s -0.0/s) entities 2 in 43 pkt/s 3.7 KB/s 19 states/s (msgs: state 19 rpc 0 vars 0) rtt 0ms lead 3 (adj 0, worker saw 3) corrections 1 last 0.10m | full-rate interp: depth 0.0 ticks, starved 0.0% worst +0.0 | frame max 305.2ms fixed/frame max 1 | gaps>3t 1 worst 4t | render delay 3t (stream lag 0t) | snapshot age ms min 10.9 avg 12.7 max 46.9
[nebula] [nebula-probe] t=5.1 pos=66.2,0.0,169.7 cell=1,0,2 origin=0,0,0 replicas=1 dmin=7.5 dmax=7.5 limit=97.6 speed=6.0 beyond=0 dup=0 chunks=9 orphans=0 carrierless=0 spawns=2 despawns=0 pawn=1
[nebula] [nebula-probe] t=6.1 pos=61.4,0.0,166.1 cell=0,0,2 origin=0,0,0 replicas=1 dmin=13.5 dmax=13.5 limit=97.6 speed=6.0 beyond=0 dup=0 chunks=9 orphans=0 carrierless=0 spawns=2 despawns=0 pawn=1
[nebula] [nebula-probe] t=7.1 pos=56.6,0.0,162.4 cell=0,0,2 origin=0,0,0 replicas=1 dmin=19.5 dmax=19.5 limit=97.6 speed=6.0 beyond=0 dup=0 chunks=9 orphans=0 carrierless=0 spawns=2 despawns=0 pawn=1
[nebula] [nebula-probe] t=8.1 pos=51.9,0.0,158.8 cell=0,0,2 origin=0,0,0 replicas=1 dmin=25.5 dmax=25.5 limit=97.6 speed=6.0 beyond=0 dup=0 chunks=9 orphans=0 carrierless=0 spawns=2 despawns=0 pawn=1
[nebula] [nebula-probe] t=9.1 pos=47.1,0.0,155.2 cell=0,0,2 origin=0,0,0 replicas=1 dmin=31.5 dmax=31.5 limit=97.6 speed=6.0 beyond=0 dup=0 chunks=9 orphans=0 carrierless=0 spawns=2 despawns=0 pawn=1
[nebula] client 64378 fps replicas 2 (+0.0/s -0.0/s) entities 2 in 124 pkt/s 9.4 KB/s 60 states/s (msgs: state 60 rpc 0 vars 0) rtt 0ms lead 3 (adj 0, worker saw 3) corrections 0 | full-rate interp: depth 0.0 ticks, starved 0.0% worst +0.0 | frame max 0.8ms fixed/frame max 1 | gaps>3t 0 worst 0t | render delay 3t (stream lag 0t) | snapshot age ms min 11.0 avg 12.1 max 18.2
[nebula] [nebula-probe] t=10.1 pos=42.3,0.0,151.5 cell=0,0,2 origin=0,0,0 replicas=1 dmin=37.5 dmax=37.5 limit=97.6 speed=6.0 beyond=0 dup=0 chunks=9 orphans=0 carrierless=0 spawns=2 despawns=0 pawn=1
[nebula] [nebula-probe] t=11.1 pos=37.5,0.0,147.9 cell=0,0,2 origin=0,0,0 replicas=1 dmin=43.5 dmax=43.5 limit=97.6 speed=6.0 beyond=0 dup=0 chunks=9 orphans=0 carrierless=0 spawns=2 despawns=0 pawn=1
[nebula] [nebula-probe] t=12.1 pos=32.8,0.0,144.3 cell=0,0,2 origin=0,0,0 replicas=1 dmin=49.5 dmax=49.5 limit=97.6 speed=6.0 beyond=0 dup=0 chunks=9 orphans=0 carrierless=0 spawns=2 despawns=0 pawn=1
[nebula] [nebula-probe] t=13.1 pos=29.4,0.0,148.7 cell=0,0,2 origin=0,0,0 replicas=2 dmin=3.5 dmax=49.8 limit=96.9 speed=5.6 beyond=0 dup=0 chunks=12 orphans=0 carrierless=0 spawns=3 despawns=0 pawn=1
[nebula] [nebula-probe] t=14.1 pos=26.2,0.0,153.8 cell=0,0,2 origin=0,0,0 replicas=2 dmin=9.5 dmax=50.3 limit=97.6 speed=6.0 beyond=0 dup=0 chunks=12 orphans=0 carrierless=0 spawns=3 despawns=0 pawn=1
[nebula] client 64644 fps replicas 3 (+0.2/s -0.0/s) entities 3 in 124 pkt/s 10.0 KB/s 60 states/s (msgs: state 60 rpc 0 vars 0) rtt 0ms lead 4 (adj 1, worker saw 4) corrections 1 last 0.10m | full-rate interp: depth 0.0 ticks, starved 0.0% worst +0.0 | frame max 0.8ms fixed/frame max 1 | gaps>3t 0 worst 0t | render delay 3t (stream lag 0t) | snapshot age ms min 10.9 avg 12.1 max 16.1
[nebula] [nebula-probe] t=15.1 pos=22.9,0.0,158.8 cell=0,0,2 origin=0,0,0 replicas=2 dmin=15.5 dmax=51.6 limit=97.6 speed=6.0 beyond=0 dup=0 chunks=12 orphans=0 carrierless=0 spawns=3 despawns=0 pawn=1
[nebula] [nebula-probe] t=16.1 pos=19.7,0.0,163.9 cell=0,0,2 origin=0,0,0 replicas=2 dmin=21.5 dmax=53.5 limit=97.6 speed=6.0 beyond=0 dup=0 chunks=12 orphans=0 carrierless=0 spawns=3 despawns=0 pawn=1
[nebula] [nebula-probe] t=17.1 pos=16.4,0.0,168.9 cell=0,0,2 origin=0,0,0 replicas=2 dmin=27.5 dmax=56.0 limit=97.6 speed=6.0 beyond=0 dup=0 chunks=12 orphans=0 carrierless=0 spawns=3 despawns=0 pawn=1
[nebula] [nebula-probe] t=18.1 pos=13.2,0.0,174.0 cell=0,0,2 origin=0,0,0 replicas=2 dmin=33.5 dmax=58.9 limit=97.6 speed=6.0 beyond=0 dup=0 chunks=12 orphans=0 carrierless=0 spawns=3 despawns=0 pawn=1
[nebula] [nebula-probe] t=19.1 pos=10.5,0.0,177.2 cell=0,0,2 origin=0,0,0 replicas=2 dmin=37.6 dmax=61.7 limit=94.7 speed=4.2 beyond=0 dup=0 chunks=12 orphans=0 carrierless=0 spawns=3 despawns=0 pawn=1
[nebula] client 64529 fps replicas 3 (+0.0/s -0.0/s) entities 3 in 127 pkt/s 11.9 KB/s 60 states/s (msgs: state 60 rpc 0 vars 0) rtt 0ms lead 4 (adj 1, worker saw 4) corrections 0 | full-rate interp: depth 0.0 ticks, starved 0.0% worst +0.0 | frame max 0.8ms fixed/frame max 1 | gaps>3t 0 worst 0t | render delay 3t (stream lag 0t) | snapshot age ms min 11.3 avg 12.1 max 24.5
[nebula] [nebula-probe] t=20.1 pos=10.8,0.0,171.2 cell=0,0,2 origin=0,0,0 replicas=2 dmin=32.6 dmax=61.4 limit=97.6 speed=6.0 beyond=0 dup=0 chunks=12 orphans=0 carrierless=0 spawns=3 despawns=0 pawn=1
[nebula] [nebula-probe] t=21.1 pos=11.1,0.0,165.2 cell=0,0,2 origin=0,0,0 replicas=2 dmin=28.0 dmax=61.7 limit=97.6 speed=6.0 beyond=0 dup=0 chunks=12 orphans=0 carrierless=0 spawns=3 despawns=0 pawn=1
[nebula] [nebula-probe] t=22.1 pos=11.4,0.0,159.2 cell=0,0,2 origin=0,0,0 replicas=2 dmin=24.0 dmax=62.6 limit=97.6 speed=6.0 beyond=0 dup=0 chunks=12 orphans=0 carrierless=0 spawns=3 despawns=0 pawn=1
[nebula] [nebula-probe] t=23.1 pos=11.7,0.0,153.2 cell=0,0,2 origin=0,0,0 replicas=2 dmin=21.0 dmax=64.0 limit=97.6 speed=6.0 beyond=0 dup=0 chunks=12 orphans=0 carrierless=0 spawns=3 despawns=0 pawn=1
[nebula] [nebula-probe] t=24.1 pos=12.0,0.0,147.2 cell=0,0,2 origin=0,0,0 replicas=2 dmin=19.4 dmax=66.0 limit=97.6 speed=6.0 beyond=0 dup=0 chunks=12 orphans=0 carrierless=0 spawns=3 despawns=0 pawn=1
[nebula] client 64340 fps replicas 2 (+0.0/s -0.2/s) entities 2 in 125 pkt/s 9.8 KB/s 60 states/s (msgs: state 60 rpc 0 vars 0) rtt 0ms lead 4 (adj 1, worker saw 4) corrections 0 | full-rate interp: depth 0.0 ticks, starved 0.0% worst +0.0 | frame max 3.4ms fixed/frame max 1 | gaps>3t 0 worst 0t | render delay 3t (stream lag 0t) | snapshot age ms min 11.3 avg 12.1 max 16.5
[nebula] [nebula-probe] t=25.1 pos=12.2,0.0,141.2 cell=0,0,2 origin=0,0,0 replicas=1 dmin=19.6 dmax=19.6 limit=97.6 speed=6.0 beyond=0 dup=0 chunks=9 orphans=0 carrierless=0 spawns=3 despawns=1 pawn=1
[nebula] [nebula-probe] t=26.1 pos=12.5,0.0,135.2 cell=0,0,2 origin=0,0,0 replicas=1 dmin=21.5 dmax=21.5 limit=97.6 speed=6.0 beyond=0 dup=0 chunks=9 orphans=0 carrierless=0 spawns=3 despawns=1 pawn=1
[nebula] [nebula-probe] t=27.1 pos=15.0,0.0,133.9 cell=0,0,2 origin=0,0,0 replicas=1 dmin=20.2 dmax=20.2 limit=92.5 speed=2.8 beyond=0 dup=0 chunks=9 orphans=0 carrierless=0 spawns=3 despawns=1 pawn=1
[nebula] [nebula-probe] t=28.1 pos=19.7,0.0,137.5 cell=0,0,2 origin=0,0,0 replicas=1 dmin=14.2 dmax=14.2 limit=97.6 speed=6.0 beyond=0 dup=0 chunks=9 orphans=0 carrierless=0 spawns=3 despawns=1 pawn=1
[nebula] [nebula-probe] t=29.1 pos=24.5,0.0,141.2 cell=0,0,2 origin=0,0,0 replicas=1 dmin=8.2 dmax=8.2 limit=97.6 speed=6.0 beyond=0 dup=0 chunks=9 orphans=0 carrierless=0 spawns=3 despawns=1 pawn=1
[nebula] client 63699 fps replicas 2 (+0.0/s -0.0/s) entities 2 in 125 pkt/s 10.1 KB/s 60 states/s (msgs: state 60 rpc 0 vars 0) rtt 0ms lead 4 (adj 1, worker saw 4) corrections 0 | full-rate interp: depth 0.0 ticks, starved 0.0% worst +0.0 | frame max 0.9ms fixed/frame max 1 | gaps>3t 0 worst 0t | render delay 3t (stream lag 0t) | snapshot age ms min 11.4 avg 12.9 max 17.2
[nebula] [nebula-probe] t=30.1 pos=29.2,0.0,144.9 cell=0,0,2 origin=0,0,0 replicas=1 dmin=2.3 dmax=2.3 limit=97.6 speed=6.0 beyond=0 dup=0 chunks=9 orphans=0 carrierless=0 spawns=3 despawns=1 pawn=1
[nebula] [nebula-probe] t=31.1 pos=34.0,0.0,148.5 cell=0,0,2 origin=0,0,0 replicas=2 dmin=3.8 dmax=46.0 limit=97.6 speed=6.0 beyond=0 dup=0 chunks=9 orphans=0 carrierless=0 spawns=4 despawns=1 pawn=1
[nebula] [nebula-probe] t=32.1 pos=38.8,0.0,152.2 cell=0,0,2 origin=0,0,0 replicas=2 dmin=9.8 dmax=40.0 limit=97.6 speed=6.0 beyond=0 dup=0 chunks=9 orphans=0 carrierless=0 spawns=4 despawns=1 pawn=1
[nebula] [nebula-probe] t=33.1 pos=43.5,0.0,155.8 cell=0,0,2 origin=0,0,0 replicas=2 dmin=15.8 dmax=34.0 limit=97.6 speed=6.0 beyond=0 dup=0 chunks=9 orphans=0 carrierless=0 spawns=4 despawns=1 pawn=1
[nebula] [nebula-probe] t=34.1 pos=48.3,0.0,159.5 cell=0,0,2 origin=0,0,0 replicas=2 dmin=21.8 dmax=28.1 limit=97.6 speed=6.0 beyond=0 dup=0 chunks=9 orphans=0 carrierless=0 spawns=4 despawns=1 pawn=1
[nebula] client 62641 fps replicas 3 (+0.2/s -0.0/s) entities 3 in 127 pkt/s 11.4 KB/s 60 states/s (msgs: state 60 rpc 0 vars 0) rtt 0ms lead 4 (adj 1, worker saw 4) corrections 0 | full-rate interp: depth 0.0 ticks, starved 0.0% worst +0.0 | frame max 0.9ms fixed/frame max 1 | gaps>3t 0 worst 0t | render delay 3t (stream lag 0t) | snapshot age ms min 11.9 avg 14.0 max 21.1
[nebula] [nebula-probe] t=35.1 pos=53.0,0.0,163.1 cell=0,0,2 origin=0,0,0 replicas=2 dmin=22.1 dmax=27.8 limit=97.6 speed=6.0 beyond=0 dup=0 chunks=9 orphans=0 carrierless=0 spawns=4 despawns=1 pawn=1
[nebula] [nebula-probe] t=36.1 pos=51.3,0.0,157.6 cell=0,0,2 origin=0,0,0 replicas=3 dmin=3.8 dmax=26.7 limit=97.3 speed=5.8 beyond=0 dup=0 chunks=9 orphans=0 carrierless=0 spawns=5 despawns=1 pawn=1
[nebula] [nebula-probe] t=37.1 pos=49.5,0.0,151.8 cell=0,0,2 origin=0,0,0 replicas=3 dmin=9.8 dmax=31.8 limit=97.6 speed=6.0 beyond=0 dup=0 chunks=9 orphans=0 carrierless=0 spawns=5 despawns=1 pawn=1
[nebula] [nebula-probe] t=38.1 pos=47.8,0.0,146.1 cell=0,0,2 origin=0,0,0 replicas=4 dmin=15.8 dmax=45.7 limit=97.6 speed=6.0 beyond=0 dup=0 chunks=9 orphans=0 carrierless=0 spawns=6 despawns=1 pawn=1
[nebula] [nebula-probe] t=39.1 pos=46.0,0.0,140.4 cell=0,0,2 origin=0,0,0 replicas=4 dmin=15.6 dmax=44.3 limit=97.6 speed=6.0 beyond=0 dup=0 chunks=9 orphans=0 carrierless=0 spawns=6 despawns=1 pawn=1
[nebula] client 61755 fps replicas 5 (+0.4/s -0.0/s) entities 5 in 125 pkt/s 9.5 KB/s 60 states/s (msgs: state 60 rpc 0 vars 0) rtt 0ms lead 4 (adj 1, worker saw 4) corrections 0 | full-rate interp: depth 0.0 ticks, starved 0.0% worst +0.0 | frame max 0.8ms fixed/frame max 1 | gaps>3t 0 worst 0t | render delay 3t (stream lag 0t) | snapshot age ms min 12.1 avg 14.7 max 36.3
[nebula] [nebula-probe] t=40.1 pos=44.2,0.0,134.7 cell=0,0,2 origin=0,0,0 replicas=4 dmin=17.0 dmax=48.5 limit=97.6 speed=6.0 beyond=0 dup=0 chunks=9 orphans=0 carrierless=0 spawns=6 despawns=1 pawn=1
[nebula] [nebula-probe] t=41.1 pos=42.4,0.0,129.0 cell=0,0,2 origin=0,0,0 replicas=4 dmin=20.1 dmax=54.1 limit=97.4 speed=5.9 beyond=0 dup=0 chunks=9 orphans=0 carrierless=0 spawns=6 despawns=1 pawn=1
[nebula] [nebula-probe] t=42.1 pos=40.6,0.0,123.3 cell=0,0,1 origin=0,0,0 replicas=4 dmin=24.3 dmax=59.9 limit=97.6 speed=6.0 beyond=0 dup=0 chunks=9 orphans=0 carrierless=0 spawns=6 despawns=1 pawn=1
[nebula] [nebula-probe] t=43.1 pos=38.8,0.0,117.6 cell=0,0,1 origin=0,0,0 replicas=4 dmin=29.2 dmax=65.7 limit=97.6 speed=6.0 beyond=0 dup=0 chunks=9 orphans=0 carrierless=0 spawns=6 despawns=1 pawn=1
[nebula] [nebula-probe] t=44.1 pos=37.2,0.0,121.7 cell=0,0,1 origin=0,0,0 replicas=4 dmin=3.0 dmax=48.2 limit=95.0 speed=4.4 beyond=0 dup=0 chunks=9 orphans=0 carrierless=0 spawns=7 despawns=2 pawn=1
[nebula] client 62151 fps replicas 5 (+0.2/s -0.2/s) entities 5 in 126 pkt/s 11.0 KB/s 60 states/s (msgs: state 60 rpc 0 vars 0) rtt 0ms lead 4 (adj 1, worker saw 4) corrections 1 last 0.10m | full-rate interp: depth 0.0 ticks, starved 0.0% worst +0.0 | frame max 1.3ms fixed/frame max 1 | gaps>3t 0 worst 0t | render delay 3t (stream lag 0t) | snapshot age ms min 11.8 avg 14.9 max 17.5
[nebula] [nebula-probe] t=45.1 pos=35.7,0.0,127.5 cell=0,0,1 origin=0,0,0 replicas=4 dmin=9.0 dmax=50.2 limit=97.6 speed=6.0 beyond=0 dup=0 chunks=9 orphans=0 carrierless=0 spawns=7 despawns=2 pawn=1
[nebula] [nebula-probe] t=46.1 pos=34.2,0.0,133.2 cell=0,0,2 origin=0,0,0 replicas=4 dmin=12.9 dmax=52.8 limit=97.4 speed=5.9 beyond=0 dup=0 chunks=9 orphans=0 carrierless=0 spawns=7 despawns=2 pawn=1
[nebula] [nebula-probe] t=47.1 pos=32.7,0.0,139.0 cell=0,0,2 origin=0,0,0 replicas=4 dmin=6.9 dmax=56.0 limit=97.6 speed=6.0 beyond=0 dup=0 chunks=9 orphans=0 carrierless=0 spawns=7 despawns=2 pawn=1
[nebula] [nebula-probe] t=48.1 pos=31.2,0.0,144.8 cell=0,0,2 origin=0,0,0 replicas=4 dmin=1.0 dmax=59.6 limit=97.6 speed=6.0 beyond=0 dup=0 chunks=9 orphans=0 carrierless=0 spawns=7 despawns=2 pawn=1
[nebula] [nebula-probe] t=49.1 pos=29.7,0.0,150.6 cell=0,0,2 origin=0,0,0 replicas=4 dmin=5.1 dmax=63.5 limit=97.6 speed=6.0 beyond=0 dup=0 chunks=9 orphans=0 carrierless=0 spawns=7 despawns=2 pawn=1
[nebula] client 63276 fps replicas 6 (+0.2/s -0.0/s) entities 6 in 128 pkt/s 11.9 KB/s 60 states/s (msgs: state 60 rpc 0 vars 0) rtt 0ms lead 4 (adj 1, worker saw 4) corrections 1 last 0.10m | full-rate interp: depth 0.0 ticks, starved 0.0% worst +0.0 | frame max 0.9ms fixed/frame max 1 | gaps>3t 0 worst 0t | render delay 3t (stream lag 0t) | snapshot age ms min 12.1 avg 14.7 max 17.5
[nebula] [nebula-probe] t=50.1 pos=28.1,0.0,156.4 cell=0,0,2 origin=0,0,0 replicas=5 dmin=11.1 dmax=67.8 limit=97.6 speed=6.0 beyond=0 dup=0 chunks=12 orphans=0 carrierless=0 spawns=8 despawns=2 pawn=1
[nebula] [nebula-probe] t=51.1 pos=26.6,0.0,162.2 cell=0,0,2 origin=0,0,0 replicas=4 dmin=17.1 dmax=47.1 limit=97.6 speed=6.0 beyond=0 dup=0 chunks=9 orphans=0 carrierless=0 spawns=8 despawns=3 pawn=1
[nebula] [nebula-probe] t=52.1 pos=25.1,0.0,168.0 cell=0,0,2 origin=0,0,0 replicas=4 dmin=23.1 dmax=50.9 limit=97.6 speed=6.0 beyond=0 dup=0 chunks=9 orphans=0 carrierless=0 spawns=8 despawns=3 pawn=1
[nebula] [nebula-probe] t=53.1 pos=24.6,0.0,168.7 cell=0,0,2 origin=0,0,0 replicas=5 dmin=0.5 dmax=51.7 limit=89.4 speed=0.8 beyond=0 dup=0 chunks=9 orphans=0 carrierless=0 spawns=9 despawns=3 pawn=1
[nebula] [nebula-probe] t=54.1 pos=25.6,0.0,162.8 cell=0,0,2 origin=0,0,0 replicas=5 dmin=6.5 dmax=47.9 limit=97.6 speed=6.0 beyond=0 dup=0 chunks=9 orphans=0 carrierless=0 spawns=9 despawns=3 pawn=1
[nebula] client 63535 fps replicas 6 (+0.2/s -0.2/s) entities 6 in 124 pkt/s 9.5 KB/s 60 states/s (msgs: state 60 rpc 0 vars 0) rtt 0ms lead 4 (adj 1, worker saw 4) corrections 0 | full-rate interp: depth 0.0 ticks, starved 0.0% worst +0.0 | frame max 0.8ms fixed/frame max 1 | gaps>3t 0 worst 0t | render delay 4t (stream lag 1t) | snapshot age ms min 12.1 avg 15.7 max 17.9
[nebula] [nebula-probe] t=55.1 pos=26.6,0.0,156.9 cell=0,0,2 origin=0,0,0 replicas=5 dmin=12.1 dmax=48.8 limit=97.6 speed=6.0 beyond=0 dup=0 chunks=9 orphans=0 carrierless=0 spawns=9 despawns=3 pawn=1
[nebula] [nebula-probe] t=56.1 pos=27.6,0.0,151.0 cell=0,0,2 origin=0,0,0 replicas=5 dmin=6.4 dmax=50.3 limit=97.6 speed=6.0 beyond=0 dup=0 chunks=9 orphans=0 carrierless=0 spawns=9 despawns=3 pawn=1
[nebula] [nebula-probe] t=57.1 pos=27.2,0.0,145.5 cell=0,0,2 origin=0,0,0 replicas=6 dmin=0.7 dmax=53.3 limit=96.7 speed=5.4 beyond=0 dup=0 chunks=9 orphans=0 carrierless=0 spawns=10 despawns=3 pawn=1
[nebula] [nebula-probe] t=58.1 pos=22.5,0.0,141.8 cell=0,0,2 origin=0,0,0 replicas=6 dmin=5.3 dmax=59.3 limit=97.6 speed=6.0 beyond=0 dup=0 chunks=9 orphans=0 carrierless=0 spawns=10 despawns=3 pawn=1
[nebula] [nebula-probe] t=59.1 pos=17.8,0.0,138.1 cell=0,0,2 origin=0,0,0 replicas=6 dmin=11.3 dmax=65.3 limit=97.6 speed=6.0 beyond=0 dup=0 chunks=9 orphans=0 carrierless=0 spawns=10 despawns=3 pawn=1
[nebula] client 61740 fps replicas 6 (+0.2/s -0.2/s) entities 6 in 127 pkt/s 10.7 KB/s 60 states/s (msgs: state 60 rpc 0 vars 0) rtt 0ms lead 4 (adj 1, worker saw 4) corrections 0 | full-rate interp: depth 0.0 ticks, starved 0.0% worst +0.0 | frame max 0.9ms fixed/frame max 1 | gaps>3t 0 worst 0t | render delay 3t (stream lag 0t) | snapshot age ms min 12.9 avg 16.1 max 20.3
[nebula] [nebula-probe] t=60.1 pos=13.1,0.0,134.3 cell=0,0,2 origin=0,0,0 replicas=5 dmin=17.3 dmax=47.7 limit=97.6 speed=6.0 beyond=0 dup=0 chunks=9 orphans=0 carrierless=0 spawns=10 despawns=4 pawn=1
[nebula] [nebula-probe] t=61.1 pos=8.4,0.0,130.6 cell=0,0,2 origin=0,0,0 replicas=5 dmin=23.3 dmax=53.6 limit=97.6 speed=6.0 beyond=0 dup=0 chunks=9 orphans=0 carrierless=0 spawns=10 despawns=4 pawn=1
[nebula] [nebula-probe] t=62.1 pos=3.7,0.0,126.9 cell=0,0,1 origin=0,0,0 replicas=5 dmin=29.3 dmax=59.6 limit=97.6 speed=6.0 beyond=0 dup=0 chunks=9 orphans=0 carrierless=0 spawns=10 despawns=4 pawn=1
[nebula] [nebula-probe] t=63.1 pos=4.2,0.0,131.7 cell=0,0,2 origin=0,0,0 replicas=5 dmin=26.1 dmax=56.5 limit=95.8 speed=4.9 beyond=0 dup=0 chunks=9 orphans=0 carrierless=0 spawns=10 despawns=4 pawn=1
[nebula] [nebula-probe] t=64.1 pos=5.4,0.0,137.6 cell=0,0,2 origin=0,0,0 replicas=5 dmin=22.6 dmax=52.7 limit=97.6 speed=6.0 beyond=0 dup=0 chunks=9 orphans=0 carrierless=0 spawns=10 despawns=4 pawn=1
[nebula] client 62553 fps replicas 6 (+0.0/s -0.0/s) entities 6 in 128 pkt/s 12.2 KB/s 59 states/s (msgs: state 59 rpc 0 vars 0) rtt 0ms lead 4 (adj 1, worker saw 4) corrections 1 last 0.10m | full-rate interp: depth 0.0 ticks, starved 0.0% worst +0.0 | frame max 0.9ms fixed/frame max 1 | gaps>3t 0 worst 0t | render delay 3t (stream lag 0t) | snapshot age ms min 12.8 avg 16.3 max 20.2
[nebula] [nebula-probe] t=65.1 pos=6.5,0.0,143.5 cell=0,0,2 origin=0,0,0 replicas=5 dmin=20.2 dmax=49.3 limit=97.6 speed=6.0 beyond=0 dup=0 chunks=9 orphans=0 carrierless=0 spawns=10 despawns=4 pawn=1
[nebula] [nebula-probe] t=66.1 pos=7.6,0.0,149.4 cell=0,0,2 origin=0,0,0 replicas=5 dmin=19.5 dmax=46.4 limit=97.6 speed=6.0 beyond=0 dup=0 chunks=9 orphans=0 carrierless=0 spawns=10 despawns=4 pawn=1
[nebula] [nebula-probe] t=67.1 pos=8.7,0.0,155.3 cell=0,0,2 origin=0,0,0 replicas=5 dmin=20.6 dmax=46.8 limit=97.6 speed=6.0 beyond=0 dup=0 chunks=9 orphans=0 carrierless=0 spawns=10 despawns=4 pawn=1
[nebula] [nebula-probe] t=68.1 pos=9.8,0.0,161.2 cell=0,0,2 origin=0,0,0 replicas=5 dmin=16.8 dmax=50.9 limit=97.6 speed=6.0 beyond=0 dup=0 chunks=9 orphans=0 carrierless=0 spawns=10 despawns=4 pawn=1
[nebula] [nebula-probe] t=69.1 pos=6.9,0.0,158.3 cell=0,0,2 origin=0,0,0 replicas=6 dmin=2.9 dmax=50.3 limit=94.6 speed=4.1 beyond=0 dup=0 chunks=9 orphans=0 carrierless=0 spawns=11 despawns=4 pawn=1
[nebula] client 61252 fps replicas 7 (+0.2/s -0.0/s) entities 7 in 125 pkt/s 9.6 KB/s 60 states/s (msgs: state 60 rpc 0 vars 0) rtt 0ms lead 4 (adj 1, worker saw 4) corrections 0 | full-rate interp: depth 0.0 ticks, starved 0.0% worst +0.0 | frame max 1.0ms fixed/frame max 1 | gaps>3t 0 worst 0t | render delay 3t (stream lag 0t) | snapshot age ms min 13.4 avg 16.3 max 20.5
[nebula] [nebula-probe] t=70.1 pos=3.1,0.0,153.6 cell=0,0,2 origin=0,0,0 replicas=6 dmin=8.9 dmax=50.0 limit=97.6 speed=6.0 beyond=0 dup=0 chunks=9 orphans=0 carrierless=0 spawns=11 despawns=4 pawn=1
[nebula] [nebula-probe] t=71.1 pos=-0.7,0.0,149.0 cell=-1,0,2 origin=0,0,0 replicas=6 dmin=14.9 dmax=54.6 limit=97.6 speed=6.0 beyond=0 dup=0 chunks=9 orphans=0 carrierless=0 spawns=11 despawns=4 pawn=1
[nebula] [nebula-probe] t=72.1 pos=-4.4,0.0,144.4 cell=-1,0,2 origin=0,0,0 replicas=6 dmin=20.8 dmax=59.3 limit=97.4 speed=5.9 beyond=0 dup=0 chunks=9 orphans=0 carrierless=0 spawns=11 despawns=4 pawn=1
[nebula] [nebula-probe] t=73.1 pos=-8.2,0.0,139.8 cell=-1,0,2 origin=0,0,0 replicas=6 dmin=26.8 dmax=64.4 limit=97.6 speed=6.0 beyond=0 dup=0 chunks=9 orphans=0 carrierless=0 spawns=11 despawns=4 pawn=1
[nebula] [nebula-probe] t=74.1 pos=-9.4,0.0,136.6 cell=-1,0,2 origin=0,0,0 replicas=6 dmin=30.0 dmax=66.6 limit=93.4 speed=3.4 beyond=0 dup=0 chunks=9 orphans=0 carrierless=0 spawns=11 despawns=4 pawn=1
[nebula] client 60464 fps replicas 6 (+0.0/s -0.2/s) entities 6 in 126 pkt/s 10.4 KB/s 60 states/s (msgs: state 60 rpc 0 vars 0) rtt 0ms lead 4 (adj 1, worker saw 4) corrections 1 last 0.10m | full-rate interp: depth 0.0 ticks, starved 0.0% worst +0.0 | frame max 0.9ms fixed/frame max 1 | gaps>3t 0 worst 0t | render delay 4t (stream lag 1t) | snapshot age ms min 13.5 avg 16.4 max 20.5
[nebula] [nebula-probe] t=75.1 pos=-3.5,0.0,137.7 cell=-1,0,2 origin=0,0,0 replicas=5 dmin=25.9 dmax=45.6 limit=97.6 speed=6.0 beyond=0 dup=0 chunks=6 orphans=0 carrierless=0 spawns=11 despawns=5 pawn=1
[nebula] [nebula-probe] t=76.1 pos=2.3,0.0,138.7 cell=0,0,2 origin=0,0,0 replicas=5 dmin=22.7 dmax=40.9 limit=97.4 speed=5.9 beyond=0 dup=0 chunks=6 orphans=0 carrierless=0 spawns=11 despawns=5 pawn=1
[nebula] [nebula-probe] t=77.1 pos=8.2,0.0,139.8 cell=0,0,2 origin=0,0,0 replicas=5 dmin=19.2 dmax=36.5 limit=97.6 speed=6.0 beyond=0 dup=0 chunks=6 orphans=0 carrierless=0 spawns=11 despawns=5 pawn=1
[nebula] [nebula-probe] t=78.1 pos=14.1,0.0,140.8 cell=0,0,2 origin=0,0,0 replicas=6 dmin=13.3 dmax=43.5 limit=97.6 speed=6.0 beyond=0 dup=0 chunks=9 orphans=0 carrierless=0 spawns=12 despawns=5 pawn=1
[nebula] [nebula-probe] t=79.1 pos=20.0,0.0,141.9 cell=0,0,2 origin=0,0,0 replicas=6 dmin=7.4 dmax=37.8 limit=97.6 speed=6.0 beyond=0 dup=0 chunks=9 orphans=0 carrierless=0 spawns=12 despawns=5 pawn=1
[nebula] client 60663 fps replicas 7 (+0.2/s -0.0/s) entities 7 in 129 pkt/s 11.5 KB/s 60 states/s (msgs: state 60 rpc 0 vars 0) rtt 0ms lead 4 (adj 1, worker saw 4) corrections 1 last 0.10m | full-rate interp: depth 0.0 ticks, starved 0.0% worst +0.0 | frame max 1.0ms fixed/frame max 1 | gaps>3t 0 worst 0t | render delay 4t (stream lag 1t) | snapshot age ms min 15.5 avg 16.4 max 20.4
[nebula] [nebula-probe] t=80.1 pos=25.9,0.0,142.9 cell=0,0,2 origin=0,0,0 replicas=6 dmin=2.3 dmax=32.3 limit=97.6 speed=6.0 beyond=0 dup=0 chunks=9 orphans=0 carrierless=0 spawns=12 despawns=5 pawn=1
[nebula] [nebula-probe] t=81.1 pos=31.8,0.0,143.9 cell=0,0,2 origin=0,0,0 replicas=6 dmin=1.9 dmax=28.4 limit=97.6 speed=6.0 beyond=0 dup=0 chunks=9 orphans=0 carrierless=0 spawns=12 despawns=5 pawn=1
[nebula] [nebula-probe] t=82.1 pos=37.7,0.0,145.0 cell=0,0,2 origin=0,0,0 replicas=7 dmin=6.5 dmax=45.2 limit=97.6 speed=6.0 beyond=0 dup=0 chunks=9 orphans=0 carrierless=0 spawns=13 despawns=5 pawn=1
[nebula] [nebula-probe] t=83.1 pos=41.5,0.0,143.0 cell=0,0,2 origin=0,0,0 replicas=7 dmin=10.5 dmax=43.8 limit=94.8 speed=4.2 beyond=0 dup=0 chunks=9 orphans=0 carrierless=0 spawns=13 despawns=5 pawn=1
[nebula] [nebula-probe] t=84.1 pos=42.4,0.0,137.1 cell=0,0,2 origin=0,0,0 replicas=8 dmin=14.1 dmax=47.6 limit=97.6 speed=6.0 beyond=0 dup=0 chunks=9 orphans=0 carrierless=0 spawns=14 despawns=5 pawn=1
[nebula] client 62800 fps replicas 9 (+0.4/s -0.0/s) entities 9 in 125 pkt/s 9.6 KB/s 60 states/s (msgs: state 60 rpc 0 vars 0) rtt 0ms lead 4 (adj 1, worker saw 4) corrections 0 | full-rate interp: depth 0.0 ticks, starved 0.0% worst +0.0 | frame max 0.8ms fixed/frame max 1 | gaps>3t 0 worst 0t | render delay 4t (stream lag 1t) | snapshot age ms min 13.5 avg 16.4 max 20.4
[nebula] [nebula-probe] t=85.1 pos=43.3,0.0,131.2 cell=0,0,2 origin=0,0,0 replicas=8 dmin=13.5 dmax=51.8 limit=97.6 speed=6.0 beyond=0 dup=0 chunks=9 orphans=0 carrierless=0 spawns=14 despawns=5 pawn=1
[nebula] [nebula-probe] t=86.1 pos=44.3,0.0,125.2 cell=0,0,1 origin=0,0,0 replicas=8 dmin=9.0 dmax=56.4 limit=97.6 speed=6.0 beyond=0 dup=0 chunks=9 orphans=0 carrierless=0 spawns=14 despawns=5 pawn=1
[nebula] [nebula-probe] t=87.1 pos=45.2,0.0,119.3 cell=0,0,1 origin=0,0,0 replicas=10 dmin=7.2 dmax=61.2 limit=97.6 speed=6.0 beyond=0 dup=0 chunks=12 orphans=0 carrierless=0 spawns=16 despawns=5 pawn=1
[nebula] [nebula-probe] t=88.1 pos=45.2,0.0,113.9 cell=0,0,1 origin=0,0,0 replicas=11 dmin=8.7 dmax=66.0 limit=96.6 speed=5.4 beyond=0 dup=0 chunks=12 orphans=0 carrierless=0 spawns=17 despawns=5 pawn=1
[nebula] [nebula-probe] t=89.1 pos=39.6,0.0,112.0 cell=0,0,1 origin=0,0,0 replicas=10 dmin=7.0 dmax=59.2 limit=97.6 speed=6.0 beyond=0 dup=0 chunks=9 orphans=0 carrierless=0 spawns=17 despawns=6 pawn=1
[nebula] client 39115 fps replicas 11 (+0.6/s -0.2/s) entities 11 in 129 pkt/s 11.8 KB/s 72 states/s (msgs: state 62 rpc 0 vars 0) rtt 0ms lead 4 (adj 1, worker saw 4) corrections 0 | full-rate interp: depth 1.7 ticks, starved 0.0% worst +0.0 | frame max 1.9ms fixed/frame max 1 | gaps>3t 0 worst 0t | render delay 3t (stream lag 0t) | snapshot age ms min 12.4 avg 16.4 max 21.0
[nebula] [nebula-probe] t=90.1 pos=33.9,0.0,110.0 cell=0,0,1 origin=0,0,0 replicas=10 dmin=9.6 dmax=59.9 limit=97.6 speed=6.0 beyond=0 dup=0 chunks=9 orphans=0 carrierless=0 spawns=17 despawns=6 pawn=1
[nebula] [nebula-probe] t=91.1 pos=28.2,0.0,108.1 cell=0,0,1 origin=0,0,0 replicas=10 dmin=14.5 dmax=61.2 limit=97.6 speed=6.0 beyond=0 dup=0 chunks=9 orphans=0 carrierless=0 spawns=17 despawns=6 pawn=1
[nebula] [nebula-probe] t=92.1 pos=22.5,0.0,106.2 cell=0,0,1 origin=0,0,0 replicas=10 dmin=20.0 dmax=64.4 limit=97.6 speed=6.0 beyond=0 dup=0 chunks=9 orphans=0 carrierless=0 spawns=17 despawns=6 pawn=1
[nebula] [nebula-probe] t=93.1 pos=16.9,0.0,104.2 cell=0,0,1 origin=0,0,0 replicas=10 dmin=25.7 dmax=70.4 limit=97.6 speed=6.0 beyond=0 dup=0 chunks=9 orphans=0 carrierless=0 spawns=17 despawns=6 pawn=1
[nebula] [nebula-probe] t=94.1 pos=11.2,0.0,102.1 cell=0,0,1 origin=0,0,0 replicas=7 dmin=31.5 dmax=58.5 limit=97.6 speed=6.0 beyond=0 dup=0 chunks=9 orphans=0 carrierless=0 spawns=17 despawns=9 pawn=1
[nebula] client 32844 fps replicas 8 (+0.0/s -0.6/s) entities 8 in 131 pkt/s 12.4 KB/s 68 states/s (msgs: state 62 rpc 0 vars 0) rtt 0ms lead 4 (adj 1, worker saw 4) corrections 0 | full-rate interp: depth 2.0 ticks, starved 0.0% worst +0.0 | frame max 0.9ms fixed/frame max 1 | gaps>3t 0 worst 0t | render delay 4t (stream lag 1t) | snapshot age ms min 15.4 avg 16.3 max 20.8
[nebula] [nebula-probe] t=95.1 pos=5.8,0.0,99.7 cell=0,0,1 origin=0,0,0 replicas=7 dmin=37.5 dmax=60.9 limit=97.6 speed=6.0 beyond=0 dup=0 chunks=9 orphans=0 carrierless=0 spawns=17 despawns=9 pawn=1
[nebula] [nebula-probe] t=96.1 pos=0.3,0.0,97.2 cell=0,0,1 origin=0,0,0 replicas=7 dmin=43.4 dmax=63.9 limit=97.6 speed=6.0 beyond=0 dup=0 chunks=9 orphans=0 carrierless=0 spawns=17 despawns=9 pawn=1
[nebula] [nebula-probe] t=97.1 pos=-5.2,0.0,94.8 cell=-1,0,1 origin=0,0,0 replicas=7 dmin=49.4 dmax=67.2 limit=97.6 speed=6.0 beyond=0 dup=0 chunks=9 orphans=0 carrierless=0 spawns=17 despawns=9 pawn=1
[nebula] [nebula-probe] t=98.1 pos=-10.7,0.0,92.3 cell=-1,0,1 origin=0,0,0 replicas=5 dmin=55.4 dmax=68.0 limit=97.6 speed=6.0 beyond=0 dup=0 chunks=6 orphans=0 carrierless=0 spawns=17 despawns=11 pawn=1
[nebula] [nebula-probe] t=99.1 pos=-16.1,0.0,89.8 cell=-1,0,1 origin=0,0,0 replicas=4 dmin=44.2 dmax=72.7 limit=97.6 speed=6.0 beyond=0 dup=0 chunks=9 orphans=0 carrierless=0 spawns=18 despawns=13 pawn=1
[nebula] client 32960 fps replicas 3 (+0.2/s -1.2/s) entities 3 in 128 pkt/s 9.7 KB/s 72 states/s (msgs: state 63 rpc 0 vars 0) rtt 0ms lead 4 (adj 1, worker saw 4) corrections 0 | full-rate interp: depth 2.2 ticks, starved 0.0% worst +0.0 | frame max 0.9ms fixed/frame max 1 | gaps>3t 0 worst 0t | render delay 4t (stream lag 1t) | snapshot age ms min 15.4 avg 16.4 max 21.2
[nebula] [nebula-probe] t=100.1 pos=-21.6,0.0,87.4 cell=-1,0,1 origin=0,0,0 replicas=2 dmin=37.0 dmax=67.4 limit=97.6 speed=6.0 beyond=0 dup=0 chunks=9 orphans=0 carrierless=0 spawns=18 despawns=15 pawn=1
[nebula] [nebula-probe] t=101.1 pos=-27.1,0.0,84.9 cell=-1,0,1 origin=0,0,0 replicas=1 dmin=32.7 dmax=32.7 limit=97.6 speed=6.0 beyond=0 dup=0 chunks=9 orphans=0 carrierless=0 spawns=18 despawns=16 pawn=1
[nebula] [nebula-probe] t=102.1 pos=-32.4,0.0,82.4 cell=-1,0,1 origin=0,0,0 replicas=2 dmin=32.6 dmax=40.6 limit=97.4 speed=5.9 beyond=0 dup=0 chunks=9 orphans=0 carrierless=0 spawns=19 despawns=16 pawn=1
[nebula] [nebula-probe] t=103.1 pos=-28.5,0.0,77.9 cell=-1,0,1 origin=0,0,0 replicas=3 dmin=4.0 dmax=41.7 limit=97.6 speed=6.0 beyond=0 dup=0 chunks=9 orphans=0 carrierless=0 spawns=20 despawns=16 pawn=1
[nebula] [nebula-probe] t=104.1 pos=-24.6,0.0,73.3 cell=-1,0,1 origin=0,0,0 replicas=3 dmin=10.0 dmax=43.6 limit=97.6 speed=6.0 beyond=0 dup=0 chunks=9 orphans=0 carrierless=0 spawns=20 despawns=16 pawn=1
[nebula] client 31479 fps replicas 4 (+0.4/s -0.2/s) entities 4 in 129 pkt/s 11.6 KB/s 77 states/s (msgs: state 63 rpc 0 vars 0) rtt 0ms lead 4 (adj 1, worker saw 4) corrections 0 | full-rate interp: depth 1.7 ticks, starved 0.0% worst +0.0 | frame max 0.9ms fixed/frame max 1 | gaps>3t 0 worst 0t | render delay 3t (stream lag 0t) | snapshot age ms min 15.5 avg 16.4 max 20.6
[nebula] [nebula-probe] t=105.1 pos=-20.7,0.0,68.8 cell=-1,0,1 origin=0,0,0 replicas=3 dmin=16.0 dmax=47.1 limit=97.6 speed=6.0 beyond=0 dup=0 chunks=9 orphans=0 carrierless=0 spawns=20 despawns=16 pawn=1
[nebula] [nebula-probe] t=106.1 pos=-16.8,0.0,64.2 cell=-1,0,1 origin=0,0,0 replicas=4 dmin=22.0 dmax=52.4 limit=97.6 speed=6.0 beyond=0 dup=0 chunks=9 orphans=0 carrierless=0 spawns=21 despawns=16 pawn=1
[nebula] [nebula-probe] t=107.1 pos=-12.9,0.0,59.7 cell=-1,0,0 origin=0,0,0 replicas=4 dmin=28.0 dmax=58.4 limit=97.6 speed=6.0 beyond=0 dup=0 chunks=9 orphans=0 carrierless=0 spawns=21 despawns=16 pawn=1
[nebula] [nebula-probe] t=108.1 pos=-8.9,0.0,55.1 cell=-1,0,0 origin=0,0,0 replicas=4 dmin=32.1 dmax=65.0 limit=97.6 speed=6.0 beyond=0 dup=0 chunks=9 orphans=0 carrierless=0 spawns=21 despawns=16 pawn=1
[nebula] [nebula-probe] t=109.1 pos=-6.9,0.0,49.5 cell=-1,0,0 origin=0,0,0 replicas=6 dmin=3.6 dmax=60.0 limit=97.6 speed=6.0 beyond=0 dup=0 chunks=9 orphans=0 carrierless=0 spawns=24 despawns=17 pawn=1
[nebula] client 38954 fps replicas 8 (+1.0/s -0.2/s) entities 8 in 131 pkt/s 12.4 KB/s 67 states/s (msgs: state 62 rpc 0 vars 0) rtt 0ms lead 4 (adj 1, worker saw 4) corrections 0 | full-rate interp: depth 1.5 ticks, starved 0.0% worst +0.0 | frame max 0.9ms fixed/frame max 1 | gaps>3t 0 worst 0t | render delay 3t (stream lag 0t) | snapshot age ms min 15.5 avg 16.3 max 17.6
[nebula] [nebula-probe] t=110.1 pos=-4.9,0.0,43.8 cell=-1,0,0 origin=0,0,0 replicas=7 dmin=9.6 dmax=63.1 limit=97.6 speed=6.0 beyond=0 dup=0 chunks=9 orphans=0 carrierless=0 spawns=25 despawns=17 pawn=1
[nebula] [nebula-probe] t=111.1 pos=-2.9,0.0,38.1 cell=-1,0,0 origin=0,0,0 replicas=7 dmin=15.6 dmax=66.6 limit=97.6 speed=6.0 beyond=0 dup=0 chunks=9 orphans=0 carrierless=0 spawns=25 despawns=17 pawn=1
[nebula] [nebula-probe] t=112.1 pos=-1.0,0.0,32.5 cell=-1,0,0 origin=0,0,0 replicas=6 dmin=19.1 dmax=57.0 limit=97.6 speed=6.0 beyond=0 dup=0 chunks=9 orphans=0 carrierless=0 spawns=25 despawns=18 pawn=1
[nebula] [nebula-probe] t=113.1 pos=1.0,0.0,26.8 cell=0,0,0 origin=0,0,0 replicas=6 dmin=19.5 dmax=62.9 limit=97.6 speed=6.0 beyond=0 dup=0 chunks=9 orphans=0 carrierless=0 spawns=25 despawns=18 pawn=1
[nebula] [nebula-probe] t=114.1 pos=3.0,0.0,21.1 cell=0,0,0 origin=0,0,0 replicas=6 dmin=21.6 dmax=68.8 limit=97.6 speed=6.0 beyond=0 dup=0 chunks=9 orphans=0 carrierless=0 spawns=25 despawns=18 pawn=1
[nebula] client 61357 fps replicas 6 (+0.0/s -0.4/s) entities 6 in 126 pkt/s 10.3 KB/s 60 states/s (msgs: state 60 rpc 0 vars 0) rtt 0ms lead 4 (adj 1, worker saw 4) corrections 0 | full-rate interp: depth 0.0 ticks, starved 0.0% worst +0.0 | frame max 0.9ms fixed/frame max 1 | gaps>3t 0 worst 0t | render delay 3t (stream lag 0t) | snapshot age ms min 15.5 avg 16.3 max 20.8
[nebula] [nebula-probe] t=115.1 pos=7.2,0.0,20.1 cell=0,0,0 origin=0,0,0 replicas=5 dmin=19.9 dmax=45.5 limit=95.1 speed=4.4 beyond=0 dup=0 chunks=6 orphans=0 carrierless=0 spawns=25 despawns=19 pawn=1
[nebula] [nebula-probe] t=116.1 pos=13.0,0.0,21.9 cell=0,0,0 origin=0,0,0 replicas=5 dmin=15.9 dmax=40.2 limit=97.6 speed=6.0 beyond=0 dup=0 chunks=6 orphans=0 carrierless=0 spawns=25 despawns=19 pawn=1
[nebula] [nebula-probe] t=117.1 pos=18.7,0.0,23.6 cell=0,0,0 origin=0,0,0 replicas=5 dmin=11.4 dmax=39.6 limit=97.6 speed=6.0 beyond=0 dup=0 chunks=6 orphans=0 carrierless=0 spawns=25 despawns=19 pawn=1
[nebula] [nebula-probe] t=118.1 pos=24.4,0.0,25.4 cell=0,0,0 origin=0,0,0 replicas=5 dmin=6.8 dmax=42.5 limit=97.6 speed=6.0 beyond=0 dup=0 chunks=6 orphans=0 carrierless=0 spawns=25 despawns=19 pawn=1
[nebula] [nebula-probe] t=119.1 pos=30.2,0.0,27.2 cell=0,0,0 origin=0,0,0 replicas=6 dmin=5.9 dmax=46.0 limit=97.6 speed=6.0 beyond=0 dup=0 chunks=9 orphans=0 carrierless=0 spawns=26 despawns=19 pawn=1
[nebula] client 62533 fps replicas 8 (+0.4/s -0.0/s) entities 8 in 127 pkt/s 10.1 KB/s 60 states/s (msgs: state 60 rpc 0 vars 0) rtt 0ms lead 4 (adj 1, worker saw 4) corrections 0 | full-rate interp: depth 0.0 ticks, starved 0.0% worst +0.0 | frame max 0.9ms fixed/frame max 1 | gaps>3t 0 worst 0t | render delay 3t (stream lag 0t) | snapshot age ms min 14.5 avg 16.4 max 21.8
[nebula] [nebula-probe] t=120.1 pos=35.9,0.0,29.0 cell=0,0,0 origin=0,0,0 replicas=7 dmin=9.7 dmax=50.0 limit=97.6 speed=6.0 beyond=0 dup=0 chunks=9 orphans=0 carrierless=0 spawns=27 despawns=19 pawn=1
[nebula] [nebula-probe] t=121.1 pos=41.6,0.0,30.8 cell=0,0,0 origin=0,0,0 replicas=8 dmin=15.1 dmax=54.4 limit=97.6 speed=6.0 beyond=0 dup=0 chunks=9 orphans=0 carrierless=0 spawns=28 despawns=19 pawn=1
[nebula] [nebula-probe] t=122.1 pos=47.3,0.0,32.6 cell=0,0,0 origin=0,0,0 replicas=8 dmin=17.9 dmax=59.0 limit=97.6 speed=6.0 beyond=0 dup=0 chunks=9 orphans=0 carrierless=0 spawns=28 despawns=19 pawn=1
[nebula] [nebula-probe] t=123.1 pos=53.1,0.0,34.3 cell=0,0,0 origin=0,0,0 replicas=8 dmin=19.0 dmax=63.9 limit=97.6 speed=6.0 beyond=0 dup=0 chunks=9 orphans=0 carrierless=0 spawns=28 despawns=19 pawn=1
[nebula] [nebula-probe] t=124.1 pos=52.0,0.0,34.5 cell=0,0,0 origin=0,0,0 replicas=9 dmin=1.4 dmax=62.8 limit=89.7 speed=1.1 beyond=0 dup=0 chunks=9 orphans=0 carrierless=0 spawns=29 despawns=19 pawn=1
[nebula] client 62180 fps replicas 10 (+0.4/s -0.0/s) entities 10 in 129 pkt/s 11.9 KB/s 60 states/s (msgs: state 60 rpc 0 vars 0) rtt 0ms lead 4 (adj 1, worker saw 4) corrections 0 | full-rate interp: depth 0.0 ticks, starved 0.0% worst +0.0 | frame max 0.9ms fixed/frame max 1 | gaps>3t 0 worst 0t | render delay 3t (stream lag 0t) | snapshot age ms min 15.1 avg 16.4 max 22.7
[nebula] [nebula-probe] t=125.1 pos=46.1,0.0,33.5 cell=0,0,0 origin=0,0,0 replicas=9 dmin=7.4 dmax=57.5 limit=97.6 speed=6.0 beyond=0 dup=0 chunks=9 orphans=0 carrierless=0 spawns=29 despawns=19 pawn=1
[nebula] [nebula-probe] t=126.1 pos=40.2,0.0,32.6 cell=0,0,0 origin=0,0,0 replicas=9 dmin=13.4 dmax=52.3 limit=97.6 speed=6.0 beyond=0 dup=0 chunks=9 orphans=0 carrierless=0 spawns=29 despawns=19 pawn=1
[nebula] [nebula-probe] t=127.1 pos=34.2,0.0,31.6 cell=0,0,0 origin=0,0,0 replicas=9 dmin=11.2 dmax=47.4 limit=97.6 speed=6.0 beyond=0 dup=0 chunks=9 orphans=0 carrierless=0 spawns=29 despawns=19 pawn=1
[nebula] [nebula-probe] t=128.1 pos=28.3,0.0,30.6 cell=0,0,0 origin=0,0,0 replicas=9 dmin=9.4 dmax=50.5 limit=97.6 speed=6.0 beyond=0 dup=0 chunks=9 orphans=0 carrierless=0 spawns=29 despawns=19 pawn=1
[nebula] [nebula-probe] t=129.1 pos=28.1,0.0,32.9 cell=0,0,0 origin=0,0,0 replicas=10 dmin=1.4 dmax=48.8 limit=91.7 speed=2.3 beyond=0 dup=0 chunks=9 orphans=0 carrierless=0 spawns=30 despawns=19 pawn=1
[nebula] client 62576 fps replicas 11 (+0.2/s -0.0/s) entities 11 in 127 pkt/s 10.7 KB/s 60 states/s (msgs: state 60 rpc 0 vars 0) rtt 0ms lead 4 (adj 1, worker saw 4) corrections 0 | full-rate interp: depth 0.0 ticks, starved 0.0% worst +0.0 | frame max 0.9ms fixed/frame max 1 | gaps>3t 0 worst 0t | render delay 3t (stream lag 0t) | snapshot age ms min 15.4 avg 16.4 max 20.8
[nebula] [nebula-probe] t=130.1 pos=31.9,0.0,37.5 cell=0,0,0 origin=0,0,0 replicas=10 dmin=7.4 dmax=42.8 limit=97.6 speed=6.0 beyond=0 dup=0 chunks=9 orphans=0 carrierless=0 spawns=30 despawns=19 pawn=1
[nebula] [nebula-probe] t=131.1 pos=35.7,0.0,42.2 cell=0,0,0 origin=0,0,0 replicas=11 dmin=9.3 dmax=46.1 limit=97.6 speed=6.0 beyond=0 dup=0 chunks=9 orphans=0 carrierless=0 spawns=31 despawns=19 pawn=1
[nebula] [nebula-probe] t=132.1 pos=39.5,0.0,46.8 cell=0,0,0 origin=0,0,0 replicas=11 dmin=3.3 dmax=48.0 limit=97.6 speed=6.0 beyond=0 dup=0 chunks=9 orphans=0 carrierless=0 spawns=31 despawns=19 pawn=1
[nebula] [nebula-probe] t=133.1 pos=43.3,0.0,51.4 cell=0,0,0 origin=0,0,0 replicas=11 dmin=2.7 dmax=51.4 limit=97.6 speed=6.0 beyond=0 dup=0 chunks=9 orphans=0 carrierless=0 spawns=31 despawns=19 pawn=1
[nebula] [nebula-probe] t=134.1 pos=43.5,0.0,55.9 cell=0,0,0 origin=0,0,0 replicas=11 dmin=5.6 dmax=51.7 limit=95.1 speed=4.4 beyond=0 dup=0 chunks=9 orphans=0 carrierless=0 spawns=31 despawns=19 pawn=1
[nebula] client 61973 fps replicas 12 (+0.2/s -0.0/s) entities 12 in 127 pkt/s 10.8 KB/s 60 states/s (msgs: state 60 rpc 0 vars 0) rtt 0ms lead 4 (adj 1, worker saw 4) corrections 0 | full-rate interp: depth 0.0 ticks, starved 0.0% worst +0.0 | frame max 0.9ms fixed/frame max 1 | gaps>3t 0 worst 0t | render delay 3t (stream lag 0t) | snapshot age ms min 14.5 avg 16.4 max 17.6
[nebula] [nebula-probe] t=135.1 pos=39.2,0.0,60.0 cell=0,0,0 origin=0,0,0 replicas=11 dmin=9.2 dmax=47.8 limit=97.6 speed=6.0 beyond=0 dup=0 chunks=9 orphans=0 carrierless=0 spawns=31 despawns=19 pawn=1
[nebula] [nebula-probe] t=136.1 pos=34.9,0.0,64.2 cell=0,0,1 origin=0,0,0 replicas=11 dmin=14.4 dmax=50.0 limit=97.6 speed=6.0 beyond=0 dup=0 chunks=9 orphans=0 carrierless=0 spawns=31 despawns=19 pawn=1
[nebula] [nebula-probe] t=137.1 pos=30.6,0.0,68.4 cell=0,0,1 origin=0,0,0 replicas=11 dmin=18.8 dmax=56.0 limit=97.6 speed=6.0 beyond=0 dup=0 chunks=9 orphans=0 carrierless=0 spawns=31 despawns=19 pawn=1
[nebula] [nebula-probe] t=138.1 pos=26.3,0.0,72.6 cell=0,0,1 origin=0,0,0 replicas=11 dmin=22.3 dmax=62.0 limit=97.6 speed=6.0 beyond=0 dup=0 chunks=9 orphans=0 carrierless=0 spawns=31 despawns=19 pawn=1
[nebula] [nebula-probe] t=139.1 pos=22.0,0.0,76.8 cell=0,0,1 origin=0,0,0 replicas=12 dmin=26.7 dmax=68.0 limit=97.6 speed=6.0 beyond=0 dup=0 chunks=12 orphans=0 carrierless=0 spawns=32 despawns=19 pawn=1
[nebula] client 60784 fps replicas 12 (+0.2/s -0.2/s) entities 12 in 128 pkt/s 12.0 KB/s 60 states/s (msgs: state 60 rpc 0 vars 0) rtt 0ms lead 4 (adj 1, worker saw 4) corrections 0 | full-rate interp: depth 0.0 ticks, starved 0.0% worst +0.0 | frame max 1.1ms fixed/frame max 1 | gaps>3t 0 worst 0t | render delay 3t (stream lag 0t) | snapshot age ms min 15.4 avg 16.5 max 20.4
[nebula] [nebula-probe] t=140.1 pos=19.5,0.0,79.7 cell=0,0,1 origin=0,0,0 replicas=11 dmin=29.5 dmax=59.3 limit=94.2 speed=3.9 beyond=0 dup=0 chunks=9 orphans=0 carrierless=0 spawns=32 despawns=20 pawn=1
[nebula] [nebula-probe] t=141.1 pos=24.8,0.0,76.9 cell=0,0,1 origin=0,0,0 replicas=11 dmin=24.0 dmax=55.8 limit=97.6 speed=6.0 beyond=0 dup=0 chunks=9 orphans=0 carrierless=0 spawns=32 despawns=20 pawn=1
[nebula] [nebula-probe] t=142.1 pos=30.1,0.0,74.1 cell=0,0,1 origin=0,0,0 replicas=11 dmin=18.5 dmax=52.7 limit=97.6 speed=6.0 beyond=0 dup=0 chunks=9 orphans=0 carrierless=0 spawns=32 despawns=20 pawn=1
[nebula] [nebula-probe] t=143.1 pos=35.4,0.0,71.2 cell=0,0,1 origin=0,0,0 replicas=12 dmin=13.5 dmax=50.2 limit=97.6 speed=6.0 beyond=0 dup=0 chunks=9 orphans=0 carrierless=0 spawns=33 despawns=20 pawn=1
[nebula] [nebula-probe] t=144.1 pos=40.7,0.0,68.4 cell=0,0,1 origin=0,0,0 replicas=12 dmin=9.7 dmax=51.1 limit=97.6 speed=6.0 beyond=0 dup=0 chunks=9 orphans=0 carrierless=0 spawns=33 despawns=20 pawn=1
[nebula] client 59835 fps replicas 14 (+0.4/s -0.0/s) entities 14 in 127 pkt/s 10.7 KB/s 60 states/s (msgs: state 60 rpc 0 vars 0) rtt 0ms lead 4 (adj 1, worker saw 4) corrections 0 | full-rate interp: depth 0.0 ticks, starved 0.0% worst +0.0 | frame max 0.9ms fixed/frame max 1 | gaps>3t 0 worst 0t | render delay 3t (stream lag 0t) | snapshot age ms min 15.5 avg 16.5 max 20.7
[nebula] [nebula-probe] t=145.1 pos=45.9,0.0,65.6 cell=0,0,1 origin=0,0,0 replicas=13 dmin=8.8 dmax=55.5 limit=97.6 speed=6.0 beyond=0 dup=0 chunks=9 orphans=0 carrierless=0 spawns=34 despawns=20 pawn=1
[nebula] [nebula-probe] t=146.1 pos=51.2,0.0,62.8 cell=0,0,0 origin=0,0,0 replicas=13 dmin=11.0 dmax=60.1 limit=97.6 speed=6.0 beyond=0 dup=0 chunks=9 orphans=0 carrierless=0 spawns=34 despawns=20 pawn=1
[nebula] [nebula-probe] t=147.1 pos=56.5,0.0,59.9 cell=0,0,0 origin=0,0,0 replicas=13 dmin=12.4 dmax=65.0 limit=97.6 speed=6.0 beyond=0 dup=0 chunks=9 orphans=0 carrierless=0 spawns=34 despawns=20 pawn=1
[nebula] [nebula-probe] t=148.1 pos=61.8,0.0,57.1 cell=0,0,0 origin=0,0,0 replicas=14 dmin=16.0 dmax=70.0 limit=97.6 speed=6.0 beyond=0 dup=0 chunks=12 orphans=0 carrierless=0 spawns=35 despawns=20 pawn=1
[nebula] [nebula-probe] t=149.1 pos=67.1,0.0,54.3 cell=1,0,0 origin=0,0,0 replicas=13 dmin=20.7 dmax=52.5 limit=97.6 speed=6.0 beyond=0 dup=0 chunks=6 orphans=0 carrierless=0 spawns=36 despawns=22 pawn=1
[nebula] client 61671 fps replicas 17 (+1.0/s -0.4/s) entities 17 in 128 pkt/s 11.5 KB/s 60 states/s (msgs: state 60 rpc 0 vars 0) rtt 0ms lead 4 (adj 1, worker saw 4) corrections 0 | full-rate interp: depth 0.0 ticks, starved 0.0% worst +0.0 | frame max 0.9ms fixed/frame max 1 | gaps>3t 0 worst 0t | render delay 3t (stream lag 0t) | snapshot age ms min 15.5 avg 16.4 max 17.7
[nebula] [nebula-probe] t=150.1 pos=69.8,0.0,57.7 cell=1,0,0 origin=0,0,0 replicas=16 dmin=2.2 dmax=56.1 limit=94.8 speed=4.3 beyond=0 dup=0 chunks=9 orphans=0 carrierless=0 spawns=39 despawns=22 pawn=1
[nebula] [nebula-probe] t=151.1 pos=71.3,0.0,63.4 cell=1,0,0 origin=0,0,0 replicas=16 dmin=8.2 dmax=59.9 limit=97.6 speed=6.0 beyond=0 dup=0 chunks=9 orphans=0 carrierless=0 spawns=39 despawns=22 pawn=1
[nebula] [nebula-probe] t=152.1 pos=72.9,0.0,69.1 cell=1,0,1 origin=0,0,0 replicas=16 dmin=14.1 dmax=64.3 limit=97.4 speed=5.9 beyond=0 dup=0 chunks=9 orphans=0 carrierless=0 spawns=39 despawns=22 pawn=1
[nebula] [nebula-probe] t=153.1 pos=74.5,0.0,74.9 cell=1,0,1 origin=0,0,0 replicas=16 dmin=17.1 dmax=69.7 limit=97.6 speed=6.0 beyond=0 dup=0 chunks=9 orphans=0 carrierless=0 spawns=39 despawns=22 pawn=1
[nebula] [nebula-probe] t=154.1 pos=76.0,0.0,80.7 cell=1,0,1 origin=0,0,0 replicas=17 dmin=11.3 dmax=69.1 limit=97.6 speed=6.0 beyond=0 dup=0 chunks=9 orphans=0 carrierless=0 spawns=42 despawns=24 pawn=1
[nebula] client 60201 fps replicas 18 (+0.8/s -0.6/s) entities 18 in 129 pkt/s 12.3 KB/s 61 states/s (msgs: state 61 rpc 0 vars 0) rtt 0ms lead 4 (adj 1, worker saw 4) corrections 1 last 0.10m | full-rate interp: depth 0.0 ticks, starved 0.0% worst +0.0 | frame max 1.0ms fixed/frame max 1 | gaps>3t 0 worst 0t | render delay 3t (stream lag 0t) | snapshot age ms min 15.4 avg 16.4 max 20.5
[nebula] [nebula-probe] t=155.1 pos=77.6,0.0,86.5 cell=1,0,1 origin=0,0,0 replicas=17 dmin=5.8 dmax=57.1 limit=97.6 speed=6.0 beyond=0 dup=0 chunks=9 orphans=0 carrierless=0 spawns=43 despawns=25 pawn=1
[nebula] [nebula-probe] t=156.1 pos=79.2,0.0,92.3 cell=1,0,1 origin=0,0,0 replicas=17 dmin=3.4 dmax=63.1 limit=97.6 speed=6.0 beyond=0 dup=0 chunks=9 orphans=0 carrierless=0 spawns=43 despawns=25 pawn=1
[nebula] [nebula-probe] t=157.1 pos=80.8,0.0,98.1 cell=1,0,1 origin=0,0,0 replicas=18 dmin=7.9 dmax=69.0 limit=97.6 speed=6.0 beyond=0 dup=0 chunks=9 orphans=0 carrierless=0 spawns=44 despawns=25 pawn=1
[nebula] [nebula-probe] t=158.1 pos=76.6,0.0,102.0 cell=1,0,1 origin=0,0,0 replicas=16 dmin=3.5 dmax=66.4 limit=97.2 speed=5.8 beyond=0 dup=0 chunks=9 orphans=0 carrierless=0 spawns=45 despawns=28 pawn=1
[nebula] [nebula-probe] t=159.1 pos=72.0,0.0,105.9 cell=1,0,1 origin=0,0,0 replicas=15 dmin=9.5 dmax=70.5 limit=97.6 speed=6.0 beyond=0 dup=0 chunks=9 orphans=0 carrierless=0 spawns=45 despawns=29 pawn=1
[nebula] client 61399 fps replicas 15 (+0.4/s -1.0/s) entities 15 in 127 pkt/s 10.2 KB/s 60 states/s (msgs: state 60 rpc 0 vars 0) rtt 0ms lead 4 (adj 1, worker saw 4) corrections 0 | full-rate interp: depth 0.0 ticks, starved 0.0% worst +0.0 | frame max 0.9ms fixed/frame max 1 | gaps>3t 0 worst 0t | render delay 3t (stream lag 0t) | snapshot age ms min 15.4 avg 16.4 max 20.6
[nebula] [nebula-probe] t=160.1 pos=67.3,0.0,109.7 cell=1,0,1 origin=0,0,0 replicas=14 dmin=15.5 dmax=67.2 limit=97.6 speed=6.0 beyond=0 dup=0 chunks=9 orphans=0 carrierless=0 spawns=45 despawns=30 pawn=1
[nebula] [nebula-probe] t=161.1 pos=62.7,0.0,113.5 cell=0,0,1 origin=0,0,0 replicas=12 dmin=21.5 dmax=60.0 limit=97.6 speed=6.0 beyond=0 dup=0 chunks=6 orphans=0 carrierless=0 spawns=46 despawns=33 pawn=1
[nebula] [nebula-probe] t=162.1 pos=58.1,0.0,117.3 cell=0,0,1 origin=0,0,0 replicas=14 dmin=20.1 dmax=65.7 limit=97.6 speed=6.0 beyond=0 dup=0 chunks=9 orphans=0 carrierless=0 spawns=48 despawns=33 pawn=1
[nebula] [nebula-probe] t=163.1 pos=53.5,0.0,121.2 cell=0,0,1 origin=0,0,0 replicas=13 dmin=15.7 dmax=67.5 limit=97.6 speed=6.0 beyond=0 dup=0 chunks=9 orphans=0 carrierless=0 spawns=48 despawns=34 pawn=1
[nebula] [nebula-probe] t=164.1 pos=48.9,0.0,125.0 cell=0,0,1 origin=0,0,0 replicas=12 dmin=12.5 dmax=66.4 limit=97.6 speed=6.0 beyond=0 dup=0 chunks=9 orphans=0 carrierless=0 spawns=48 despawns=35 pawn=1
[nebula] client 61331 fps replicas 13 (+0.8/s -1.2/s) entities 13 in 129 pkt/s 11.3 KB/s 60 states/s (msgs: state 60 rpc 0 vars 0) rtt 0ms lead 4 (adj 1, worker saw 4) corrections 0 | full-rate interp: depth 0.0 ticks, starved 0.0% worst +0.0 | frame max 0.9ms fixed/frame max 1 | gaps>3t 0 worst 0t | render delay 3t (stream lag 0t) | snapshot age ms min 15.2 avg 16.4 max 19.7
[nebula] [nebula-probe] t=165.1 pos=44.2,0.0,128.8 cell=0,0,2 origin=0,0,0 replicas=12 dmin=11.8 dmax=65.0 limit=97.6 speed=6.0 beyond=0 dup=0 chunks=9 orphans=0 carrierless=0 spawns=49 despawns=36 pawn=1
[nebula] [nebula-probe] t=166.1 pos=40.1,0.0,133.0 cell=0,0,2 origin=0,0,0 replicas=13 dmin=0.4 dmax=63.0 limit=97.5 speed=5.9 beyond=0 dup=0 chunks=9 orphans=0 carrierless=0 spawns=51 despawns=37 pawn=1
[nebula] [nebula-probe] t=167.1 pos=37.1,0.0,138.2 cell=0,0,2 origin=0,0,0 replicas=13 dmin=5.6 dmax=68.8 limit=97.6 speed=6.0 beyond=0 dup=0 chunks=9 orphans=0 carrierless=0 spawns=51 despawns=37 pawn=1
[nebula] [nebula-probe] t=168.1 pos=34.1,0.0,143.4 cell=0,0,2 origin=0,0,0 replicas=11 dmin=3.6 dmax=66.2 limit=97.6 speed=6.0 beyond=0 dup=0 chunks=9 orphans=0 carrierless=0 spawns=51 despawns=39 pawn=1
[nebula] [nebula-probe] t=169.1 pos=31.1,0.0,148.6 cell=0,0,2 origin=0,0,0 replicas=10 dmin=2.9 dmax=68.6 limit=97.6 speed=6.0 beyond=0 dup=0 chunks=9 orphans=0 carrierless=0 spawns=51 despawns=40 pawn=1
[nebula] client 60771 fps replicas 10 (+0.4/s -1.0/s) entities 10 in 130 pkt/s 12.2 KB/s 60 states/s (msgs: state 60 rpc 0 vars 0) rtt 0ms lead 4 (adj 1, worker saw 4) corrections 0 | full-rate interp: depth 0.0 ticks, starved 0.0% worst +0.0 | frame max 0.9ms fixed/frame max 1 | gaps>3t 0 worst 0t | render delay 3t (stream lag 0t) | snapshot age ms min 15.5 avg 16.4 max 20.0
[nebula] [nebula-probe] t=170.1 pos=28.1,0.0,153.8 cell=0,0,2 origin=0,0,0 replicas=9 dmin=8.7 dmax=70.2 limit=97.6 speed=6.0 beyond=0 dup=0 chunks=9 orphans=0 carrierless=0 spawns=51 despawns=41 pawn=1
[nebula] [nebula-probe] t=171.1 pos=25.1,0.0,159.0 cell=0,0,2 origin=0,0,0 replicas=7 dmin=10.2 dmax=42.3 limit=97.6 speed=6.0 beyond=0 dup=0 chunks=9 orphans=0 carrierless=0 spawns=51 despawns=43 pawn=1
[nebula] [nebula-probe] t=172.1 pos=22.1,0.0,164.2 cell=0,0,2 origin=0,0,0 replicas=7 dmin=5.6 dmax=48.2 limit=97.6 speed=6.0 beyond=0 dup=0 chunks=9 orphans=0 carrierless=0 spawns=51 despawns=43 pawn=1
[nebula] [nebula-probe] t=173.1 pos=19.1,0.0,169.4 cell=0,0,2 origin=0,0,0 replicas=7 dmin=5.5 dmax=54.1 limit=97.6 speed=6.0 beyond=0 dup=0 chunks=9 orphans=0 carrierless=0 spawns=51 despawns=43 pawn=1
[nebula] [nebula-probe] t=174.1 pos=19.7,0.0,168.9 cell=0,0,2 origin=0,0,0 replicas=7 dmin=4.9 dmax=53.3 limit=89.3 speed=0.8 beyond=0 dup=0 chunks=9 orphans=0 carrierless=0 spawns=51 despawns=43 pawn=1
[nebula] client 60919 fps replicas 8 (+0.0/s -0.4/s) entities 8 in 127 pkt/s 10.8 KB/s 60 states/s (msgs: state 60 rpc 0 vars 0) rtt 0ms lead 4 (adj 1, worker saw 4) corrections 0 | full-rate interp: depth 0.0 ticks, starved 0.0% worst +0.0 | frame max 0.9ms fixed/frame max 1 | gaps>3t 0 worst 0t | render delay 3t (stream lag 0t) | snapshot age ms min 15.5 avg 16.4 max 20.2
[nebula] [nebula-probe] t=175.1 pos=23.1,0.0,163.9 cell=0,0,2 origin=0,0,0 replicas=7 dmin=5.5 dmax=47.6 limit=97.6 speed=6.0 beyond=0 dup=0 chunks=9 orphans=0 carrierless=0 spawns=51 despawns=43 pawn=1
[nebula] [nebula-probe] t=176.1 pos=26.5,0.0,159.0 cell=0,0,2 origin=0,0,0 replicas=7 dmin=10.4 dmax=41.8 limit=97.6 speed=6.0 beyond=0 dup=0 chunks=9 orphans=0 carrierless=0 spawns=51 despawns=43 pawn=1
[nebula] [nebula-probe] t=177.1 pos=29.9,0.0,154.0 cell=0,0,2 origin=0,0,0 replicas=8 dmin=8.4 dmax=46.9 limit=97.6 speed=6.0 beyond=0 dup=0 chunks=9 orphans=0 carrierless=0 spawns=52 despawns=43 pawn=1
[nebula] [nebula-probe] t=178.1 pos=33.3,0.0,149.1 cell=0,0,2 origin=0,0,0 replicas=8 dmin=3.8 dmax=46.3 limit=97.6 speed=6.0 beyond=0 dup=0 chunks=9 orphans=0 carrierless=0 spawns=52 despawns=43 pawn=1
[nebula] [nebula-probe] t=179.1 pos=36.7,0.0,144.1 cell=0,0,2 origin=0,0,0 replicas=8 dmin=5.6 dmax=46.5 limit=97.6 speed=6.0 beyond=0 dup=0 chunks=9 orphans=0 carrierless=0 spawns=52 despawns=43 pawn=1
[nebula] client 61716 fps replicas 9 (+0.2/s -0.0/s) entities 9 in 127 pkt/s 11.2 KB/s 60 states/s (msgs: state 60 rpc 0 vars 0) rtt 0ms lead 4 (adj 1, worker saw 4) corrections 0 | full-rate interp: depth 0.0 ticks, starved 0.0% worst +0.0 | frame max 0.9ms fixed/frame max 1 | gaps>3t 0 worst 0t | render delay 3t (stream lag 0t) | snapshot age ms min 15.1 avg 16.5 max 21.1
[nebula] [nebula-probe] t=180.1 pos=40.0,0.0,139.2 cell=0,0,2 origin=0,0,0 replicas=8 dmin=5.8 dmax=47.5 limit=97.6 speed=6.0 beyond=0 dup=0 chunks=9 orphans=0 carrierless=0 spawns=52 despawns=43 pawn=1
[nebula] [nebula-probe] t=181.1 pos=35.7,0.0,139.3 cell=0,0,2 origin=0,0,0 replicas=9 dmin=2.9 dmax=50.5 limit=94.9 speed=4.3 beyond=0 dup=0 chunks=9 orphans=0 carrierless=0 spawns=53 despawns=43 pawn=1
[nebula] [nebula-probe] t=182.1 pos=29.8,0.0,140.5 cell=0,0,2 origin=0,0,0 replicas=9 dmin=5.5 dmax=54.1 limit=97.6 speed=6.0 beyond=0 dup=0 chunks=9 orphans=0 carrierless=0 spawns=53 despawns=43 pawn=1
[nebula] [nebula-probe] t=183.1 pos=23.9,0.0,141.6 cell=0,0,2 origin=0,0,0 replicas=9 dmin=4.4 dmax=58.2 limit=97.6 speed=6.0 beyond=0 dup=0 chunks=9 orphans=0 carrierless=0 spawns=53 despawns=43 pawn=1
[nebula] [nebula-probe] t=184.1 pos=18.0,0.0,142.8 cell=0,0,2 origin=0,0,0 replicas=9 dmin=8.9 dmax=62.6 limit=97.6 speed=6.0 beyond=0 dup=0 chunks=9 orphans=0 carrierless=0 spawns=53 despawns=43 pawn=1
[nebula] client 61481 fps replicas 10 (+0.2/s -0.0/s) entities 10 in 129 pkt/s 12.2 KB/s 60 states/s (msgs: state 60 rpc 0 vars 0) rtt 0ms lead 4 (adj 1, worker saw 4) corrections 0 | full-rate interp: depth 0.0 ticks, starved 0.0% worst +0.0 | frame max 0.9ms fixed/frame max 1 | gaps>3t 0 worst 0t | render delay 3t (stream lag 0t) | snapshot age ms min 15.6 avg 16.4 max 21.1
[nebula] [nebula-probe] t=185.1 pos=12.2,0.0,144.0 cell=0,0,2 origin=0,0,0 replicas=9 dmin=14.5 dmax=67.2 limit=97.6 speed=6.0 beyond=0 dup=0 chunks=9 orphans=0 carrierless=0 spawns=53 despawns=43 pawn=1
[nebula] [nebula-probe] t=186.1 pos=6.3,0.0,145.1 cell=0,0,2 origin=0,0,0 replicas=8 dmin=15.6 dmax=48.9 limit=97.6 speed=6.0 beyond=0 dup=0 chunks=9 orphans=0 carrierless=0 spawns=53 despawns=44 pawn=1
[nebula] [nebula-probe] t=187.1 pos=0.4,0.0,146.3 cell=0,0,2 origin=0,0,0 replicas=10 dmin=16.5 dmax=54.2 limit=97.6 speed=6.0 beyond=0 dup=0 chunks=9 orphans=0 carrierless=0 spawns=55 despawns=44 pawn=1
[nebula] [nebula-probe] t=188.1 pos=-5.1,0.0,148.5 cell=-1,0,2 origin=0,0,0 replicas=10 dmin=18.3 dmax=59.0 limit=97.5 speed=6.0 beyond=0 dup=0 chunks=9 orphans=0 carrierless=0 spawns=55 despawns=44 pawn=1
[nebula] [nebula-probe] t=189.1 pos=-10.5,0.0,151.3 cell=-1,0,2 origin=0,0,0 replicas=10 dmin=21.3 dmax=63.7 limit=97.6 speed=6.0 beyond=0 dup=0 chunks=9 orphans=0 carrierless=0 spawns=55 despawns=44 pawn=1
[nebula] client 40696 fps replicas 12 (+0.6/s -0.2/s) entities 12 in 130 pkt/s 11.8 KB/s 86 states/s (msgs: state 64 rpc 0 vars 0) rtt 0ms lead 4 (adj 1, worker saw 4) corrections 0 | full-rate interp: depth 2.4 ticks, starved 0.0% worst +0.0 | frame max 0.9ms fixed/frame max 1 | gaps>3t 0 worst 0t | render delay 3t (stream lag 0t) | snapshot age ms min 15.3 avg 16.4 max 20.6
[nebula] [nebula-probe] t=190.1 pos=-15.8,0.0,154.0 cell=-1,0,2 origin=0,0,0 replicas=11 dmin=17.8 dmax=68.7 limit=97.6 speed=6.0 beyond=0 dup=0 chunks=12 orphans=0 carrierless=0 spawns=56 despawns=44 pawn=1
[nebula] [nebula-probe] t=191.1 pos=-21.1,0.0,156.7 cell=-1,0,2 origin=0,0,0 replicas=11 dmin=20.5 dmax=70.3 limit=97.6 speed=6.0 beyond=0 dup=0 chunks=9 orphans=0 carrierless=0 spawns=57 despawns=45 pawn=1
[nebula] [nebula-probe] t=192.1 pos=-26.5,0.0,159.5 cell=-1,0,2 origin=0,0,0 replicas=10 dmin=20.2 dmax=71.3 limit=97.6 speed=6.0 beyond=0 dup=0 chunks=9 orphans=0 carrierless=0 spawns=57 despawns=46 pawn=1
[nebula] [nebula-probe] t=193.1 pos=-27.2,0.0,156.7 cell=-1,0,2 origin=0,0,0 replicas=10 dmin=1.8 dmax=59.5 limit=92.6 speed=2.8 beyond=0 dup=0 chunks=9 orphans=0 carrierless=0 spawns=59 despawns=48 pawn=1
[nebula] [nebula-probe] t=194.1 pos=-25.4,0.0,151.0 cell=-1,0,2 origin=0,0,0 replicas=10 dmin=7.8 dmax=56.9 limit=97.6 speed=6.0 beyond=0 dup=0 chunks=9 orphans=0 carrierless=0 spawns=59 despawns=48 pawn=1
[nebula] client 29524 fps replicas 11 (+0.6/s -0.8/s) entities 11 in 133 pkt/s 13.8 KB/s 112 states/s (msgs: state 64 rpc 0 vars 0) rtt 0ms lead 4 (adj 1, worker saw 4) corrections 0 | full-rate interp: depth 2.4 ticks, starved 0.0% worst +0.0 | frame max 0.9ms fixed/frame max 1 | gaps>3t 0 worst 0t | render delay 3t (stream lag 0t) | snapshot age ms min 15.5 avg 16.5 max 21.6
[nebula] [nebula-probe] t=195.1 pos=-23.5,0.0,145.3 cell=-1,0,2 origin=0,0,0 replicas=10 dmin=13.8 dmax=54.9 limit=97.6 speed=6.0 beyond=0 dup=0 chunks=9 orphans=0 carrierless=0 spawns=59 despawns=48 pawn=1
[nebula] [nebula-probe] t=196.1 pos=-21.7,0.0,139.5 cell=-1,0,2 origin=0,0,0 replicas=10 dmin=13.1 dmax=55.0 limit=97.6 speed=6.0 beyond=0 dup=0 chunks=9 orphans=0 carrierless=0 spawns=59 despawns=48 pawn=1
[nebula] [nebula-probe] t=197.1 pos=-19.9,0.0,133.8 cell=-1,0,2 origin=0,0,0 replicas=10 dmin=8.1 dmax=56.8 limit=97.6 speed=6.0 beyond=0 dup=0 chunks=9 orphans=0 carrierless=0 spawns=59 despawns=48 pawn=1
[nebula] [nebula-probe] t=198.1 pos=-18.1,0.0,128.1 cell=-1,0,2 origin=0,0,0 replicas=10 dmin=5.5 dmax=59.2 limit=97.6 speed=6.0 beyond=0 dup=0 chunks=9 orphans=0 carrierless=0 spawns=59 despawns=48 pawn=1
[nebula] [nebula-probe] t=199.1 pos=-16.3,0.0,122.4 cell=-1,0,1 origin=0,0,0 replicas=11 dmin=8.3 dmax=64.7 limit=97.6 speed=6.0 beyond=0 dup=0 chunks=12 orphans=0 carrierless=0 spawns=60 despawns=48 pawn=1
[nebula] client 28998 fps replicas 13 (+0.4/s -0.0/s) entities 13 in 133 pkt/s 14.8 KB/s 113 states/s (msgs: state 64 rpc 0 vars 0) rtt 0ms lead 4 (adj 1, worker saw 4) corrections 0 | full-rate interp: depth 2.5 ticks, starved 0.0% worst +0.0 | frame max 0.9ms fixed/frame max 1 | gaps>3t 0 worst 0t | render delay 3t (stream lag 0t) | snapshot age ms min 15.5 avg 16.5 max 21.7
[nebula] [nebula-probe] t=200.1 pos=-14.3,0.0,116.8 cell=-1,0,1 origin=0,0,0 replicas=12 dmin=13.2 dmax=70.2 limit=97.5 speed=5.9 beyond=0 dup=0 chunks=12 orphans=0 carrierless=0 spawns=61 despawns=48 pawn=1
[nebula] [nebula-probe] t=201.1 pos=-8.9,0.0,114.1 cell=-1,0,1 origin=0,0,0 replicas=11 dmin=16.3 dmax=51.2 limit=97.6 speed=6.0 beyond=0 dup=0 chunks=9 orphans=0 carrierless=0 spawns=62 despawns=50 pawn=1
[nebula] [nebula-probe] t=202.1 pos=-3.5,0.0,111.5 cell=-1,0,1 origin=0,0,0 replicas=11 dmin=20.7 dmax=55.3 limit=97.6 speed=6.0 beyond=0 dup=0 chunks=9 orphans=0 carrierless=0 spawns=62 despawns=50 pawn=1
[nebula] [nebula-probe] t=203.1 pos=1.7,0.0,108.8 cell=0,0,1 origin=0,0,0 replicas=13 dmin=25.7 dmax=61.0 limit=97.4 speed=5.9 beyond=0 dup=0 chunks=9 orphans=0 carrierless=0 spawns=64 despawns=50 pawn=1
[nebula] [nebula-probe] t=204.1 pos=7.1,0.0,106.1 cell=0,0,1 origin=0,0,0 replicas=15 dmin=31.0 dmax=66.8 limit=97.6 speed=6.0 beyond=0 dup=0 chunks=12 orphans=0 carrierless=0 spawns=66 despawns=50 pawn=1
[nebula] client 30638 fps replicas 16 (+1.2/s -0.6/s) entities 16 in 131 pkt/s 11.4 KB/s 72 states/s (msgs: state 64 rpc 0 vars 0) rtt 0ms lead 4 (adj 1, worker saw 4) corrections 1 last 0.10m | full-rate interp: depth 1.6 ticks, starved 0.0% worst +0.0 | frame max 0.9ms fixed/frame max 1 | gaps>3t 0 worst 0t | render delay 3t (stream lag 0t) | snapshot age ms min 15.5 avg 16.6 max 21.2
[nebula] [nebula-probe] t=205.1 pos=12.5,0.0,103.4 cell=0,0,1 origin=0,0,0 replicas=15 dmin=29.8 dmax=68.2 limit=97.6 speed=6.0 beyond=0 dup=0 chunks=9 orphans=0 carrierless=0 spawns=67 despawns=51 pawn=1
[nebula] [nebula-probe] t=206.1 pos=16.7,0.0,99.4 cell=0,0,1 origin=0,0,0 replicas=13 dmin=1.9 dmax=65.4 limit=97.4 speed=5.9 beyond=0 dup=0 chunks=9 orphans=0 carrierless=0 spawns=68 despawns=54 pawn=1
[nebula] [nebula-probe] t=207.1 pos=20.5,0.0,94.7 cell=0,0,1 origin=0,0,0 replicas=13 dmin=7.9 dmax=66.9 limit=97.6 speed=6.0 beyond=0 dup=0 chunks=9 orphans=0 carrierless=0 spawns=69 despawns=55 pawn=1
[nebula] [nebula-probe] t=208.1 pos=24.2,0.0,90.0 cell=0,0,1 origin=0,0,0 replicas=14 dmin=13.9 dmax=56.2 limit=97.6 speed=6.0 beyond=0 dup=0 chunks=9 orphans=0 carrierless=0 spawns=71 despawns=56 pawn=1
