Mono path[0] = 'C:/Dev/nebula-virtualworld/Builds/Win64/Nebula_Data/Managed'
Mono config path = 'C:/Dev/nebula-virtualworld/Builds/Win64/MonoBleedingEdge/etc'
CodeReloadManager initialized
Found 1 interfaces on host : 0) 192.168.4.54
Player connection [46860]  Target information:

Player connection [46860]  * "[IP] 192.168.4.54 [Port] 55007 [Flags] 2 [Guid] 389871505 [EditorId] 1773059659 [Version] 1048832 [Id] WindowsPlayer(2,Atlas) [Debug] 0 [PackageName] WindowsPlayer [ProjectName] nebula-virtualworld" 

Player connection [46860] Started UDP target info broadcast (1) on [225.0.0.222:54997].

Input System module state changed to: Initialized.
[Physics::Module] Initialized fallback backend.
[Physics::Module] Id: 0xdecafbad
Initialize engine version: 6000.6.0f1 (f7f8ed4d1e24)
[EntityIdStore] init: VM path (explicit commit), pageSize=4096, blockCount=1048576, entitiesPerBlock=256, slots reserved=4294967296 bytes
[Subsystems] Discovering subsystems at path C:/Dev/nebula-virtualworld/Builds/Win64/Nebula_Data/UnitySubsystems
Forcing GfxDevice: Null
GfxDevice: creating device client; kGfxThreadingModeNonThreaded
NullGfxDevice:
    Version:  NULL 1.0 [1.0]
    Renderer: Null Device
    Vendor:   Unity Technologies
Begin MonoManager ReloadAssembly
- Finished resetting the current domain, in  0.007 seconds
[Physics::Module] Selected backend.
[Physics::Module] Name: PhysX
[Physics::Module] Id: 0xf2b8ea05
[Physics::Module] SDK Version: 4.1.2
[Physics::Module] Integration Version: 1.0.0
[Physics::Module] Threading Mode: Multi-Threaded
Microsoft Media Foundation video decoding to texture disabled: graphics device is Null, only Direct3D 11 and Direct3D 12 (only on desktop) are supported for hardware-accelerated video decoding.
UnloadTime: 0.624500 ms
[nebula] boot roles=Client scene=World tickRate=60
[nebula] containers: 0 (runtime world)
[nebula] connecting to gateway 127.0.0.1:7200 as 'bot6'
[nebula] chunked world: cell (64.00, 512.00, 64.00) (planar), near 2 cell(s), allocator ring 3, retire after 30s
[nebula] client 0 fps replicas 0 (+0.0/s -0.0/s) entities 0 in 0 pkt/s 0.0 KB/s 0 states/s (msgs: state 0 rpc 0 vars 0) rtt -1ms lead 0 (adj 0, worker saw 0) corrections 0 | full-rate interp: depth 0.0 ticks, starved 0.0% worst +0.0 | frame max 86.8ms fixed/frame max 1 | gaps>3t 0 worst 0t | render delay 0t (stream lag 0t) | snapshot age ms min 0.0 avg 0.0 max 0.0
[nebula] [nebula-probe] t=0.1 pos=0.0,0.0,0.0 cell=0,0,0 origin=0,0,0 replicas=0 dmin=0.0 dmax=0.0 limit=88.0 speed=0.0 beyond=0 dup=0 chunks=0 orphans=0 carrierless=0 spawns=0 despawns=0 pawn=0
[nebula] welcome: clientId=3825002173356310533 identity=f82cf87adbda serverTick=1365003743
[nebula] world starting, about 3 s: no worker is running yet; holding the join
[nebula] [nebula-probe] t=1.1 pos=0.0,0.0,0.0 cell=0,0,0 origin=0,0,0 replicas=0 dmin=0.0 dmax=0.0 limit=88.0 speed=0.0 beyond=0 dup=0 chunks=0 orphans=0 carrierless=0 spawns=0 despawns=0 pawn=0
[nebula] [nebula-probe] t=2.1 pos=0.0,0.0,0.0 cell=0,0,0 origin=0,0,0 replicas=0 dmin=0.0 dmax=0.0 limit=88.0 speed=0.0 beyond=0 dup=0 chunks=0 orphans=0 carrierless=0 spawns=0 despawns=0 pawn=0
[nebula] [nebula-probe] t=3.1 pos=0.0,0.0,0.0 cell=0,0,0 origin=0,0,0 replicas=0 dmin=0.0 dmax=0.0 limit=88.0 speed=0.0 beyond=0 dup=0 chunks=0 orphans=0 carrierless=0 spawns=0 despawns=0 pawn=0
[nebula] joined the world
[nebula] [vw-bot] mode=Wander
[nebula] local player spawned: Player(Clone)#844424930131969(e1,rt_9223358842715242496,local)
[nebula] [nebula-probe] t=4.1 pos=-162.4,0.0,32.3 cell=-3,0,0 origin=0,0,0 replicas=0 dmin=0.0 dmax=0.0 limit=88.0 speed=0.0 beyond=0 dup=0 chunks=6 orphans=0 carrierless=0 spawns=1 despawns=0 pawn=1
[nebula] client 65540 fps replicas 1 (+0.2/s -0.0/s) entities 1 in 42 pkt/s 3.5 KB/s 18 states/s (msgs: state 18 rpc 0 vars 0) rtt 0ms lead 3 (adj 0, worker saw 3) corrections 1 last 0.10m | full-rate interp: depth 0.0 ticks, starved 0.0% worst +0.0 | frame max 298.3ms fixed/frame max 1 | gaps>3t 0 worst 0t | render delay 3t (stream lag 0t) | snapshot age ms min 8.4 avg 11.9 max 21.3
[nebula] [nebula-probe] t=5.1 pos=-156.4,0.0,32.5 cell=-3,0,0 origin=0,0,0 replicas=0 dmin=0.0 dmax=0.0 limit=97.6 speed=6.0 beyond=0 dup=0 chunks=6 orphans=0 carrierless=0 spawns=1 despawns=0 pawn=1
[nebula] [nebula-probe] t=6.1 pos=-150.4,0.0,32.8 cell=-3,0,0 origin=0,0,0 replicas=0 dmin=0.0 dmax=0.0 limit=97.6 speed=6.0 beyond=0 dup=0 chunks=6 orphans=0 carrierless=0 spawns=1 despawns=0 pawn=1
[nebula] [nebula-probe] t=7.1 pos=-144.4,0.0,33.0 cell=-3,0,0 origin=0,0,0 replicas=0 dmin=0.0 dmax=0.0 limit=97.6 speed=6.0 beyond=0 dup=0 chunks=6 orphans=0 carrierless=0 spawns=1 despawns=0 pawn=1
[nebula] [nebula-probe] t=8.1 pos=-138.4,0.0,33.2 cell=-3,0,0 origin=0,0,0 replicas=0 dmin=0.0 dmax=0.0 limit=97.6 speed=6.0 beyond=0 dup=0 chunks=6 orphans=0 carrierless=0 spawns=1 despawns=0 pawn=1
[nebula] [nebula-probe] t=9.1 pos=-132.4,0.0,33.5 cell=-3,0,0 origin=0,0,0 replicas=0 dmin=0.0 dmax=0.0 limit=97.6 speed=6.0 beyond=0 dup=0 chunks=6 orphans=0 carrierless=0 spawns=1 despawns=0 pawn=1
[nebula] client 65169 fps replicas 2 (+0.2/s -0.0/s) entities 2 in 125 pkt/s 9.2 KB/s 60 states/s (msgs: state 60 rpc 0 vars 0) rtt 0ms lead 3 (adj 0, worker saw 3) corrections 0 | full-rate interp: depth 0.0 ticks, starved 0.0% worst +0.0 | frame max 2.7ms fixed/frame max 1 | gaps>3t 0 worst 0t | render delay 3t (stream lag 0t) | snapshot age ms min 8.6 avg 12.1 max 18.2
[nebula] [nebula-probe] t=10.1 pos=-129.8,0.0,33.8 cell=-3,0,0 origin=0,0,0 replicas=1 dmin=0.4 dmax=0.4 limit=92.2 speed=2.6 beyond=0 dup=0 chunks=9 orphans=0 carrierless=0 spawns=2 despawns=0 pawn=1
[nebula] [nebula-probe] t=11.1 pos=-135.8,0.0,34.4 cell=-3,0,0 origin=0,0,0 replicas=1 dmin=5.6 dmax=5.6 limit=97.6 speed=6.0 beyond=0 dup=0 chunks=9 orphans=0 carrierless=0 spawns=2 despawns=0 pawn=1
[nebula] [nebula-probe] t=12.1 pos=-141.7,0.0,35.0 cell=-3,0,0 origin=0,0,0 replicas=1 dmin=11.6 dmax=11.6 limit=97.6 speed=6.0 beyond=0 dup=0 chunks=9 orphans=0 carrierless=0 spawns=2 despawns=0 pawn=1
[nebula] [nebula-probe] t=13.1 pos=-147.7,0.0,35.6 cell=-3,0,0 origin=0,0,0 replicas=1 dmin=17.6 dmax=17.6 limit=97.6 speed=6.0 beyond=0 dup=0 chunks=9 orphans=0 carrierless=0 spawns=2 despawns=0 pawn=1
[nebula] [nebula-probe] t=14.1 pos=-153.7,0.0,36.1 cell=-3,0,0 origin=0,0,0 replicas=1 dmin=23.6 dmax=23.6 limit=97.6 speed=6.0 beyond=0 dup=0 chunks=9 orphans=0 carrierless=0 spawns=2 despawns=0 pawn=1
[nebula] client 65076 fps replicas 2 (+0.0/s -0.0/s) entities 2 in 124 pkt/s 9.8 KB/s 60 states/s (msgs: state 60 rpc 0 vars 0) rtt 0ms lead 4 (adj 1, worker saw 4) corrections 1 last 0.10m | full-rate interp: depth 0.0 ticks, starved 0.0% worst +0.0 | frame max 0.8ms fixed/frame max 1 | gaps>3t 0 worst 0t | render delay 3t (stream lag 0t) | snapshot age ms min 10.9 avg 12.1 max 16.1
[nebula] [nebula-probe] t=15.1 pos=-159.7,0.0,36.7 cell=-3,0,0 origin=0,0,0 replicas=1 dmin=29.6 dmax=29.6 limit=97.6 speed=6.0 beyond=0 dup=0 chunks=9 orphans=0 carrierless=0 spawns=2 despawns=0 pawn=1
[nebula] [nebula-probe] t=16.1 pos=-165.6,0.0,37.3 cell=-3,0,0 origin=0,0,0 replicas=1 dmin=35.6 dmax=35.6 limit=97.6 speed=6.0 beyond=0 dup=0 chunks=9 orphans=0 carrierless=0 spawns=2 despawns=0 pawn=1
[nebula] [nebula-probe] t=17.1 pos=-169.0,0.0,37.6 cell=-3,0,0 origin=0,0,0 replicas=2 dmin=0.8 dmax=39.0 limit=93.4 speed=3.4 beyond=0 dup=0 chunks=9 orphans=0 carrierless=0 spawns=3 despawns=0 pawn=1
[nebula] [nebula-probe] t=18.1 pos=-163.1,0.0,36.7 cell=-3,0,0 origin=0,0,0 replicas=2 dmin=5.2 dmax=33.0 limit=97.6 speed=6.0 beyond=0 dup=0 chunks=9 orphans=0 carrierless=0 spawns=3 despawns=0 pawn=1
[nebula] [nebula-probe] t=19.1 pos=-157.1,0.0,35.9 cell=-3,0,0 origin=0,0,0 replicas=2 dmin=11.2 dmax=27.0 limit=97.6 speed=6.0 beyond=0 dup=0 chunks=9 orphans=0 carrierless=0 spawns=3 despawns=0 pawn=1
[nebula] client 64765 fps replicas 3 (+0.2/s -0.0/s) entities 3 in 127 pkt/s 11.3 KB/s 60 states/s (msgs: state 60 rpc 0 vars 0) rtt 0ms lead 4 (adj 1, worker saw 4) corrections 0 | full-rate interp: depth 0.0 ticks, starved 0.0% worst +0.0 | frame max 0.9ms fixed/frame max 1 | gaps>3t 0 worst 0t | render delay 3t (stream lag 0t) | snapshot age ms min 11.3 avg 12.1 max 24.5
[nebula] [nebula-probe] t=20.1 pos=-151.2,0.0,35.1 cell=-3,0,0 origin=0,0,0 replicas=2 dmin=17.2 dmax=21.0 limit=97.6 speed=6.0 beyond=0 dup=0 chunks=9 orphans=0 carrierless=0 spawns=3 despawns=0 pawn=1
[nebula] [nebula-probe] t=21.1 pos=-145.3,0.0,34.3 cell=-3,0,0 origin=0,0,0 replicas=2 dmin=15.1 dmax=23.2 limit=97.6 speed=6.0 beyond=0 dup=0 chunks=9 orphans=0 carrierless=0 spawns=3 despawns=0 pawn=1
[nebula] [nebula-probe] t=22.1 pos=-139.3,0.0,33.4 cell=-3,0,0 origin=0,0,0 replicas=2 dmin=9.1 dmax=29.2 limit=97.6 speed=6.0 beyond=0 dup=0 chunks=9 orphans=0 carrierless=0 spawns=3 despawns=0 pawn=1
[nebula] [nebula-probe] t=23.1 pos=-133.4,0.0,32.6 cell=-3,0,0 origin=0,0,0 replicas=2 dmin=3.4 dmax=35.2 limit=97.6 speed=6.0 beyond=0 dup=0 chunks=9 orphans=0 carrierless=0 spawns=3 despawns=0 pawn=1
[nebula] [nebula-probe] t=24.1 pos=-127.8,0.0,34.1 cell=-2,0,0 origin=0,0,0 replicas=2 dmin=2.4 dmax=40.6 limit=97.3 speed=5.8 beyond=0 dup=0 chunks=9 orphans=0 carrierless=0 spawns=3 despawns=0 pawn=1
[nebula] client 64470 fps replicas 3 (+0.0/s -0.0/s) entities 3 in 124 pkt/s 9.7 KB/s 60 states/s (msgs: state 60 rpc 0 vars 0) rtt 0ms lead 4 (adj 1, worker saw 4) corrections 0 | full-rate interp: depth 0.0 ticks, starved 0.0% worst +0.0 | frame max 0.8ms fixed/frame max 1 | gaps>3t 0 worst 0t | render delay 3t (stream lag 0t) | snapshot age ms min 11.3 avg 12.1 max 16.5
[nebula] [nebula-probe] t=25.1 pos=-122.3,0.0,36.6 cell=-2,0,0 origin=0,0,0 replicas=2 dmin=8.3 dmax=45.9 limit=97.6 speed=6.0 beyond=0 dup=0 chunks=9 orphans=0 carrierless=0 spawns=3 despawns=0 pawn=1
[nebula] [nebula-probe] t=26.1 pos=-116.9,0.0,39.1 cell=-2,0,0 origin=0,0,0 replicas=2 dmin=14.3 dmax=51.4 limit=97.6 speed=6.0 beyond=0 dup=0 chunks=9 orphans=0 carrierless=0 spawns=3 despawns=0 pawn=1
[nebula] [nebula-probe] t=27.1 pos=-111.4,0.0,41.6 cell=-2,0,0 origin=0,0,0 replicas=2 dmin=20.3 dmax=57.0 limit=97.6 speed=6.0 beyond=0 dup=0 chunks=9 orphans=0 carrierless=0 spawns=3 despawns=0 pawn=1
[nebula] [nebula-probe] t=28.1 pos=-105.9,0.0,44.1 cell=-2,0,0 origin=0,0,0 replicas=2 dmin=26.3 dmax=62.6 limit=97.6 speed=6.0 beyond=0 dup=0 chunks=9 orphans=0 carrierless=0 spawns=3 despawns=0 pawn=1
[nebula] [nebula-probe] t=29.1 pos=-100.5,0.0,46.6 cell=-2,0,0 origin=0,0,0 replicas=2 dmin=32.3 dmax=68.4 limit=97.6 speed=6.0 beyond=0 dup=0 chunks=9 orphans=0 carrierless=0 spawns=3 despawns=0 pawn=1
[nebula] client 63171 fps replicas 2 (+0.0/s -0.2/s) entities 2 in 126 pkt/s 10.2 KB/s 60 states/s (msgs: state 60 rpc 0 vars 0) rtt 0ms lead 4 (adj 1, worker saw 4) corrections 0 | full-rate interp: depth 0.0 ticks, starved 0.0% worst +0.0 | frame max 3.8ms fixed/frame max 1 | gaps>3t 0 worst 0t | render delay 3t (stream lag 0t) | snapshot age ms min 11.4 avg 12.9 max 17.2
[nebula] [nebula-probe] t=30.1 pos=-95.0,0.0,49.1 cell=-2,0,0 origin=0,0,0 replicas=1 dmin=38.3 dmax=38.3 limit=97.6 speed=6.0 beyond=0 dup=0 chunks=6 orphans=0 carrierless=0 spawns=3 despawns=1 pawn=1
[nebula] [nebula-probe] t=31.1 pos=-91.1,0.0,51.7 cell=-2,0,0 origin=0,0,0 replicas=2 dmin=1.2 dmax=42.9 limit=95.5 speed=4.7 beyond=0 dup=0 chunks=9 orphans=0 carrierless=0 spawns=4 despawns=1 pawn=1
[nebula] [nebula-probe] t=32.1 pos=-96.2,0.0,54.9 cell=-2,0,0 origin=0,0,0 replicas=2 dmin=4.8 dmax=40.0 limit=97.6 speed=6.0 beyond=0 dup=0 chunks=9 orphans=0 carrierless=0 spawns=4 despawns=1 pawn=1
[nebula] [nebula-probe] t=33.1 pos=-101.2,0.0,58.2 cell=-2,0,0 origin=0,0,0 replicas=2 dmin=10.8 dmax=37.9 limit=97.6 speed=6.0 beyond=0 dup=0 chunks=9 orphans=0 carrierless=0 spawns=4 despawns=1 pawn=1
[nebula] [nebula-probe] t=34.1 pos=-106.2,0.0,61.5 cell=-2,0,0 origin=0,0,0 replicas=2 dmin=16.8 dmax=36.6 limit=97.6 speed=6.0 beyond=0 dup=0 chunks=9 orphans=0 carrierless=0 spawns=4 despawns=1 pawn=1
[nebula] client 62723 fps replicas 3 (+0.2/s -0.0/s) entities 3 in 128 pkt/s 11.4 KB/s 60 states/s (msgs: state 60 rpc 0 vars 0) rtt 0ms lead 4 (adj 1, worker saw 4) corrections 0 | full-rate interp: depth 0.0 ticks, starved 0.0% worst +0.0 | frame max 0.8ms fixed/frame max 1 | gaps>3t 0 worst 0t | render delay 3t (stream lag 0t) | snapshot age ms min 11.9 avg 14.0 max 21.1
[nebula] [nebula-probe] t=35.1 pos=-111.3,0.0,64.7 cell=-2,0,1 origin=0,0,0 replicas=2 dmin=22.8 dmax=36.2 limit=97.6 speed=6.0 beyond=0 dup=0 chunks=9 orphans=0 carrierless=0 spawns=4 despawns=1 pawn=1
[nebula] [nebula-probe] t=36.1 pos=-116.3,0.0,68.0 cell=-2,0,1 origin=0,0,0 replicas=2 dmin=28.8 dmax=36.9 limit=97.6 speed=6.0 beyond=0 dup=0 chunks=9 orphans=0 carrierless=0 spawns=4 despawns=1 pawn=1
[nebula] [nebula-probe] t=37.1 pos=-112.4,0.0,67.6 cell=-2,0,1 origin=0,0,0 replicas=2 dmin=25.4 dmax=38.2 limit=94.2 speed=3.9 beyond=0 dup=0 chunks=9 orphans=0 carrierless=0 spawns=4 despawns=1 pawn=1
[nebula] [nebula-probe] t=38.1 pos=-106.6,0.0,66.4 cell=-2,0,1 origin=0,0,0 replicas=2 dmin=20.1 dmax=40.2 limit=97.6 speed=6.0 beyond=0 dup=0 chunks=9 orphans=0 carrierless=0 spawns=4 despawns=1 pawn=1
[nebula] [nebula-probe] t=39.1 pos=-100.7,0.0,65.2 cell=-2,0,1 origin=0,0,0 replicas=2 dmin=15.4 dmax=43.0 limit=97.6 speed=6.0 beyond=0 dup=0 chunks=9 orphans=0 carrierless=0 spawns=4 despawns=1 pawn=1
[nebula] client 62561 fps replicas 3 (+0.0/s -0.0/s) entities 3 in 124 pkt/s 9.6 KB/s 60 states/s (msgs: state 60 rpc 0 vars 0) rtt 0ms lead 4 (adj 1, worker saw 4) corrections 0 | full-rate interp: depth 0.0 ticks, starved 0.0% worst +0.0 | frame max 0.9ms fixed/frame max 1 | gaps>3t 0 worst 0t | render delay 3t (stream lag 0t) | snapshot age ms min 12.1 avg 14.7 max 36.3
[nebula] [nebula-probe] t=40.1 pos=-94.8,0.0,64.0 cell=-2,0,0 origin=0,0,0 replicas=2 dmin=11.9 dmax=46.5 limit=97.6 speed=6.0 beyond=0 dup=0 chunks=9 orphans=0 carrierless=0 spawns=4 despawns=1 pawn=1
[nebula] [nebula-probe] t=41.1 pos=-88.9,0.0,62.7 cell=-2,0,0 origin=0,0,0 replicas=2 dmin=10.9 dmax=50.4 limit=97.6 speed=6.0 beyond=0 dup=0 chunks=9 orphans=0 carrierless=0 spawns=4 despawns=1 pawn=1
[nebula] [nebula-probe] t=42.1 pos=-83.1,0.0,61.5 cell=-2,0,0 origin=0,0,0 replicas=2 dmin=12.9 dmax=54.7 limit=97.6 speed=6.0 beyond=0 dup=0 chunks=9 orphans=0 carrierless=0 spawns=4 despawns=1 pawn=1
[nebula] [nebula-probe] t=43.1 pos=-77.2,0.0,60.3 cell=-2,0,0 origin=0,0,0 replicas=2 dmin=17.0 dmax=59.3 limit=97.6 speed=6.0 beyond=0 dup=0 chunks=9 orphans=0 carrierless=0 spawns=4 despawns=1 pawn=1
[nebula] [nebula-probe] t=44.1 pos=-71.3,0.0,59.1 cell=-2,0,0 origin=0,0,0 replicas=2 dmin=21.9 dmax=64.1 limit=97.6 speed=6.0 beyond=0 dup=0 chunks=9 orphans=0 carrierless=0 spawns=4 despawns=1 pawn=1
[nebula] client 62805 fps replicas 3 (+0.0/s -0.0/s) entities 3 in 126 pkt/s 11.0 KB/s 60 states/s (msgs: state 60 rpc 0 vars 0) rtt 0ms lead 4 (adj 1, worker saw 4) corrections 0 | full-rate interp: depth 0.0 ticks, starved 0.0% worst +0.0 | frame max 0.9ms fixed/frame max 1 | gaps>3t 0 worst 0t | render delay 3t (stream lag 0t) | snapshot age ms min 12.0 avg 15.0 max 17.4
[nebula] [nebula-probe] t=45.1 pos=-65.4,0.0,57.8 cell=-2,0,0 origin=0,0,0 replicas=2 dmin=27.3 dmax=69.1 limit=97.6 speed=6.0 beyond=0 dup=0 chunks=9 orphans=0 carrierless=0 spawns=4 despawns=1 pawn=1
[nebula] [nebula-probe] t=46.1 pos=-67.6,0.0,62.7 cell=-2,0,0 origin=0,0,0 replicas=2 dmin=3.5 dmax=26.7 limit=96.6 speed=5.4 beyond=0 dup=0 chunks=9 orphans=0 carrierless=0 spawns=5 despawns=2 pawn=1
[nebula] [nebula-probe] t=47.1 pos=-70.3,0.0,68.1 cell=-2,0,1 origin=0,0,0 replicas=2 dmin=9.5 dmax=26.9 limit=97.6 speed=6.0 beyond=0 dup=0 chunks=9 orphans=0 carrierless=0 spawns=5 despawns=2 pawn=1
[nebula] [nebula-probe] t=48.1 pos=-73.1,0.0,73.4 cell=-2,0,1 origin=0,0,0 replicas=2 dmin=15.5 dmax=28.5 limit=97.6 speed=6.0 beyond=0 dup=0 chunks=9 orphans=0 carrierless=0 spawns=5 despawns=2 pawn=1
[nebula] [nebula-probe] t=49.1 pos=-75.8,0.0,78.8 cell=-2,0,1 origin=0,0,0 replicas=2 dmin=21.5 dmax=31.1 limit=97.6 speed=6.0 beyond=0 dup=0 chunks=9 orphans=0 carrierless=0 spawns=5 despawns=2 pawn=1
[nebula] client 63901 fps replicas 3 (+0.2/s -0.2/s) entities 3 in 129 pkt/s 12.3 KB/s 60 states/s (msgs: state 60 rpc 0 vars 0) rtt 0ms lead 4 (adj 1, worker saw 4) corrections 0 | full-rate interp: depth 0.0 ticks, starved 0.0% worst +0.0 | frame max 1.0ms fixed/frame max 1 | gaps>3t 0 worst 0t | render delay 3t (stream lag 0t) | snapshot age ms min 12.2 avg 15.4 max 19.9
[nebula] [nebula-probe] t=50.1 pos=-78.5,0.0,84.1 cell=-2,0,1 origin=0,0,0 replicas=2 dmin=27.5 dmax=34.6 limit=97.6 speed=6.0 beyond=0 dup=0 chunks=9 orphans=0 carrierless=0 spawns=5 despawns=2 pawn=1
[nebula] [nebula-probe] t=51.1 pos=-81.3,0.0,89.5 cell=-2,0,1 origin=0,0,0 replicas=2 dmin=33.5 dmax=38.7 limit=97.6 speed=6.0 beyond=0 dup=0 chunks=9 orphans=0 carrierless=0 spawns=5 despawns=2 pawn=1
[nebula] [nebula-probe] t=52.1 pos=-84.1,0.0,94.7 cell=-2,0,1 origin=0,0,0 replicas=3 dmin=1.5 dmax=43.1 limit=97.6 speed=6.0 beyond=0 dup=0 chunks=12 orphans=0 carrierless=0 spawns=6 despawns=2 pawn=1
[nebula] [nebula-probe] t=53.1 pos=-88.2,0.0,99.1 cell=-2,0,1 origin=0,0,0 replicas=3 dmin=4.5 dmax=46.9 limit=97.6 speed=6.0 beyond=0 dup=0 chunks=12 orphans=0 carrierless=0 spawns=6 despawns=2 pawn=1
[nebula] [nebula-probe] t=54.1 pos=-92.3,0.0,103.5 cell=-2,0,1 origin=0,0,0 replicas=3 dmin=10.5 dmax=51.1 limit=97.6 speed=6.0 beyond=0 dup=0 chunks=12 orphans=0 carrierless=0 spawns=6 despawns=2 pawn=1
[nebula] client 63935 fps replicas 4 (+0.2/s -0.0/s) entities 4 in 125 pkt/s 10.1 KB/s 60 states/s (msgs: state 60 rpc 0 vars 0) rtt 0ms lead 4 (adj 1, worker saw 4) corrections 0 | full-rate interp: depth 0.0 ticks, starved 0.0% worst +0.0 | frame max 0.9ms fixed/frame max 1 | gaps>3t 0 worst 0t | render delay 3t (stream lag 0t) | snapshot age ms min 12.3 avg 15.8 max 17.9
[nebula] [nebula-probe] t=55.1 pos=-96.4,0.0,107.8 cell=-2,0,1 origin=0,0,0 replicas=3 dmin=16.5 dmax=57.0 limit=97.6 speed=6.0 beyond=0 dup=0 chunks=12 orphans=0 carrierless=0 spawns=6 despawns=2 pawn=1
[nebula] [nebula-probe] t=56.1 pos=-100.5,0.0,112.2 cell=-2,0,1 origin=0,0,0 replicas=3 dmin=22.5 dmax=62.9 limit=97.6 speed=6.0 beyond=0 dup=0 chunks=12 orphans=0 carrierless=0 spawns=6 despawns=2 pawn=1
[nebula] [nebula-probe] t=57.1 pos=-104.6,0.0,116.6 cell=-2,0,1 origin=0,0,0 replicas=3 dmin=28.5 dmax=68.8 limit=97.6 speed=6.0 beyond=0 dup=0 chunks=12 orphans=0 carrierless=0 spawns=6 despawns=2 pawn=1
[nebula] [nebula-probe] t=58.1 pos=-105.9,0.0,118.9 cell=-2,0,1 origin=0,0,0 replicas=1 dmin=31.0 dmax=31.0 limit=92.2 speed=2.6 beyond=0 dup=0 chunks=9 orphans=0 carrierless=0 spawns=6 despawns=4 pawn=1
[nebula] [nebula-probe] t=59.1 pos=-100.5,0.0,116.2 cell=-2,0,1 origin=0,0,0 replicas=1 dmin=25.6 dmax=25.6 limit=97.6 speed=6.0 beyond=0 dup=0 chunks=9 orphans=0 carrierless=0 spawns=6 despawns=4 pawn=1
[nebula] client 63082 fps replicas 2 (+0.0/s -0.4/s) entities 2 in 127 pkt/s 11.7 KB/s 60 states/s (msgs: state 60 rpc 0 vars 0) rtt 0ms lead 4 (adj 1, worker saw 4) corrections 0 | full-rate interp: depth 0.0 ticks, starved 0.0% worst +0.0 | frame max 1.0ms fixed/frame max 1 | gaps>3t 0 worst 0t | render delay 3t (stream lag 0t) | snapshot age ms min 12.9 avg 16.1 max 20.3
[nebula] [nebula-probe] t=60.1 pos=-95.1,0.0,113.6 cell=-2,0,1 origin=0,0,0 replicas=1 dmin=20.4 dmax=20.4 limit=97.6 speed=6.0 beyond=0 dup=0 chunks=9 orphans=0 carrierless=0 spawns=6 despawns=4 pawn=1
[nebula] [nebula-probe] t=61.1 pos=-89.7,0.0,111.0 cell=-2,0,1 origin=0,0,0 replicas=1 dmin=15.8 dmax=15.8 limit=97.6 speed=6.0 beyond=0 dup=0 chunks=9 orphans=0 carrierless=0 spawns=6 despawns=4 pawn=1
[nebula] [nebula-probe] t=62.1 pos=-84.3,0.0,108.3 cell=-2,0,1 origin=0,0,0 replicas=1 dmin=12.6 dmax=12.6 limit=97.6 speed=6.0 beyond=0 dup=0 chunks=9 orphans=0 carrierless=0 spawns=6 despawns=4 pawn=1
[nebula] [nebula-probe] t=63.1 pos=-80.4,0.0,105.5 cell=-2,0,1 origin=0,0,0 replicas=1 dmin=10.8 dmax=10.8 limit=95.7 speed=4.8 beyond=0 dup=0 chunks=9 orphans=0 carrierless=0 spawns=6 despawns=4 pawn=1
[nebula] [nebula-probe] t=64.1 pos=-85.1,0.0,101.7 cell=-2,0,1 origin=0,0,0 replicas=2 dmin=5.9 dmax=46.2 limit=97.6 speed=6.0 beyond=0 dup=0 chunks=9 orphans=0 carrierless=0 spawns=7 despawns=4 pawn=1
[nebula] client 63063 fps replicas 4 (+0.4/s -0.0/s) entities 4 in 129 pkt/s 12.7 KB/s 60 states/s (msgs: state 60 rpc 0 vars 0) rtt 0ms lead 4 (adj 1, worker saw 4) corrections 0 | full-rate interp: depth 0.0 ticks, starved 0.0% worst +0.0 | frame max 1.0ms fixed/frame max 1 | gaps>3t 0 worst 0t | render delay 3t (stream lag 0t) | snapshot age ms min 13.3 avg 16.3 max 20.7
[nebula] [nebula-probe] t=65.1 pos=-89.7,0.0,97.9 cell=-2,0,1 origin=0,0,0 replicas=3 dmin=5.0 dmax=45.6 limit=97.6 speed=6.0 beyond=0 dup=0 chunks=9 orphans=0 carrierless=0 spawns=8 despawns=4 pawn=1
[nebula] [nebula-probe] t=66.1 pos=-94.3,0.0,94.1 cell=-2,0,1 origin=0,0,0 replicas=3 dmin=9.3 dmax=44.6 limit=97.6 speed=6.0 beyond=0 dup=0 chunks=9 orphans=0 carrierless=0 spawns=8 despawns=4 pawn=1
[nebula] [nebula-probe] t=67.1 pos=-99.0,0.0,90.3 cell=-2,0,1 origin=0,0,0 replicas=3 dmin=14.9 dmax=45.0 limit=97.6 speed=6.0 beyond=0 dup=0 chunks=9 orphans=0 carrierless=0 spawns=8 despawns=4 pawn=1
[nebula] [nebula-probe] t=68.1 pos=-103.6,0.0,86.5 cell=-2,0,1 origin=0,0,0 replicas=3 dmin=20.7 dmax=46.2 limit=97.6 speed=6.0 beyond=0 dup=0 chunks=9 orphans=0 carrierless=0 spawns=8 despawns=4 pawn=1
[nebula] [nebula-probe] t=69.1 pos=-108.2,0.0,82.7 cell=-2,0,1 origin=0,0,0 replicas=3 dmin=26.6 dmax=48.1 limit=97.6 speed=6.0 beyond=0 dup=0 chunks=9 orphans=0 carrierless=0 spawns=8 despawns=4 pawn=1
[nebula] client 62338 fps replicas 4 (+0.0/s -0.0/s) entities 4 in 125 pkt/s 9.8 KB/s 60 states/s (msgs: state 60 rpc 0 vars 0) rtt 0ms lead 4 (adj 1, worker saw 4) corrections 0 | full-rate interp: depth 0.0 ticks, starved 0.0% worst +0.0 | frame max 0.9ms fixed/frame max 1 | gaps>3t 0 worst 0t | render delay 3t (stream lag 0t) | snapshot age ms min 13.4 avg 16.3 max 20.5
[nebula] [nebula-probe] t=70.1 pos=-110.7,0.0,82.2 cell=-2,0,1 origin=0,0,0 replicas=3 dmin=28.9 dmax=50.1 limit=92.0 speed=2.5 beyond=0 dup=0 chunks=9 orphans=0 carrierless=0 spawns=8 despawns=4 pawn=1
[nebula] [nebula-probe] t=71.1 pos=-109.2,0.0,88.0 cell=-2,0,1 origin=0,0,0 replicas=3 dmin=25.3 dmax=51.7 limit=97.6 speed=6.0 beyond=0 dup=0 chunks=9 orphans=0 carrierless=0 spawns=8 despawns=4 pawn=1
[nebula] [nebula-probe] t=72.1 pos=-107.7,0.0,93.8 cell=-2,0,1 origin=0,0,0 replicas=3 dmin=22.6 dmax=53.9 limit=97.6 speed=6.0 beyond=0 dup=0 chunks=9 orphans=0 carrierless=0 spawns=8 despawns=4 pawn=1
[nebula] [nebula-probe] t=73.1 pos=-106.2,0.0,99.6 cell=-2,0,1 origin=0,0,0 replicas=3 dmin=21.3 dmax=56.7 limit=97.6 speed=6.0 beyond=0 dup=0 chunks=9 orphans=0 carrierless=0 spawns=8 despawns=4 pawn=1
[nebula] [nebula-probe] t=74.1 pos=-104.6,0.0,105.4 cell=-2,0,1 origin=0,0,0 replicas=3 dmin=21.7 dmax=59.9 limit=97.6 speed=6.0 beyond=0 dup=0 chunks=9 orphans=0 carrierless=0 spawns=8 despawns=4 pawn=1
[nebula] client 60551 fps replicas 4 (+0.0/s -0.0/s) entities 4 in 126 pkt/s 10.8 KB/s 60 states/s (msgs: state 60 rpc 0 vars 0) rtt 0ms lead 4 (adj 1, worker saw 4) corrections 0 | full-rate interp: depth 0.0 ticks, starved 0.0% worst +0.0 | frame max 0.9ms fixed/frame max 1 | gaps>3t 0 worst 0t | render delay 3t (stream lag 0t) | snapshot age ms min 13.5 avg 16.4 max 20.5
[nebula] [nebula-probe] t=75.1 pos=-103.1,0.0,111.2 cell=-2,0,1 origin=0,0,0 replicas=3 dmin=23.7 dmax=63.6 limit=97.6 speed=6.0 beyond=0 dup=0 chunks=9 orphans=0 carrierless=0 spawns=8 despawns=4 pawn=1
[nebula] [nebula-probe] t=76.1 pos=-101.6,0.0,117.0 cell=-2,0,1 origin=0,0,0 replicas=3 dmin=26.9 dmax=67.5 limit=97.6 speed=6.0 beyond=0 dup=0 chunks=9 orphans=0 carrierless=0 spawns=8 despawns=4 pawn=1
[nebula] [nebula-probe] t=77.1 pos=-100.1,0.0,122.8 cell=-2,0,1 origin=0,0,0 replicas=1 dmin=30.9 dmax=30.9 limit=97.6 speed=6.0 beyond=0 dup=0 chunks=9 orphans=0 carrierless=0 spawns=8 despawns=6 pawn=1
[nebula] [nebula-probe] t=78.1 pos=-98.6,0.0,128.6 cell=-2,0,2 origin=0,0,0 replicas=1 dmin=35.5 dmax=35.5 limit=97.6 speed=6.0 beyond=0 dup=0 chunks=9 orphans=0 carrierless=0 spawns=8 despawns=6 pawn=1
[nebula] [nebula-probe] t=79.1 pos=-96.1,0.0,131.8 cell=-2,0,2 origin=0,0,0 replicas=1 dmin=37.6 dmax=37.6 limit=94.5 speed=4.0 beyond=0 dup=0 chunks=9 orphans=0 carrierless=0 spawns=8 despawns=6 pawn=1
[nebula] client 61517 fps replicas 2 (+0.0/s -0.4/s) entities 2 in 130 pkt/s 12.8 KB/s 60 states/s (msgs: state 60 rpc 0 vars 0) rtt 0ms lead 4 (adj 1, worker saw 4) corrections 0 | full-rate interp: depth 0.0 ticks, starved 0.0% worst +0.0 | frame max 1.0ms fixed/frame max 1 | gaps>3t 0 worst 0t | render delay 3t (stream lag 0t) | snapshot age ms min 15.5 avg 16.4 max 20.4
[nebula] [nebula-probe] t=80.1 pos=-91.2,0.0,128.4 cell=-2,0,2 origin=0,0,0 replicas=1 dmin=33.1 dmax=33.1 limit=97.6 speed=6.0 beyond=0 dup=0 chunks=9 orphans=0 carrierless=0 spawns=8 despawns=6 pawn=1
[nebula] [nebula-probe] t=81.1 pos=-86.3,0.0,124.9 cell=-2,0,1 origin=0,0,0 replicas=1 dmin=29.1 dmax=29.1 limit=97.6 speed=6.0 beyond=0 dup=0 chunks=9 orphans=0 carrierless=0 spawns=8 despawns=6 pawn=1
[nebula] [nebula-probe] t=82.1 pos=-81.4,0.0,121.5 cell=-2,0,1 origin=0,0,0 replicas=1 dmin=26.0 dmax=26.0 limit=97.6 speed=6.0 beyond=0 dup=0 chunks=9 orphans=0 carrierless=0 spawns=8 despawns=6 pawn=1
[nebula] [nebula-probe] t=83.1 pos=-76.5,0.0,118.0 cell=-2,0,1 origin=0,0,0 replicas=1 dmin=23.9 dmax=23.9 limit=97.6 speed=6.0 beyond=0 dup=0 chunks=9 orphans=0 carrierless=0 spawns=8 despawns=6 pawn=1
[nebula] [nebula-probe] t=84.1 pos=-71.5,0.0,114.6 cell=-2,0,1 origin=0,0,0 replicas=1 dmin=23.2 dmax=23.2 limit=97.6 speed=6.0 beyond=0 dup=0 chunks=9 orphans=0 carrierless=0 spawns=8 despawns=6 pawn=1
[nebula] client 63643 fps replicas 2 (+0.0/s -0.0/s) entities 2 in 125 pkt/s 9.8 KB/s 60 states/s (msgs: state 60 rpc 0 vars 0) rtt 0ms lead 4 (adj 1, worker saw 4) corrections 0 | full-rate interp: depth 0.0 ticks, starved 0.0% worst +0.0 | frame max 1.0ms fixed/frame max 1 | gaps>3t 0 worst 0t | render delay 3t (stream lag 0t) | snapshot age ms min 13.5 avg 16.4 max 20.4
[nebula] [nebula-probe] t=85.1 pos=-66.6,0.0,111.1 cell=-2,0,1 origin=0,0,0 replicas=1 dmin=24.0 dmax=24.0 limit=97.6 speed=6.0 beyond=0 dup=0 chunks=9 orphans=0 carrierless=0 spawns=8 despawns=6 pawn=1
[nebula] [nebula-probe] t=86.1 pos=-61.7,0.0,107.7 cell=-1,0,1 origin=0,0,0 replicas=1 dmin=26.3 dmax=26.3 limit=97.6 speed=6.0 beyond=0 dup=0 chunks=9 orphans=0 carrierless=0 spawns=8 despawns=6 pawn=1
[nebula] [nebula-probe] t=87.1 pos=-56.8,0.0,104.2 cell=-1,0,1 origin=0,0,0 replicas=2 dmin=29.6 dmax=45.5 limit=97.6 speed=6.0 beyond=0 dup=0 chunks=12 orphans=0 carrierless=0 spawns=9 despawns=6 pawn=1
[nebula] [nebula-probe] t=88.1 pos=-51.9,0.0,100.7 cell=-1,0,1 origin=0,0,0 replicas=2 dmin=33.6 dmax=43.5 limit=97.6 speed=6.0 beyond=0 dup=0 chunks=12 orphans=0 carrierless=0 spawns=9 despawns=6 pawn=1
[nebula] [nebula-probe] t=89.1 pos=-49.5,0.0,96.9 cell=-1,0,1 origin=0,0,0 replicas=2 dmin=35.7 dmax=40.8 limit=95.2 speed=4.5 beyond=0 dup=0 chunks=12 orphans=0 carrierless=0 spawns=9 despawns=6 pawn=1
[nebula] client 59479 fps replicas 3 (+0.2/s -0.0/s) entities 3 in 127 pkt/s 11.7 KB/s 60 states/s (msgs: state 60 rpc 0 vars 0) rtt 0ms lead 4 (adj 1, worker saw 4) corrections 0 | full-rate interp: depth 0.0 ticks, starved 0.0% worst +0.0 | frame max 0.9ms fixed/frame max 1 | gaps>3t 0 worst 0t | render delay 3t (stream lag 0t) | snapshot age ms min 12.4 avg 16.4 max 21.0
[nebula] [nebula-probe] t=90.1 pos=-53.2,0.0,92.2 cell=-1,0,1 origin=0,0,0 replicas=2 dmin=32.2 dmax=35.0 limit=97.6 speed=6.0 beyond=0 dup=0 chunks=12 orphans=0 carrierless=0 spawns=9 despawns=6 pawn=1
[nebula] [nebula-probe] t=91.1 pos=-56.9,0.0,87.5 cell=-1,0,1 origin=0,0,0 replicas=2 dmin=29.3 dmax=29.4 limit=97.6 speed=6.0 beyond=0 dup=0 chunks=12 orphans=0 carrierless=0 spawns=9 despawns=6 pawn=1
[nebula] [nebula-probe] t=92.1 pos=-60.7,0.0,82.8 cell=-1,0,1 origin=0,0,0 replicas=3 dmin=23.8 dmax=43.9 limit=97.6 speed=6.0 beyond=0 dup=0 chunks=12 orphans=0 carrierless=0 spawns=10 despawns=6 pawn=1
[nebula] [nebula-probe] t=93.1 pos=-64.4,0.0,78.2 cell=-2,0,1 origin=0,0,0 replicas=3 dmin=18.6 dmax=37.9 limit=97.6 speed=6.0 beyond=0 dup=0 chunks=12 orphans=0 carrierless=0 spawns=10 despawns=6 pawn=1
[nebula] [nebula-probe] t=94.1 pos=-65.4,0.0,80.4 cell=-2,0,1 origin=0,0,0 replicas=3 dmin=20.8 dmax=38.8 limit=91.9 speed=2.4 beyond=0 dup=0 chunks=12 orphans=0 carrierless=0 spawns=10 despawns=6 pawn=1
[nebula] client 60940 fps replicas 4 (+0.2/s -0.0/s) entities 4 in 129 pkt/s 13.5 KB/s 60 states/s (msgs: state 60 rpc 0 vars 0) rtt 0ms lead 4 (adj 1, worker saw 4) corrections 0 | full-rate interp: depth 0.0 ticks, starved 0.0% worst +0.0 | frame max 1.0ms fixed/frame max 1 | gaps>3t 0 worst 0t | render delay 3t (stream lag 0t) | snapshot age ms min 15.4 avg 16.3 max 20.8
[nebula] [nebula-probe] t=95.1 pos=-64.9,0.0,86.4 cell=-2,0,1 origin=0,0,0 replicas=3 dmin=22.4 dmax=43.6 limit=97.6 speed=6.0 beyond=0 dup=0 chunks=12 orphans=0 carrierless=0 spawns=10 despawns=6 pawn=1
[nebula] [nebula-probe] t=96.1 pos=-64.4,0.0,92.4 cell=-2,0,1 origin=0,0,0 replicas=3 dmin=21.1 dmax=48.7 limit=97.6 speed=6.0 beyond=0 dup=0 chunks=12 orphans=0 carrierless=0 spawns=10 despawns=6 pawn=1
[nebula] [nebula-probe] t=97.1 pos=-63.9,0.0,98.3 cell=-1,0,1 origin=0,0,0 replicas=3 dmin=21.5 dmax=54.0 limit=97.6 speed=6.0 beyond=0 dup=0 chunks=12 orphans=0 carrierless=0 spawns=10 despawns=6 pawn=1
[nebula] [nebula-probe] t=98.1 pos=-62.0,0.0,103.4 cell=-1,0,1 origin=0,0,0 replicas=3 dmin=24.4 dmax=59.3 limit=96.6 speed=5.4 beyond=0 dup=0 chunks=12 orphans=0 carrierless=0 spawns=10 despawns=6 pawn=1
[nebula] [nebula-probe] t=99.1 pos=-56.6,0.0,106.1 cell=-1,0,1 origin=0,0,0 replicas=4 dmin=30.3 dmax=64.4 limit=97.6 speed=6.0 beyond=0 dup=0 chunks=12 orphans=0 carrierless=0 spawns=11 despawns=6 pawn=1
[nebula] client 54751 fps replicas 5 (+0.2/s -0.0/s) entities 5 in 125 pkt/s 9.9 KB/s 64 states/s (msgs: state 60 rpc 0 vars 0) rtt 0ms lead 4 (adj 1, worker saw 4) corrections 0 | full-rate interp: depth 1.3 ticks, starved 0.0% worst +0.0 | frame max 1.8ms fixed/frame max 1 | gaps>3t 0 worst 0t | render delay 3t (stream lag 0t) | snapshot age ms min 15.4 avg 16.4 max 21.2
[nebula] [nebula-probe] t=100.1 pos=-51.3,0.0,108.8 cell=-1,0,1 origin=0,0,0 replicas=4 dmin=36.3 dmax=69.7 limit=97.6 speed=6.0 beyond=0 dup=0 chunks=12 orphans=0 carrierless=0 spawns=11 despawns=6 pawn=1
[nebula] [nebula-probe] t=101.1 pos=-45.9,0.0,111.5 cell=-1,0,1 origin=0,0,0 replicas=3 dmin=32.7 dmax=55.6 limit=97.6 speed=6.0 beyond=0 dup=0 chunks=9 orphans=0 carrierless=0 spawns=11 despawns=7 pawn=1
[nebula] [nebula-probe] t=102.1 pos=-40.6,0.0,114.2 cell=-1,0,1 origin=0,0,0 replicas=3 dmin=32.6 dmax=60.2 limit=97.6 speed=6.0 beyond=0 dup=0 chunks=9 orphans=0 carrierless=0 spawns=11 despawns=7 pawn=1
[nebula] [nebula-probe] t=103.1 pos=-35.2,0.0,116.9 cell=-1,0,1 origin=0,0,0 replicas=4 dmin=36.2 dmax=65.0 limit=97.6 speed=6.0 beyond=0 dup=0 chunks=9 orphans=0 carrierless=0 spawns=12 despawns=7 pawn=1
[nebula] [nebula-probe] t=104.1 pos=-39.3,0.0,113.4 cell=-1,0,1 origin=0,0,0 replicas=4 dmin=33.5 dmax=60.0 limit=96.7 speed=5.4 beyond=0 dup=0 chunks=9 orphans=0 carrierless=0 spawns=12 despawns=7 pawn=1
[nebula] client 31418 fps replicas 5 (+0.2/s -0.2/s) entities 5 in 129 pkt/s 11.6 KB/s 77 states/s (msgs: state 63 rpc 0 vars 0) rtt 0ms lead 4 (adj 1, worker saw 4) corrections 0 | full-rate interp: depth 1.6 ticks, starved 0.0% worst +0.0 | frame max 0.8ms fixed/frame max 1 | gaps>3t 0 worst 0t | render delay 3t (stream lag 0t) | snapshot age ms min 15.5 avg 16.4 max 20.6
[nebula] [nebula-probe] t=105.1 pos=-44.0,0.0,109.6 cell=-1,0,1 origin=0,0,0 replicas=4 dmin=31.4 dmax=54.6 limit=97.6 speed=6.0 beyond=0 dup=0 chunks=9 orphans=0 carrierless=0 spawns=12 despawns=7 pawn=1
[nebula] [nebula-probe] t=106.1 pos=-48.6,0.0,105.8 cell=-1,0,1 origin=0,0,0 replicas=4 dmin=30.4 dmax=51.7 limit=97.6 speed=6.0 beyond=0 dup=0 chunks=9 orphans=0 carrierless=0 spawns=12 despawns=7 pawn=1
[nebula] [nebula-probe] t=107.1 pos=-53.2,0.0,101.9 cell=-1,0,1 origin=0,0,0 replicas=4 dmin=30.5 dmax=57.8 limit=97.6 speed=6.0 beyond=0 dup=0 chunks=9 orphans=0 carrierless=0 spawns=12 despawns=7 pawn=1
[nebula] [nebula-probe] t=108.1 pos=-57.8,0.0,98.1 cell=-1,0,1 origin=0,0,0 replicas=4 dmin=27.4 dmax=64.4 limit=97.6 speed=6.0 beyond=0 dup=0 chunks=9 orphans=0 carrierless=0 spawns=12 despawns=7 pawn=1
[nebula] [nebula-probe] t=109.1 pos=-58.4,0.0,96.2 cell=-1,0,1 origin=0,0,0 replicas=3 dmin=26.7 dmax=37.4 limit=91.2 speed=2.0 beyond=0 dup=0 chunks=9 orphans=0 carrierless=0 spawns=12 despawns=8 pawn=1
[nebula] client 38607 fps replicas 4 (+0.0/s -0.2/s) entities 4 in 131 pkt/s 12.2 KB/s 66 states/s (msgs: state 62 rpc 0 vars 0) rtt 0ms lead 4 (adj 1, worker saw 4) corrections 0 | full-rate interp: depth 1.5 ticks, starved 0.0% worst +0.0 | frame max 0.9ms fixed/frame max 1 | gaps>3t 0 worst 0t | render delay 3t (stream lag 0t) | snapshot age ms min 15.5 avg 16.4 max 17.6
[nebula] [nebula-probe] t=110.1 pos=-52.5,0.0,97.4 cell=-1,0,1 origin=0,0,0 replicas=3 dmin=27.1 dmax=40.1 limit=97.6 speed=6.0 beyond=0 dup=0 chunks=9 orphans=0 carrierless=0 spawns=12 despawns=8 pawn=1
[nebula] [nebula-probe] t=111.1 pos=-46.7,0.0,98.7 cell=-1,0,1 origin=0,0,0 replicas=3 dmin=23.6 dmax=43.6 limit=97.6 speed=6.0 beyond=0 dup=0 chunks=9 orphans=0 carrierless=0 spawns=12 despawns=8 pawn=1
[nebula] [nebula-probe] t=112.1 pos=-40.8,0.0,99.9 cell=-1,0,1 origin=0,0,0 replicas=3 dmin=21.3 dmax=47.5 limit=97.6 speed=6.0 beyond=0 dup=0 chunks=9 orphans=0 carrierless=0 spawns=12 despawns=8 pawn=1
[nebula] [nebula-probe] t=113.1 pos=-34.9,0.0,101.1 cell=-1,0,1 origin=0,0,0 replicas=3 dmin=20.6 dmax=51.8 limit=97.6 speed=6.0 beyond=0 dup=0 chunks=9 orphans=0 carrierless=0 spawns=12 despawns=8 pawn=1
[nebula] [nebula-probe] t=114.1 pos=-29.1,0.0,102.3 cell=-1,0,1 origin=0,0,0 replicas=3 dmin=21.5 dmax=56.5 limit=97.6 speed=6.0 beyond=0 dup=0 chunks=9 orphans=0 carrierless=0 spawns=12 despawns=8 pawn=1
[nebula] client 62858 fps replicas 4 (+0.0/s -0.0/s) entities 4 in 126 pkt/s 10.3 KB/s 60 states/s (msgs: state 60 rpc 0 vars 0) rtt 0ms lead 4 (adj 1, worker saw 4) corrections 0 | full-rate interp: depth 0.0 ticks, starved 0.0% worst +0.0 | frame max 0.9ms fixed/frame max 1 | gaps>3t 0 worst 0t | render delay 3t (stream lag 0t) | snapshot age ms min 15.5 avg 16.3 max 20.8
[nebula] [nebula-probe] t=115.1 pos=-23.2,0.0,103.6 cell=-1,0,1 origin=0,0,0 replicas=3 dmin=24.0 dmax=62.5 limit=97.6 speed=6.0 beyond=0 dup=0 chunks=9 orphans=0 carrierless=0 spawns=12 despawns=8 pawn=1
[nebula] [nebula-probe] t=116.1 pos=-23.6,0.0,105.7 cell=-1,0,1 origin=0,0,0 replicas=3 dmin=25.9 dmax=62.6 limit=91.6 speed=2.2 beyond=0 dup=0 chunks=9 orphans=0 carrierless=0 spawns=12 despawns=8 pawn=1
[nebula] [nebula-probe] t=117.1 pos=-28.9,0.0,108.6 cell=-1,0,1 origin=0,0,0 replicas=3 dmin=27.8 dmax=61.5 limit=97.6 speed=6.0 beyond=0 dup=0 chunks=9 orphans=0 carrierless=0 spawns=12 despawns=8 pawn=1
[nebula] [nebula-probe] t=118.1 pos=-34.1,0.0,111.6 cell=-1,0,1 origin=0,0,0 replicas=3 dmin=30.8 dmax=60.9 limit=97.6 speed=6.0 beyond=0 dup=0 chunks=9 orphans=0 carrierless=0 spawns=12 despawns=8 pawn=1
[nebula] [nebula-probe] t=119.1 pos=-39.3,0.0,114.5 cell=-1,0,1 origin=0,0,0 replicas=3 dmin=34.6 dmax=61.0 limit=97.6 speed=6.0 beyond=0 dup=0 chunks=9 orphans=0 carrierless=0 spawns=12 despawns=8 pawn=1
[nebula] client 63133 fps replicas 4 (+0.0/s -0.0/s) entities 4 in 126 pkt/s 10.7 KB/s 60 states/s (msgs: state 60 rpc 0 vars 0) rtt 0ms lead 4 (adj 1, worker saw 4) corrections 0 | full-rate interp: depth 0.0 ticks, starved 0.0% worst +0.0 | frame max 1.0ms fixed/frame max 1 | gaps>3t 0 worst 0t | render delay 3t (stream lag 0t) | snapshot age ms min 14.5 avg 16.4 max 21.8
[nebula] [nebula-probe] t=120.1 pos=-44.6,0.0,117.4 cell=-1,0,1 origin=0,0,0 replicas=3 dmin=38.9 dmax=61.6 limit=97.6 speed=6.0 beyond=0 dup=0 chunks=9 orphans=0 carrierless=0 spawns=12 despawns=8 pawn=1
[nebula] [nebula-probe] t=121.1 pos=-49.8,0.0,120.3 cell=-1,0,1 origin=0,0,0 replicas=3 dmin=43.0 dmax=62.8 limit=97.6 speed=6.0 beyond=0 dup=0 chunks=9 orphans=0 carrierless=0 spawns=12 despawns=8 pawn=1
[nebula] [nebula-probe] t=122.1 pos=-54.5,0.0,124.0 cell=-1,0,1 origin=0,0,0 replicas=4 dmin=2.1 dmax=65.3 limit=97.5 speed=6.0 beyond=0 dup=0 chunks=9 orphans=0 carrierless=0 spawns=13 despawns=8 pawn=1
[nebula] [nebula-probe] t=123.1 pos=-59.0,0.0,128.0 cell=-1,0,1 origin=0,0,0 replicas=3 dmin=8.1 dmax=54.7 limit=97.6 speed=6.0 beyond=0 dup=0 chunks=9 orphans=0 carrierless=0 spawns=13 despawns=9 pawn=1
[nebula] [nebula-probe] t=124.1 pos=-63.5,0.0,132.0 cell=-1,0,2 origin=0,0,0 replicas=3 dmin=14.1 dmax=60.5 limit=97.6 speed=6.0 beyond=0 dup=0 chunks=9 orphans=0 carrierless=0 spawns=13 despawns=9 pawn=1
[nebula] client 63042 fps replicas 4 (+0.2/s -0.2/s) entities 4 in 129 pkt/s 12.0 KB/s 60 states/s (msgs: state 60 rpc 0 vars 0) rtt 0ms lead 4 (adj 1, worker saw 4) corrections 0 | full-rate interp: depth 0.0 ticks, starved 0.0% worst +0.0 | frame max 1.0ms fixed/frame max 1 | gaps>3t 0 worst 0t | render delay 3t (stream lag 0t) | snapshot age ms min 15.1 avg 16.4 max 22.7
[nebula] [nebula-probe] t=125.1 pos=-67.9,0.0,136.0 cell=-2,0,2 origin=0,0,0 replicas=3 dmin=20.1 dmax=66.3 limit=97.6 speed=6.0 beyond=0 dup=0 chunks=9 orphans=0 carrierless=0 spawns=13 despawns=9 pawn=1
[nebula] [nebula-probe] t=126.1 pos=-68.2,0.0,134.1 cell=-2,0,2 origin=0,0,0 replicas=2 dmin=19.1 dmax=41.9 limit=91.0 speed=1.9 beyond=0 dup=0 chunks=4 orphans=0 carrierless=0 spawns=13 despawns=10 pawn=1
[nebula] [nebula-probe] t=127.1 pos=-65.8,0.0,128.6 cell=-2,0,2 origin=0,0,0 replicas=2 dmin=14.2 dmax=38.1 limit=97.6 speed=6.0 beyond=0 dup=0 chunks=4 orphans=0 carrierless=0 spawns=13 despawns=10 pawn=1
[nebula] [nebula-probe] t=128.1 pos=-63.4,0.0,123.1 cell=-1,0,1 origin=0,0,0 replicas=2 dmin=10.4 dmax=35.0 limit=97.6 speed=6.0 beyond=0 dup=0 chunks=4 orphans=0 carrierless=0 spawns=13 despawns=10 pawn=1
[nebula] [nebula-probe] t=129.1 pos=-61.0,0.0,117.6 cell=-1,0,1 origin=0,0,0 replicas=3 dmin=9.4 dmax=47.3 limit=97.6 speed=6.0 beyond=0 dup=0 chunks=9 orphans=0 carrierless=0 spawns=14 despawns=10 pawn=1
[nebula] client 63564 fps replicas 4 (+0.2/s -0.2/s) entities 4 in 127 pkt/s 10.1 KB/s 60 states/s (msgs: state 60 rpc 0 vars 0) rtt 0ms lead 4 (adj 1, worker saw 4) corrections 0 | full-rate interp: depth 0.0 ticks, starved 0.0% worst +0.0 | frame max 0.9ms fixed/frame max 1 | gaps>3t 0 worst 0t | render delay 3t (stream lag 0t) | snapshot age ms min 15.4 avg 16.4 max 20.8
[nebula] [nebula-probe] t=130.1 pos=-60.0,0.0,114.2 cell=-1,0,1 origin=0,0,0 replicas=3 dmin=10.9 dmax=44.1 limit=93.7 speed=3.5 beyond=0 dup=0 chunks=9 orphans=0 carrierless=0 spawns=14 despawns=10 pawn=1
[nebula] [nebula-probe] t=131.1 pos=-64.4,0.0,118.3 cell=-2,0,1 origin=0,0,0 replicas=3 dmin=12.2 dmax=50.1 limit=97.6 speed=6.0 beyond=0 dup=0 chunks=9 orphans=0 carrierless=0 spawns=14 despawns=10 pawn=1
[nebula] [nebula-probe] t=132.1 pos=-68.8,0.0,122.4 cell=-2,0,1 origin=0,0,0 replicas=3 dmin=15.8 dmax=56.1 limit=97.6 speed=6.0 beyond=0 dup=0 chunks=9 orphans=0 carrierless=0 spawns=14 despawns=10 pawn=1
[nebula] [nebula-probe] t=133.1 pos=-73.2,0.0,126.5 cell=-2,0,1 origin=0,0,0 replicas=3 dmin=20.6 dmax=62.1 limit=97.6 speed=6.0 beyond=0 dup=0 chunks=9 orphans=0 carrierless=0 spawns=14 despawns=10 pawn=1
[nebula] [nebula-probe] t=134.1 pos=-77.6,0.0,130.6 cell=-2,0,2 origin=0,0,0 replicas=3 dmin=25.9 dmax=68.0 limit=97.6 speed=6.0 beyond=0 dup=0 chunks=9 orphans=0 carrierless=0 spawns=14 despawns=10 pawn=1
[nebula] client 63496 fps replicas 3 (+0.0/s -0.2/s) entities 3 in 127 pkt/s 10.9 KB/s 60 states/s (msgs: state 60 rpc 0 vars 0) rtt 0ms lead 4 (adj 1, worker saw 4) corrections 0 | full-rate interp: depth 0.0 ticks, starved 0.0% worst +0.0 | frame max 0.9ms fixed/frame max 1 | gaps>3t 0 worst 0t | render delay 3t (stream lag 0t) | snapshot age ms min 14.5 avg 16.4 max 17.6
[nebula] [nebula-probe] t=135.1 pos=-82.0,0.0,134.7 cell=-2,0,2 origin=0,0,0 replicas=2 dmin=31.4 dmax=39.0 limit=97.6 speed=6.0 beyond=0 dup=0 chunks=4 orphans=0 carrierless=0 spawns=14 despawns=11 pawn=1
[nebula] [nebula-probe] t=136.1 pos=-86.4,0.0,138.7 cell=-2,0,2 origin=0,0,0 replicas=2 dmin=37.1 dmax=43.0 limit=97.6 speed=6.0 beyond=0 dup=0 chunks=4 orphans=0 carrierless=0 spawns=14 despawns=11 pawn=1
[nebula] [nebula-probe] t=137.1 pos=-84.2,0.0,138.1 cell=-2,0,2 origin=0,0,0 replicas=2 dmin=34.8 dmax=42.3 limit=91.7 speed=2.3 beyond=0 dup=0 chunks=4 orphans=0 carrierless=0 spawns=14 despawns=11 pawn=1
[nebula] [nebula-probe] t=138.1 pos=-78.9,0.0,135.3 cell=-2,0,2 origin=0,0,0 replicas=2 dmin=28.8 dmax=40.0 limit=97.6 speed=6.0 beyond=0 dup=0 chunks=4 orphans=0 carrierless=0 spawns=14 despawns=11 pawn=1
[nebula] [nebula-probe] t=139.1 pos=-73.6,0.0,132.4 cell=-2,0,2 origin=0,0,0 replicas=2 dmin=22.8 dmax=38.4 limit=97.6 speed=6.0 beyond=0 dup=0 chunks=4 orphans=0 carrierless=0 spawns=14 despawns=11 pawn=1
[nebula] client 61876 fps replicas 3 (+0.0/s -0.0/s) entities 3 in 128 pkt/s 9.9 KB/s 60 states/s (msgs: state 60 rpc 0 vars 0) rtt 0ms lead 4 (adj 1, worker saw 4) corrections 0 | full-rate interp: depth 0.0 ticks, starved 0.0% worst +0.0 | frame max 1.0ms fixed/frame max 1 | gaps>3t 0 worst 0t | render delay 3t (stream lag 0t) | snapshot age ms min 15.4 avg 16.5 max 20.4
[nebula] [nebula-probe] t=140.1 pos=-68.3,0.0,129.6 cell=-2,0,2 origin=0,0,0 replicas=2 dmin=16.9 dmax=37.7 limit=97.6 speed=6.0 beyond=0 dup=0 chunks=4 orphans=0 carrierless=0 spawns=14 despawns=11 pawn=1
[nebula] [nebula-probe] t=141.1 pos=-63.0,0.0,126.7 cell=-1,0,1 origin=0,0,0 replicas=2 dmin=10.9 dmax=38.0 limit=97.6 speed=6.0 beyond=0 dup=0 chunks=4 orphans=0 carrierless=0 spawns=14 despawns=11 pawn=1
[nebula] [nebula-probe] t=142.1 pos=-57.7,0.0,123.9 cell=-1,0,1 origin=0,0,0 replicas=2 dmin=4.9 dmax=39.3 limit=97.6 speed=6.0 beyond=0 dup=0 chunks=4 orphans=0 carrierless=0 spawns=14 despawns=11 pawn=1
[nebula] [nebula-probe] t=143.1 pos=-52.5,0.0,121.0 cell=-1,0,1 origin=0,0,0 replicas=3 dmin=1.6 dmax=45.5 limit=97.6 speed=6.0 beyond=0 dup=0 chunks=9 orphans=0 carrierless=0 spawns=15 despawns=11 pawn=1
[nebula] [nebula-probe] t=144.1 pos=-51.7,0.0,117.6 cell=-1,0,1 origin=0,0,0 replicas=3 dmin=5.1 dmax=42.1 limit=93.6 speed=3.5 beyond=0 dup=0 chunks=9 orphans=0 carrierless=0 spawns=15 despawns=11 pawn=1
[nebula] client 60842 fps replicas 4 (+0.2/s -0.0/s) entities 4 in 127 pkt/s 10.0 KB/s 60 states/s (msgs: state 60 rpc 0 vars 0) rtt 0ms lead 4 (adj 1, worker saw 4) corrections 0 | full-rate interp: depth 0.0 ticks, starved 0.0% worst +0.0 | frame max 0.9ms fixed/frame max 1 | gaps>3t 0 worst 0t | render delay 3t (stream lag 0t) | snapshot age ms min 15.5 avg 16.5 max 20.7
[nebula] [nebula-probe] t=145.1 pos=-56.1,0.0,113.5 cell=-1,0,1 origin=0,0,0 replicas=3 dmin=9.5 dmax=41.1 limit=97.6 speed=6.0 beyond=0 dup=0 chunks=9 orphans=0 carrierless=0 spawns=15 despawns=11 pawn=1
[nebula] [nebula-probe] t=146.1 pos=-60.5,0.0,109.5 cell=-1,0,1 origin=0,0,0 replicas=3 dmin=15.1 dmax=41.0 limit=97.6 speed=6.0 beyond=0 dup=0 chunks=9 orphans=0 carrierless=0 spawns=15 despawns=11 pawn=1
[nebula] [nebula-probe] t=147.1 pos=-64.9,0.0,105.4 cell=-2,0,1 origin=0,0,0 replicas=4 dmin=20.9 dmax=45.8 limit=97.6 speed=6.0 beyond=0 dup=0 chunks=9 orphans=0 carrierless=0 spawns=16 despawns=11 pawn=1
[nebula] [nebula-probe] t=148.1 pos=-69.3,0.0,101.3 cell=-2,0,1 origin=0,0,0 replicas=4 dmin=16.8 dmax=43.4 limit=97.6 speed=6.0 beyond=0 dup=0 chunks=9 orphans=0 carrierless=0 spawns=16 despawns=11 pawn=1
[nebula] [nebula-probe] t=149.1 pos=-73.7,0.0,97.3 cell=-2,0,1 origin=0,0,0 replicas=4 dmin=11.5 dmax=45.7 limit=97.6 speed=6.0 beyond=0 dup=0 chunks=9 orphans=0 carrierless=0 spawns=16 despawns=11 pawn=1
[nebula] client 62869 fps replicas 6 (+0.4/s -0.0/s) entities 6 in 127 pkt/s 11.3 KB/s 60 states/s (msgs: state 60 rpc 0 vars 0) rtt 0ms lead 4 (adj 1, worker saw 4) corrections 0 | full-rate interp: depth 0.0 ticks, starved 0.0% worst +0.0 | frame max 0.9ms fixed/frame max 1 | gaps>3t 0 worst 0t | render delay 3t (stream lag 0t) | snapshot age ms min 15.5 avg 16.4 max 17.7
[nebula] [nebula-probe] t=150.1 pos=-78.0,0.0,93.1 cell=-2,0,1 origin=0,0,0 replicas=5 dmin=7.6 dmax=48.5 limit=97.5 speed=5.9 beyond=0 dup=0 chunks=12 orphans=0 carrierless=0 spawns=17 despawns=11 pawn=1
[nebula] [nebula-probe] t=151.1 pos=-77.9,0.0,87.1 cell=-2,0,1 origin=0,0,0 replicas=5 dmin=11.3 dmax=47.3 limit=97.6 speed=6.0 beyond=0 dup=0 chunks=12 orphans=0 carrierless=0 spawns=17 despawns=11 pawn=1
[nebula] [nebula-probe] t=152.1 pos=-77.9,0.0,81.1 cell=-2,0,1 origin=0,0,0 replicas=5 dmin=16.4 dmax=48.3 limit=97.6 speed=6.0 beyond=0 dup=0 chunks=12 orphans=0 carrierless=0 spawns=17 despawns=11 pawn=1
[nebula] [nebula-probe] t=153.1 pos=-77.8,0.0,75.1 cell=-2,0,1 origin=0,0,0 replicas=5 dmin=19.5 dmax=53.5 limit=97.6 speed=6.0 beyond=0 dup=0 chunks=12 orphans=0 carrierless=0 spawns=17 despawns=11 pawn=1
[nebula] [nebula-probe] t=154.1 pos=-77.7,0.0,69.1 cell=-2,0,1 origin=0,0,0 replicas=5 dmin=15.1 dmax=58.9 limit=97.6 speed=6.0 beyond=0 dup=0 chunks=12 orphans=0 carrierless=0 spawns=17 despawns=11 pawn=1
[nebula] client 62271 fps replicas 6 (+0.0/s -0.0/s) entities 6 in 129 pkt/s 13.7 KB/s 60 states/s (msgs: state 60 rpc 0 vars 0) rtt 0ms lead 4 (adj 1, worker saw 4) corrections 0 | full-rate interp: depth 0.0 ticks, starved 0.0% worst +0.0 | frame max 0.9ms fixed/frame max 1 | gaps>3t 0 worst 0t | render delay 3t (stream lag 0t) | snapshot age ms min 15.4 avg 16.4 max 20.5
[nebula] [nebula-probe] t=155.1 pos=-77.7,0.0,63.1 cell=-2,0,0 origin=0,0,0 replicas=5 dmin=12.2 dmax=64.3 limit=97.6 speed=6.0 beyond=0 dup=0 chunks=12 orphans=0 carrierless=0 spawns=17 despawns=11 pawn=1
[nebula] [nebula-probe] t=156.1 pos=-77.6,0.0,57.1 cell=-2,0,0 origin=0,0,0 replicas=5 dmin=11.8 dmax=69.9 limit=97.6 speed=6.0 beyond=0 dup=0 chunks=12 orphans=0 carrierless=0 spawns=17 despawns=11 pawn=1
[nebula] [nebula-probe] t=157.1 pos=-77.5,0.0,51.1 cell=-2,0,0 origin=0,0,0 replicas=4 dmin=14.3 dmax=55.2 limit=97.6 speed=6.0 beyond=0 dup=0 chunks=6 orphans=0 carrierless=0 spawns=17 despawns=12 pawn=1
[nebula] [nebula-probe] t=158.1 pos=-76.1,0.0,48.8 cell=-2,0,0 origin=0,0,0 replicas=4 dmin=14.8 dmax=55.3 limit=92.3 speed=2.7 beyond=0 dup=0 chunks=6 orphans=0 carrierless=0 spawns=17 despawns=12 pawn=1
[nebula] [nebula-probe] t=159.1 pos=-72.2,0.0,53.4 cell=-2,0,0 origin=0,0,0 replicas=4 dmin=8.8 dmax=49.5 limit=97.6 speed=6.0 beyond=0 dup=0 chunks=6 orphans=0 carrierless=0 spawns=17 despawns=12 pawn=1
[nebula] client 62915 fps replicas 5 (+0.0/s -0.2/s) entities 5 in 126 pkt/s 10.1 KB/s 60 states/s (msgs: state 60 rpc 0 vars 0) rtt 0ms lead 4 (adj 1, worker saw 4) corrections 0 | full-rate interp: depth 0.0 ticks, starved 0.0% worst +0.0 | frame max 0.9ms fixed/frame max 1 | gaps>3t 0 worst 0t | render delay 3t (stream lag 0t) | snapshot age ms min 15.4 avg 16.4 max 20.6
[nebula] [nebula-probe] t=160.1 pos=-68.3,0.0,58.0 cell=-2,0,0 origin=0,0,0 replicas=4 dmin=2.9 dmax=43.7 limit=97.6 speed=6.0 beyond=0 dup=0 chunks=6 orphans=0 carrierless=0 spawns=17 despawns=12 pawn=1
[nebula] [nebula-probe] t=161.1 pos=-64.4,0.0,62.5 cell=-2,0,0 origin=0,0,0 replicas=4 dmin=3.3 dmax=39.2 limit=97.6 speed=6.0 beyond=0 dup=0 chunks=6 orphans=0 carrierless=0 spawns=17 despawns=12 pawn=1
[nebula] [nebula-probe] t=162.1 pos=-60.5,0.0,67.1 cell=-1,0,1 origin=0,0,0 replicas=4 dmin=9.2 dmax=37.8 limit=97.6 speed=6.0 beyond=0 dup=0 chunks=6 orphans=0 carrierless=0 spawns=17 despawns=12 pawn=1
[nebula] [nebula-probe] t=163.1 pos=-56.6,0.0,71.7 cell=-1,0,1 origin=0,0,0 replicas=4 dmin=15.2 dmax=40.4 limit=97.6 speed=6.0 beyond=0 dup=0 chunks=6 orphans=0 carrierless=0 spawns=17 despawns=12 pawn=1
[nebula] [nebula-probe] t=164.1 pos=-52.7,0.0,76.2 cell=-1,0,1 origin=0,0,0 replicas=5 dmin=21.2 dmax=46.3 limit=97.6 speed=6.0 beyond=0 dup=0 chunks=11 orphans=0 carrierless=0 spawns=18 despawns=12 pawn=1
[nebula] client 62060 fps replicas 6 (+0.2/s -0.0/s) entities 6 in 127 pkt/s 10.8 KB/s 60 states/s (msgs: state 60 rpc 0 vars 0) rtt 0ms lead 4 (adj 1, worker saw 4) corrections 0 | full-rate interp: depth 0.0 ticks, starved 0.0% worst +0.0 | frame max 1.2ms fixed/frame max 1 | gaps>3t 0 worst 0t | render delay 3t (stream lag 0t) | snapshot age ms min 15.2 avg 16.4 max 21.0
[nebula] [nebula-probe] t=165.1 pos=-48.8,0.0,80.8 cell=-1,0,1 origin=0,0,0 replicas=5 dmin=17.8 dmax=51.8 limit=97.6 speed=6.0 beyond=0 dup=0 chunks=11 orphans=0 carrierless=0 spawns=18 despawns=12 pawn=1
[nebula] [nebula-probe] t=166.1 pos=-46.8,0.0,86.2 cell=-1,0,1 origin=0,0,0 replicas=6 dmin=1.5 dmax=56.6 limit=97.2 speed=5.8 beyond=0 dup=0 chunks=11 orphans=0 carrierless=0 spawns=19 despawns=12 pawn=1
[nebula] [nebula-probe] t=167.1 pos=-46.1,0.0,92.1 cell=-1,0,1 origin=0,0,0 replicas=6 dmin=7.5 dmax=60.9 limit=97.6 speed=6.0 beyond=0 dup=0 chunks=11 orphans=0 carrierless=0 spawns=19 despawns=12 pawn=1
[nebula] [nebula-probe] t=168.1 pos=-45.4,0.0,98.1 cell=-1,0,1 origin=0,0,0 replicas=6 dmin=13.5 dmax=65.5 limit=97.6 speed=6.0 beyond=0 dup=0 chunks=11 orphans=0 carrierless=0 spawns=19 despawns=12 pawn=1
[nebula] [nebula-probe] t=169.1 pos=-44.6,0.0,104.0 cell=-1,0,1 origin=0,0,0 replicas=5 dmin=19.5 dmax=49.3 limit=97.6 speed=6.0 beyond=0 dup=0 chunks=9 orphans=0 carrierless=0 spawns=19 despawns=13 pawn=1
[nebula] client 60975 fps replicas 6 (+0.2/s -0.2/s) entities 6 in 129 pkt/s 13.0 KB/s 60 states/s (msgs: state 60 rpc 0 vars 0) rtt 0ms lead 4 (adj 1, worker saw 4) corrections 0 | full-rate interp: depth 0.0 ticks, starved 0.0% worst +0.0 | frame max 1.0ms fixed/frame max 1 | gaps>3t 0 worst 0t | render delay 3t (stream lag 0t) | snapshot age ms min 15.5 avg 16.4 max 20.0
[nebula] [nebula-probe] t=170.1 pos=-43.9,0.0,110.0 cell=-1,0,1 origin=0,0,0 replicas=5 dmin=15.5 dmax=55.0 limit=97.6 speed=6.0 beyond=0 dup=0 chunks=9 orphans=0 carrierless=0 spawns=19 despawns=13 pawn=1
[nebula] [nebula-probe] t=171.1 pos=-43.1,0.0,115.9 cell=-1,0,1 origin=0,0,0 replicas=5 dmin=11.9 dmax=60.8 limit=97.6 speed=6.0 beyond=0 dup=0 chunks=9 orphans=0 carrierless=0 spawns=19 despawns=13 pawn=1
[nebula] [nebula-probe] t=172.1 pos=-42.4,0.0,121.9 cell=-1,0,1 origin=0,0,0 replicas=5 dmin=10.6 dmax=66.6 limit=97.6 speed=6.0 beyond=0 dup=0 chunks=9 orphans=0 carrierless=0 spawns=19 despawns=13 pawn=1
[nebula] [nebula-probe] t=173.1 pos=-41.6,0.0,127.9 cell=-1,0,1 origin=0,0,0 replicas=4 dmin=12.6 dmax=54.1 limit=97.6 speed=6.0 beyond=0 dup=0 chunks=9 orphans=0 carrierless=0 spawns=19 despawns=14 pawn=1
[nebula] [nebula-probe] t=174.1 pos=-40.8,0.0,133.8 cell=-1,0,2 origin=0,0,0 replicas=4 dmin=16.6 dmax=58.4 limit=97.6 speed=6.0 beyond=0 dup=0 chunks=9 orphans=0 carrierless=0 spawns=19 despawns=14 pawn=1
[nebula] client 61580 fps replicas 5 (+0.0/s -0.2/s) entities 5 in 127 pkt/s 10.9 KB/s 60 states/s (msgs: state 60 rpc 0 vars 0) rtt 0ms lead 4 (adj 1, worker saw 4) corrections 0 | full-rate interp: depth 0.0 ticks, starved 0.0% worst +0.0 | frame max 0.9ms fixed/frame max 1 | gaps>3t 0 worst 0t | render delay 3t (stream lag 0t) | snapshot age ms min 15.5 avg 16.4 max 20.2
[nebula] [nebula-probe] t=175.1 pos=-40.0,0.0,139.7 cell=-1,0,2 origin=0,0,0 replicas=4 dmin=21.5 dmax=63.0 limit=97.6 speed=6.0 beyond=0 dup=0 chunks=9 orphans=0 carrierless=0 spawns=19 despawns=14 pawn=1
[nebula] [nebula-probe] t=176.1 pos=-40.9,0.0,145.3 cell=-1,0,2 origin=0,0,0 replicas=4 dmin=25.7 dmax=66.4 limit=97.0 speed=5.6 beyond=0 dup=0 chunks=9 orphans=0 carrierless=0 spawns=19 despawns=14 pawn=1
[nebula] [nebula-probe] t=177.1 pos=-44.4,0.0,150.2 cell=-1,0,2 origin=0,0,0 replicas=2 dmin=29.0 dmax=65.6 limit=97.6 speed=6.0 beyond=0 dup=0 chunks=6 orphans=0 carrierless=0 spawns=19 despawns=16 pawn=1
[nebula] [nebula-probe] t=178.1 pos=-47.8,0.0,155.2 cell=-1,0,2 origin=0,0,0 replicas=1 dmin=33.0 dmax=33.0 limit=97.6 speed=6.0 beyond=0 dup=0 chunks=6 orphans=0 carrierless=0 spawns=19 despawns=17 pawn=1
[nebula] [nebula-probe] t=179.1 pos=-51.2,0.0,160.1 cell=-1,0,2 origin=0,0,0 replicas=1 dmin=37.6 dmax=37.6 limit=97.6 speed=6.0 beyond=0 dup=0 chunks=6 orphans=0 carrierless=0 spawns=19 despawns=17 pawn=1
[nebula] client 61458 fps replicas 2 (+0.0/s -0.6/s) entities 2 in 128 pkt/s 10.4 KB/s 60 states/s (msgs: state 60 rpc 0 vars 0) rtt 0ms lead 4 (adj 1, worker saw 4) corrections 0 | full-rate interp: depth 0.0 ticks, starved 0.0% worst +0.0 | frame max 0.9ms fixed/frame max 1 | gaps>3t 0 worst 0t | render delay 3t (stream lag 0t) | snapshot age ms min 15.1 avg 16.5 max 19.6
[nebula] [nebula-probe] t=180.1 pos=-54.6,0.0,165.0 cell=-1,0,2 origin=0,0,0 replicas=1 dmin=42.5 dmax=42.5 limit=97.6 speed=6.0 beyond=0 dup=0 chunks=6 orphans=0 carrierless=0 spawns=19 despawns=17 pawn=1
[nebula] [nebula-probe] t=181.1 pos=-58.0,0.0,170.0 cell=-1,0,2 origin=0,0,0 replicas=1 dmin=47.7 dmax=47.7 limit=97.6 speed=6.0 beyond=0 dup=0 chunks=6 orphans=0 carrierless=0 spawns=19 despawns=17 pawn=1
[nebula] [nebula-probe] t=182.1 pos=-58.7,0.0,170.7 cell=-1,0,2 origin=0,0,0 replicas=2 dmin=0.4 dmax=48.5 limit=89.6 speed=1.0 beyond=0 dup=0 chunks=9 orphans=0 carrierless=0 spawns=20 despawns=17 pawn=1
[nebula] [nebula-probe] t=183.1 pos=-55.5,0.0,165.7 cell=-1,0,2 origin=0,0,0 replicas=2 dmin=6.4 dmax=43.2 limit=97.6 speed=6.0 beyond=0 dup=0 chunks=9 orphans=0 carrierless=0 spawns=20 despawns=17 pawn=1
[nebula] [nebula-probe] t=184.1 pos=-52.3,0.0,160.6 cell=-1,0,2 origin=0,0,0 replicas=2 dmin=12.4 dmax=38.0 limit=97.6 speed=6.0 beyond=0 dup=0 chunks=9 orphans=0 carrierless=0 spawns=20 despawns=17 pawn=1
[nebula] client 62601 fps replicas 3 (+0.2/s -0.0/s) entities 3 in 129 pkt/s 12.2 KB/s 60 states/s (msgs: state 60 rpc 0 vars 0) rtt 0ms lead 4 (adj 1, worker saw 4) corrections 0 | full-rate interp: depth 0.0 ticks, starved 0.0% worst +0.0 | frame max 0.8ms fixed/frame max 1 | gaps>3t 0 worst 0t | render delay 3t (stream lag 0t) | snapshot age ms min 15.6 avg 16.4 max 21.1
[nebula] [nebula-probe] t=185.1 pos=-49.1,0.0,155.5 cell=-1,0,2 origin=0,0,0 replicas=2 dmin=18.4 dmax=33.2 limit=97.6 speed=6.0 beyond=0 dup=0 chunks=9 orphans=0 carrierless=0 spawns=20 despawns=17 pawn=1
[nebula] [nebula-probe] t=186.1 pos=-45.9,0.0,150.4 cell=-1,0,2 origin=0,0,0 replicas=2 dmin=24.4 dmax=28.8 limit=97.6 speed=6.0 beyond=0 dup=0 chunks=9 orphans=0 carrierless=0 spawns=20 despawns=17 pawn=1
[nebula] [nebula-probe] t=187.1 pos=-40.7,0.0,147.5 cell=-1,0,2 origin=0,0,0 replicas=4 dmin=3.7 dmax=41.7 limit=97.6 speed=6.0 beyond=0 dup=0 chunks=9 orphans=0 carrierless=0 spawns=22 despawns=17 pawn=1
[nebula] [nebula-probe] t=188.1 pos=-35.4,0.0,144.6 cell=-1,0,2 origin=0,0,0 replicas=4 dmin=9.7 dmax=35.4 limit=97.6 speed=6.0 beyond=0 dup=0 chunks=9 orphans=0 carrierless=0 spawns=22 despawns=17 pawn=1
[nebula] [nebula-probe] t=189.1 pos=-30.2,0.0,141.6 cell=-1,0,2 origin=0,0,0 replicas=5 dmin=15.7 dmax=43.2 limit=97.6 speed=6.0 beyond=0 dup=0 chunks=9 orphans=0 carrierless=0 spawns=23 despawns=17 pawn=1
[nebula] client 39907 fps replicas 6 (+0.6/s -0.0/s) entities 6 in 131 pkt/s 11.9 KB/s 87 states/s (msgs: state 65 rpc 0 vars 0) rtt 0ms lead 4 (adj 1, worker saw 4) corrections 0 | full-rate interp: depth 2.4 ticks, starved 0.0% worst +0.0 | frame max 0.9ms fixed/frame max 1 | gaps>3t 0 worst 0t | render delay 3t (stream lag 0t) | snapshot age ms min 15.3 avg 16.4 max 20.6
[nebula] [nebula-probe] t=190.1 pos=-24.9,0.0,138.7 cell=-1,0,2 origin=0,0,0 replicas=5 dmin=17.8 dmax=46.9 limit=97.6 speed=6.0 beyond=0 dup=0 chunks=9 orphans=0 carrierless=0 spawns=23 despawns=17 pawn=1
[nebula] [nebula-probe] t=191.1 pos=-19.7,0.0,135.8 cell=-1,0,2 origin=0,0,0 replicas=5 dmin=20.6 dmax=52.7 limit=97.6 speed=6.0 beyond=0 dup=0 chunks=9 orphans=0 carrierless=0 spawns=23 despawns=17 pawn=1
[nebula] [nebula-probe] t=192.1 pos=-14.4,0.0,132.9 cell=-1,0,2 origin=0,0,0 replicas=6 dmin=28.6 dmax=58.6 limit=97.6 speed=6.0 beyond=0 dup=0 chunks=9 orphans=0 carrierless=0 spawns=24 despawns=17 pawn=1
[nebula] [nebula-probe] t=193.1 pos=-12.9,0.0,129.9 cell=-1,0,2 origin=0,0,0 replicas=9 dmin=0.1 dmax=61.7 limit=93.5 speed=3.4 beyond=0 dup=0 chunks=9 orphans=0 carrierless=0 spawns=27 despawns=17 pawn=1
[nebula] [nebula-probe] t=194.1 pos=-17.9,0.0,126.5 cell=-1,0,1 origin=0,0,0 replicas=10 dmin=6.1 dmax=60.6 limit=97.6 speed=6.0 beyond=0 dup=0 chunks=12 orphans=0 carrierless=0 spawns=28 despawns=17 pawn=1
[nebula] client 30136 fps replicas 12 (+1.2/s -0.0/s) entities 12 in 132 pkt/s 14.1 KB/s 113 states/s (msgs: state 64 rpc 0 vars 0) rtt 0ms lead 4 (adj 1, worker saw 4) corrections 0 | full-rate interp: depth 2.5 ticks, starved 0.0% worst +0.0 | frame max 0.9ms fixed/frame max 1 | gaps>3t 0 worst 0t | render delay 3t (stream lag 0t) | snapshot age ms min 15.5 avg 16.5 max 21.6
[nebula] [nebula-probe] t=195.1 pos=-22.8,0.0,123.1 cell=-1,0,1 origin=0,0,0 replicas=11 dmin=12.1 dmax=60.0 limit=97.6 speed=6.0 beyond=0 dup=0 chunks=12 orphans=0 carrierless=0 spawns=29 despawns=17 pawn=1
[nebula] [nebula-probe] t=196.1 pos=-27.8,0.0,119.7 cell=-1,0,1 origin=0,0,0 replicas=11 dmin=18.1 dmax=64.6 limit=97.6 speed=6.0 beyond=0 dup=0 chunks=12 orphans=0 carrierless=0 spawns=29 despawns=17 pawn=1
[nebula] [nebula-probe] t=197.1 pos=-32.7,0.0,116.3 cell=-1,0,1 origin=0,0,0 replicas=11 dmin=21.2 dmax=70.5 limit=97.6 speed=6.0 beyond=0 dup=0 chunks=12 orphans=0 carrierless=0 spawns=29 despawns=17 pawn=1
[nebula] [nebula-probe] t=198.1 pos=-37.7,0.0,113.0 cell=-1,0,1 origin=0,0,0 replicas=9 dmin=18.0 dmax=66.5 limit=97.6 speed=6.0 beyond=0 dup=0 chunks=9 orphans=0 carrierless=0 spawns=29 despawns=19 pawn=1
[nebula] [nebula-probe] t=199.1 pos=-42.7,0.0,109.6 cell=-1,0,1 origin=0,0,0 replicas=9 dmin=16.6 dmax=63.6 limit=97.6 speed=6.0 beyond=0 dup=0 chunks=9 orphans=0 carrierless=0 spawns=30 despawns=20 pawn=1
[nebula] client 29395 fps replicas 10 (+0.2/s -0.6/s) entities 10 in 133 pkt/s 14.9 KB/s 115 states/s (msgs: state 64 rpc 0 vars 0) rtt 0ms lead 4 (adj 1, worker saw 4) corrections 0 | full-rate interp: depth 2.5 ticks, starved 0.0% worst +0.0 | frame max 0.9ms fixed/frame max 1 | gaps>3t 0 worst 0t | render delay 3t (stream lag 0t) | snapshot age ms min 15.5 avg 16.5 max 21.7
[nebula] [nebula-probe] t=200.1 pos=-47.1,0.0,107.1 cell=-1,0,1 origin=0,0,0 replicas=9 dmin=16.5 dmax=65.0 limit=96.2 speed=5.1 beyond=0 dup=0 chunks=9 orphans=0 carrierless=0 spawns=30 despawns=20 pawn=1
[nebula] [nebula-probe] t=201.1 pos=-47.4,0.0,113.1 cell=-1,0,1 origin=0,0,0 replicas=9 dmin=11.0 dmax=59.1 limit=97.6 speed=6.0 beyond=0 dup=0 chunks=9 orphans=0 carrierless=0 spawns=30 despawns=20 pawn=1
[nebula] [nebula-probe] t=202.1 pos=-47.6,0.0,119.1 cell=-1,0,1 origin=0,0,0 replicas=9 dmin=6.4 dmax=53.2 limit=97.6 speed=6.0 beyond=0 dup=0 chunks=9 orphans=0 carrierless=0 spawns=30 despawns=20 pawn=1
[nebula] [nebula-probe] t=203.1 pos=-47.8,0.0,125.1 cell=-1,0,1 origin=0,0,0 replicas=9 dmin=5.8 dmax=51.5 limit=97.6 speed=6.0 beyond=0 dup=0 chunks=9 orphans=0 carrierless=0 spawns=30 despawns=20 pawn=1
[nebula] [nebula-probe] t=204.1 pos=-48.0,0.0,131.1 cell=-1,0,2 origin=0,0,0 replicas=9 dmin=9.9 dmax=59.9 limit=97.6 speed=6.0 beyond=0 dup=0 chunks=9 orphans=0 carrierless=0 spawns=30 despawns=20 pawn=1
[nebula] client 31819 fps replicas 10 (+0.0/s -0.0/s) entities 10 in 130 pkt/s 11.0 KB/s 72 states/s (msgs: state 64 rpc 0 vars 0) rtt 0ms lead 4 (adj 1, worker saw 4) corrections 0 | full-rate interp: depth 1.6 ticks, starved 0.0% worst +0.0 | frame max 0.9ms fixed/frame max 1 | gaps>3t 0 worst 0t | render delay 3t (stream lag 0t) | snapshot age ms min 15.6 avg 16.5 max 21.1
[nebula] [nebula-probe] t=205.1 pos=-44.7,0.0,134.1 cell=-1,0,2 origin=0,0,0 replicas=9 dmin=14.2 dmax=64.2 limit=95.2 speed=4.5 beyond=0 dup=0 chunks=9 orphans=0 carrierless=0 spawns=30 despawns=20 pawn=1
[nebula] [nebula-probe] t=206.1 pos=-38.7,0.0,134.9 cell=-1,0,2 origin=0,0,0 replicas=8 dmin=15.2 dmax=60.7 limit=97.6 speed=6.0 beyond=0 dup=0 chunks=6 orphans=0 carrierless=0 spawns=30 despawns=21 pawn=1
[nebula] [nebula-probe] t=207.1 pos=-32.8,0.0,135.8 cell=-1,0,2 origin=0,0,0 replicas=8 dmin=17.5 dmax=65.9 limit=97.6 speed=6.0 beyond=0 dup=0 chunks=6 orphans=0 carrierless=0 spawns=30 despawns=21 pawn=1
[nebula] [nebula-probe] t=208.1 pos=-26.8,0.0,136.6 cell=-1,0,2 origin=0,0,0 replicas=8 dmin=15.5 dmax=55.9 limit=97.6 speed=6.0 beyond=0 dup=0 chunks=9 orphans=0 carrierless=0 spawns=31 despawns=22 pawn=1
