Mono path[0] = 'C:/Dev/nebula-virtualworld/Builds/Win64/Nebula_Data/Managed'
Mono config path = 'C:/Dev/nebula-virtualworld/Builds/Win64/MonoBleedingEdge/etc'
CodeReloadManager initialized
Found 1 interfaces on host : 0) 192.168.4.54
Player connection [48568]  Target information:

Player connection [48568]  * "[IP] 192.168.4.54 [Port] 55003 [Flags] 2 [Guid] 2181675935 [EditorId] 1773059659 [Version] 1048832 [Id] WindowsPlayer(2,Atlas) [Debug] 0 [PackageName] WindowsPlayer [ProjectName] nebula-virtualworld" 

Player connection [48568] Started UDP target info broadcast (1) on [225.0.0.222:54997].

Input System module state changed to: Initialized.
[Physics::Module] Initialized fallback backend.
[Physics::Module] Id: 0xdecafbad
Initialize engine version: 6000.6.0f1 (f7f8ed4d1e24)
[EntityIdStore] init: VM path (explicit commit), pageSize=4096, blockCount=1048576, entitiesPerBlock=256, slots reserved=4294967296 bytes
[Subsystems] Discovering subsystems at path C:/Dev/nebula-virtualworld/Builds/Win64/Nebula_Data/UnitySubsystems
Forcing GfxDevice: Null
GfxDevice: creating device client; kGfxThreadingModeNonThreaded
NullGfxDevice:
    Version:  NULL 1.0 [1.0]
    Renderer: Null Device
    Vendor:   Unity Technologies
Begin MonoManager ReloadAssembly
- Finished resetting the current domain, in  0.007 seconds
[Physics::Module] Selected backend.
[Physics::Module] Name: PhysX
[Physics::Module] Id: 0xf2b8ea05
[Physics::Module] SDK Version: 4.1.2
[Physics::Module] Integration Version: 1.0.0
[Physics::Module] Threading Mode: Multi-Threaded
Microsoft Media Foundation video decoding to texture disabled: graphics device is Null, only Direct3D 11 and Direct3D 12 (only on desktop) are supported for hardware-accelerated video decoding.
UnloadTime: 0.674200 ms
[nebula] boot roles=Client scene=World tickRate=60
[nebula] containers: 0 (runtime world)
[nebula] connecting to gateway 127.0.0.1:7200 as 'bot7'
[nebula] chunked world: cell (64.00, 512.00, 64.00) (planar), near 2 cell(s), allocator ring 3, retire after 30s
[nebula] client 0 fps replicas 0 (+0.0/s -0.0/s) entities 0 in 0 pkt/s 0.0 KB/s 0 states/s (msgs: state 0 rpc 0 vars 0) rtt -1ms lead 0 (adj 0, worker saw 0) corrections 0 | full-rate interp: depth 0.0 ticks, starved 0.0% worst +0.0 | frame max 86.2ms fixed/frame max 1 | gaps>3t 0 worst 0t | render delay 0t (stream lag 0t) | snapshot age ms min 0.0 avg 0.0 max 0.0
[nebula] [nebula-probe] t=0.1 pos=0.0,0.0,0.0 cell=0,0,0 origin=0,0,0 replicas=0 dmin=0.0 dmax=0.0 limit=88.0 speed=0.0 beyond=0 dup=0 chunks=0 orphans=0 carrierless=0 spawns=0 despawns=0 pawn=0
[nebula] welcome: clientId=3825002173356310535 identity=90ee32f968f2 serverTick=1365003742
[nebula] world starting, about 3 s: no worker is running yet; holding the join
[nebula] [nebula-probe] t=1.1 pos=0.0,0.0,0.0 cell=0,0,0 origin=0,0,0 replicas=0 dmin=0.0 dmax=0.0 limit=88.0 speed=0.0 beyond=0 dup=0 chunks=0 orphans=0 carrierless=0 spawns=0 despawns=0 pawn=0
[nebula] [nebula-probe] t=2.1 pos=0.0,0.0,0.0 cell=0,0,0 origin=0,0,0 replicas=0 dmin=0.0 dmax=0.0 limit=88.0 speed=0.0 beyond=0 dup=0 chunks=0 orphans=0 carrierless=0 spawns=0 despawns=0 pawn=0
[nebula] [nebula-probe] t=3.1 pos=0.0,0.0,0.0 cell=0,0,0 origin=0,0,0 replicas=0 dmin=0.0 dmax=0.0 limit=88.0 speed=0.0 beyond=0 dup=0 chunks=0 orphans=0 carrierless=0 spawns=0 despawns=0 pawn=0
[nebula] joined the world
[nebula] [vw-bot] mode=Wander
[nebula] local player spawned: Player(Clone)#844424930131970(e1,rt_13194141630461,local)
[nebula] [nebula-probe] t=4.1 pos=246.4,0.0,-158.3 cell=3,0,-3 origin=0,0,0 replicas=1 dmin=1.5 dmax=1.5 limit=88.0 speed=0.0 beyond=0 dup=0 chunks=9 orphans=0 carrierless=0 spawns=2 despawns=0 pawn=1
[nebula] client 63102 fps replicas 2 (+0.4/s -0.0/s) entities 2 in 42 pkt/s 3.6 KB/s 19 states/s (msgs: state 19 rpc 0 vars 0) rtt 0ms lead 3 (adj 0, worker saw 3) corrections 1 last 0.10m | full-rate interp: depth 0.0 ticks, starved 0.0% worst +0.0 | frame max 305.1ms fixed/frame max 1 | gaps>3t 0 worst 0t | render delay 3t (stream lag 0t) | snapshot age ms min 8.4 avg 12.0 max 20.7
[nebula] [nebula-probe] t=5.1 pos=242.3,0.0,-154.0 cell=3,0,-3 origin=0,0,0 replicas=1 dmin=7.5 dmax=7.5 limit=97.6 speed=6.0 beyond=0 dup=0 chunks=9 orphans=0 carrierless=0 spawns=2 despawns=0 pawn=1
[nebula] [nebula-probe] t=6.1 pos=238.1,0.0,-149.7 cell=3,0,-3 origin=0,0,0 replicas=1 dmin=13.5 dmax=13.5 limit=97.6 speed=6.0 beyond=0 dup=0 chunks=9 orphans=0 carrierless=0 spawns=2 despawns=0 pawn=1
[nebula] [nebula-probe] t=7.1 pos=233.9,0.0,-145.4 cell=3,0,-3 origin=0,0,0 replicas=1 dmin=19.5 dmax=19.5 limit=97.6 speed=6.0 beyond=0 dup=0 chunks=9 orphans=0 carrierless=0 spawns=2 despawns=0 pawn=1
[nebula] [nebula-probe] t=8.1 pos=229.8,0.0,-141.1 cell=3,0,-3 origin=0,0,0 replicas=1 dmin=25.5 dmax=25.5 limit=97.6 speed=6.0 beyond=0 dup=0 chunks=9 orphans=0 carrierless=0 spawns=2 despawns=0 pawn=1
[nebula] [nebula-probe] t=9.1 pos=225.6,0.0,-136.8 cell=3,0,-3 origin=0,0,0 replicas=1 dmin=31.5 dmax=31.5 limit=97.6 speed=6.0 beyond=0 dup=0 chunks=9 orphans=0 carrierless=0 spawns=2 despawns=0 pawn=1
[nebula] client 61959 fps replicas 2 (+0.0/s -0.0/s) entities 2 in 124 pkt/s 9.5 KB/s 60 states/s (msgs: state 60 rpc 0 vars 0) rtt 0ms lead 3 (adj 0, worker saw 3) corrections 0 | full-rate interp: depth 0.0 ticks, starved 0.0% worst +0.0 | frame max 0.8ms fixed/frame max 1 | gaps>3t 0 worst 0t | render delay 3t (stream lag 0t) | snapshot age ms min 8.6 avg 12.0 max 18.2
[nebula] [nebula-probe] t=10.1 pos=221.4,0.0,-132.4 cell=3,0,-3 origin=0,0,0 replicas=1 dmin=37.5 dmax=37.5 limit=97.6 speed=6.0 beyond=0 dup=0 chunks=9 orphans=0 carrierless=0 spawns=2 despawns=0 pawn=1
[nebula] [nebula-probe] t=11.1 pos=217.2,0.0,-128.1 cell=3,0,-3 origin=0,0,0 replicas=1 dmin=43.5 dmax=43.5 limit=97.6 speed=6.0 beyond=0 dup=0 chunks=9 orphans=0 carrierless=0 spawns=2 despawns=0 pawn=1
[nebula] [nebula-probe] t=12.1 pos=213.1,0.0,-123.8 cell=3,0,-2 origin=0,0,0 replicas=1 dmin=49.5 dmax=49.5 limit=97.6 speed=6.0 beyond=0 dup=0 chunks=9 orphans=0 carrierless=0 spawns=2 despawns=0 pawn=1
[nebula] [nebula-probe] t=13.1 pos=208.4,0.0,-120.3 cell=3,0,-2 origin=0,0,0 replicas=2 dmin=0.2 dmax=55.3 limit=97.4 speed=5.9 beyond=0 dup=0 chunks=12 orphans=0 carrierless=0 spawns=3 despawns=0 pawn=1
[nebula] [nebula-probe] t=14.1 pos=202.8,0.0,-118.1 cell=3,0,-2 origin=0,0,0 replicas=2 dmin=6.2 dmax=60.9 limit=97.6 speed=6.0 beyond=0 dup=0 chunks=12 orphans=0 carrierless=0 spawns=3 despawns=0 pawn=1
[nebula] client 62060 fps replicas 3 (+0.2/s -0.0/s) entities 3 in 125 pkt/s 9.9 KB/s 60 states/s (msgs: state 60 rpc 0 vars 0) rtt 0ms lead 3 (adj 0, worker saw 3) corrections 0 | full-rate interp: depth 0.0 ticks, starved 0.0% worst +0.0 | frame max 1.0ms fixed/frame max 1 | gaps>3t 0 worst 0t | render delay 3t (stream lag 0t) | snapshot age ms min 10.9 avg 12.1 max 16.2
[nebula] [nebula-probe] t=15.1 pos=197.2,0.0,-115.8 cell=3,0,-2 origin=0,0,0 replicas=2 dmin=12.2 dmax=66.5 limit=97.6 speed=6.0 beyond=0 dup=0 chunks=12 orphans=0 carrierless=0 spawns=3 despawns=0 pawn=1
[nebula] [nebula-probe] t=16.1 pos=191.7,0.0,-113.6 cell=2,0,-2 origin=0,0,0 replicas=1 dmin=18.2 dmax=18.2 limit=97.6 speed=6.0 beyond=0 dup=0 chunks=9 orphans=0 carrierless=0 spawns=3 despawns=1 pawn=1
[nebula] [nebula-probe] t=17.1 pos=186.1,0.0,-111.3 cell=2,0,-2 origin=0,0,0 replicas=1 dmin=24.2 dmax=24.2 limit=97.6 speed=6.0 beyond=0 dup=0 chunks=9 orphans=0 carrierless=0 spawns=3 despawns=1 pawn=1
[nebula] [nebula-probe] t=18.1 pos=180.5,0.0,-109.1 cell=2,0,-2 origin=0,0,0 replicas=1 dmin=30.2 dmax=30.2 limit=97.6 speed=6.0 beyond=0 dup=0 chunks=9 orphans=0 carrierless=0 spawns=3 despawns=1 pawn=1
[nebula] [nebula-probe] t=19.1 pos=174.7,0.0,-108.3 cell=2,0,-2 origin=0,0,0 replicas=2 dmin=1.8 dmax=35.9 limit=97.4 speed=5.9 beyond=0 dup=0 chunks=12 orphans=0 carrierless=0 spawns=4 despawns=1 pawn=1
[nebula] client 62005 fps replicas 3 (+0.2/s -0.2/s) entities 3 in 127 pkt/s 11.7 KB/s 60 states/s (msgs: state 60 rpc 0 vars 0) rtt 0ms lead 3 (adj 0, worker saw 3) corrections 0 | full-rate interp: depth 0.0 ticks, starved 0.0% worst +0.0 | frame max 4.1ms fixed/frame max 1 | gaps>3t 0 worst 0t | render delay 3t (stream lag 0t) | snapshot age ms min 11.2 avg 12.1 max 24.5
[nebula] [nebula-probe] t=20.1 pos=168.7,0.0,-108.4 cell=2,0,-2 origin=0,0,0 replicas=2 dmin=7.8 dmax=41.6 limit=97.6 speed=6.0 beyond=0 dup=0 chunks=12 orphans=0 carrierless=0 spawns=4 despawns=1 pawn=1
[nebula] [nebula-probe] t=21.1 pos=162.7,0.0,-108.4 cell=2,0,-2 origin=0,0,0 replicas=2 dmin=13.8 dmax=47.4 limit=97.6 speed=6.0 beyond=0 dup=0 chunks=12 orphans=0 carrierless=0 spawns=4 despawns=1 pawn=1
[nebula] [nebula-probe] t=22.1 pos=156.7,0.0,-108.5 cell=2,0,-2 origin=0,0,0 replicas=2 dmin=19.8 dmax=53.2 limit=97.6 speed=6.0 beyond=0 dup=0 chunks=12 orphans=0 carrierless=0 spawns=4 despawns=1 pawn=1
[nebula] [nebula-probe] t=23.1 pos=150.7,0.0,-108.5 cell=2,0,-2 origin=0,0,0 replicas=2 dmin=25.8 dmax=59.1 limit=97.6 speed=6.0 beyond=0 dup=0 chunks=12 orphans=0 carrierless=0 spawns=4 despawns=1 pawn=1
[nebula] [nebula-probe] t=24.1 pos=144.7,0.0,-108.6 cell=2,0,-2 origin=0,0,0 replicas=2 dmin=31.8 dmax=64.9 limit=97.6 speed=6.0 beyond=0 dup=0 chunks=12 orphans=0 carrierless=0 spawns=4 despawns=1 pawn=1
[nebula] client 61778 fps replicas 3 (+0.0/s -0.0/s) entities 3 in 124 pkt/s 10.0 KB/s 60 states/s (msgs: state 60 rpc 0 vars 0) rtt 0ms lead 3 (adj 0, worker saw 3) corrections 0 | full-rate interp: depth 0.0 ticks, starved 0.0% worst +0.0 | frame max 0.8ms fixed/frame max 1 | gaps>3t 0 worst 0t | render delay 3t (stream lag 0t) | snapshot age ms min 11.3 avg 12.1 max 14.7
[nebula] [nebula-probe] t=25.1 pos=138.7,0.0,-108.6 cell=2,0,-2 origin=0,0,0 replicas=2 dmin=37.8 dmax=70.8 limit=97.6 speed=6.0 beyond=0 dup=0 chunks=12 orphans=0 carrierless=0 spawns=4 despawns=1 pawn=1
[nebula] [nebula-probe] t=26.1 pos=133.2,0.0,-108.0 cell=2,0,-2 origin=0,0,0 replicas=1 dmin=43.3 dmax=43.3 limit=96.9 speed=5.5 beyond=0 dup=0 chunks=9 orphans=0 carrierless=0 spawns=4 despawns=2 pawn=1
[nebula] [nebula-probe] t=27.1 pos=131.5,0.0,-102.2 cell=2,0,-2 origin=0,0,0 replicas=1 dmin=45.4 dmax=45.4 limit=97.6 speed=6.0 beyond=0 dup=0 chunks=9 orphans=0 carrierless=0 spawns=4 despawns=2 pawn=1
[nebula] [nebula-probe] t=28.1 pos=129.8,0.0,-96.5 cell=2,0,-2 origin=0,0,0 replicas=2 dmin=44.2 dmax=48.2 limit=97.6 speed=6.0 beyond=0 dup=0 chunks=9 orphans=0 carrierless=0 spawns=5 despawns=2 pawn=1
[nebula] [nebula-probe] t=29.1 pos=128.1,0.0,-90.7 cell=2,0,-2 origin=0,0,0 replicas=2 dmin=33.3 dmax=51.5 limit=97.6 speed=6.0 beyond=0 dup=0 chunks=9 orphans=0 carrierless=0 spawns=5 despawns=2 pawn=1
[nebula] client 48218 fps replicas 4 (+0.4/s -0.2/s) entities 4 in 126 pkt/s 11.0 KB/s 74 states/s (msgs: state 61 rpc 0 vars 0) rtt 0ms lead 3 (adj 0, worker saw 3) corrections 0 | full-rate interp: depth 2.1 ticks, starved 0.0% worst +0.0 | frame max 1.6ms fixed/frame max 1 | gaps>3t 0 worst 0t | render delay 3t (stream lag 0t) | snapshot age ms min 11.4 avg 12.6 max 17.2
[nebula] [nebula-probe] t=30.1 pos=126.4,0.0,-85.0 cell=1,0,-2 origin=0,0,0 replicas=3 dmin=23.4 dmax=55.3 limit=97.6 speed=6.0 beyond=0 dup=0 chunks=12 orphans=0 carrierless=0 spawns=6 despawns=2 pawn=1
[nebula] [nebula-probe] t=31.1 pos=124.6,0.0,-79.2 cell=1,0,-2 origin=0,0,0 replicas=3 dmin=16.2 dmax=59.5 limit=97.6 speed=6.0 beyond=0 dup=0 chunks=12 orphans=0 carrierless=0 spawns=6 despawns=2 pawn=1
[nebula] [nebula-probe] t=32.1 pos=122.9,0.0,-73.5 cell=1,0,-2 origin=0,0,0 replicas=3 dmin=16.2 dmax=63.9 limit=97.6 speed=6.0 beyond=0 dup=0 chunks=12 orphans=0 carrierless=0 spawns=6 despawns=2 pawn=1
[nebula] [nebula-probe] t=33.1 pos=121.2,0.0,-67.7 cell=1,0,-2 origin=0,0,0 replicas=3 dmin=23.3 dmax=68.6 limit=97.6 speed=6.0 beyond=0 dup=0 chunks=12 orphans=0 carrierless=0 spawns=6 despawns=2 pawn=1
[nebula] [nebula-probe] t=34.1 pos=119.5,0.0,-62.0 cell=1,0,-1 origin=0,0,0 replicas=2 dmin=18.8 dmax=33.2 limit=97.6 speed=6.0 beyond=0 dup=0 chunks=9 orphans=0 carrierless=0 spawns=6 despawns=3 pawn=1
[nebula] client 31572 fps replicas 4 (+0.2/s -0.2/s) entities 4 in 128 pkt/s 14.5 KB/s 109 states/s (msgs: state 62 rpc 0 vars 0) rtt 0ms lead 3 (adj 0, worker saw 3) corrections 0 | full-rate interp: depth 2.4 ticks, starved 0.0% worst +0.0 | frame max 0.9ms fixed/frame max 1 | gaps>3t 0 worst 0t | render delay 3t (stream lag 0t) | snapshot age ms min 11.6 avg 13.0 max 17.5
[nebula] [nebula-probe] t=35.1 pos=123.9,0.0,-58.6 cell=1,0,-1 origin=0,0,0 replicas=3 dmin=16.1 dmax=32.6 limit=96.8 speed=5.5 beyond=0 dup=0 chunks=12 orphans=0 carrierless=0 spawns=7 despawns=3 pawn=1
[nebula] [nebula-probe] t=36.1 pos=129.0,0.0,-55.5 cell=2,0,-1 origin=0,0,0 replicas=3 dmin=15.9 dmax=32.1 limit=97.6 speed=6.0 beyond=0 dup=0 chunks=12 orphans=0 carrierless=0 spawns=7 despawns=3 pawn=1
[nebula] [nebula-probe] t=37.1 pos=134.2,0.0,-52.4 cell=2,0,-1 origin=0,0,0 replicas=3 dmin=17.8 dmax=32.7 limit=97.6 speed=6.0 beyond=0 dup=0 chunks=12 orphans=0 carrierless=0 spawns=7 despawns=3 pawn=1
[nebula] [nebula-probe] t=38.1 pos=139.4,0.0,-49.3 cell=2,0,-1 origin=0,0,0 replicas=3 dmin=21.3 dmax=34.5 limit=97.8 speed=6.1 beyond=0 dup=0 chunks=12 orphans=0 carrierless=0 spawns=7 despawns=3 pawn=1
[nebula] [nebula-probe] t=39.1 pos=144.6,0.0,-46.2 cell=2,0,-1 origin=0,0,0 replicas=3 dmin=25.8 dmax=39.2 limit=97.6 speed=6.0 beyond=0 dup=0 chunks=12 orphans=0 carrierless=0 spawns=7 despawns=3 pawn=1
[nebula] client 30621 fps replicas 4 (+0.0/s -0.0/s) entities 4 in 125 pkt/s 11.8 KB/s 100 states/s (msgs: state 62 rpc 0 vars 0) rtt 0ms lead 4 (adj 1, worker saw 4) corrections 0 | full-rate interp: depth 2.4 ticks, starved 0.0% worst +0.0 | frame max 1.0ms fixed/frame max 1 | gaps>3t 0 worst 0t | render delay 3t (stream lag 0t) | snapshot age ms min 11.7 avg 13.6 max 36.3
[nebula] [nebula-probe] t=40.1 pos=149.7,0.0,-43.1 cell=2,0,-1 origin=0,0,0 replicas=3 dmin=30.7 dmax=48.5 limit=97.6 speed=6.0 beyond=0 dup=0 chunks=12 orphans=0 carrierless=0 spawns=7 despawns=3 pawn=1
[nebula] [nebula-probe] t=41.1 pos=154.9,0.0,-40.0 cell=2,0,-1 origin=0,0,0 replicas=3 dmin=36.0 dmax=60.2 limit=97.6 speed=6.0 beyond=0 dup=0 chunks=12 orphans=0 carrierless=0 spawns=7 despawns=3 pawn=1
[nebula] [nebula-probe] t=42.1 pos=160.0,0.0,-36.9 cell=2,0,-1 origin=0,0,0 replicas=4 dmin=41.5 dmax=72.0 limit=97.6 speed=6.0 beyond=0 dup=0 chunks=15 orphans=0 carrierless=0 spawns=8 despawns=3 pawn=1
[nebula] [nebula-probe] t=43.1 pos=165.2,0.0,-33.9 cell=2,0,-1 origin=0,0,0 replicas=3 dmin=35.7 dmax=53.3 limit=97.6 speed=6.0 beyond=0 dup=0 chunks=9 orphans=0 carrierless=0 spawns=8 despawns=4 pawn=1
[nebula] [nebula-probe] t=44.1 pos=167.0,0.0,-32.1 cell=2,0,-1 origin=0,0,0 replicas=3 dmin=33.2 dmax=55.7 limit=92.1 speed=2.6 beyond=0 dup=0 chunks=9 orphans=0 carrierless=0 spawns=8 despawns=4 pawn=1
[nebula] client 46887 fps replicas 4 (+0.2/s -0.2/s) entities 4 in 127 pkt/s 11.7 KB/s 63 states/s (msgs: state 61 rpc 0 vars 0) rtt 0ms lead 4 (adj 1, worker saw 4) corrections 0 | full-rate interp: depth 1.3 ticks, starved 0.0% worst +0.0 | frame max 0.9ms fixed/frame max 1 | gaps>3t 0 worst 0t | render delay 3t (stream lag 0t) | snapshot age ms min 11.9 avg 14.5 max 17.4
[nebula] [nebula-probe] t=45.1 pos=161.1,0.0,-33.3 cell=2,0,-1 origin=0,0,0 replicas=3 dmin=38.7 dmax=52.5 limit=97.6 speed=6.0 beyond=0 dup=0 chunks=9 orphans=0 carrierless=0 spawns=8 despawns=4 pawn=1
[nebula] [nebula-probe] t=46.1 pos=155.2,0.0,-34.5 cell=2,0,-1 origin=0,0,0 replicas=3 dmin=37.3 dmax=49.8 limit=97.6 speed=6.0 beyond=0 dup=0 chunks=9 orphans=0 carrierless=0 spawns=8 despawns=4 pawn=1
[nebula] [nebula-probe] t=47.1 pos=149.4,0.0,-35.8 cell=2,0,-1 origin=0,0,0 replicas=3 dmin=31.3 dmax=50.1 limit=97.6 speed=6.0 beyond=0 dup=0 chunks=9 orphans=0 carrierless=0 spawns=8 despawns=4 pawn=1
[nebula] [nebula-probe] t=48.1 pos=143.5,0.0,-37.0 cell=2,0,-1 origin=0,0,0 replicas=3 dmin=25.3 dmax=55.9 limit=97.6 speed=6.0 beyond=0 dup=0 chunks=9 orphans=0 carrierless=0 spawns=8 despawns=4 pawn=1
[nebula] [nebula-probe] t=49.1 pos=137.6,0.0,-38.2 cell=2,0,-1 origin=0,0,0 replicas=3 dmin=19.3 dmax=61.7 limit=97.6 speed=6.0 beyond=0 dup=0 chunks=9 orphans=0 carrierless=0 spawns=8 despawns=4 pawn=1
[nebula] client 60817 fps replicas 4 (+0.0/s -0.0/s) entities 4 in 128 pkt/s 12.0 KB/s 60 states/s (msgs: state 60 rpc 0 vars 0) rtt 0ms lead 4 (adj 1, worker saw 4) corrections 0 | full-rate interp: depth 0.0 ticks, starved 0.0% worst +0.0 | frame max 0.9ms fixed/frame max 1 | gaps>3t 0 worst 0t | render delay 3t (stream lag 0t) | snapshot age ms min 12.0 avg 14.8 max 17.5
[nebula] [nebula-probe] t=50.1 pos=131.8,0.0,-39.5 cell=2,0,-1 origin=0,0,0 replicas=3 dmin=13.3 dmax=67.6 limit=97.6 speed=6.0 beyond=0 dup=0 chunks=9 orphans=0 carrierless=0 spawns=8 despawns=4 pawn=1
[nebula] [nebula-probe] t=51.1 pos=125.9,0.0,-40.7 cell=1,0,-1 origin=0,0,0 replicas=2 dmin=7.4 dmax=46.7 limit=97.6 speed=6.0 beyond=0 dup=0 chunks=9 orphans=0 carrierless=0 spawns=8 despawns=5 pawn=1
[nebula] [nebula-probe] t=52.1 pos=126.5,0.0,-44.9 cell=1,0,-1 origin=0,0,0 replicas=3 dmin=2.3 dmax=42.7 limit=94.7 speed=4.2 beyond=0 dup=0 chunks=12 orphans=0 carrierless=0 spawns=9 despawns=5 pawn=1
[nebula] [nebula-probe] t=53.1 pos=129.4,0.0,-50.1 cell=2,0,-1 origin=0,0,0 replicas=3 dmin=8.3 dmax=36.7 limit=97.6 speed=6.0 beyond=0 dup=0 chunks=12 orphans=0 carrierless=0 spawns=9 despawns=5 pawn=1
[nebula] [nebula-probe] t=54.1 pos=132.3,0.0,-55.4 cell=2,0,-1 origin=0,0,0 replicas=3 dmin=14.3 dmax=30.7 limit=97.6 speed=6.0 beyond=0 dup=0 chunks=12 orphans=0 carrierless=0 spawns=9 despawns=5 pawn=1
[nebula] client 60981 fps replicas 4 (+0.2/s -0.2/s) entities 4 in 124 pkt/s 9.9 KB/s 60 states/s (msgs: state 60 rpc 0 vars 0) rtt 0ms lead 4 (adj 1, worker saw 4) corrections 0 | full-rate interp: depth 0.0 ticks, starved 0.0% worst +0.0 | frame max 1.1ms fixed/frame max 1 | gaps>3t 0 worst 0t | render delay 3t (stream lag 0t) | snapshot age ms min 11.3 avg 15.7 max 17.9
[nebula] [nebula-probe] t=55.1 pos=135.2,0.0,-60.6 cell=2,0,-1 origin=0,0,0 replicas=3 dmin=20.3 dmax=24.7 limit=97.6 speed=6.0 beyond=0 dup=0 chunks=12 orphans=0 carrierless=0 spawns=9 despawns=5 pawn=1
[nebula] [nebula-probe] t=56.1 pos=138.1,0.0,-65.9 cell=2,0,-2 origin=0,0,0 replicas=3 dmin=18.7 dmax=29.7 limit=97.6 speed=6.0 beyond=0 dup=0 chunks=12 orphans=0 carrierless=0 spawns=9 despawns=5 pawn=1
[nebula] [nebula-probe] t=57.1 pos=137.5,0.0,-68.6 cell=2,0,-2 origin=0,0,0 replicas=3 dmin=16.5 dmax=31.4 limit=92.5 speed=2.8 beyond=0 dup=0 chunks=12 orphans=0 carrierless=0 spawns=9 despawns=5 pawn=1
[nebula] [nebula-probe] t=58.1 pos=131.6,0.0,-67.6 cell=2,0,-2 origin=0,0,0 replicas=3 dmin=20.7 dmax=27.5 limit=97.6 speed=6.0 beyond=0 dup=0 chunks=12 orphans=0 carrierless=0 spawns=9 despawns=5 pawn=1
[nebula] [nebula-probe] t=59.1 pos=125.6,0.0,-66.6 cell=1,0,-2 origin=0,0,0 replicas=4 dmin=23.7 dmax=44.0 limit=97.6 speed=6.0 beyond=0 dup=0 chunks=15 orphans=0 carrierless=0 spawns=10 despawns=5 pawn=1
[nebula] client 60343 fps replicas 5 (+0.2/s -0.0/s) entities 5 in 127 pkt/s 11.7 KB/s 60 states/s (msgs: state 60 rpc 0 vars 0) rtt 0ms lead 4 (adj 1, worker saw 4) corrections 0 | full-rate interp: depth 0.0 ticks, starved 0.0% worst +0.0 | frame max 0.9ms fixed/frame max 1 | gaps>3t 0 worst 0t | render delay 3t (stream lag 0t) | snapshot age ms min 12.9 avg 16.1 max 20.3
[nebula] [nebula-probe] t=60.1 pos=119.7,0.0,-65.5 cell=1,0,-2 origin=0,0,0 replicas=4 dmin=22.4 dmax=38.4 limit=97.6 speed=6.0 beyond=0 dup=0 chunks=15 orphans=0 carrierless=0 spawns=10 despawns=5 pawn=1
[nebula] [nebula-probe] t=61.1 pos=113.8,0.0,-64.5 cell=1,0,-2 origin=0,0,0 replicas=5 dmin=21.9 dmax=45.8 limit=97.6 speed=6.0 beyond=0 dup=0 chunks=16 orphans=0 carrierless=0 spawns=11 despawns=5 pawn=1
[nebula] [nebula-probe] t=62.1 pos=107.9,0.0,-63.5 cell=1,0,-1 origin=0,0,0 replicas=6 dmin=23.1 dmax=44.2 limit=97.6 speed=6.0 beyond=0 dup=0 chunks=16 orphans=0 carrierless=0 spawns=12 despawns=5 pawn=1
[nebula] [nebula-probe] t=63.1 pos=105.2,0.0,-62.0 cell=1,0,-1 origin=0,0,0 replicas=7 dmin=0.4 dmax=45.2 limit=92.9 speed=3.1 beyond=0 dup=0 chunks=16 orphans=0 carrierless=0 spawns=13 despawns=5 pawn=1
[nebula] [nebula-probe] t=64.1 pos=110.6,0.0,-59.4 cell=1,0,-1 origin=0,0,0 replicas=7 dmin=5.6 dmax=49.0 limit=97.6 speed=6.0 beyond=0 dup=0 chunks=16 orphans=0 carrierless=0 spawns=13 despawns=5 pawn=1
[nebula] client 39117 fps replicas 8 (+0.6/s -0.0/s) entities 8 in 130 pkt/s 16.1 KB/s 72 states/s (msgs: state 62 rpc 0 vars 0) rtt 0ms lead 4 (adj 1, worker saw 4) corrections 0 | full-rate interp: depth 1.5 ticks, starved 0.0% worst +0.0 | frame max 1.1ms fixed/frame max 1 | gaps>3t 0 worst 0t | render delay 3t (stream lag 0t) | snapshot age ms min 13.3 avg 16.3 max 20.2
[nebula] [nebula-probe] t=65.1 pos=116.0,0.0,-56.8 cell=1,0,-1 origin=0,0,0 replicas=7 dmin=11.6 dmax=53.6 limit=97.6 speed=6.0 beyond=0 dup=0 chunks=16 orphans=0 carrierless=0 spawns=13 despawns=5 pawn=1
[nebula] [nebula-probe] t=66.1 pos=121.4,0.0,-54.2 cell=1,0,-1 origin=0,0,0 replicas=7 dmin=11.3 dmax=58.6 limit=97.6 speed=6.0 beyond=0 dup=0 chunks=16 orphans=0 carrierless=0 spawns=13 despawns=5 pawn=1
[nebula] [nebula-probe] t=67.1 pos=126.8,0.0,-51.6 cell=1,0,-1 origin=0,0,0 replicas=7 dmin=8.9 dmax=63.7 limit=97.6 speed=6.0 beyond=0 dup=0 chunks=16 orphans=0 carrierless=0 spawns=13 despawns=5 pawn=1
[nebula] [nebula-probe] t=68.1 pos=130.8,0.0,-47.8 cell=2,0,-1 origin=0,0,0 replicas=8 dmin=0.3 dmax=69.1 limit=96.8 speed=5.5 beyond=0 dup=0 chunks=16 orphans=0 carrierless=0 spawns=14 despawns=5 pawn=1
[nebula] [nebula-probe] t=69.1 pos=132.6,0.0,-42.1 cell=2,0,-1 origin=0,0,0 replicas=8 dmin=6.3 dmax=65.2 limit=97.6 speed=6.0 beyond=0 dup=0 chunks=9 orphans=0 carrierless=0 spawns=15 despawns=6 pawn=1
[nebula] client 31917 fps replicas 9 (+0.4/s -0.2/s) entities 9 in 130 pkt/s 11.2 KB/s 75 states/s (msgs: state 67 rpc 0 vars 0) rtt 0ms lead 4 (adj 1, worker saw 4) corrections 0 | full-rate interp: depth 1.5 ticks, starved 0.0% worst +0.0 | frame max 0.9ms fixed/frame max 1 | gaps>3t 0 worst 0t | render delay 3t (stream lag 0t) | snapshot age ms min 13.4 avg 16.3 max 20.5
[nebula] [nebula-probe] t=70.1 pos=134.5,0.0,-36.4 cell=2,0,-1 origin=0,0,0 replicas=8 dmin=11.2 dmax=73.1 limit=97.6 speed=6.0 beyond=0 dup=0 chunks=9 orphans=0 carrierless=0 spawns=15 despawns=6 pawn=1
[nebula] [nebula-probe] t=71.1 pos=136.3,0.0,-30.6 cell=2,0,-1 origin=0,0,0 replicas=7 dmin=16.4 dmax=69.5 limit=97.6 speed=6.0 beyond=0 dup=0 chunks=9 orphans=0 carrierless=0 spawns=15 despawns=7 pawn=1
[nebula] [nebula-probe] t=72.1 pos=139.6,0.0,-27.5 cell=2,0,-1 origin=0,0,0 replicas=7 dmin=0.1 dmax=56.1 limit=95.3 speed=4.6 beyond=0 dup=0 chunks=9 orphans=0 carrierless=0 spawns=16 despawns=8 pawn=1
[nebula] [nebula-probe] t=73.1 pos=145.5,0.0,-28.7 cell=2,0,-1 origin=0,0,0 replicas=7 dmin=6.1 dmax=54.6 limit=97.6 speed=6.0 beyond=0 dup=0 chunks=9 orphans=0 carrierless=0 spawns=16 despawns=8 pawn=1
[nebula] [nebula-probe] t=74.1 pos=151.4,0.0,-29.9 cell=2,0,-1 origin=0,0,0 replicas=8 dmin=12.1 dmax=55.8 limit=97.6 speed=6.0 beyond=0 dup=0 chunks=9 orphans=0 carrierless=0 spawns=17 despawns=8 pawn=1
[nebula] client 31887 fps replicas 9 (+0.4/s -0.4/s) entities 9 in 139 pkt/s 11.4 KB/s 73 states/s (msgs: state 73 rpc 0 vars 0) rtt 0ms lead 4 (adj 1, worker saw 4) corrections 0 | full-rate interp: depth 1.6 ticks, starved 0.0% worst +0.0 | frame max 1.1ms fixed/frame max 1 | gaps>3t 0 worst 0t | render delay 3t (stream lag 0t) | snapshot age ms min 13.5 avg 16.4 max 20.5
[nebula] [nebula-probe] t=75.1 pos=157.2,0.0,-31.1 cell=2,0,-1 origin=0,0,0 replicas=8 dmin=18.1 dmax=60.1 limit=97.6 speed=6.0 beyond=0 dup=0 chunks=9 orphans=0 carrierless=0 spawns=17 despawns=8 pawn=1
[nebula] [nebula-probe] t=76.1 pos=163.1,0.0,-32.3 cell=2,0,-1 origin=0,0,0 replicas=8 dmin=24.1 dmax=64.7 limit=97.6 speed=6.0 beyond=0 dup=0 chunks=9 orphans=0 carrierless=0 spawns=17 despawns=8 pawn=1
[nebula] [nebula-probe] t=77.1 pos=169.0,0.0,-33.5 cell=2,0,-1 origin=0,0,0 replicas=8 dmin=30.1 dmax=69.5 limit=97.6 speed=6.0 beyond=0 dup=0 chunks=9 orphans=0 carrierless=0 spawns=17 despawns=8 pawn=1
[nebula] [nebula-probe] t=78.1 pos=170.7,0.0,-33.4 cell=2,0,-1 origin=0,0,0 replicas=6 dmin=31.2 dmax=56.1 limit=90.7 speed=1.7 beyond=0 dup=0 chunks=9 orphans=0 carrierless=0 spawns=17 despawns=10 pawn=1
[nebula] [nebula-probe] t=79.1 pos=165.2,0.0,-31.0 cell=2,0,-1 origin=0,0,0 replicas=6 dmin=25.9 dmax=56.0 limit=97.6 speed=6.0 beyond=0 dup=0 chunks=9 orphans=0 carrierless=0 spawns=17 despawns=10 pawn=1
[nebula] client 43823 fps replicas 7 (+0.0/s -0.4/s) entities 7 in 134 pkt/s 12.7 KB/s 64 states/s (msgs: state 64 rpc 0 vars 0) rtt 0ms lead 4 (adj 1, worker saw 4) corrections 0 | full-rate interp: depth 1.4 ticks, starved 0.0% worst +0.0 | frame max 1.0ms fixed/frame max 1 | gaps>3t 0 worst 0t | render delay 3t (stream lag 0t) | snapshot age ms min 15.5 avg 16.4 max 20.4
[nebula] [nebula-probe] t=80.1 pos=159.7,0.0,-28.6 cell=2,0,-1 origin=0,0,0 replicas=6 dmin=20.2 dmax=56.5 limit=97.6 speed=6.0 beyond=0 dup=0 chunks=9 orphans=0 carrierless=0 spawns=17 despawns=10 pawn=1
[nebula] [nebula-probe] t=81.1 pos=154.2,0.0,-26.3 cell=2,0,-1 origin=0,0,0 replicas=6 dmin=14.7 dmax=57.7 limit=97.6 speed=6.0 beyond=0 dup=0 chunks=9 orphans=0 carrierless=0 spawns=17 despawns=10 pawn=1
[nebula] [nebula-probe] t=82.1 pos=148.6,0.0,-23.9 cell=2,0,-1 origin=0,0,0 replicas=6 dmin=9.8 dmax=59.4 limit=97.6 speed=6.0 beyond=0 dup=0 chunks=9 orphans=0 carrierless=0 spawns=17 despawns=10 pawn=1
[nebula] [nebula-probe] t=83.1 pos=143.0,0.0,-21.8 cell=2,0,-1 origin=0,0,0 replicas=7 dmin=6.7 dmax=61.5 limit=97.6 speed=6.0 beyond=0 dup=0 chunks=9 orphans=0 carrierless=0 spawns=18 despawns=10 pawn=1
[nebula] [nebula-probe] t=84.1 pos=137.4,0.0,-19.6 cell=2,0,-1 origin=0,0,0 replicas=7 dmin=8.1 dmax=64.1 limit=97.6 speed=6.0 beyond=0 dup=0 chunks=9 orphans=0 carrierless=0 spawns=18 despawns=10 pawn=1
[nebula] client 45214 fps replicas 8 (+0.2/s -0.0/s) entities 8 in 140 pkt/s 10.5 KB/s 76 states/s (msgs: state 76 rpc 0 vars 0) rtt 0ms lead 4 (adj 1, worker saw 4) corrections 0 | full-rate interp: depth 2.2 ticks, starved 0.0% worst +0.0 | frame max 0.9ms fixed/frame max 1 | gaps>3t 0 worst 0t | render delay 3t (stream lag 0t) | snapshot age ms min 13.5 avg 16.4 max 20.4
[nebula] [nebula-probe] t=85.1 pos=131.8,0.0,-17.5 cell=2,0,-1 origin=0,0,0 replicas=7 dmin=12.6 dmax=67.1 limit=97.6 speed=6.0 beyond=0 dup=0 chunks=9 orphans=0 carrierless=0 spawns=18 despawns=10 pawn=1
[nebula] [nebula-probe] t=86.1 pos=126.2,0.0,-15.3 cell=1,0,-1 origin=0,0,0 replicas=6 dmin=18.0 dmax=67.5 limit=97.6 speed=6.0 beyond=0 dup=0 chunks=9 orphans=0 carrierless=0 spawns=18 despawns=11 pawn=1
[nebula] [nebula-probe] t=87.1 pos=120.6,0.0,-13.2 cell=1,0,-1 origin=0,0,0 replicas=5 dmin=18.6 dmax=36.3 limit=97.6 speed=6.0 beyond=0 dup=0 chunks=6 orphans=0 carrierless=0 spawns=18 despawns=12 pawn=1
[nebula] [nebula-probe] t=88.1 pos=115.0,0.0,-11.0 cell=1,0,-1 origin=0,0,0 replicas=5 dmin=21.0 dmax=40.2 limit=97.6 speed=6.0 beyond=0 dup=0 chunks=6 orphans=0 carrierless=0 spawns=18 despawns=12 pawn=1
[nebula] [nebula-probe] t=89.1 pos=109.4,0.0,-8.9 cell=1,0,-1 origin=0,0,0 replicas=5 dmin=26.5 dmax=44.6 limit=97.6 speed=6.0 beyond=0 dup=0 chunks=6 orphans=0 carrierless=0 spawns=18 despawns=12 pawn=1
[nebula] client 29877 fps replicas 7 (+0.2/s -0.4/s) entities 7 in 143 pkt/s 13.4 KB/s 115 states/s (msgs: state 76 rpc 0 vars 0) rtt 0ms lead 4 (adj 1, worker saw 4) corrections 0 | full-rate interp: depth 2.5 ticks, starved 0.0% worst +0.0 | frame max 0.9ms fixed/frame max 1 | gaps>3t 0 worst 0t | render delay 3t (stream lag 0t) | snapshot age ms min 12.4 avg 16.4 max 21.0
[nebula] [nebula-probe] t=90.1 pos=103.8,0.0,-6.7 cell=1,0,-1 origin=0,0,0 replicas=6 dmin=34.7 dmax=49.3 limit=97.6 speed=6.0 beyond=0 dup=0 chunks=9 orphans=0 carrierless=0 spawns=19 despawns=12 pawn=1
[nebula] [nebula-probe] t=91.1 pos=107.4,0.0,-5.4 cell=1,0,-1 origin=0,0,0 replicas=6 dmin=31.9 dmax=48.6 limit=94.1 speed=3.8 beyond=0 dup=0 chunks=9 orphans=0 carrierless=0 spawns=19 despawns=12 pawn=1
[nebula] [nebula-probe] t=92.1 pos=113.3,0.0,-4.3 cell=1,0,-1 origin=0,0,0 replicas=6 dmin=27.3 dmax=47.1 limit=97.6 speed=6.0 beyond=0 dup=0 chunks=9 orphans=0 carrierless=0 spawns=19 despawns=12 pawn=1
[nebula] [nebula-probe] t=93.1 pos=119.2,0.0,-3.2 cell=1,0,-1 origin=0,0,0 replicas=7 dmin=23.3 dmax=46.4 limit=97.6 speed=6.0 beyond=0 dup=0 chunks=9 orphans=0 carrierless=0 spawns=20 despawns=12 pawn=1
[nebula] [nebula-probe] t=94.1 pos=125.1,0.0,-2.0 cell=1,0,-1 origin=0,0,0 replicas=7 dmin=20.4 dmax=46.4 limit=97.6 speed=6.0 beyond=0 dup=0 chunks=9 orphans=0 carrierless=0 spawns=20 despawns=12 pawn=1
[nebula] client 30757 fps replicas 8 (+0.2/s -0.0/s) entities 8 in 131 pkt/s 12.7 KB/s 75 states/s (msgs: state 62 rpc 0 vars 0) rtt 0ms lead 4 (adj 1, worker saw 4) corrections 0 | full-rate interp: depth 1.5 ticks, starved 0.0% worst +0.0 | frame max 0.9ms fixed/frame max 1 | gaps>3t 0 worst 0t | render delay 3t (stream lag 0t) | snapshot age ms min 15.4 avg 16.3 max 20.8
[nebula] [nebula-probe] t=95.1 pos=126.6,0.0,-4.1 cell=1,0,-1 origin=0,0,0 replicas=7 dmin=17.8 dmax=49.2 limit=92.2 speed=2.6 beyond=0 dup=0 chunks=9 orphans=0 carrierless=0 spawns=20 despawns=12 pawn=1
[nebula] [nebula-probe] t=96.1 pos=123.8,0.0,-9.4 cell=1,0,-1 origin=0,0,0 replicas=9 dmin=15.7 dmax=54.3 limit=97.6 speed=6.0 beyond=0 dup=0 chunks=9 orphans=0 carrierless=0 spawns=22 despawns=12 pawn=1
[nebula] [nebula-probe] t=97.1 pos=121.0,0.0,-14.7 cell=1,0,-1 origin=0,0,0 replicas=9 dmin=15.8 dmax=60.2 limit=97.6 speed=6.0 beyond=0 dup=0 chunks=9 orphans=0 carrierless=0 spawns=22 despawns=12 pawn=1
[nebula] [nebula-probe] t=98.1 pos=118.2,0.0,-20.0 cell=1,0,-1 origin=0,0,0 replicas=10 dmin=18.0 dmax=60.7 limit=97.6 speed=6.0 beyond=0 dup=0 chunks=9 orphans=0 carrierless=0 spawns=23 despawns=12 pawn=1
[nebula] [nebula-probe] t=99.1 pos=115.4,0.0,-25.3 cell=1,0,-1 origin=0,0,0 replicas=10 dmin=18.2 dmax=63.1 limit=97.6 speed=6.0 beyond=0 dup=0 chunks=9 orphans=0 carrierless=0 spawns=23 despawns=12 pawn=1
[nebula] client 30271 fps replicas 11 (+0.6/s -0.0/s) entities 11 in 130 pkt/s 10.4 KB/s 83 states/s (msgs: state 65 rpc 0 vars 0) rtt 0ms lead 4 (adj 1, worker saw 4) corrections 0 | full-rate interp: depth 1.6 ticks, starved 0.0% worst +0.0 | frame max 0.9ms fixed/frame max 1 | gaps>3t 0 worst 0t | render delay 3t (stream lag 0t) | snapshot age ms min 15.4 avg 16.4 max 21.2
[nebula] [nebula-probe] t=100.1 pos=112.6,0.0,-30.6 cell=1,0,-1 origin=0,0,0 replicas=10 dmin=14.1 dmax=69.1 limit=97.6 speed=6.0 beyond=0 dup=0 chunks=9 orphans=0 carrierless=0 spawns=23 despawns=12 pawn=1
[nebula] [nebula-probe] t=101.1 pos=107.6,0.0,-27.5 cell=1,0,-1 origin=0,0,0 replicas=10 dmin=3.8 dmax=56.5 limit=97.4 speed=5.9 beyond=0 dup=0 chunks=9 orphans=0 carrierless=0 spawns=24 despawns=13 pawn=1
[nebula] [nebula-probe] t=102.1 pos=102.5,0.0,-24.3 cell=1,0,-1 origin=0,0,0 replicas=10 dmin=9.8 dmax=59.4 limit=97.6 speed=6.0 beyond=0 dup=0 chunks=9 orphans=0 carrierless=0 spawns=24 despawns=13 pawn=1
[nebula] [nebula-probe] t=103.1 pos=97.5,0.0,-21.0 cell=1,0,-1 origin=0,0,0 replicas=10 dmin=13.7 dmax=62.8 limit=97.6 speed=6.0 beyond=0 dup=0 chunks=9 orphans=0 carrierless=0 spawns=24 despawns=13 pawn=1
[nebula] [nebula-probe] t=104.1 pos=92.4,0.0,-17.8 cell=1,0,-1 origin=0,0,0 replicas=10 dmin=10.9 dmax=64.2 limit=97.6 speed=6.0 beyond=0 dup=0 chunks=9 orphans=0 carrierless=0 spawns=24 despawns=13 pawn=1
[nebula] client 28936 fps replicas 11 (+0.2/s -0.2/s) entities 11 in 145 pkt/s 11.9 KB/s 83 states/s (msgs: state 79 rpc 0 vars 0) rtt 0ms lead 4 (adj 1, worker saw 4) corrections 0 | full-rate interp: depth 1.5 ticks, starved 0.0% worst +0.0 | frame max 1.0ms fixed/frame max 1 | gaps>3t 0 worst 0t | render delay 3t (stream lag 0t) | snapshot age ms min 15.5 avg 16.5 max 20.6
[nebula] [nebula-probe] t=105.1 pos=87.4,0.0,-14.5 cell=1,0,-1 origin=0,0,0 replicas=10 dmin=11.2 dmax=64.4 limit=97.6 speed=6.0 beyond=0 dup=0 chunks=9 orphans=0 carrierless=0 spawns=24 despawns=13 pawn=1
[nebula] [nebula-probe] t=106.1 pos=86.3,0.0,-11.0 cell=1,0,-1 origin=0,0,0 replicas=11 dmin=14.5 dmax=61.7 limit=93.9 speed=3.7 beyond=0 dup=0 chunks=9 orphans=0 carrierless=0 spawns=25 despawns=13 pawn=1
[nebula] [nebula-probe] t=107.1 pos=90.8,0.0,-7.0 cell=1,0,-1 origin=0,0,0 replicas=12 dmin=19.4 dmax=57.2 limit=97.6 speed=6.0 beyond=0 dup=0 chunks=9 orphans=0 carrierless=0 spawns=26 despawns=13 pawn=1
[nebula] [nebula-probe] t=108.1 pos=95.3,0.0,-3.1 cell=1,0,-1 origin=0,0,0 replicas=12 dmin=24.7 dmax=59.6 limit=97.6 speed=6.0 beyond=0 dup=0 chunks=9 orphans=0 carrierless=0 spawns=26 despawns=13 pawn=1
[nebula] [nebula-probe] t=109.1 pos=99.8,0.0,0.8 cell=1,0,0 origin=0,0,0 replicas=12 dmin=25.6 dmax=62.9 limit=97.4 speed=5.9 beyond=0 dup=0 chunks=9 orphans=0 carrierless=0 spawns=26 despawns=13 pawn=1
[nebula] client 28024 fps replicas 14 (+0.6/s -0.0/s) entities 14 in 152 pkt/s 14.3 KB/s 106 states/s (msgs: state 84 rpc 0 vars 0) rtt 0ms lead 4 (adj 1, worker saw 4) corrections 1 last 0.10m | full-rate interp: depth 2.2 ticks, starved 0.0% worst +0.0 | frame max 1.0ms fixed/frame max 1 | gaps>3t 0 worst 0t | render delay 3t (stream lag 0t) | snapshot age ms min 15.5 avg 16.4 max 17.6
[nebula] [nebula-probe] t=110.1 pos=104.3,0.0,4.7 cell=1,0,0 origin=0,0,0 replicas=13 dmin=19.9 dmax=66.6 limit=97.6 speed=6.0 beyond=0 dup=0 chunks=12 orphans=0 carrierless=0 spawns=27 despawns=13 pawn=1
[nebula] [nebula-probe] t=111.1 pos=108.8,0.0,8.7 cell=1,0,0 origin=0,0,0 replicas=13 dmin=16.7 dmax=60.8 limit=97.6 speed=6.0 beyond=0 dup=0 chunks=9 orphans=0 carrierless=0 spawns=28 despawns=14 pawn=1
[nebula] [nebula-probe] t=112.1 pos=113.3,0.0,12.6 cell=1,0,0 origin=0,0,0 replicas=14 dmin=17.7 dmax=66.3 limit=97.6 speed=6.0 beyond=0 dup=0 chunks=9 orphans=0 carrierless=0 spawns=29 despawns=14 pawn=1
[nebula] [nebula-probe] t=113.1 pos=117.9,0.0,16.6 cell=1,0,0 origin=0,0,0 replicas=13 dmin=22.2 dmax=65.9 limit=97.6 speed=6.0 beyond=0 dup=0 chunks=9 orphans=0 carrierless=0 spawns=29 despawns=15 pawn=1
[nebula] [nebula-probe] t=114.1 pos=122.4,0.0,20.5 cell=1,0,0 origin=0,0,0 replicas=12 dmin=25.4 dmax=63.8 limit=97.6 speed=6.0 beyond=0 dup=0 chunks=9 orphans=0 carrierless=0 spawns=29 despawns=16 pawn=1
[nebula] client 29440 fps replicas 15 (+0.8/s -0.6/s) entities 15 in 152 pkt/s 14.0 KB/s 133 states/s (msgs: state 86 rpc 0 vars 0) rtt 0ms lead 4 (adj 1, worker saw 4) corrections 0 | full-rate interp: depth 2.4 ticks, starved 0.0% worst +0.0 | frame max 0.9ms fixed/frame max 1 | gaps>3t 0 worst 0t | render delay 3t (stream lag 0t) | snapshot age ms min 15.5 avg 16.3 max 20.8
[nebula] [nebula-probe] t=115.1 pos=127.0,0.0,24.5 cell=1,0,0 origin=0,0,0 replicas=14 dmin=19.8 dmax=68.2 limit=97.8 speed=6.1 beyond=0 dup=0 chunks=9 orphans=0 carrierless=0 spawns=31 despawns=16 pawn=1
[nebula] [nebula-probe] t=116.1 pos=124.1,0.0,19.3 cell=1,0,0 origin=0,0,0 replicas=13 dmin=3.9 dmax=59.6 limit=97.6 speed=6.0 beyond=0 dup=0 chunks=9 orphans=0 carrierless=0 spawns=32 despawns=18 pawn=1
[nebula] [nebula-probe] t=117.1 pos=121.2,0.0,14.0 cell=1,0,0 origin=0,0,0 replicas=13 dmin=9.9 dmax=53.8 limit=97.6 speed=6.0 beyond=0 dup=0 chunks=9 orphans=0 carrierless=0 spawns=32 despawns=18 pawn=1
[nebula] [nebula-probe] t=118.1 pos=118.4,0.0,8.7 cell=1,0,0 origin=0,0,0 replicas=13 dmin=15.9 dmax=61.3 limit=97.6 speed=6.0 beyond=0 dup=0 chunks=9 orphans=0 carrierless=0 spawns=32 despawns=18 pawn=1
[nebula] [nebula-probe] t=119.1 pos=115.5,0.0,3.5 cell=1,0,0 origin=0,0,0 replicas=13 dmin=14.0 dmax=67.7 limit=97.6 speed=6.0 beyond=0 dup=0 chunks=9 orphans=0 carrierless=0 spawns=32 despawns=18 pawn=1
[nebula] client 30612 fps replicas 15 (+0.6/s -0.6/s) entities 15 in 152 pkt/s 12.1 KB/s 86 states/s (msgs: state 85 rpc 0 vars 0) rtt 0ms lead 4 (adj 1, worker saw 4) corrections 1 last 0.10m | full-rate interp: depth 1.6 ticks, starved 0.0% worst +0.0 | frame max 0.9ms fixed/frame max 1 | gaps>3t 0 worst 0t | render delay 3t (stream lag 0t) | snapshot age ms min 14.5 avg 16.4 max 21.8
[nebula] [nebula-probe] t=120.1 pos=112.7,0.0,-1.7 cell=1,0,-1 origin=0,0,0 replicas=14 dmin=8.5 dmax=66.0 limit=97.4 speed=5.9 beyond=0 dup=0 chunks=9 orphans=0 carrierless=0 spawns=34 despawns=19 pawn=1
[nebula] [nebula-probe] t=121.1 pos=111.6,0.0,-6.8 cell=1,0,-1 origin=0,0,0 replicas=15 dmin=0.4 dmax=64.3 limit=96.4 speed=5.2 beyond=0 dup=0 chunks=9 orphans=0 carrierless=0 spawns=36 despawns=20 pawn=1
[nebula] [nebula-probe] t=122.1 pos=115.2,0.0,-11.6 cell=1,0,-1 origin=0,0,0 replicas=16 dmin=5.6 dmax=69.3 limit=97.6 speed=6.0 beyond=0 dup=0 chunks=9 orphans=0 carrierless=0 spawns=37 despawns=20 pawn=1
[nebula] [nebula-probe] t=123.1 pos=118.8,0.0,-16.4 cell=1,0,-1 origin=0,0,0 replicas=15 dmin=11.6 dmax=66.5 limit=97.6 speed=6.0 beyond=0 dup=0 chunks=9 orphans=0 carrierless=0 spawns=37 despawns=21 pawn=1
[nebula] [nebula-probe] t=124.1 pos=122.4,0.0,-21.2 cell=1,0,-1 origin=0,0,0 replicas=16 dmin=13.9 dmax=68.5 limit=97.6 speed=6.0 beyond=0 dup=0 chunks=9 orphans=0 carrierless=0 spawns=39 despawns=22 pawn=1
[nebula] client 30673 fps replicas 16 (+1.0/s -0.8/s) entities 16 in 134 pkt/s 13.2 KB/s 85 states/s (msgs: state 64 rpc 0 vars 0) rtt 0ms lead 4 (adj 1, worker saw 4) corrections 0 | full-rate interp: depth 1.5 ticks, starved 0.0% worst +0.0 | frame max 0.9ms fixed/frame max 1 | gaps>3t 0 worst 0t | render delay 3t (stream lag 0t) | snapshot age ms min 15.1 avg 16.4 max 22.7
[nebula] [nebula-probe] t=125.1 pos=126.0,0.0,-26.0 cell=1,0,-1 origin=0,0,0 replicas=15 dmin=12.2 dmax=59.4 limit=97.6 speed=6.0 beyond=0 dup=0 chunks=9 orphans=0 carrierless=0 spawns=39 despawns=23 pawn=1
[nebula] [nebula-probe] t=126.1 pos=129.6,0.0,-30.8 cell=2,0,-1 origin=0,0,0 replicas=16 dmin=10.4 dmax=65.2 limit=97.6 speed=6.0 beyond=0 dup=0 chunks=12 orphans=0 carrierless=0 spawns=40 despawns=23 pawn=1
[nebula] [nebula-probe] t=127.1 pos=133.2,0.0,-35.6 cell=2,0,-1 origin=0,0,0 replicas=16 dmin=10.3 dmax=71.7 limit=97.6 speed=6.0 beyond=0 dup=0 chunks=12 orphans=0 carrierless=0 spawns=40 despawns=23 pawn=1
[nebula] [nebula-probe] t=128.1 pos=136.8,0.0,-40.4 cell=2,0,-1 origin=0,0,0 replicas=15 dmin=9.8 dmax=64.0 limit=97.6 speed=6.0 beyond=0 dup=0 chunks=9 orphans=0 carrierless=0 spawns=41 despawns=25 pawn=1
[nebula] [nebula-probe] t=129.1 pos=140.4,0.0,-45.2 cell=2,0,-1 origin=0,0,0 replicas=15 dmin=10.1 dmax=69.4 limit=97.6 speed=6.0 beyond=0 dup=0 chunks=9 orphans=0 carrierless=0 spawns=41 despawns=25 pawn=1
[nebula] client 31272 fps replicas 15 (+0.4/s -0.6/s) entities 15 in 131 pkt/s 11.9 KB/s 79 states/s (msgs: state 64 rpc 0 vars 0) rtt 0ms lead 4 (adj 1, worker saw 4) corrections 0 | full-rate interp: depth 1.6 ticks, starved 0.0% worst +0.0 | frame max 1.0ms fixed/frame max 1 | gaps>3t 0 worst 0t | render delay 3t (stream lag 0t) | snapshot age ms min 15.4 avg 16.4 max 20.8
[nebula] [nebula-probe] t=130.1 pos=142.6,0.0,-47.9 cell=2,0,-1 origin=0,0,0 replicas=14 dmin=11.8 dmax=62.3 limit=93.4 speed=3.4 beyond=0 dup=0 chunks=9 orphans=0 carrierless=0 spawns=41 despawns=26 pawn=1
[nebula] [nebula-probe] t=131.1 pos=139.4,0.0,-42.8 cell=2,0,-1 origin=0,0,0 replicas=14 dmin=10.1 dmax=57.6 limit=97.6 speed=6.0 beyond=0 dup=0 chunks=9 orphans=0 carrierless=0 spawns=41 despawns=26 pawn=1
[nebula] [nebula-probe] t=132.1 pos=136.1,0.0,-37.7 cell=2,0,-1 origin=0,0,0 replicas=14 dmin=10.8 dmax=57.0 limit=97.6 speed=6.0 beyond=0 dup=0 chunks=9 orphans=0 carrierless=0 spawns=41 despawns=26 pawn=1
[nebula] [nebula-probe] t=133.1 pos=132.9,0.0,-32.7 cell=2,0,-1 origin=0,0,0 replicas=14 dmin=8.4 dmax=58.8 limit=97.6 speed=6.0 beyond=0 dup=0 chunks=9 orphans=0 carrierless=0 spawns=41 despawns=26 pawn=1
[nebula] [nebula-probe] t=134.1 pos=129.7,0.0,-27.6 cell=2,0,-1 origin=0,0,0 replicas=14 dmin=9.8 dmax=60.5 limit=97.6 speed=6.0 beyond=0 dup=0 chunks=9 orphans=0 carrierless=0 spawns=41 despawns=26 pawn=1
[nebula] client 34270 fps replicas 16 (+0.2/s -0.0/s) entities 16 in 129 pkt/s 11.2 KB/s 67 states/s (msgs: state 62 rpc 0 vars 0) rtt 0ms lead 4 (adj 1, worker saw 4) corrections 0 | full-rate interp: depth 1.5 ticks, starved 0.0% worst +0.0 | frame max 0.9ms fixed/frame max 1 | gaps>3t 0 worst 0t | render delay 3t (stream lag 0t) | snapshot age ms min 15.5 avg 16.4 max 20.5
[nebula] [nebula-probe] t=135.1 pos=126.5,0.0,-22.5 cell=1,0,-1 origin=0,0,0 replicas=15 dmin=10.2 dmax=63.5 limit=97.6 speed=6.0 beyond=0 dup=0 chunks=9 orphans=0 carrierless=0 spawns=42 despawns=26 pawn=1
[nebula] [nebula-probe] t=136.1 pos=123.3,0.0,-17.5 cell=1,0,-1 origin=0,0,0 replicas=16 dmin=13.0 dmax=69.3 limit=97.6 speed=6.0 beyond=0 dup=0 chunks=12 orphans=0 carrierless=0 spawns=43 despawns=26 pawn=1
[nebula] [nebula-probe] t=137.1 pos=120.1,0.0,-12.4 cell=1,0,-1 origin=0,0,0 replicas=15 dmin=9.8 dmax=65.7 limit=97.6 speed=6.0 beyond=0 dup=0 chunks=9 orphans=0 carrierless=0 spawns=43 despawns=27 pawn=1
[nebula] [nebula-probe] t=138.1 pos=116.9,0.0,-7.3 cell=1,0,-1 origin=0,0,0 replicas=15 dmin=5.0 dmax=68.7 limit=97.6 speed=6.0 beyond=0 dup=0 chunks=9 orphans=0 carrierless=0 spawns=44 despawns=28 pawn=1
[nebula] [nebula-probe] t=139.1 pos=111.0,0.0,-7.0 cell=1,0,-1 origin=0,0,0 replicas=14 dmin=0.8 dmax=55.1 limit=97.4 speed=5.9 beyond=0 dup=0 chunks=9 orphans=0 carrierless=0 spawns=44 despawns=29 pawn=1
[nebula] client 30571 fps replicas 16 (+0.6/s -0.6/s) entities 16 in 145 pkt/s 12.9 KB/s 81 states/s (msgs: state 76 rpc 0 vars 0) rtt 0ms lead 4 (adj 1, worker saw 4) corrections 0 | full-rate interp: depth 1.5 ticks, starved 0.0% worst +0.0 | frame max 0.9ms fixed/frame max 1 | gaps>3t 0 worst 0t | render delay 3t (stream lag 0t) | snapshot age ms min 15.4 avg 16.5 max 20.4
[nebula] [nebula-probe] t=140.1 pos=105.0,0.0,-7.0 cell=1,0,-1 origin=0,0,0 replicas=15 dmin=0.8 dmax=55.2 limit=97.6 speed=6.0 beyond=0 dup=0 chunks=9 orphans=0 carrierless=0 spawns=45 despawns=29 pawn=1
[nebula] [nebula-probe] t=141.1 pos=99.0,0.0,-7.0 cell=1,0,-1 origin=0,0,0 replicas=16 dmin=6.6 dmax=59.7 limit=97.6 speed=6.0 beyond=0 dup=0 chunks=9 orphans=0 carrierless=0 spawns=46 despawns=29 pawn=1
[nebula] [nebula-probe] t=142.1 pos=93.0,0.0,-7.0 cell=1,0,-1 origin=0,0,0 replicas=16 dmin=12.6 dmax=64.6 limit=97.6 speed=6.0 beyond=0 dup=0 chunks=9 orphans=0 carrierless=0 spawns=46 despawns=29 pawn=1
[nebula] [nebula-probe] t=143.1 pos=87.0,0.0,-6.9 cell=1,0,-1 origin=0,0,0 replicas=16 dmin=18.5 dmax=69.6 limit=97.6 speed=6.0 beyond=0 dup=0 chunks=9 orphans=0 carrierless=0 spawns=46 despawns=29 pawn=1
[nebula] [nebula-probe] t=144.1 pos=81.0,0.0,-6.9 cell=1,0,-1 origin=0,0,0 replicas=15 dmin=18.7 dmax=69.2 limit=97.6 speed=6.0 beyond=0 dup=0 chunks=9 orphans=0 carrierless=0 spawns=46 despawns=30 pawn=1
[nebula] client 30152 fps replicas 16 (+0.4/s -0.4/s) entities 16 in 135 pkt/s 11.6 KB/s 77 states/s (msgs: state 68 rpc 0 vars 0) rtt 0ms lead 4 (adj 1, worker saw 4) corrections 0 | full-rate interp: depth 1.5 ticks, starved 0.0% worst +0.0 | frame max 1.0ms fixed/frame max 1 | gaps>3t 0 worst 0t | render delay 3t (stream lag 0t) | snapshot age ms min 15.5 avg 16.5 max 20.7
[nebula] [nebula-probe] t=145.1 pos=75.0,0.0,-6.9 cell=1,0,-1 origin=0,0,0 replicas=15 dmin=20.7 dmax=69.3 limit=97.6 speed=6.0 beyond=0 dup=0 chunks=9 orphans=0 carrierless=0 spawns=47 despawns=31 pawn=1
[nebula] [nebula-probe] t=146.1 pos=69.0,0.0,-6.9 cell=1,0,-1 origin=0,0,0 replicas=13 dmin=24.1 dmax=71.0 limit=97.6 speed=6.0 beyond=0 dup=0 chunks=9 orphans=0 carrierless=0 spawns=47 despawns=33 pawn=1
[nebula] [nebula-probe] t=147.1 pos=63.0,0.0,-6.9 cell=0,0,-1 origin=0,0,0 replicas=10 dmin=28.3 dmax=69.5 limit=97.6 speed=6.0 beyond=0 dup=0 chunks=9 orphans=0 carrierless=0 spawns=48 despawns=37 pawn=1
[nebula] [nebula-probe] t=148.1 pos=62.1,0.0,-1.7 cell=0,0,-1 origin=0,0,0 replicas=7 dmin=32.5 dmax=56.0 limit=96.3 speed=5.2 beyond=0 dup=0 chunks=6 orphans=0 carrierless=0 spawns=48 despawns=40 pawn=1
[nebula] [nebula-probe] t=149.1 pos=62.1,0.0,4.2 cell=0,0,0 origin=0,0,0 replicas=8 dmin=28.1 dmax=59.2 limit=97.4 speed=5.9 beyond=0 dup=0 chunks=9 orphans=0 carrierless=0 spawns=49 despawns=40 pawn=1
[nebula] client 52906 fps replicas 12 (+1.0/s -1.8/s) entities 12 in 129 pkt/s 11.3 KB/s 62 states/s (msgs: state 60 rpc 0 vars 0) rtt 0ms lead 4 (adj 1, worker saw 4) corrections 1 last 0.10m | full-rate interp: depth 1.5 ticks, starved 0.0% worst +0.0 | frame max 0.9ms fixed/frame max 1 | gaps>3t 0 worst 0t | render delay 3t (stream lag 0t) | snapshot age ms min 15.5 avg 16.4 max 18.0
[nebula] [nebula-probe] t=150.1 pos=62.2,0.0,10.2 cell=0,0,0 origin=0,0,0 replicas=11 dmin=22.5 dmax=62.8 limit=97.6 speed=6.0 beyond=0 dup=0 chunks=12 orphans=0 carrierless=0 spawns=52 despawns=40 pawn=1
[nebula] [nebula-probe] t=151.1 pos=62.2,0.0,16.2 cell=0,0,0 origin=0,0,0 replicas=11 dmin=17.3 dmax=66.7 limit=97.6 speed=6.0 beyond=0 dup=0 chunks=12 orphans=0 carrierless=0 spawns=52 despawns=40 pawn=1
[nebula] [nebula-probe] t=152.1 pos=62.2,0.0,22.2 cell=0,0,0 origin=0,0,0 replicas=11 dmin=12.8 dmax=57.7 limit=97.6 speed=6.0 beyond=0 dup=0 chunks=9 orphans=0 carrierless=0 spawns=53 despawns=41 pawn=1
[nebula] [nebula-probe] t=153.1 pos=62.2,0.0,28.2 cell=0,0,0 origin=0,0,0 replicas=12 dmin=9.9 dmax=60.9 limit=97.6 speed=6.0 beyond=0 dup=0 chunks=9 orphans=0 carrierless=0 spawns=54 despawns=41 pawn=1
[nebula] [nebula-probe] t=154.1 pos=60.2,0.0,33.4 cell=0,0,0 origin=0,0,0 replicas=14 dmin=0.9 dmax=65.7 limit=97.0 speed=5.6 beyond=0 dup=0 chunks=9 orphans=0 carrierless=0 spawns=56 despawns=41 pawn=1
[nebula] client 59184 fps replicas 15 (+0.8/s -0.2/s) entities 15 in 130 pkt/s 12.5 KB/s 60 states/s (msgs: state 60 rpc 0 vars 0) rtt 0ms lead 4 (adj 1, worker saw 4) corrections 0 | full-rate interp: depth 0.0 ticks, starved 0.0% worst +0.0 | frame max 0.9ms fixed/frame max 1 | gaps>3t 0 worst 0t | render delay 3t (stream lag 0t) | snapshot age ms min 15.4 avg 16.4 max 20.5
[nebula] [nebula-probe] t=155.1 pos=56.2,0.0,37.8 cell=0,0,0 origin=0,0,0 replicas=14 dmin=4.2 dmax=71.6 limit=97.6 speed=6.0 beyond=0 dup=0 chunks=9 orphans=0 carrierless=0 spawns=56 despawns=41 pawn=1
[nebula] [nebula-probe] t=156.1 pos=52.1,0.0,42.3 cell=0,0,0 origin=0,0,0 replicas=12 dmin=7.6 dmax=44.4 limit=97.6 speed=6.0 beyond=0 dup=0 chunks=9 orphans=0 carrierless=0 spawns=57 despawns=44 pawn=1
[nebula] [nebula-probe] t=157.1 pos=48.1,0.0,46.7 cell=0,0,0 origin=0,0,0 replicas=12 dmin=7.2 dmax=39.8 limit=97.6 speed=6.0 beyond=0 dup=0 chunks=9 orphans=0 carrierless=0 spawns=57 despawns=44 pawn=1
[nebula] [nebula-probe] t=158.1 pos=44.1,0.0,51.2 cell=0,0,0 origin=0,0,0 replicas=12 dmin=3.2 dmax=35.6 limit=97.6 speed=6.0 beyond=0 dup=0 chunks=9 orphans=0 carrierless=0 spawns=57 despawns=44 pawn=1
[nebula] [nebula-probe] t=159.1 pos=40.1,0.0,55.6 cell=0,0,0 origin=0,0,0 replicas=12 dmin=4.6 dmax=40.5 limit=97.6 speed=6.0 beyond=0 dup=0 chunks=9 orphans=0 carrierless=0 spawns=57 despawns=44 pawn=1
[nebula] client 59361 fps replicas 14 (+0.4/s -0.6/s) entities 14 in 127 pkt/s 10.3 KB/s 60 states/s (msgs: state 60 rpc 0 vars 0) rtt 0ms lead 4 (adj 1, worker saw 4) corrections 0 | full-rate interp: depth 0.0 ticks, starved 0.0% worst +0.0 | frame max 1.0ms fixed/frame max 1 | gaps>3t 0 worst 0t | render delay 3t (stream lag 0t) | snapshot age ms min 15.4 avg 16.4 max 20.6
[nebula] [nebula-probe] t=160.1 pos=36.0,0.0,60.1 cell=0,0,0 origin=0,0,0 replicas=13 dmin=10.2 dmax=46.4 limit=97.6 speed=6.0 beyond=0 dup=0 chunks=9 orphans=0 carrierless=0 spawns=58 despawns=44 pawn=1
[nebula] [nebula-probe] t=161.1 pos=32.0,0.0,64.5 cell=0,0,1 origin=0,0,0 replicas=13 dmin=16.0 dmax=52.3 limit=97.6 speed=6.0 beyond=0 dup=0 chunks=9 orphans=0 carrierless=0 spawns=58 despawns=44 pawn=1
[nebula] [nebula-probe] t=162.1 pos=28.0,0.0,69.0 cell=0,0,1 origin=0,0,0 replicas=13 dmin=21.2 dmax=58.3 limit=97.6 speed=6.0 beyond=0 dup=0 chunks=9 orphans=0 carrierless=0 spawns=58 despawns=44 pawn=1
[nebula] [nebula-probe] t=163.1 pos=24.0,0.0,73.4 cell=0,0,1 origin=0,0,0 replicas=13 dmin=24.6 dmax=64.2 limit=97.6 speed=6.0 beyond=0 dup=0 chunks=9 orphans=0 carrierless=0 spawns=58 despawns=44 pawn=1
[nebula] [nebula-probe] t=164.1 pos=23.9,0.0,69.9 cell=0,0,1 origin=0,0,0 replicas=15 dmin=2.5 dmax=62.0 limit=93.6 speed=3.5 beyond=0 dup=0 chunks=12 orphans=0 carrierless=0 spawns=60 despawns=44 pawn=1
[nebula] client 58170 fps replicas 16 (+0.4/s -0.0/s) entities 16 in 127 pkt/s 11.6 KB/s 60 states/s (msgs: state 60 rpc 0 vars 0) rtt 0ms lead 4 (adj 1, worker saw 4) corrections 0 | full-rate interp: depth 0.0 ticks, starved 0.0% worst +0.0 | frame max 0.9ms fixed/frame max 1 | gaps>3t 0 worst 0t | render delay 3t (stream lag 0t) | snapshot age ms min 15.2 avg 16.4 max 19.7
[nebula] [nebula-probe] t=165.1 pos=25.1,0.0,64.0 cell=0,0,1 origin=0,0,0 replicas=15 dmin=8.5 dmax=57.5 limit=97.6 speed=6.0 beyond=0 dup=0 chunks=12 orphans=0 carrierless=0 spawns=60 despawns=44 pawn=1
[nebula] [nebula-probe] t=166.1 pos=26.2,0.0,58.3 cell=0,0,0 origin=0,0,0 replicas=15 dmin=14.4 dmax=61.6 limit=97.4 speed=5.9 beyond=0 dup=0 chunks=12 orphans=0 carrierless=0 spawns=60 despawns=44 pawn=1
[nebula] [nebula-probe] t=167.1 pos=27.4,0.0,52.4 cell=0,0,0 origin=0,0,0 replicas=15 dmin=13.3 dmax=67.2 limit=97.6 speed=6.0 beyond=0 dup=0 chunks=12 orphans=0 carrierless=0 spawns=60 despawns=44 pawn=1
[nebula] [nebula-probe] t=168.1 pos=28.5,0.0,46.5 cell=0,0,0 origin=0,0,0 replicas=14 dmin=12.9 dmax=46.1 limit=97.6 speed=6.0 beyond=0 dup=0 chunks=9 orphans=0 carrierless=0 spawns=60 despawns=45 pawn=1
[nebula] [nebula-probe] t=169.1 pos=29.7,0.0,40.6 cell=0,0,0 origin=0,0,0 replicas=14 dmin=9.1 dmax=49.5 limit=97.6 speed=6.0 beyond=0 dup=0 chunks=9 orphans=0 carrierless=0 spawns=60 despawns=45 pawn=1
[nebula] client 57714 fps replicas 15 (+0.0/s -0.2/s) entities 15 in 128 pkt/s 12.9 KB/s 60 states/s (msgs: state 60 rpc 0 vars 0) rtt 0ms lead 4 (adj 1, worker saw 4) corrections 1 last 0.10m | full-rate interp: depth 0.0 ticks, starved 0.0% worst +0.0 | frame max 0.9ms fixed/frame max 1 | gaps>3t 0 worst 0t | render delay 3t (stream lag 0t) | snapshot age ms min 15.5 avg 16.4 max 20.0
[nebula] [nebula-probe] t=170.1 pos=30.9,0.0,34.7 cell=0,0,0 origin=0,0,0 replicas=14 dmin=4.7 dmax=54.6 limit=97.6 speed=6.0 beyond=0 dup=0 chunks=9 orphans=0 carrierless=0 spawns=60 despawns=45 pawn=1
[nebula] [nebula-probe] t=171.1 pos=35.7,0.0,31.1 cell=0,0,0 origin=0,0,0 replicas=14 dmin=8.5 dmax=56.8 limit=97.6 speed=6.0 beyond=0 dup=0 chunks=9 orphans=0 carrierless=0 spawns=60 despawns=45 pawn=1
[nebula] [nebula-probe] t=172.1 pos=40.4,0.0,27.5 cell=0,0,0 origin=0,0,0 replicas=15 dmin=12.2 dmax=59.6 limit=97.6 speed=6.0 beyond=0 dup=0 chunks=9 orphans=0 carrierless=0 spawns=61 despawns=45 pawn=1
[nebula] [nebula-probe] t=173.1 pos=45.2,0.0,23.8 cell=0,0,0 origin=0,0,0 replicas=15 dmin=13.7 dmax=62.8 limit=97.6 speed=6.0 beyond=0 dup=0 chunks=9 orphans=0 carrierless=0 spawns=61 despawns=45 pawn=1
[nebula] [nebula-probe] t=174.1 pos=50.0,0.0,20.2 cell=0,0,0 origin=0,0,0 replicas=15 dmin=15.0 dmax=66.6 limit=97.6 speed=6.0 beyond=0 dup=0 chunks=9 orphans=0 carrierless=0 spawns=61 despawns=45 pawn=1
[nebula] client 37582 fps replicas 16 (+0.4/s -0.2/s) entities 16 in 130 pkt/s 12.3 KB/s 92 states/s (msgs: state 63 rpc 0 vars 0) rtt 0ms lead 4 (adj 1, worker saw 4) corrections 0 | full-rate interp: depth 2.4 ticks, starved 0.0% worst +0.0 | frame max 0.9ms fixed/frame max 1 | gaps>3t 0 worst 0t | render delay 3t (stream lag 0t) | snapshot age ms min 15.5 avg 16.4 max 20.2
[nebula] [nebula-probe] t=175.1 pos=55.2,0.0,22.5 cell=0,0,0 origin=0,0,0 replicas=15 dmin=3.4 dmax=70.1 limit=97.1 speed=5.7 beyond=0 dup=0 chunks=9 orphans=0 carrierless=0 spawns=62 despawns=46 pawn=1
[nebula] [nebula-probe] t=176.1 pos=60.4,0.0,25.4 cell=0,0,0 origin=0,0,0 replicas=15 dmin=5.3 dmax=59.8 limit=97.6 speed=6.0 beyond=0 dup=0 chunks=9 orphans=0 carrierless=0 spawns=63 despawns=47 pawn=1
[nebula] [nebula-probe] t=177.1 pos=65.7,0.0,28.3 cell=1,0,0 origin=0,0,0 replicas=15 dmin=6.5 dmax=61.0 limit=97.6 speed=6.0 beyond=0 dup=0 chunks=9 orphans=0 carrierless=0 spawns=63 despawns=47 pawn=1
[nebula] [nebula-probe] t=178.1 pos=70.9,0.0,31.2 cell=1,0,0 origin=0,0,0 replicas=16 dmin=1.1 dmax=62.8 limit=97.6 speed=6.0 beyond=0 dup=0 chunks=12 orphans=0 carrierless=0 spawns=64 despawns=47 pawn=1
[nebula] [nebula-probe] t=179.1 pos=76.2,0.0,34.1 cell=1,0,0 origin=0,0,0 replicas=19 dmin=5.7 dmax=65.1 limit=97.6 speed=6.0 beyond=0 dup=0 chunks=12 orphans=0 carrierless=0 spawns=67 despawns=47 pawn=1
[nebula] client 30889 fps replicas 20 (+1.2/s -0.4/s) entities 20 in 132 pkt/s 14.3 KB/s 120 states/s (msgs: state 64 rpc 0 vars 0) rtt 0ms lead 4 (adj 1, worker saw 4) corrections 0 | full-rate interp: depth 2.5 ticks, starved 0.0% worst +0.0 | frame max 1.0ms fixed/frame max 1 | gaps>3t 0 worst 0t | render delay 3t (stream lag 0t) | snapshot age ms min 15.1 avg 16.5 max 19.6
[nebula] [nebula-probe] t=180.1 pos=81.4,0.0,37.0 cell=1,0,0 origin=0,0,0 replicas=19 dmin=11.6 dmax=63.9 limit=97.6 speed=6.0 beyond=0 dup=0 chunks=9 orphans=0 carrierless=0 spawns=68 despawns=48 pawn=1
[nebula] [nebula-probe] t=181.1 pos=86.7,0.0,39.9 cell=1,0,0 origin=0,0,0 replicas=19 dmin=17.6 dmax=69.2 limit=97.6 speed=6.0 beyond=0 dup=0 chunks=9 orphans=0 carrierless=0 spawns=68 despawns=48 pawn=1
[nebula] [nebula-probe] t=182.1 pos=91.9,0.0,42.9 cell=1,0,0 origin=0,0,0 replicas=19 dmin=19.8 dmax=65.7 limit=97.6 speed=6.0 beyond=0 dup=0 chunks=9 orphans=0 carrierless=0 spawns=69 despawns=49 pawn=1
[nebula] [nebula-probe] t=183.1 pos=94.4,0.0,40.3 cell=1,0,0 origin=0,0,0 replicas=17 dmin=18.8 dmax=56.9 limit=93.7 speed=3.6 beyond=0 dup=0 chunks=9 orphans=0 carrierless=0 spawns=69 despawns=51 pawn=1
[nebula] [nebula-probe] t=184.1 pos=95.2,0.0,34.4 cell=1,0,0 origin=0,0,0 replicas=19 dmin=17.6 dmax=61.2 limit=97.6 speed=6.0 beyond=0 dup=0 chunks=9 orphans=0 carrierless=0 spawns=71 despawns=51 pawn=1
[nebula] client 30736 fps replicas 20 (+0.6/s -0.6/s) entities 20 in 134 pkt/s 14.9 KB/s 120 states/s (msgs: state 64 rpc 0 vars 0) rtt 0ms lead 4 (adj 1, worker saw 4) corrections 0 | full-rate interp: depth 2.5 ticks, starved 0.0% worst +0.0 | frame max 1.0ms fixed/frame max 1 | gaps>3t 0 worst 0t | render delay 3t (stream lag 0t) | snapshot age ms min 15.6 avg 16.4 max 21.1
[nebula] [nebula-probe] t=185.1 pos=96.0,0.0,28.4 cell=1,0,0 origin=0,0,0 replicas=19 dmin=12.8 dmax=65.8 limit=97.6 speed=6.0 beyond=0 dup=0 chunks=9 orphans=0 carrierless=0 spawns=71 despawns=51 pawn=1
[nebula] [nebula-probe] t=186.1 pos=96.8,0.0,22.5 cell=1,0,0 origin=0,0,0 replicas=19 dmin=9.6 dmax=65.5 limit=97.6 speed=6.0 beyond=0 dup=0 chunks=9 orphans=0 carrierless=0 spawns=72 despawns=52 pawn=1
[nebula] [nebula-probe] t=187.1 pos=97.6,0.0,16.5 cell=1,0,0 origin=0,0,0 replicas=20 dmin=9.6 dmax=69.1 limit=97.6 speed=6.0 beyond=0 dup=0 chunks=9 orphans=0 carrierless=0 spawns=74 despawns=53 pawn=1
[nebula] [nebula-probe] t=188.1 pos=98.3,0.0,10.6 cell=1,0,0 origin=0,0,0 replicas=18 dmin=12.8 dmax=53.6 limit=97.6 speed=6.0 beyond=0 dup=0 chunks=9 orphans=0 carrierless=0 spawns=75 despawns=56 pawn=1
[nebula] [nebula-probe] t=189.1 pos=99.1,0.0,4.6 cell=1,0,0 origin=0,0,0 replicas=19 dmin=12.1 dmax=59.1 limit=97.6 speed=6.0 beyond=0 dup=0 chunks=9 orphans=0 carrierless=0 spawns=76 despawns=56 pawn=1
[nebula] client 28496 fps replicas 22 (+1.4/s -1.0/s) entities 22 in 163 pkt/s 13.3 KB/s 113 states/s (msgs: state 96 rpc 0 vars 0) rtt 0ms lead 4 (adj 1, worker saw 4) corrections 1 last 0.10m | full-rate interp: depth 2.3 ticks, starved 0.0% worst +0.0 | frame max 0.9ms fixed/frame max 1 | gaps>3t 0 worst 0t | render delay 3t (stream lag 0t) | snapshot age ms min 15.3 avg 16.4 max 20.9
[nebula] [nebula-probe] t=190.1 pos=99.9,0.0,-1.2 cell=1,0,-1 origin=0,0,0 replicas=21 dmin=7.7 dmax=64.5 limit=97.4 speed=5.9 beyond=0 dup=0 chunks=12 orphans=0 carrierless=0 spawns=78 despawns=56 pawn=1
[nebula] [nebula-probe] t=191.1 pos=100.7,0.0,-7.2 cell=1,0,-1 origin=0,0,0 replicas=25 dmin=5.0 dmax=70.2 limit=97.6 speed=6.0 beyond=0 dup=0 chunks=12 orphans=0 carrierless=0 spawns=82 despawns=56 pawn=1
[nebula] [nebula-probe] t=192.1 pos=101.5,0.0,-13.1 cell=1,0,-1 origin=0,0,0 replicas=24 dmin=4.3 dmax=67.9 limit=97.6 speed=6.0 beyond=0 dup=0 chunks=9 orphans=0 carrierless=0 spawns=83 despawns=58 pawn=1
[nebula] [nebula-probe] t=193.1 pos=98.4,0.0,-17.2 cell=1,0,-1 origin=0,0,0 replicas=25 dmin=1.8 dmax=68.3 limit=96.1 speed=5.1 beyond=0 dup=0 chunks=9 orphans=0 carrierless=0 spawns=85 despawns=59 pawn=1
[nebula] [nebula-probe] t=194.1 pos=93.2,0.0,-20.1 cell=1,0,-1 origin=0,0,0 replicas=23 dmin=7.8 dmax=62.0 limit=97.6 speed=6.0 beyond=0 dup=0 chunks=9 orphans=0 carrierless=0 spawns=85 despawns=61 pawn=1
[nebula] client 27584 fps replicas 24 (+1.4/s -1.0/s) entities 24 in 146 pkt/s 15.1 KB/s 134 states/s (msgs: state 77 rpc 0 vars 0) rtt 0ms lead 4 (adj 1, worker saw 4) corrections 0 | full-rate interp: depth 2.4 ticks, starved 0.0% worst +0.0 | frame max 1.0ms fixed/frame max 1 | gaps>3t 0 worst 0t | render delay 3t (stream lag 0t) | snapshot age ms min 15.6 avg 16.7 max 21.3
[nebula] [nebula-probe] t=195.1 pos=87.9,0.0,-23.1 cell=1,0,-1 origin=0,0,0 replicas=23 dmin=4.1 dmax=63.4 limit=97.6 speed=6.0 beyond=0 dup=0 chunks=9 orphans=0 carrierless=0 spawns=85 despawns=61 pawn=1
[nebula] [nebula-probe] t=196.1 pos=82.7,0.0,-26.1 cell=1,0,-1 origin=0,0,0 replicas=24 dmin=1.9 dmax=72.6 limit=97.6 speed=6.0 beyond=0 dup=0 chunks=9 orphans=0 carrierless=0 spawns=86 despawns=61 pawn=1
[nebula] [nebula-probe] t=197.1 pos=77.5,0.0,-29.1 cell=1,0,-1 origin=0,0,0 replicas=26 dmin=7.9 dmax=70.9 limit=97.6 speed=6.0 beyond=0 dup=0 chunks=9 orphans=0 carrierless=0 spawns=89 despawns=62 pawn=1
[nebula] [nebula-probe] t=198.1 pos=72.3,0.0,-32.0 cell=1,0,-1 origin=0,0,0 replicas=26 dmin=13.9 dmax=67.9 limit=97.6 speed=6.0 beyond=0 dup=0 chunks=9 orphans=0 carrierless=0 spawns=90 despawns=63 pawn=1
[nebula] [nebula-probe] t=199.1 pos=67.1,0.0,-35.0 cell=1,0,-1 origin=0,0,0 replicas=23 dmin=19.0 dmax=68.1 limit=97.6 speed=6.0 beyond=0 dup=0 chunks=9 orphans=0 carrierless=0 spawns=91 despawns=67 pawn=1
[nebula] client 28007 fps replicas 22 (+1.2/s -1.6/s) entities 22 in 136 pkt/s 14.8 KB/s 122 states/s (msgs: state 66 rpc 0 vars 0) rtt 0ms lead 4 (adj 1, worker saw 4) corrections 0 | full-rate interp: depth 2.5 ticks, starved 0.0% worst +0.0 | frame max 1.2ms fixed/frame max 1 | gaps>3t 0 worst 0t | render delay 3t (stream lag 0t) | snapshot age ms min 15.6 avg 16.9 max 21.7
[nebula] [nebula-probe] t=200.1 pos=61.9,0.0,-38.0 cell=0,0,-1 origin=0,0,0 replicas=21 dmin=18.7 dmax=69.6 limit=97.6 speed=6.0 beyond=0 dup=0 chunks=7 orphans=0 carrierless=0 spawns=91 despawns=69 pawn=1
[nebula] [nebula-probe] t=201.1 pos=63.7,0.0,-39.9 cell=0,0,-1 origin=0,0,0 replicas=23 dmin=1.7 dmax=65.6 limit=92.2 speed=2.6 beyond=0 dup=0 chunks=9 orphans=0 carrierless=0 spawns=94 despawns=70 pawn=1
[nebula] [nebula-probe] t=202.1 pos=69.5,0.0,-41.3 cell=1,0,-1 origin=0,0,0 replicas=22 dmin=7.7 dmax=64.5 limit=97.6 speed=6.0 beyond=0 dup=0 chunks=9 orphans=0 carrierless=0 spawns=94 despawns=71 pawn=1
[nebula] [nebula-probe] t=203.1 pos=75.4,0.0,-42.6 cell=1,0,-1 origin=0,0,0 replicas=22 dmin=13.7 dmax=67.6 limit=97.6 speed=6.0 beyond=0 dup=0 chunks=9 orphans=0 carrierless=0 spawns=94 despawns=71 pawn=1
[nebula] [nebula-probe] t=204.1 pos=81.2,0.0,-43.9 cell=1,0,-1 origin=0,0,0 replicas=21 dmin=13.0 dmax=68.0 limit=97.6 speed=6.0 beyond=0 dup=0 chunks=6 orphans=0 carrierless=0 spawns=94 despawns=72 pawn=1
[nebula] client 27324 fps replicas 22 (+0.8/s -0.8/s) entities 22 in 130 pkt/s 12.3 KB/s 102 states/s (msgs: state 65 rpc 0 vars 0) rtt 0ms lead 4 (adj 1, worker saw 4) corrections 0 | full-rate interp: depth 2.2 ticks, starved 0.0% worst +0.0 | frame max 1.0ms fixed/frame max 1 | gaps>3t 0 worst 0t | render delay 3t (stream lag 0t) | snapshot age ms min 15.7 avg 17.3 max 21.4
[nebula] [nebula-probe] t=205.1 pos=87.1,0.0,-45.3 cell=1,0,-1 origin=0,0,0 replicas=21 dmin=8.2 dmax=66.0 limit=97.6 speed=6.0 beyond=0 dup=0 chunks=9 orphans=0 carrierless=0 spawns=95 despawns=73 pawn=1
[nebula] [nebula-probe] t=206.1 pos=92.9,0.0,-46.6 cell=1,0,-1 origin=0,0,0 replicas=21 dmin=6.3 dmax=52.8 limit=97.6 speed=6.0 beyond=0 dup=0 chunks=9 orphans=0 carrierless=0 spawns=96 despawns=74 pawn=1
[nebula] [nebula-probe] t=207.1 pos=98.8,0.0,-47.9 cell=1,0,-1 origin=0,0,0 replicas=24 dmin=9.1 dmax=62.0 limit=97.6 speed=6.0 beyond=0 dup=0 chunks=9 orphans=0 carrierless=0 spawns=99 despawns=74 pawn=1
[nebula] [nebula-probe] t=208.1 pos=104.6,0.0,-49.3 cell=1,0,-1 origin=0,0,0 replicas=24 dmin=10.4 dmax=72.9 limit=97.6 speed=6.0 beyond=0 dup=0 chunks=9 orphans=0 carrierless=0 spawns=99 despawns=74 pawn=1
