Mono path[0] = 'C:/Dev/nebula-virtualworld/Builds/Win64/Nebula_Data/Managed'
Mono config path = 'C:/Dev/nebula-virtualworld/Builds/Win64/MonoBleedingEdge/etc'
CodeReloadManager initialized
Found 1 interfaces on host : 0) 192.168.4.54
Player connection [69532]  Target information:

Player connection [69532]  * "[IP] 192.168.4.54 [Port] 55004 [Flags] 2 [Guid] 4006592677 [EditorId] 1773059659 [Version] 1048832 [Id] WindowsPlayer(2,Atlas) [Debug] 0 [PackageName] WindowsPlayer [ProjectName] nebula-virtualworld" 

Player connection [69532] Started UDP target info broadcast (1) on [225.0.0.222:54997].

Input System module state changed to: Initialized.
[Physics::Module] Initialized fallback backend.
[Physics::Module] Id: 0xdecafbad
Initialize engine version: 6000.6.0f1 (f7f8ed4d1e24)
[EntityIdStore] init: VM path (explicit commit), pageSize=4096, blockCount=1048576, entitiesPerBlock=256, slots reserved=4294967296 bytes
[Subsystems] Discovering subsystems at path C:/Dev/nebula-virtualworld/Builds/Win64/Nebula_Data/UnitySubsystems
Forcing GfxDevice: Null
GfxDevice: creating device client; kGfxThreadingModeNonThreaded
NullGfxDevice:
    Version:  NULL 1.0 [1.0]
    Renderer: Null Device
    Vendor:   Unity Technologies
Begin MonoManager ReloadAssembly
- Finished resetting the current domain, in  0.007 seconds
[Physics::Module] Selected backend.
[Physics::Module] Name: PhysX
[Physics::Module] Id: 0xf2b8ea05
[Physics::Module] SDK Version: 4.1.2
[Physics::Module] Integration Version: 1.0.0
[Physics::Module] Threading Mode: Multi-Threaded
Microsoft Media Foundation video decoding to texture disabled: graphics device is Null, only Direct3D 11 and Direct3D 12 (only on desktop) are supported for hardware-accelerated video decoding.
UnloadTime: 0.583300 ms
[nebula] boot roles=Client scene=World tickRate=60
[nebula] containers: 0 (runtime world)
[nebula] connecting to gateway 127.0.0.1:7200 as 'bot8'
[nebula] chunked world: cell (64.00, 512.00, 64.00) (planar), near 2 cell(s), allocator ring 3, retire after 30s
[nebula] client 0 fps replicas 0 (+0.0/s -0.0/s) entities 0 in 0 pkt/s 0.0 KB/s 0 states/s (msgs: state 0 rpc 0 vars 0) rtt -1ms lead 0 (adj 0, worker saw 0) corrections 0 | full-rate interp: depth 0.0 ticks, starved 0.0% worst +0.0 | frame max 86.7ms fixed/frame max 1 | gaps>3t 0 worst 0t | render delay 0t (stream lag 0t) | snapshot age ms min 0.0 avg 0.0 max 0.0
[nebula] [nebula-probe] t=0.1 pos=0.0,0.0,0.0 cell=0,0,0 origin=0,0,0 replicas=0 dmin=0.0 dmax=0.0 limit=88.0 speed=0.0 beyond=0 dup=0 chunks=0 orphans=0 carrierless=0 spawns=0 despawns=0 pawn=0
[nebula] welcome: clientId=3825002173356310536 identity=086d50bcca6e serverTick=1365003743
[nebula] world starting, about 3 s: no worker is running yet; holding the join
[nebula] [nebula-probe] t=1.1 pos=0.0,0.0,0.0 cell=0,0,0 origin=0,0,0 replicas=0 dmin=0.0 dmax=0.0 limit=88.0 speed=0.0 beyond=0 dup=0 chunks=0 orphans=0 carrierless=0 spawns=0 despawns=0 pawn=0
[nebula] [nebula-probe] t=2.1 pos=0.0,0.0,0.0 cell=0,0,0 origin=0,0,0 replicas=0 dmin=0.0 dmax=0.0 limit=88.0 speed=0.0 beyond=0 dup=0 chunks=0 orphans=0 carrierless=0 spawns=0 despawns=0 pawn=0
[nebula] [nebula-probe] t=3.1 pos=0.0,0.0,0.0 cell=0,0,0 origin=0,0,0 replicas=0 dmin=0.0 dmax=0.0 limit=88.0 speed=0.0 beyond=0 dup=0 chunks=0 orphans=0 carrierless=0 spawns=0 despawns=0 pawn=0
[nebula] joined the world
[nebula] [vw-bot] mode=Wander
[nebula] local player spawned: Player(Clone)#844424930131971(e1,rt_13194141630463,local)
[nebula] [nebula-probe] t=4.1 pos=238.2,0.0,-18.3 cell=3,0,-1 origin=0,0,0 replicas=0 dmin=0.0 dmax=0.0 limit=88.0 speed=0.0 beyond=0 dup=0 chunks=6 orphans=0 carrierless=0 spawns=1 despawns=0 pawn=1
[nebula] client 64421 fps replicas 1 (+0.2/s -0.0/s) entities 1 in 42 pkt/s 3.4 KB/s 18 states/s (msgs: state 18 rpc 0 vars 0) rtt 0ms lead 3 (adj 0, worker saw 3) corrections 1 last 0.10m | full-rate interp: depth 0.0 ticks, starved 0.0% worst +0.0 | frame max 302.3ms fixed/frame max 1 | gaps>3t 0 worst 0t | render delay 3t (stream lag 0t) | snapshot age ms min 8.4 avg 11.9 max 21.3
[nebula] [nebula-probe] t=5.1 pos=232.3,0.0,-17.3 cell=3,0,-1 origin=0,0,0 replicas=0 dmin=0.0 dmax=0.0 limit=97.6 speed=6.0 beyond=0 dup=0 chunks=6 orphans=0 carrierless=0 spawns=1 despawns=0 pawn=1
[nebula] [nebula-probe] t=6.1 pos=226.4,0.0,-16.3 cell=3,0,-1 origin=0,0,0 replicas=0 dmin=0.0 dmax=0.0 limit=97.6 speed=6.0 beyond=0 dup=0 chunks=6 orphans=0 carrierless=0 spawns=1 despawns=0 pawn=1
[nebula] [nebula-probe] t=7.1 pos=220.4,0.0,-15.3 cell=3,0,-1 origin=0,0,0 replicas=0 dmin=0.0 dmax=0.0 limit=97.6 speed=6.0 beyond=0 dup=0 chunks=6 orphans=0 carrierless=0 spawns=1 despawns=0 pawn=1
[nebula] [nebula-probe] t=8.1 pos=214.5,0.0,-14.3 cell=3,0,-1 origin=0,0,0 replicas=0 dmin=0.0 dmax=0.0 limit=97.6 speed=6.0 beyond=0 dup=0 chunks=6 orphans=0 carrierless=0 spawns=1 despawns=0 pawn=1
[nebula] [nebula-probe] t=9.1 pos=208.6,0.0,-13.3 cell=3,0,-1 origin=0,0,0 replicas=0 dmin=0.0 dmax=0.0 limit=97.6 speed=6.0 beyond=0 dup=0 chunks=6 orphans=0 carrierless=0 spawns=1 despawns=0 pawn=1
[nebula] client 63240 fps replicas 1 (+0.0/s -0.0/s) entities 1 in 124 pkt/s 9.1 KB/s 60 states/s (msgs: state 60 rpc 0 vars 0) rtt 0ms lead 3 (adj 0, worker saw 3) corrections 0 | full-rate interp: depth 0.0 ticks, starved 0.0% worst +0.0 | frame max 0.8ms fixed/frame max 1 | gaps>3t 0 worst 0t | render delay 3t (stream lag 0t) | snapshot age ms min 8.6 avg 12.0 max 17.2
[nebula] [nebula-probe] t=10.1 pos=202.7,0.0,-12.3 cell=3,0,-1 origin=0,0,0 replicas=0 dmin=0.0 dmax=0.0 limit=97.6 speed=6.0 beyond=0 dup=0 chunks=6 orphans=0 carrierless=0 spawns=1 despawns=0 pawn=1
[nebula] [nebula-probe] t=11.1 pos=196.8,0.0,-11.3 cell=3,0,-1 origin=0,0,0 replicas=0 dmin=0.0 dmax=0.0 limit=97.6 speed=6.0 beyond=0 dup=0 chunks=6 orphans=0 carrierless=0 spawns=1 despawns=0 pawn=1
[nebula] [nebula-probe] t=12.1 pos=191.8,0.0,-13.9 cell=2,0,-1 origin=0,0,0 replicas=1 dmin=2.4 dmax=2.4 limit=97.0 speed=5.6 beyond=0 dup=0 chunks=9 orphans=0 carrierless=0 spawns=2 despawns=0 pawn=1
[nebula] [nebula-probe] t=13.1 pos=187.2,0.0,-17.8 cell=2,0,-1 origin=0,0,0 replicas=1 dmin=8.4 dmax=8.4 limit=97.6 speed=6.0 beyond=0 dup=0 chunks=9 orphans=0 carrierless=0 spawns=2 despawns=0 pawn=1
[nebula] [nebula-probe] t=14.1 pos=182.6,0.0,-21.6 cell=2,0,-1 origin=0,0,0 replicas=1 dmin=14.4 dmax=14.4 limit=97.6 speed=6.0 beyond=0 dup=0 chunks=9 orphans=0 carrierless=0 spawns=2 despawns=0 pawn=1
[nebula] client 62773 fps replicas 2 (+0.2/s -0.0/s) entities 2 in 125 pkt/s 9.5 KB/s 60 states/s (msgs: state 60 rpc 0 vars 0) rtt 0ms lead 3 (adj 0, worker saw 3) corrections 0 | full-rate interp: depth 0.0 ticks, starved 0.0% worst +0.0 | frame max 2.7ms fixed/frame max 1 | gaps>3t 0 worst 0t | render delay 3t (stream lag 0t) | snapshot age ms min 10.9 avg 12.1 max 16.2
[nebula] [nebula-probe] t=15.1 pos=178.0,0.0,-25.4 cell=2,0,-1 origin=0,0,0 replicas=1 dmin=20.4 dmax=20.4 limit=97.6 speed=6.0 beyond=0 dup=0 chunks=9 orphans=0 carrierless=0 spawns=2 despawns=0 pawn=1
[nebula] [nebula-probe] t=16.1 pos=173.4,0.0,-29.3 cell=2,0,-1 origin=0,0,0 replicas=1 dmin=26.4 dmax=26.4 limit=97.6 speed=6.0 beyond=0 dup=0 chunks=9 orphans=0 carrierless=0 spawns=2 despawns=0 pawn=1
[nebula] [nebula-probe] t=17.1 pos=168.8,0.0,-33.1 cell=2,0,-1 origin=0,0,0 replicas=1 dmin=32.4 dmax=32.4 limit=97.6 speed=6.0 beyond=0 dup=0 chunks=9 orphans=0 carrierless=0 spawns=2 despawns=0 pawn=1
[nebula] [nebula-probe] t=18.1 pos=163.2,0.0,-34.8 cell=2,0,-1 origin=0,0,0 replicas=1 dmin=37.8 dmax=37.8 limit=97.3 speed=5.8 beyond=0 dup=0 chunks=9 orphans=0 carrierless=0 spawns=2 despawns=0 pawn=1
[nebula] [nebula-probe] t=19.1 pos=157.2,0.0,-35.6 cell=2,0,-1 origin=0,0,0 replicas=1 dmin=43.2 dmax=43.2 limit=97.6 speed=6.0 beyond=0 dup=0 chunks=9 orphans=0 carrierless=0 spawns=2 despawns=0 pawn=1
[nebula] client 62653 fps replicas 2 (+0.0/s -0.0/s) entities 2 in 127 pkt/s 11.0 KB/s 60 states/s (msgs: state 60 rpc 0 vars 0) rtt 0ms lead 3 (adj 0, worker saw 3) corrections 0 | full-rate interp: depth 0.0 ticks, starved 0.0% worst +0.0 | frame max 0.9ms fixed/frame max 1 | gaps>3t 0 worst 0t | render delay 3t (stream lag 0t) | snapshot age ms min 11.2 avg 12.1 max 24.5
[nebula] [nebula-probe] t=20.1 pos=151.3,0.0,-36.5 cell=2,0,-1 origin=0,0,0 replicas=1 dmin=48.8 dmax=48.8 limit=97.6 speed=6.0 beyond=0 dup=0 chunks=9 orphans=0 carrierless=0 spawns=2 despawns=0 pawn=1
[nebula] [nebula-probe] t=21.1 pos=145.4,0.0,-37.4 cell=2,0,-1 origin=0,0,0 replicas=1 dmin=54.4 dmax=54.4 limit=97.6 speed=6.0 beyond=0 dup=0 chunks=9 orphans=0 carrierless=0 spawns=2 despawns=0 pawn=1
[nebula] [nebula-probe] t=22.1 pos=139.4,0.0,-38.3 cell=2,0,-1 origin=0,0,0 replicas=1 dmin=60.1 dmax=60.1 limit=97.6 speed=6.0 beyond=0 dup=0 chunks=9 orphans=0 carrierless=0 spawns=2 despawns=0 pawn=1
[nebula] [nebula-probe] t=23.1 pos=133.5,0.0,-39.1 cell=2,0,-1 origin=0,0,0 replicas=1 dmin=65.9 dmax=65.9 limit=97.6 speed=6.0 beyond=0 dup=0 chunks=9 orphans=0 carrierless=0 spawns=2 despawns=0 pawn=1
[nebula] [nebula-probe] t=24.1 pos=127.6,0.0,-40.0 cell=1,0,-1 origin=0,0,0 replicas=0 dmin=0.0 dmax=0.0 limit=97.6 speed=6.0 beyond=0 dup=0 chunks=6 orphans=0 carrierless=0 spawns=2 despawns=1 pawn=1
[nebula] client 62335 fps replicas 1 (+0.0/s -0.2/s) entities 1 in 125 pkt/s 9.5 KB/s 60 states/s (msgs: state 60 rpc 0 vars 0) rtt 0ms lead 3 (adj 0, worker saw 3) corrections 0 | full-rate interp: depth 0.0 ticks, starved 0.0% worst +0.0 | frame max 3.8ms fixed/frame max 1 | gaps>3t 0 worst 0t | render delay 3t (stream lag 0t) | snapshot age ms min 11.3 avg 12.1 max 14.7
[nebula] [nebula-probe] t=25.1 pos=121.6,0.0,-40.9 cell=1,0,-1 origin=0,0,0 replicas=0 dmin=0.0 dmax=0.0 limit=97.6 speed=6.0 beyond=0 dup=0 chunks=7 orphans=0 carrierless=0 spawns=2 despawns=1 pawn=1
[nebula] [nebula-probe] t=26.1 pos=119.0,0.0,-43.2 cell=1,0,-1 origin=0,0,0 replicas=1 dmin=0.0 dmax=0.0 limit=93.6 speed=3.5 beyond=0 dup=0 chunks=12 orphans=0 carrierless=0 spawns=3 despawns=1 pawn=1
[nebula] [nebula-probe] t=27.1 pos=122.4,0.0,-48.1 cell=1,0,-1 origin=0,0,0 replicas=1 dmin=6.0 dmax=6.0 limit=97.6 speed=6.0 beyond=0 dup=0 chunks=12 orphans=0 carrierless=0 spawns=3 despawns=1 pawn=1
[nebula] [nebula-probe] t=28.1 pos=125.8,0.0,-53.1 cell=1,0,-1 origin=0,0,0 replicas=2 dmin=12.0 dmax=44.1 limit=97.6 speed=6.0 beyond=0 dup=0 chunks=12 orphans=0 carrierless=0 spawns=4 despawns=1 pawn=1
[nebula] [nebula-probe] t=29.1 pos=129.2,0.0,-58.0 cell=2,0,-1 origin=0,0,0 replicas=2 dmin=18.0 dmax=33.3 limit=97.6 speed=6.0 beyond=0 dup=0 chunks=12 orphans=0 carrierless=0 spawns=4 despawns=1 pawn=1
[nebula] client 49229 fps replicas 3 (+0.4/s -0.0/s) entities 3 in 126 pkt/s 11.2 KB/s 73 states/s (msgs: state 61 rpc 0 vars 0) rtt 0ms lead 3 (adj 0, worker saw 3) corrections 0 | full-rate interp: depth 2.3 ticks, starved 0.0% worst +0.0 | frame max 1.6ms fixed/frame max 1 | gaps>3t 0 worst 0t | render delay 3t (stream lag 0t) | snapshot age ms min 11.4 avg 12.6 max 17.2
[nebula] [nebula-probe] t=30.1 pos=132.6,0.0,-62.9 cell=2,0,-1 origin=0,0,0 replicas=2 dmin=23.4 dmax=24.0 limit=97.6 speed=6.0 beyond=0 dup=0 chunks=12 orphans=0 carrierless=0 spawns=4 despawns=1 pawn=1
[nebula] [nebula-probe] t=31.1 pos=136.1,0.0,-67.9 cell=2,0,-2 origin=0,0,0 replicas=2 dmin=16.4 dmax=30.0 limit=97.6 speed=6.0 beyond=0 dup=0 chunks=12 orphans=0 carrierless=0 spawns=4 despawns=1 pawn=1
[nebula] [nebula-probe] t=32.1 pos=139.5,0.0,-72.8 cell=2,0,-2 origin=0,0,0 replicas=2 dmin=16.4 dmax=36.0 limit=97.6 speed=6.0 beyond=0 dup=0 chunks=12 orphans=0 carrierless=0 spawns=4 despawns=1 pawn=1
[nebula] [nebula-probe] t=33.1 pos=142.9,0.0,-77.7 cell=2,0,-2 origin=0,0,0 replicas=3 dmin=23.5 dmax=45.5 limit=97.6 speed=6.0 beyond=0 dup=0 chunks=15 orphans=0 carrierless=0 spawns=5 despawns=1 pawn=1
[nebula] [nebula-probe] t=34.1 pos=146.3,0.0,-82.6 cell=2,0,-2 origin=0,0,0 replicas=3 dmin=33.4 dmax=48.0 limit=97.6 speed=6.0 beyond=0 dup=0 chunks=15 orphans=0 carrierless=0 spawns=5 despawns=1 pawn=1
[nebula] client 31200 fps replicas 5 (+0.4/s -0.0/s) entities 5 in 128 pkt/s 15.2 KB/s 110 states/s (msgs: state 63 rpc 0 vars 0) rtt 0ms lead 3 (adj 0, worker saw 3) corrections 0 | full-rate interp: depth 2.4 ticks, starved 0.0% worst +0.0 | frame max 0.9ms fixed/frame max 1 | gaps>3t 0 worst 0t | render delay 3t (stream lag 0t) | snapshot age ms min 11.6 avg 13.0 max 17.5
[nebula] [nebula-probe] t=35.1 pos=142.6,0.0,-82.6 cell=2,0,-2 origin=0,0,0 replicas=4 dmin=2.5 dmax=46.0 limit=93.8 speed=3.7 beyond=0 dup=0 chunks=15 orphans=0 carrierless=0 spawns=6 despawns=1 pawn=1
[nebula] [nebula-probe] t=36.1 pos=136.8,0.0,-81.1 cell=2,0,-2 origin=0,0,0 replicas=4 dmin=8.5 dmax=48.1 limit=97.6 speed=6.0 beyond=0 dup=0 chunks=15 orphans=0 carrierless=0 spawns=6 despawns=1 pawn=1
[nebula] [nebula-probe] t=37.1 pos=131.0,0.0,-79.6 cell=2,0,-2 origin=0,0,0 replicas=4 dmin=14.5 dmax=53.7 limit=97.6 speed=6.0 beyond=0 dup=0 chunks=15 orphans=0 carrierless=0 spawns=6 despawns=1 pawn=1
[nebula] [nebula-probe] t=38.1 pos=125.1,0.0,-78.1 cell=1,0,-2 origin=0,0,0 replicas=4 dmin=20.6 dmax=59.6 limit=97.8 speed=6.1 beyond=0 dup=0 chunks=15 orphans=0 carrierless=0 spawns=6 despawns=1 pawn=1
[nebula] [nebula-probe] t=39.1 pos=119.3,0.0,-76.6 cell=1,0,-2 origin=0,0,0 replicas=4 dmin=26.6 dmax=65.4 limit=97.6 speed=6.0 beyond=0 dup=0 chunks=15 orphans=0 carrierless=0 spawns=6 despawns=1 pawn=1
[nebula] client 30230 fps replicas 4 (+0.0/s -0.2/s) entities 4 in 125 pkt/s 12.2 KB/s 97 states/s (msgs: state 62 rpc 0 vars 0) rtt 0ms lead 4 (adj 1, worker saw 4) corrections 0 | full-rate interp: depth 2.4 ticks, starved 0.0% worst +0.0 | frame max 1.2ms fixed/frame max 1 | gaps>3t 0 worst 0t | render delay 3t (stream lag 0t) | snapshot age ms min 11.7 avg 13.6 max 36.3
[nebula] [nebula-probe] t=40.1 pos=114.3,0.0,-77.3 cell=1,0,-2 origin=0,0,0 replicas=3 dmin=31.4 dmax=48.6 limit=96.2 speed=5.1 beyond=0 dup=0 chunks=8 orphans=0 carrierless=0 spawns=6 despawns=2 pawn=1
[nebula] [nebula-probe] t=41.1 pos=110.6,0.0,-82.0 cell=1,0,-2 origin=0,0,0 replicas=3 dmin=34.5 dmax=60.4 limit=97.6 speed=6.0 beyond=0 dup=0 chunks=8 orphans=0 carrierless=0 spawns=6 despawns=2 pawn=1
[nebula] [nebula-probe] t=42.1 pos=106.9,0.0,-86.7 cell=1,0,-2 origin=0,0,0 replicas=3 dmin=38.3 dmax=72.1 limit=97.6 speed=6.0 beyond=0 dup=0 chunks=8 orphans=0 carrierless=0 spawns=6 despawns=2 pawn=1
[nebula] [nebula-probe] t=43.1 pos=103.2,0.0,-91.5 cell=1,0,-2 origin=0,0,0 replicas=2 dmin=42.6 dmax=50.8 limit=97.6 speed=6.0 beyond=0 dup=0 chunks=8 orphans=0 carrierless=0 spawns=6 despawns=3 pawn=1
[nebula] [nebula-probe] t=44.1 pos=99.5,0.0,-96.2 cell=1,0,-2 origin=0,0,0 replicas=2 dmin=47.3 dmax=56.5 limit=97.6 speed=6.0 beyond=0 dup=0 chunks=8 orphans=0 carrierless=0 spawns=6 despawns=3 pawn=1
[nebula] client 47775 fps replicas 3 (+0.0/s -0.2/s) entities 3 in 127 pkt/s 10.6 KB/s 63 states/s (msgs: state 61 rpc 0 vars 0) rtt 0ms lead 4 (adj 1, worker saw 4) corrections 0 | full-rate interp: depth 1.4 ticks, starved 0.0% worst +0.0 | frame max 0.9ms fixed/frame max 1 | gaps>3t 0 worst 0t | render delay 3t (stream lag 0t) | snapshot age ms min 11.9 avg 14.5 max 17.4
[nebula] [nebula-probe] t=45.1 pos=95.9,0.0,-101.0 cell=1,0,-2 origin=0,0,0 replicas=2 dmin=52.3 dmax=62.2 limit=97.6 speed=6.0 beyond=0 dup=0 chunks=8 orphans=0 carrierless=0 spawns=6 despawns=3 pawn=1
[nebula] [nebula-probe] t=46.1 pos=92.2,0.0,-105.7 cell=1,0,-2 origin=0,0,0 replicas=2 dmin=57.5 dmax=68.0 limit=97.6 speed=6.0 beyond=0 dup=0 chunks=8 orphans=0 carrierless=0 spawns=6 despawns=3 pawn=1
[nebula] [nebula-probe] t=47.1 pos=90.5,0.0,-101.4 cell=1,0,-2 origin=0,0,0 replicas=2 dmin=3.0 dmax=57.5 limit=95.3 speed=4.6 beyond=0 dup=0 chunks=9 orphans=0 carrierless=0 spawns=7 despawns=4 pawn=1
[nebula] [nebula-probe] t=48.1 pos=89.2,0.0,-95.6 cell=1,0,-2 origin=0,0,0 replicas=2 dmin=9.0 dmax=57.2 limit=97.6 speed=6.0 beyond=0 dup=0 chunks=9 orphans=0 carrierless=0 spawns=7 despawns=4 pawn=1
[nebula] [nebula-probe] t=49.1 pos=87.9,0.0,-89.7 cell=1,0,-2 origin=0,0,0 replicas=2 dmin=15.0 dmax=57.6 limit=97.6 speed=6.0 beyond=0 dup=0 chunks=9 orphans=0 carrierless=0 spawns=7 despawns=4 pawn=1
[nebula] client 61605 fps replicas 3 (+0.2/s -0.2/s) entities 3 in 128 pkt/s 11.7 KB/s 60 states/s (msgs: state 60 rpc 0 vars 0) rtt 0ms lead 4 (adj 1, worker saw 4) corrections 0 | full-rate interp: depth 0.0 ticks, starved 0.0% worst +0.0 | frame max 0.8ms fixed/frame max 1 | gaps>3t 0 worst 0t | render delay 3t (stream lag 0t) | snapshot age ms min 12.0 avg 14.8 max 17.9
[nebula] [nebula-probe] t=50.1 pos=86.5,0.0,-83.9 cell=1,0,-2 origin=0,0,0 replicas=2 dmin=21.0 dmax=58.5 limit=97.6 speed=6.0 beyond=0 dup=0 chunks=9 orphans=0 carrierless=0 spawns=7 despawns=4 pawn=1
[nebula] [nebula-probe] t=51.1 pos=85.2,0.0,-78.0 cell=1,0,-2 origin=0,0,0 replicas=2 dmin=27.0 dmax=60.1 limit=97.6 speed=6.0 beyond=0 dup=0 chunks=9 orphans=0 carrierless=0 spawns=7 despawns=4 pawn=1
[nebula] [nebula-probe] t=52.1 pos=81.9,0.0,-74.5 cell=1,0,-2 origin=0,0,0 replicas=4 dmin=0.5 dmax=63.8 limit=95.8 speed=4.9 beyond=0 dup=0 chunks=9 orphans=0 carrierless=0 spawns=9 despawns=4 pawn=1
[nebula] [nebula-probe] t=53.1 pos=75.9,0.0,-73.9 cell=1,0,-2 origin=0,0,0 replicas=5 dmin=6.5 dmax=69.8 limit=97.6 speed=6.0 beyond=0 dup=0 chunks=9 orphans=0 carrierless=0 spawns=10 despawns=4 pawn=1
[nebula] [nebula-probe] t=54.1 pos=69.9,0.0,-73.4 cell=1,0,-2 origin=0,0,0 replicas=5 dmin=12.5 dmax=57.6 limit=97.6 speed=6.0 beyond=0 dup=0 chunks=9 orphans=0 carrierless=0 spawns=11 despawns=5 pawn=1
[nebula] client 53573 fps replicas 6 (+0.8/s -0.2/s) entities 6 in 126 pkt/s 9.8 KB/s 65 states/s (msgs: state 61 rpc 0 vars 0) rtt 0ms lead 4 (adj 1, worker saw 4) corrections 0 | full-rate interp: depth 1.5 ticks, starved 0.0% worst +0.0 | frame max 0.9ms fixed/frame max 1 | gaps>3t 0 worst 0t | render delay 3t (stream lag 0t) | snapshot age ms min 11.3 avg 15.7 max 17.9
[nebula] [nebula-probe] t=55.1 pos=63.9,0.0,-72.8 cell=0,0,-2 origin=0,0,0 replicas=5 dmin=18.5 dmax=62.5 limit=97.6 speed=6.0 beyond=0 dup=0 chunks=9 orphans=0 carrierless=0 spawns=11 despawns=5 pawn=1
[nebula] [nebula-probe] t=56.1 pos=58.0,0.0,-72.3 cell=0,0,-2 origin=0,0,0 replicas=5 dmin=23.0 dmax=67.6 limit=97.6 speed=6.0 beyond=0 dup=0 chunks=9 orphans=0 carrierless=0 spawns=11 despawns=5 pawn=1
[nebula] [nebula-probe] t=57.1 pos=52.0,0.0,-71.7 cell=0,0,-2 origin=0,0,0 replicas=4 dmin=15.2 dmax=51.0 limit=97.6 speed=6.0 beyond=0 dup=0 chunks=6 orphans=0 carrierless=0 spawns=11 despawns=6 pawn=1
[nebula] [nebula-probe] t=58.1 pos=52.9,0.0,-73.0 cell=0,0,-2 origin=0,0,0 replicas=5 dmin=1.5 dmax=49.5 limit=90.5 speed=1.5 beyond=0 dup=0 chunks=9 orphans=0 carrierless=0 spawns=12 despawns=6 pawn=1
[nebula] [nebula-probe] t=59.1 pos=58.4,0.0,-75.5 cell=0,0,-2 origin=0,0,0 replicas=5 dmin=7.5 dmax=43.7 limit=97.6 speed=6.0 beyond=0 dup=0 chunks=9 orphans=0 carrierless=0 spawns=12 despawns=6 pawn=1
[nebula] client 31402 fps replicas 6 (+0.2/s -0.2/s) entities 6 in 130 pkt/s 13.4 KB/s 119 states/s (msgs: state 64 rpc 0 vars 0) rtt 0ms lead 4 (adj 1, worker saw 4) corrections 0 | full-rate interp: depth 2.5 ticks, starved 0.0% worst +0.0 | frame max 0.9ms fixed/frame max 1 | gaps>3t 0 worst 0t | render delay 3t (stream lag 0t) | snapshot age ms min 12.9 avg 16.1 max 20.3
[nebula] [nebula-probe] t=60.1 pos=63.8,0.0,-77.9 cell=0,0,-2 origin=0,0,0 replicas=5 dmin=13.5 dmax=38.0 limit=97.6 speed=6.0 beyond=0 dup=0 chunks=9 orphans=0 carrierless=0 spawns=12 despawns=6 pawn=1
[nebula] [nebula-probe] t=61.1 pos=69.3,0.0,-80.4 cell=1,0,-2 origin=0,0,0 replicas=5 dmin=14.3 dmax=37.2 limit=97.6 speed=6.0 beyond=0 dup=0 chunks=9 orphans=0 carrierless=0 spawns=12 despawns=6 pawn=1
[nebula] [nebula-probe] t=62.1 pos=74.8,0.0,-82.9 cell=1,0,-2 origin=0,0,0 replicas=7 dmin=11.3 dmax=39.9 limit=97.6 speed=6.0 beyond=0 dup=0 chunks=12 orphans=0 carrierless=0 spawns=14 despawns=6 pawn=1
[nebula] [nebula-probe] t=63.1 pos=80.2,0.0,-85.3 cell=1,0,-2 origin=0,0,0 replicas=8 dmin=11.0 dmax=44.5 limit=97.6 speed=6.0 beyond=0 dup=0 chunks=12 orphans=0 carrierless=0 spawns=15 despawns=6 pawn=1
[nebula] [nebula-probe] t=64.1 pos=85.7,0.0,-87.8 cell=1,0,-2 origin=0,0,0 replicas=8 dmin=13.7 dmax=55.5 limit=97.6 speed=6.0 beyond=0 dup=0 chunks=12 orphans=0 carrierless=0 spawns=15 despawns=6 pawn=1
[nebula] client 30762 fps replicas 9 (+0.6/s -0.0/s) entities 9 in 133 pkt/s 15.4 KB/s 103 states/s (msgs: state 66 rpc 0 vars 0) rtt 0ms lead 4 (adj 1, worker saw 4) corrections 0 | full-rate interp: depth 2.2 ticks, starved 0.0% worst +0.0 | frame max 0.9ms fixed/frame max 1 | gaps>3t 0 worst 0t | render delay 3t (stream lag 0t) | snapshot age ms min 13.3 avg 16.3 max 20.2
[nebula] [nebula-probe] t=65.1 pos=91.2,0.0,-90.3 cell=1,0,-2 origin=0,0,0 replicas=8 dmin=14.1 dmax=66.8 limit=97.6 speed=6.0 beyond=0 dup=0 chunks=12 orphans=0 carrierless=0 spawns=15 despawns=6 pawn=1
[nebula] [nebula-probe] t=66.1 pos=96.6,0.0,-92.8 cell=1,0,-2 origin=0,0,0 replicas=7 dmin=12.8 dmax=56.8 limit=97.6 speed=6.0 beyond=0 dup=0 chunks=9 orphans=0 carrierless=0 spawns=15 despawns=7 pawn=1
[nebula] [nebula-probe] t=67.1 pos=99.7,0.0,-94.3 cell=1,0,-2 origin=0,0,0 replicas=8 dmin=13.2 dmax=60.2 limit=93.5 speed=3.4 beyond=0 dup=0 chunks=9 orphans=0 carrierless=0 spawns=16 despawns=7 pawn=1
[nebula] [nebula-probe] t=68.1 pos=94.0,0.0,-92.3 cell=1,0,-2 origin=0,0,0 replicas=8 dmin=12.4 dmax=57.2 limit=97.6 speed=6.0 beyond=0 dup=0 chunks=9 orphans=0 carrierless=0 spawns=16 despawns=7 pawn=1
[nebula] [nebula-probe] t=69.1 pos=88.3,0.0,-90.4 cell=1,0,-2 origin=0,0,0 replicas=8 dmin=14.3 dmax=64.9 limit=97.6 speed=6.0 beyond=0 dup=0 chunks=9 orphans=0 carrierless=0 spawns=16 despawns=7 pawn=1
[nebula] client 32404 fps replicas 10 (+0.4/s -0.2/s) entities 10 in 126 pkt/s 10.4 KB/s 73 states/s (msgs: state 63 rpc 0 vars 0) rtt 0ms lead 4 (adj 1, worker saw 4) corrections 0 | full-rate interp: depth 1.5 ticks, starved 0.0% worst +0.0 | frame max 0.9ms fixed/frame max 1 | gaps>3t 0 worst 0t | render delay 3t (stream lag 0t) | snapshot age ms min 13.4 avg 16.3 max 20.5
[nebula] [nebula-probe] t=70.1 pos=82.7,0.0,-88.4 cell=1,0,-2 origin=0,0,0 replicas=9 dmin=13.9 dmax=72.9 limit=97.6 speed=6.0 beyond=0 dup=0 chunks=9 orphans=0 carrierless=0 spawns=17 despawns=7 pawn=1
[nebula] [nebula-probe] t=71.1 pos=77.0,0.0,-86.5 cell=1,0,-2 origin=0,0,0 replicas=8 dmin=13.1 dmax=68.2 limit=97.6 speed=6.0 beyond=0 dup=0 chunks=9 orphans=0 carrierless=0 spawns=17 despawns=8 pawn=1
[nebula] [nebula-probe] t=72.1 pos=71.3,0.0,-84.5 cell=1,0,-2 origin=0,0,0 replicas=7 dmin=14.9 dmax=41.1 limit=97.6 speed=6.0 beyond=0 dup=0 chunks=9 orphans=0 carrierless=0 spawns=17 despawns=9 pawn=1
[nebula] [nebula-probe] t=73.1 pos=65.6,0.0,-82.6 cell=1,0,-2 origin=0,0,0 replicas=7 dmin=17.4 dmax=45.0 limit=97.6 speed=6.0 beyond=0 dup=0 chunks=9 orphans=0 carrierless=0 spawns=17 despawns=9 pawn=1
[nebula] [nebula-probe] t=74.1 pos=60.7,0.0,-81.0 cell=0,0,-2 origin=0,0,0 replicas=7 dmin=12.6 dmax=48.8 limit=96.3 speed=5.2 beyond=0 dup=0 chunks=9 orphans=0 carrierless=0 spawns=17 despawns=9 pawn=1
[nebula] client 30679 fps replicas 9 (+0.2/s -0.4/s) entities 9 in 130 pkt/s 12.7 KB/s 102 states/s (msgs: state 64 rpc 0 vars 0) rtt 0ms lead 4 (adj 1, worker saw 4) corrections 0 | full-rate interp: depth 2.4 ticks, starved 0.0% worst +0.0 | frame max 1.0ms fixed/frame max 1 | gaps>3t 0 worst 0t | render delay 3t (stream lag 0t) | snapshot age ms min 13.5 avg 16.4 max 20.5
[nebula] [nebula-probe] t=75.1 pos=65.8,0.0,-84.1 cell=1,0,-2 origin=0,0,0 replicas=8 dmin=4.3 dmax=45.5 limit=97.6 speed=6.0 beyond=0 dup=0 chunks=12 orphans=0 carrierless=0 spawns=18 despawns=9 pawn=1
[nebula] [nebula-probe] t=76.1 pos=71.0,0.0,-87.2 cell=1,0,-2 origin=0,0,0 replicas=8 dmin=10.3 dmax=42.9 limit=97.6 speed=6.0 beyond=0 dup=0 chunks=12 orphans=0 carrierless=0 spawns=18 despawns=9 pawn=1
[nebula] [nebula-probe] t=77.1 pos=76.1,0.0,-90.3 cell=1,0,-2 origin=0,0,0 replicas=9 dmin=16.3 dmax=45.0 limit=97.6 speed=6.0 beyond=0 dup=0 chunks=12 orphans=0 carrierless=0 spawns=19 despawns=9 pawn=1
[nebula] [nebula-probe] t=78.1 pos=81.2,0.0,-93.4 cell=1,0,-2 origin=0,0,0 replicas=9 dmin=14.8 dmax=49.9 limit=97.6 speed=6.0 beyond=0 dup=0 chunks=12 orphans=0 carrierless=0 spawns=19 despawns=9 pawn=1
[nebula] [nebula-probe] t=79.1 pos=84.1,0.0,-95.8 cell=1,0,-2 origin=0,0,0 replicas=10 dmin=0.9 dmax=54.1 limit=94.1 speed=3.8 beyond=0 dup=0 chunks=12 orphans=0 carrierless=0 spawns=20 despawns=9 pawn=1
[nebula] client 31870 fps replicas 11 (+0.4/s -0.0/s) entities 11 in 132 pkt/s 14.6 KB/s 73 states/s (msgs: state 63 rpc 0 vars 0) rtt 0ms lead 4 (adj 1, worker saw 4) corrections 0 | full-rate interp: depth 1.7 ticks, starved 0.0% worst +0.0 | frame max 0.9ms fixed/frame max 1 | gaps>3t 0 worst 0t | render delay 3t (stream lag 0t) | snapshot age ms min 12.0 avg 16.3 max 20.4
[nebula] [nebula-probe] t=80.1 pos=78.1,0.0,-95.7 cell=1,0,-2 origin=0,0,0 replicas=10 dmin=5.1 dmax=52.6 limit=97.6 speed=6.0 beyond=0 dup=0 chunks=12 orphans=0 carrierless=0 spawns=20 despawns=9 pawn=1
[nebula] [nebula-probe] t=81.1 pos=72.1,0.0,-95.5 cell=1,0,-2 origin=0,0,0 replicas=10 dmin=11.1 dmax=52.4 limit=97.6 speed=6.0 beyond=0 dup=0 chunks=12 orphans=0 carrierless=0 spawns=20 despawns=9 pawn=1
[nebula] [nebula-probe] t=82.1 pos=66.1,0.0,-95.4 cell=1,0,-2 origin=0,0,0 replicas=10 dmin=14.1 dmax=51.8 limit=97.6 speed=6.0 beyond=0 dup=0 chunks=12 orphans=0 carrierless=0 spawns=20 despawns=9 pawn=1
[nebula] [nebula-probe] t=83.1 pos=60.1,0.0,-95.2 cell=0,0,-2 origin=0,0,0 replicas=10 dmin=13.5 dmax=56.4 limit=97.6 speed=6.0 beyond=0 dup=0 chunks=12 orphans=0 carrierless=0 spawns=20 despawns=9 pawn=1
[nebula] [nebula-probe] t=84.1 pos=54.2,0.0,-95.1 cell=0,0,-2 origin=0,0,0 replicas=11 dmin=15.4 dmax=61.2 limit=97.6 speed=6.0 beyond=0 dup=0 chunks=12 orphans=0 carrierless=0 spawns=21 despawns=9 pawn=1
[nebula] client 32914 fps replicas 13 (+0.4/s -0.0/s) entities 13 in 134 pkt/s 10.9 KB/s 72 states/s (msgs: state 68 rpc 0 vars 0) rtt 0ms lead 4 (adj 1, worker saw 4) corrections 0 | full-rate interp: depth 1.6 ticks, starved 0.0% worst +0.0 | frame max 0.9ms fixed/frame max 1 | gaps>3t 0 worst 0t | render delay 3t (stream lag 0t) | snapshot age ms min 11.4 avg 15.9 max 20.4
[nebula] [nebula-probe] t=85.1 pos=48.2,0.0,-94.9 cell=0,0,-2 origin=0,0,0 replicas=12 dmin=12.6 dmax=66.3 limit=97.6 speed=6.0 beyond=0 dup=0 chunks=12 orphans=0 carrierless=0 spawns=22 despawns=9 pawn=1
[nebula] [nebula-probe] t=86.1 pos=42.2,0.0,-94.8 cell=0,0,-2 origin=0,0,0 replicas=11 dmin=11.3 dmax=49.9 limit=97.6 speed=6.0 beyond=0 dup=0 chunks=9 orphans=0 carrierless=0 spawns=22 despawns=10 pawn=1
[nebula] [nebula-probe] t=87.1 pos=46.2,0.0,-99.2 cell=0,0,-2 origin=0,0,0 replicas=13 dmin=3.9 dmax=45.9 limit=97.6 speed=6.0 beyond=0 dup=0 chunks=9 orphans=0 carrierless=0 spawns=24 despawns=10 pawn=1
[nebula] [nebula-probe] t=88.1 pos=50.2,0.0,-103.7 cell=0,0,-2 origin=0,0,0 replicas=13 dmin=8.2 dmax=53.5 limit=97.6 speed=6.0 beyond=0 dup=0 chunks=9 orphans=0 carrierless=0 spawns=24 despawns=10 pawn=1
[nebula] [nebula-probe] t=89.1 pos=54.2,0.0,-108.2 cell=0,0,-2 origin=0,0,0 replicas=13 dmin=12.0 dmax=61.1 limit=97.6 speed=6.0 beyond=0 dup=0 chunks=9 orphans=0 carrierless=0 spawns=24 despawns=10 pawn=1
[nebula] client 28166 fps replicas 15 (+0.6/s -0.2/s) entities 15 in 133 pkt/s 14.0 KB/s 120 states/s (msgs: state 66 rpc 0 vars 1) rtt 0ms lead 4 (adj 1, worker saw 4) corrections 0 | full-rate interp: depth 2.4 ticks, starved 0.0% worst +0.0 | frame max 0.9ms fixed/frame max 1 | gaps>3t 0 worst 0t | render delay 3t (stream lag 0t) | snapshot age ms min 12.4 avg 16.4 max 21.0
[nebula] [nebula-probe] t=90.1 pos=58.2,0.0,-112.6 cell=0,0,-2 origin=0,0,0 replicas=14 dmin=17.2 dmax=68.8 limit=97.6 speed=6.0 beyond=0 dup=0 chunks=9 orphans=0 carrierless=0 spawns=25 despawns=10 pawn=1
[nebula] [nebula-probe] t=91.1 pos=62.2,0.0,-117.1 cell=0,0,-2 origin=0,0,0 replicas=13 dmin=22.7 dmax=65.5 limit=97.6 speed=6.0 beyond=0 dup=0 chunks=9 orphans=0 carrierless=0 spawns=25 despawns=11 pawn=1
[nebula] [nebula-probe] t=92.1 pos=66.2,0.0,-121.6 cell=1,0,-2 origin=0,0,0 replicas=12 dmin=28.5 dmax=66.7 limit=97.6 speed=6.0 beyond=0 dup=0 chunks=6 orphans=0 carrierless=0 spawns=25 despawns=12 pawn=1
[nebula] [nebula-probe] t=93.1 pos=70.2,0.0,-126.0 cell=1,0,-2 origin=0,0,0 replicas=11 dmin=30.1 dmax=64.7 limit=97.6 speed=6.0 beyond=0 dup=0 chunks=6 orphans=0 carrierless=0 spawns=25 despawns=13 pawn=1
[nebula] [nebula-probe] t=94.1 pos=73.7,0.0,-130.0 cell=1,0,-3 origin=0,0,0 replicas=11 dmin=31.0 dmax=72.3 limit=96.5 speed=5.3 beyond=0 dup=0 chunks=6 orphans=0 carrierless=0 spawns=25 despawns=13 pawn=1
[nebula] client 34801 fps replicas 11 (+0.0/s -0.8/s) entities 11 in 131 pkt/s 11.8 KB/s 68 states/s (msgs: state 62 rpc 0 vars 0) rtt 0ms lead 4 (adj 1, worker saw 4) corrections 1 last 0.10m | full-rate interp: depth 1.5 ticks, starved 0.0% worst +0.0 | frame max 0.9ms fixed/frame max 1 | gaps>3t 0 worst 0t | render delay 3t (stream lag 0t) | snapshot age ms min 11.4 avg 15.4 max 20.8
[nebula] [nebula-probe] t=95.1 pos=68.7,0.0,-126.7 cell=1,0,-2 origin=0,0,0 replicas=10 dmin=31.6 dmax=57.0 limit=97.6 speed=6.0 beyond=0 dup=0 chunks=4 orphans=0 carrierless=0 spawns=25 despawns=14 pawn=1
[nebula] [nebula-probe] t=96.1 pos=63.8,0.0,-123.3 cell=0,0,-2 origin=0,0,0 replicas=10 dmin=27.5 dmax=52.4 limit=97.6 speed=6.0 beyond=0 dup=0 chunks=4 orphans=0 carrierless=0 spawns=25 despawns=14 pawn=1
[nebula] [nebula-probe] t=97.1 pos=58.8,0.0,-120.0 cell=0,0,-2 origin=0,0,0 replicas=10 dmin=21.5 dmax=51.2 limit=97.6 speed=6.0 beyond=0 dup=0 chunks=4 orphans=0 carrierless=0 spawns=25 despawns=14 pawn=1
[nebula] [nebula-probe] t=98.1 pos=53.8,0.0,-116.6 cell=0,0,-2 origin=0,0,0 replicas=10 dmin=15.6 dmax=50.9 limit=97.6 speed=6.0 beyond=0 dup=0 chunks=4 orphans=0 carrierless=0 spawns=25 despawns=14 pawn=1
[nebula] [nebula-probe] t=99.1 pos=48.8,0.0,-113.2 cell=0,0,-2 origin=0,0,0 replicas=10 dmin=9.7 dmax=51.2 limit=97.6 speed=6.0 beyond=0 dup=0 chunks=4 orphans=0 carrierless=0 spawns=25 despawns=14 pawn=1
[nebula] client 59247 fps replicas 11 (+0.0/s -0.0/s) entities 11 in 124 pkt/s 8.6 KB/s 60 states/s (msgs: state 60 rpc 0 vars 0) rtt 0ms lead 4 (adj 1, worker saw 4) corrections 0 | full-rate interp: depth 0.0 ticks, starved 0.0% worst +0.0 | frame max 0.9ms fixed/frame max 1 | gaps>3t 0 worst 0t | render delay 3t (stream lag 0t) | snapshot age ms min 15.4 avg 16.4 max 21.2
[nebula] [nebula-probe] t=100.1 pos=43.9,0.0,-109.9 cell=0,0,-2 origin=0,0,0 replicas=10 dmin=4.1 dmax=52.3 limit=97.6 speed=6.0 beyond=0 dup=0 chunks=4 orphans=0 carrierless=0 spawns=25 despawns=14 pawn=1
[nebula] [nebula-probe] t=101.1 pos=38.9,0.0,-106.5 cell=0,0,-2 origin=0,0,0 replicas=10 dmin=3.5 dmax=54.0 limit=97.6 speed=6.0 beyond=0 dup=0 chunks=4 orphans=0 carrierless=0 spawns=25 despawns=14 pawn=1
[nebula] [nebula-probe] t=102.1 pos=33.9,0.0,-103.2 cell=0,0,-2 origin=0,0,0 replicas=10 dmin=8.9 dmax=57.3 limit=97.6 speed=6.0 beyond=0 dup=0 chunks=4 orphans=0 carrierless=0 spawns=25 despawns=14 pawn=1
[nebula] [nebula-probe] t=103.1 pos=28.9,0.0,-101.2 cell=0,0,-2 origin=0,0,0 replicas=12 dmin=0.8 dmax=62.3 limit=96.6 speed=5.4 beyond=0 dup=0 chunks=9 orphans=0 carrierless=0 spawns=27 despawns=14 pawn=1
[nebula] [nebula-probe] t=104.1 pos=23.7,0.0,-104.3 cell=0,0,-2 origin=0,0,0 replicas=12 dmin=5.2 dmax=67.4 limit=97.6 speed=6.0 beyond=0 dup=0 chunks=9 orphans=0 carrierless=0 spawns=27 despawns=14 pawn=1
[nebula] client 57736 fps replicas 11 (+0.4/s -0.4/s) entities 11 in 127 pkt/s 9.9 KB/s 60 states/s (msgs: state 60 rpc 0 vars 0) rtt 0ms lead 4 (adj 1, worker saw 4) corrections 0 | full-rate interp: depth 0.0 ticks, starved 0.0% worst +0.0 | frame max 1.0ms fixed/frame max 1 | gaps>3t 0 worst 0t | render delay 3t (stream lag 0t) | snapshot age ms min 15.5 avg 16.4 max 20.6
[nebula] [nebula-probe] t=105.1 pos=18.6,0.0,-107.3 cell=0,0,-2 origin=0,0,0 replicas=10 dmin=11.2 dmax=65.7 limit=97.6 speed=6.0 beyond=0 dup=0 chunks=9 orphans=0 carrierless=0 spawns=27 despawns=16 pawn=1
[nebula] [nebula-probe] t=106.1 pos=13.4,0.0,-110.4 cell=0,0,-2 origin=0,0,0 replicas=11 dmin=16.6 dmax=61.6 limit=97.6 speed=6.0 beyond=0 dup=0 chunks=9 orphans=0 carrierless=0 spawns=29 despawns=17 pawn=1
[nebula] [nebula-probe] t=107.1 pos=8.2,0.0,-113.5 cell=0,0,-2 origin=0,0,0 replicas=11 dmin=22.0 dmax=66.7 limit=97.6 speed=6.0 beyond=0 dup=0 chunks=9 orphans=0 carrierless=0 spawns=29 despawns=17 pawn=1
[nebula] [nebula-probe] t=108.1 pos=3.1,0.0,-116.5 cell=0,0,-2 origin=0,0,0 replicas=10 dmin=27.6 dmax=68.5 limit=97.6 speed=6.0 beyond=0 dup=0 chunks=9 orphans=0 carrierless=0 spawns=29 despawns=18 pawn=1
[nebula] [nebula-probe] t=109.1 pos=4.2,0.0,-120.6 cell=0,0,-2 origin=0,0,0 replicas=8 dmin=29.0 dmax=46.2 limit=94.7 speed=4.2 beyond=0 dup=0 chunks=9 orphans=0 carrierless=0 spawns=29 despawns=20 pawn=1
[nebula] client 57593 fps replicas 9 (+0.4/s -0.8/s) entities 9 in 129 pkt/s 11.9 KB/s 60 states/s (msgs: state 60 rpc 0 vars 0) rtt 0ms lead 4 (adj 1, worker saw 4) corrections 0 | full-rate interp: depth 0.0 ticks, starved 0.0% worst +0.0 | frame max 1.0ms fixed/frame max 1 | gaps>3t 0 worst 0t | render delay 3t (stream lag 0t) | snapshot age ms min 15.5 avg 16.4 max 17.6
[nebula] [nebula-probe] t=110.1 pos=8.1,0.0,-125.1 cell=0,0,-2 origin=0,0,0 replicas=8 dmin=30.9 dmax=45.6 limit=97.6 speed=6.0 beyond=0 dup=0 chunks=9 orphans=0 carrierless=0 spawns=29 despawns=20 pawn=1
[nebula] [nebula-probe] t=111.1 pos=12.0,0.0,-129.5 cell=0,0,-3 origin=0,0,0 replicas=8 dmin=25.7 dmax=45.7 limit=97.4 speed=5.9 beyond=0 dup=0 chunks=9 orphans=0 carrierless=0 spawns=29 despawns=20 pawn=1
[nebula] [nebula-probe] t=112.1 pos=16.0,0.0,-134.0 cell=0,0,-3 origin=0,0,0 replicas=8 dmin=20.8 dmax=46.7 limit=97.6 speed=6.0 beyond=0 dup=0 chunks=9 orphans=0 carrierless=0 spawns=29 despawns=20 pawn=1
[nebula] [nebula-probe] t=113.1 pos=20.0,0.0,-138.5 cell=0,0,-3 origin=0,0,0 replicas=8 dmin=16.6 dmax=48.3 limit=97.6 speed=6.0 beyond=0 dup=0 chunks=9 orphans=0 carrierless=0 spawns=29 despawns=20 pawn=1
[nebula] [nebula-probe] t=114.1 pos=23.9,0.0,-143.0 cell=0,0,-3 origin=0,0,0 replicas=8 dmin=13.9 dmax=50.6 limit=97.6 speed=6.0 beyond=0 dup=0 chunks=9 orphans=0 carrierless=0 spawns=29 despawns=20 pawn=1
[nebula] client 60767 fps replicas 9 (+0.0/s -0.0/s) entities 9 in 125 pkt/s 10.2 KB/s 60 states/s (msgs: state 60 rpc 0 vars 0) rtt 0ms lead 4 (adj 1, worker saw 4) corrections 1 last 0.10m | full-rate interp: depth 0.0 ticks, starved 0.0% worst +0.0 | frame max 0.9ms fixed/frame max 1 | gaps>3t 0 worst 0t | render delay 3t (stream lag 0t) | snapshot age ms min 10.6 avg 12.8 max 18.6
[nebula] [nebula-probe] t=115.1 pos=27.9,0.0,-147.5 cell=0,0,-3 origin=0,0,0 replicas=8 dmin=13.4 dmax=53.5 limit=97.6 speed=6.0 beyond=0 dup=0 chunks=9 orphans=0 carrierless=0 spawns=29 despawns=20 pawn=1
[nebula] [nebula-probe] t=116.1 pos=31.9,0.0,-152.0 cell=0,0,-3 origin=0,0,0 replicas=8 dmin=15.5 dmax=57.2 limit=97.6 speed=6.0 beyond=0 dup=0 chunks=9 orphans=0 carrierless=0 spawns=29 despawns=20 pawn=1
[nebula] [nebula-probe] t=117.1 pos=35.8,0.0,-156.5 cell=0,0,-3 origin=0,0,0 replicas=8 dmin=19.3 dmax=62.4 limit=97.6 speed=6.0 beyond=0 dup=0 chunks=9 orphans=0 carrierless=0 spawns=29 despawns=20 pawn=1
[nebula] [nebula-probe] t=118.1 pos=39.8,0.0,-161.0 cell=0,0,-3 origin=0,0,0 replicas=8 dmin=24.0 dmax=67.8 limit=97.6 speed=6.0 beyond=0 dup=0 chunks=9 orphans=0 carrierless=0 spawns=29 despawns=20 pawn=1
[nebula] [nebula-probe] t=119.1 pos=42.6,0.0,-156.8 cell=0,0,-3 origin=0,0,0 replicas=5 dmin=20.5 dmax=60.5 limit=96.1 speed=5.1 beyond=0 dup=0 chunks=6 orphans=0 carrierless=0 spawns=29 despawns=23 pawn=1
[nebula] client 61026 fps replicas 6 (+0.0/s -0.6/s) entities 6 in 127 pkt/s 10.6 KB/s 60 states/s (msgs: state 60 rpc 0 vars 0) rtt 0ms lead 4 (adj 1, worker saw 4) corrections 0 | full-rate interp: depth 0.0 ticks, starved 0.0% worst +0.0 | frame max 0.9ms fixed/frame max 1 | gaps>3t 0 worst 0t | render delay 3t (stream lag 0t) | snapshot age ms min 11.2 avg 12.1 max 16.8
[nebula] [nebula-probe] t=120.1 pos=45.4,0.0,-151.5 cell=0,0,-3 origin=0,0,0 replicas=5 dmin=16.7 dmax=55.1 limit=97.6 speed=6.0 beyond=0 dup=0 chunks=6 orphans=0 carrierless=0 spawns=29 despawns=23 pawn=1
[nebula] [nebula-probe] t=121.1 pos=48.1,0.0,-146.1 cell=0,0,-3 origin=0,0,0 replicas=5 dmin=14.5 dmax=50.0 limit=97.6 speed=6.0 beyond=0 dup=0 chunks=6 orphans=0 carrierless=0 spawns=29 despawns=23 pawn=1
[nebula] [nebula-probe] t=122.1 pos=50.8,0.0,-140.7 cell=0,0,-3 origin=0,0,0 replicas=5 dmin=14.7 dmax=45.2 limit=97.6 speed=6.0 beyond=0 dup=0 chunks=6 orphans=0 carrierless=0 spawns=29 despawns=23 pawn=1
[nebula] [nebula-probe] t=123.1 pos=47.3,0.0,-138.5 cell=0,0,-3 origin=0,0,0 replicas=5 dmin=10.8 dmax=42.3 limit=94.6 speed=4.1 beyond=0 dup=0 chunks=6 orphans=0 carrierless=0 spawns=29 despawns=23 pawn=1
[nebula] [nebula-probe] t=124.1 pos=41.4,0.0,-137.5 cell=0,0,-3 origin=0,0,0 replicas=6 dmin=4.9 dmax=46.3 limit=97.6 speed=6.0 beyond=0 dup=0 chunks=9 orphans=0 carrierless=0 spawns=30 despawns=23 pawn=1
[nebula] client 61036 fps replicas 7 (+0.2/s -0.0/s) entities 7 in 129 pkt/s 10.9 KB/s 60 states/s (msgs: state 60 rpc 0 vars 0) rtt 0ms lead 4 (adj 1, worker saw 4) corrections 0 | full-rate interp: depth 0.0 ticks, starved 0.0% worst +0.0 | frame max 0.9ms fixed/frame max 1 | gaps>3t 0 worst 0t | render delay 3t (stream lag 0t) | snapshot age ms min 11.1 avg 12.2 max 17.1
[nebula] [nebula-probe] t=125.1 pos=35.5,0.0,-136.5 cell=0,0,-3 origin=0,0,0 replicas=6 dmin=1.3 dmax=43.1 limit=97.6 speed=6.0 beyond=0 dup=0 chunks=9 orphans=0 carrierless=0 spawns=30 despawns=23 pawn=1
[nebula] [nebula-probe] t=126.1 pos=29.6,0.0,-135.5 cell=0,0,-3 origin=0,0,0 replicas=6 dmin=7.2 dmax=41.6 limit=97.6 speed=6.0 beyond=0 dup=0 chunks=9 orphans=0 carrierless=0 spawns=30 despawns=23 pawn=1
[nebula] [nebula-probe] t=127.1 pos=23.7,0.0,-134.5 cell=0,0,-3 origin=0,0,0 replicas=8 dmin=13.2 dmax=45.6 limit=97.6 speed=6.0 beyond=0 dup=0 chunks=9 orphans=0 carrierless=0 spawns=32 despawns=23 pawn=1
[nebula] [nebula-probe] t=128.1 pos=19.6,0.0,-136.2 cell=0,0,-3 origin=0,0,0 replicas=9 dmin=0.3 dmax=46.5 limit=95.1 speed=4.4 beyond=0 dup=0 chunks=9 orphans=0 carrierless=0 spawns=33 despawns=23 pawn=1
[nebula] [nebula-probe] t=129.1 pos=18.2,0.0,-142.1 cell=0,0,-3 origin=0,0,0 replicas=9 dmin=6.3 dmax=52.3 limit=97.6 speed=6.0 beyond=0 dup=0 chunks=9 orphans=0 carrierless=0 spawns=33 despawns=23 pawn=1
[nebula] client 61082 fps replicas 10 (+0.6/s -0.0/s) entities 10 in 127 pkt/s 10.8 KB/s 60 states/s (msgs: state 60 rpc 0 vars 0) rtt 0ms lead 4 (adj 1, worker saw 4) corrections 0 | full-rate interp: depth 0.0 ticks, starved 0.0% worst +0.0 | frame max 1.0ms fixed/frame max 1 | gaps>3t 0 worst 0t | render delay 3t (stream lag 0t) | snapshot age ms min 11.3 avg 12.3 max 18.2
[nebula] [nebula-probe] t=130.1 pos=16.9,0.0,-147.9 cell=0,0,-3 origin=0,0,0 replicas=9 dmin=12.3 dmax=58.1 limit=97.6 speed=6.0 beyond=0 dup=0 chunks=9 orphans=0 carrierless=0 spawns=33 despawns=23 pawn=1
[nebula] [nebula-probe] t=131.1 pos=15.6,0.0,-153.8 cell=0,0,-3 origin=0,0,0 replicas=9 dmin=18.3 dmax=63.9 limit=97.6 speed=6.0 beyond=0 dup=0 chunks=9 orphans=0 carrierless=0 spawns=33 despawns=23 pawn=1
[nebula] [nebula-probe] t=132.1 pos=14.2,0.0,-159.6 cell=0,0,-3 origin=0,0,0 replicas=9 dmin=24.3 dmax=69.8 limit=97.6 speed=6.0 beyond=0 dup=0 chunks=9 orphans=0 carrierless=0 spawns=33 despawns=23 pawn=1
[nebula] [nebula-probe] t=133.1 pos=12.9,0.0,-165.5 cell=0,0,-3 origin=0,0,0 replicas=8 dmin=30.3 dmax=70.2 limit=97.6 speed=6.0 beyond=0 dup=0 chunks=9 orphans=0 carrierless=0 spawns=33 despawns=24 pawn=1
[nebula] [nebula-probe] t=134.1 pos=11.6,0.0,-171.3 cell=0,0,-3 origin=0,0,0 replicas=6 dmin=36.3 dmax=71.7 limit=97.6 speed=6.0 beyond=0 dup=0 chunks=9 orphans=0 carrierless=0 spawns=33 despawns=26 pawn=1
[nebula] client 60829 fps replicas 6 (+0.0/s -0.8/s) entities 6 in 127 pkt/s 10.9 KB/s 60 states/s (msgs: state 60 rpc 0 vars 0) rtt 0ms lead 4 (adj 1, worker saw 4) corrections 0 | full-rate interp: depth 0.0 ticks, starved 0.0% worst +0.0 | frame max 0.9ms fixed/frame max 1 | gaps>3t 0 worst 0t | render delay 3t (stream lag 0t) | snapshot age ms min 11.4 avg 14.0 max 17.6
[nebula] [nebula-probe] t=135.1 pos=10.3,0.0,-176.8 cell=0,0,-3 origin=0,0,0 replicas=5 dmin=41.9 dmax=69.5 limit=97.0 speed=5.6 beyond=0 dup=0 chunks=9 orphans=0 carrierless=0 spawns=33 despawns=27 pawn=1
[nebula] [nebula-probe] t=136.1 pos=10.4,0.0,-170.8 cell=0,0,-3 origin=0,0,0 replicas=4 dmin=36.1 dmax=49.5 limit=97.6 speed=6.0 beyond=0 dup=0 chunks=9 orphans=0 carrierless=0 spawns=33 despawns=28 pawn=1
[nebula] [nebula-probe] t=137.1 pos=10.5,0.0,-164.8 cell=0,0,-3 origin=0,0,0 replicas=4 dmin=30.3 dmax=45.2 limit=97.6 speed=6.0 beyond=0 dup=0 chunks=9 orphans=0 carrierless=0 spawns=33 despawns=28 pawn=1
[nebula] [nebula-probe] t=138.1 pos=10.6,0.0,-158.8 cell=0,0,-3 origin=0,0,0 replicas=4 dmin=24.6 dmax=41.3 limit=97.6 speed=6.0 beyond=0 dup=0 chunks=9 orphans=0 carrierless=0 spawns=33 despawns=28 pawn=1
[nebula] [nebula-probe] t=139.1 pos=10.7,0.0,-152.8 cell=0,0,-3 origin=0,0,0 replicas=5 dmin=19.1 dmax=46.0 limit=97.6 speed=6.0 beyond=0 dup=0 chunks=9 orphans=0 carrierless=0 spawns=34 despawns=28 pawn=1
[nebula] client 49555 fps replicas 7 (+0.4/s -0.2/s) entities 7 in 130 pkt/s 12.1 KB/s 66 states/s (msgs: state 61 rpc 0 vars 0) rtt 0ms lead 4 (adj 1, worker saw 4) corrections 0 | full-rate interp: depth 1.8 ticks, starved 0.0% worst +0.0 | frame max 0.9ms fixed/frame max 1 | gaps>3t 0 worst 0t | render delay 3t (stream lag 0t) | snapshot age ms min 11.6 avg 15.1 max 20.4
[nebula] [nebula-probe] t=140.1 pos=10.8,0.0,-146.8 cell=0,0,-3 origin=0,0,0 replicas=6 dmin=14.0 dmax=43.9 limit=97.6 speed=6.0 beyond=0 dup=0 chunks=9 orphans=0 carrierless=0 spawns=35 despawns=28 pawn=1
[nebula] [nebula-probe] t=141.1 pos=10.9,0.0,-140.8 cell=0,0,-3 origin=0,0,0 replicas=10 dmin=10.0 dmax=46.8 limit=97.6 speed=6.0 beyond=0 dup=0 chunks=9 orphans=0 carrierless=0 spawns=39 despawns=28 pawn=1
[nebula] [nebula-probe] t=142.1 pos=11.5,0.0,-137.9 cell=0,0,-3 origin=0,0,0 replicas=10 dmin=8.3 dmax=45.3 limit=92.7 speed=2.9 beyond=0 dup=0 chunks=9 orphans=0 carrierless=0 spawns=39 despawns=28 pawn=1
[nebula] [nebula-probe] t=143.1 pos=13.4,0.0,-143.6 cell=0,0,-3 origin=0,0,0 replicas=10 dmin=9.9 dmax=49.6 limit=97.6 speed=6.0 beyond=0 dup=0 chunks=9 orphans=0 carrierless=0 spawns=39 despawns=28 pawn=1
[nebula] [nebula-probe] t=144.1 pos=15.3,0.0,-149.3 cell=0,0,-3 origin=0,0,0 replicas=10 dmin=14.0 dmax=54.2 limit=97.6 speed=6.0 beyond=0 dup=0 chunks=9 orphans=0 carrierless=0 spawns=39 despawns=28 pawn=1
[nebula] client 30696 fps replicas 11 (+0.8/s -0.0/s) entities 11 in 130 pkt/s 11.5 KB/s 75 states/s (msgs: state 63 rpc 0 vars 0) rtt 0ms lead 4 (adj 1, worker saw 4) corrections 0 | full-rate interp: depth 1.9 ticks, starved 0.0% worst +0.0 | frame max 0.9ms fixed/frame max 1 | gaps>3t 0 worst 0t | render delay 3t (stream lag 0t) | snapshot age ms min 12.1 avg 15.2 max 20.7
[nebula] [nebula-probe] t=145.1 pos=17.2,0.0,-155.0 cell=0,0,-3 origin=0,0,0 replicas=10 dmin=19.2 dmax=59.3 limit=97.6 speed=6.0 beyond=0 dup=0 chunks=9 orphans=0 carrierless=0 spawns=39 despawns=28 pawn=1
[nebula] [nebula-probe] t=146.1 pos=19.1,0.0,-160.7 cell=0,0,-3 origin=0,0,0 replicas=10 dmin=24.7 dmax=64.9 limit=97.6 speed=6.0 beyond=0 dup=0 chunks=9 orphans=0 carrierless=0 spawns=39 despawns=28 pawn=1
[nebula] [nebula-probe] t=147.1 pos=21.0,0.0,-166.4 cell=0,0,-3 origin=0,0,0 replicas=10 dmin=30.5 dmax=70.6 limit=97.6 speed=6.0 beyond=0 dup=0 chunks=9 orphans=0 carrierless=0 spawns=39 despawns=28 pawn=1
[nebula] [nebula-probe] t=148.1 pos=22.9,0.0,-172.1 cell=0,0,-3 origin=0,0,0 replicas=7 dmin=36.3 dmax=68.7 limit=97.6 speed=6.0 beyond=0 dup=0 chunks=9 orphans=0 carrierless=0 spawns=39 despawns=31 pawn=1
[nebula] [nebula-probe] t=149.1 pos=24.8,0.0,-177.7 cell=0,0,-3 origin=0,0,0 replicas=6 dmin=42.1 dmax=66.3 limit=97.6 speed=6.0 beyond=0 dup=0 chunks=9 orphans=0 carrierless=0 spawns=39 despawns=32 pawn=1
[nebula] client 33857 fps replicas 8 (+0.2/s -0.8/s) entities 8 in 130 pkt/s 11.5 KB/s 67 states/s (msgs: state 62 rpc 0 vars 0) rtt 0ms lead 4 (adj 1, worker saw 4) corrections 0 | full-rate interp: depth 1.7 ticks, starved 0.0% worst +0.0 | frame max 0.9ms fixed/frame max 1 | gaps>3t 0 worst 0t | render delay 3t (stream lag 0t) | snapshot age ms min 12.1 avg 15.2 max 17.7
[nebula] [nebula-probe] t=150.1 pos=23.5,0.0,-178.1 cell=0,0,-3 origin=0,0,0 replicas=7 dmin=1.1 dmax=66.8 limit=90.1 speed=1.3 beyond=0 dup=0 chunks=9 orphans=0 carrierless=0 spawns=40 despawns=32 pawn=1
[nebula] [nebula-probe] t=151.1 pos=19.4,0.0,-173.7 cell=0,0,-3 origin=0,0,0 replicas=6 dmin=7.1 dmax=57.8 limit=97.6 speed=6.0 beyond=0 dup=0 chunks=9 orphans=0 carrierless=0 spawns=40 despawns=33 pawn=1
[nebula] [nebula-probe] t=152.1 pos=15.4,0.0,-169.3 cell=0,0,-3 origin=0,0,0 replicas=6 dmin=13.1 dmax=51.8 limit=97.6 speed=6.0 beyond=0 dup=0 chunks=9 orphans=0 carrierless=0 spawns=40 despawns=33 pawn=1
[nebula] [nebula-probe] t=153.1 pos=11.3,0.0,-164.9 cell=0,0,-3 origin=0,0,0 replicas=6 dmin=19.1 dmax=45.8 limit=97.6 speed=6.0 beyond=0 dup=0 chunks=9 orphans=0 carrierless=0 spawns=40 despawns=33 pawn=1
[nebula] [nebula-probe] t=154.1 pos=7.2,0.0,-160.5 cell=0,0,-3 origin=0,0,0 replicas=6 dmin=15.9 dmax=39.8 limit=97.6 speed=6.0 beyond=0 dup=0 chunks=9 orphans=0 carrierless=0 spawns=40 despawns=33 pawn=1
[nebula] client 31935 fps replicas 7 (+0.0/s -0.2/s) entities 7 in 132 pkt/s 13.9 KB/s 98 states/s (msgs: state 63 rpc 0 vars 0) rtt 0ms lead 4 (adj 1, worker saw 4) corrections 0 | full-rate interp: depth 2.4 ticks, starved 0.0% worst +0.0 | frame max 0.9ms fixed/frame max 1 | gaps>3t 0 worst 0t | render delay 3t (stream lag 0t) | snapshot age ms min 12.2 avg 16.0 max 20.5
[nebula] [nebula-probe] t=155.1 pos=3.1,0.0,-156.1 cell=0,0,-3 origin=0,0,0 replicas=6 dmin=14.2 dmax=38.5 limit=97.6 speed=6.0 beyond=0 dup=0 chunks=9 orphans=0 carrierless=0 spawns=40 despawns=33 pawn=1
[nebula] [nebula-probe] t=156.1 pos=0.9,0.0,-151.8 cell=0,0,-3 origin=0,0,0 replicas=8 dmin=14.5 dmax=44.8 limit=95.8 speed=4.9 beyond=0 dup=0 chunks=9 orphans=0 carrierless=0 spawns=42 despawns=33 pawn=1
[nebula] [nebula-probe] t=157.1 pos=5.1,0.0,-147.4 cell=0,0,-3 origin=0,0,0 replicas=8 dmin=18.1 dmax=44.9 limit=97.6 speed=6.0 beyond=0 dup=0 chunks=9 orphans=0 carrierless=0 spawns=42 despawns=33 pawn=1
[nebula] [nebula-probe] t=158.1 pos=9.2,0.0,-143.1 cell=0,0,-3 origin=0,0,0 replicas=10 dmin=12.6 dmax=45.7 limit=97.6 speed=6.0 beyond=0 dup=0 chunks=9 orphans=0 carrierless=0 spawns=44 despawns=33 pawn=1
[nebula] [nebula-probe] t=159.1 pos=13.4,0.0,-138.8 cell=0,0,-3 origin=0,0,0 replicas=12 dmin=6.9 dmax=47.3 limit=97.6 speed=6.0 beyond=0 dup=0 chunks=9 orphans=0 carrierless=0 spawns=46 despawns=33 pawn=1
[nebula] client 30825 fps replicas 14 (+1.4/s -0.0/s) entities 14 in 131 pkt/s 13.1 KB/s 119 states/s (msgs: state 64 rpc 0 vars 0) rtt 0ms lead 4 (adj 1, worker saw 4) corrections 0 | full-rate interp: depth 2.5 ticks, starved 0.0% worst +0.0 | frame max 0.9ms fixed/frame max 1 | gaps>3t 0 worst 0t | render delay 3t (stream lag 0t) | snapshot age ms min 12.4 avg 16.1 max 20.6
[nebula] [nebula-probe] t=160.1 pos=17.8,0.0,-134.9 cell=0,0,-3 origin=0,0,0 replicas=13 dmin=2.1 dmax=50.0 limit=97.4 speed=5.9 beyond=0 dup=0 chunks=9 orphans=0 carrierless=0 spawns=47 despawns=33 pawn=1
[nebula] [nebula-probe] t=161.1 pos=23.5,0.0,-133.1 cell=0,0,-3 origin=0,0,0 replicas=13 dmin=4.8 dmax=55.0 limit=97.6 speed=6.0 beyond=0 dup=0 chunks=9 orphans=0 carrierless=0 spawns=47 despawns=33 pawn=1
[nebula] [nebula-probe] t=162.1 pos=29.3,0.0,-131.3 cell=0,0,-3 origin=0,0,0 replicas=13 dmin=9.4 dmax=60.1 limit=97.6 speed=6.0 beyond=0 dup=0 chunks=9 orphans=0 carrierless=0 spawns=47 despawns=33 pawn=1
[nebula] [nebula-probe] t=163.1 pos=35.0,0.0,-129.5 cell=0,0,-3 origin=0,0,0 replicas=13 dmin=7.9 dmax=65.4 limit=97.6 speed=6.0 beyond=0 dup=0 chunks=9 orphans=0 carrierless=0 spawns=47 despawns=33 pawn=1
[nebula] [nebula-probe] t=164.1 pos=40.7,0.0,-127.7 cell=0,0,-2 origin=0,0,0 replicas=13 dmin=10.4 dmax=62.9 limit=97.6 speed=6.0 beyond=0 dup=0 chunks=9 orphans=0 carrierless=0 spawns=48 despawns=34 pawn=1
[nebula] client 31156 fps replicas 15 (+0.4/s -0.2/s) entities 15 in 133 pkt/s 12.2 KB/s 78 states/s (msgs: state 65 rpc 0 vars 0) rtt 0ms lead 4 (adj 1, worker saw 4) corrections 0 | full-rate interp: depth 1.7 ticks, starved 0.0% worst +0.0 | frame max 1.2ms fixed/frame max 1 | gaps>3t 0 worst 0t | render delay 3t (stream lag 0t) | snapshot age ms min 12.2 avg 16.2 max 19.7
[nebula] [nebula-probe] t=165.1 pos=46.4,0.0,-125.9 cell=0,0,-2 origin=0,0,0 replicas=14 dmin=15.0 dmax=68.7 limit=97.6 speed=6.0 beyond=0 dup=0 chunks=12 orphans=0 carrierless=0 spawns=49 despawns=34 pawn=1
[nebula] [nebula-probe] t=166.1 pos=52.2,0.0,-124.1 cell=0,0,-2 origin=0,0,0 replicas=13 dmin=17.5 dmax=61.4 limit=97.6 speed=6.0 beyond=0 dup=0 chunks=9 orphans=0 carrierless=0 spawns=51 despawns=37 pawn=1
[nebula] [nebula-probe] t=167.1 pos=57.9,0.0,-122.3 cell=0,0,-2 origin=0,0,0 replicas=14 dmin=7.0 dmax=65.8 limit=97.6 speed=6.0 beyond=0 dup=0 chunks=9 orphans=0 carrierless=0 spawns=52 despawns=37 pawn=1
[nebula] [nebula-probe] t=168.1 pos=63.6,0.0,-120.5 cell=0,0,-2 origin=0,0,0 replicas=14 dmin=5.7 dmax=64.6 limit=97.6 speed=6.0 beyond=0 dup=0 chunks=9 orphans=0 carrierless=0 spawns=53 despawns=38 pawn=1
[nebula] [nebula-probe] t=169.1 pos=69.0,0.0,-118.2 cell=1,0,-2 origin=0,0,0 replicas=16 dmin=1.1 dmax=70.4 limit=97.3 speed=5.8 beyond=0 dup=0 chunks=12 orphans=0 carrierless=0 spawns=55 despawns=38 pawn=1
[nebula] client 29069 fps replicas 18 (+1.6/s -1.0/s) entities 18 in 157 pkt/s 15.7 KB/s 126 states/s (msgs: state 88 rpc 0 vars 0) rtt 0ms lead 4 (adj 1, worker saw 4) corrections 0 | full-rate interp: depth 2.4 ticks, starved 0.0% worst +0.0 | frame max 0.9ms fixed/frame max 1 | gaps>3t 0 worst 0t | render delay 3t (stream lag 0t) | snapshot age ms min 12.5 avg 16.3 max 20.0
[nebula] [nebula-probe] t=170.1 pos=72.4,0.0,-113.3 cell=1,0,-2 origin=0,0,0 replicas=17 dmin=4.9 dmax=57.4 limit=97.6 speed=6.0 beyond=0 dup=0 chunks=9 orphans=0 carrierless=0 spawns=57 despawns=39 pawn=1
[nebula] [nebula-probe] t=171.1 pos=75.9,0.0,-108.4 cell=1,0,-2 origin=0,0,0 replicas=17 dmin=10.9 dmax=62.6 limit=97.6 speed=6.0 beyond=0 dup=0 chunks=9 orphans=0 carrierless=0 spawns=57 despawns=39 pawn=1
[nebula] [nebula-probe] t=172.1 pos=79.3,0.0,-103.5 cell=1,0,-2 origin=0,0,0 replicas=17 dmin=8.6 dmax=67.9 limit=97.6 speed=6.0 beyond=0 dup=0 chunks=9 orphans=0 carrierless=0 spawns=57 despawns=39 pawn=1
[nebula] [nebula-probe] t=173.1 pos=82.8,0.0,-98.6 cell=1,0,-2 origin=0,0,0 replicas=18 dmin=2.9 dmax=61.6 limit=97.6 speed=6.0 beyond=0 dup=0 chunks=9 orphans=0 carrierless=0 spawns=59 despawns=40 pawn=1
[nebula] [nebula-probe] t=174.1 pos=85.0,0.0,-95.5 cell=1,0,-2 origin=0,0,0 replicas=18 dmin=1.8 dmax=63.9 limit=94.1 speed=3.8 beyond=0 dup=0 chunks=9 orphans=0 carrierless=0 spawns=59 despawns=40 pawn=1
[nebula] client 31280 fps replicas 19 (+0.4/s -0.2/s) entities 19 in 141 pkt/s 11.6 KB/s 74 states/s (msgs: state 74 rpc 0 vars 0) rtt 0ms lead 4 (adj 1, worker saw 4) corrections 0 | full-rate interp: depth 2.0 ticks, starved 0.0% worst +0.0 | frame max 0.9ms fixed/frame max 1 | gaps>3t 0 worst 0t | render delay 4t (stream lag 1t) | snapshot age ms min 12.8 avg 16.4 max 21.2
[nebula] [nebula-probe] t=175.1 pos=81.6,0.0,-100.4 cell=1,0,-2 origin=0,0,0 replicas=18 dmin=4.9 dmax=60.4 limit=97.6 speed=6.0 beyond=0 dup=0 chunks=9 orphans=0 carrierless=0 spawns=59 despawns=40 pawn=1
[nebula] [nebula-probe] t=176.1 pos=78.1,0.0,-105.3 cell=1,0,-2 origin=0,0,0 replicas=18 dmin=10.8 dmax=57.6 limit=97.6 speed=6.0 beyond=0 dup=0 chunks=9 orphans=0 carrierless=0 spawns=59 despawns=40 pawn=1
[nebula] [nebula-probe] t=177.1 pos=74.7,0.0,-110.3 cell=1,0,-2 origin=0,0,0 replicas=19 dmin=8.7 dmax=60.0 limit=97.6 speed=6.0 beyond=0 dup=0 chunks=9 orphans=0 carrierless=0 spawns=60 despawns=40 pawn=1
[nebula] [nebula-probe] t=178.1 pos=71.2,0.0,-115.2 cell=1,0,-2 origin=0,0,0 replicas=19 dmin=2.7 dmax=65.7 limit=97.6 speed=6.0 beyond=0 dup=0 chunks=9 orphans=0 carrierless=0 spawns=60 despawns=40 pawn=1
[nebula] [nebula-probe] t=179.1 pos=67.8,0.0,-120.1 cell=1,0,-2 origin=0,0,0 replicas=19 dmin=3.3 dmax=71.4 limit=97.6 speed=6.0 beyond=0 dup=0 chunks=9 orphans=0 carrierless=0 spawns=60 despawns=40 pawn=1
[nebula] client 30250 fps replicas 19 (+0.4/s -0.4/s) entities 19 in 135 pkt/s 13.7 KB/s 113 states/s (msgs: state 67 rpc 0 vars 0) rtt 0ms lead 4 (adj 1, worker saw 4) corrections 0 | full-rate interp: depth 3.1 ticks, starved 0.0% worst +0.0 | frame max 0.9ms fixed/frame max 1 | gaps>3t 0 worst 0t | render delay 4t (stream lag 1t) | snapshot age ms min 12.9 avg 16.5 max 21.5
[nebula] [nebula-probe] t=180.1 pos=64.8,0.0,-124.6 cell=1,0,-2 origin=0,0,0 replicas=18 dmin=8.7 dmax=58.2 limit=96.7 speed=5.4 beyond=0 dup=0 chunks=9 orphans=0 carrierless=0 spawns=61 despawns=42 pawn=1
[nebula] [nebula-probe] t=181.1 pos=69.8,0.0,-121.4 cell=1,0,-2 origin=0,0,0 replicas=19 dmin=4.1 dmax=54.9 limit=97.6 speed=6.0 beyond=0 dup=0 chunks=9 orphans=0 carrierless=0 spawns=62 despawns=42 pawn=1
[nebula] [nebula-probe] t=182.1 pos=74.9,0.0,-118.1 cell=1,0,-2 origin=0,0,0 replicas=19 dmin=5.4 dmax=58.0 limit=97.6 speed=6.0 beyond=0 dup=0 chunks=9 orphans=0 carrierless=0 spawns=62 despawns=42 pawn=1
[nebula] [nebula-probe] t=183.1 pos=79.9,0.0,-114.9 cell=1,0,-2 origin=0,0,0 replicas=19 dmin=10.6 dmax=63.9 limit=97.6 speed=6.0 beyond=0 dup=0 chunks=9 orphans=0 carrierless=0 spawns=62 despawns=42 pawn=1
[nebula] [nebula-probe] t=184.1 pos=85.0,0.0,-111.6 cell=1,0,-2 origin=0,0,0 replicas=19 dmin=9.5 dmax=69.7 limit=97.6 speed=6.0 beyond=0 dup=0 chunks=9 orphans=0 carrierless=0 spawns=62 despawns=42 pawn=1
[nebula] client 30424 fps replicas 18 (+0.2/s -0.4/s) entities 18 in 133 pkt/s 14.8 KB/s 117 states/s (msgs: state 64 rpc 0 vars 0) rtt 0ms lead 4 (adj 1, worker saw 4) corrections 0 | full-rate interp: depth 2.6 ticks, starved 0.0% worst +0.0 | frame max 1.1ms fixed/frame max 1 | gaps>3t 0 worst 0t | render delay 3t (stream lag 0t) | snapshot age ms min 15.6 avg 16.6 max 21.7
[nebula] [nebula-probe] t=185.1 pos=90.0,0.0,-108.5 cell=1,0,-2 origin=0,0,0 replicas=17 dmin=4.2 dmax=62.2 limit=97.6 speed=6.0 beyond=0 dup=0 chunks=9 orphans=0 carrierless=0 spawns=62 despawns=44 pawn=1
[nebula] [nebula-probe] t=186.1 pos=95.9,0.0,-109.9 cell=1,0,-2 origin=0,0,0 replicas=18 dmin=4.0 dmax=68.2 limit=97.6 speed=6.0 beyond=0 dup=0 chunks=9 orphans=0 carrierless=0 spawns=63 despawns=44 pawn=1
[nebula] [nebula-probe] t=187.1 pos=101.7,0.0,-111.3 cell=1,0,-2 origin=0,0,0 replicas=17 dmin=10.0 dmax=70.1 limit=97.6 speed=6.0 beyond=0 dup=0 chunks=9 orphans=0 carrierless=0 spawns=63 despawns=45 pawn=1
[nebula] [nebula-probe] t=188.1 pos=107.5,0.0,-112.7 cell=1,0,-2 origin=0,0,0 replicas=16 dmin=16.0 dmax=70.5 limit=97.6 speed=6.0 beyond=0 dup=0 chunks=9 orphans=0 carrierless=0 spawns=63 despawns=46 pawn=1
[nebula] [nebula-probe] t=189.1 pos=113.4,0.0,-114.1 cell=1,0,-2 origin=0,0,0 replicas=14 dmin=22.0 dmax=71.5 limit=97.6 speed=6.0 beyond=0 dup=0 chunks=9 orphans=0 carrierless=0 spawns=64 despawns=49 pawn=1
[nebula] client 30859 fps replicas 13 (+0.4/s -1.4/s) entities 13 in 137 pkt/s 11.1 KB/s 71 states/s (msgs: state 69 rpc 0 vars 0) rtt 0ms lead 4 (adj 1, worker saw 4) corrections 0 | full-rate interp: depth 1.8 ticks, starved 0.0% worst +0.0 | frame max 0.9ms fixed/frame max 1 | gaps>3t 0 worst 0t | render delay 3t (stream lag 0t) | snapshot age ms min 12.8 avg 16.6 max 21.1
[nebula] [nebula-probe] t=190.1 pos=119.2,0.0,-115.5 cell=1,0,-2 origin=0,0,0 replicas=12 dmin=26.0 dmax=67.7 limit=97.6 speed=6.0 beyond=0 dup=0 chunks=9 orphans=0 carrierless=0 spawns=64 despawns=51 pawn=1
[nebula] [nebula-probe] t=191.1 pos=114.4,0.0,-113.6 cell=1,0,-2 origin=0,0,0 replicas=12 dmin=3.5 dmax=63.4 limit=96.3 speed=5.2 beyond=0 dup=0 chunks=9 orphans=0 carrierless=0 spawns=65 despawns=52 pawn=1
[nebula] [nebula-probe] t=192.1 pos=108.8,0.0,-111.4 cell=1,0,-2 origin=0,0,0 replicas=12 dmin=9.5 dmax=64.0 limit=97.6 speed=6.0 beyond=0 dup=0 chunks=9 orphans=0 carrierless=0 spawns=65 despawns=52 pawn=1
[nebula] [nebula-probe] t=193.1 pos=103.2,0.0,-109.3 cell=1,0,-2 origin=0,0,0 replicas=13 dmin=11.2 dmax=61.9 limit=97.6 speed=6.0 beyond=0 dup=0 chunks=9 orphans=0 carrierless=0 spawns=66 despawns=52 pawn=1
[nebula] [nebula-probe] t=194.1 pos=97.6,0.0,-107.1 cell=1,0,-2 origin=0,0,0 replicas=14 dmin=5.9 dmax=57.7 limit=97.6 speed=6.0 beyond=0 dup=0 chunks=9 orphans=0 carrierless=0 spawns=67 despawns=52 pawn=1
[nebula] client 30800 fps replicas 15 (+0.6/s -0.2/s) entities 15 in 135 pkt/s 11.7 KB/s 67 states/s (msgs: state 67 rpc 0 vars 0) rtt 0ms lead 4 (adj 1, worker saw 4) corrections 0 | full-rate interp: depth 1.6 ticks, starved 0.0% worst +0.0 | frame max 1.1ms fixed/frame max 1 | gaps>3t 0 worst 0t | render delay 3t (stream lag 0t) | snapshot age ms min 15.5 avg 16.7 max 21.3
[nebula] [nebula-probe] t=195.1 pos=92.0,0.0,-104.9 cell=1,0,-2 origin=0,0,0 replicas=14 dmin=1.0 dmax=57.3 limit=97.6 speed=6.0 beyond=0 dup=0 chunks=9 orphans=0 carrierless=0 spawns=67 despawns=52 pawn=1
[nebula] [nebula-probe] t=196.1 pos=86.4,0.0,-102.8 cell=1,0,-2 origin=0,0,0 replicas=17 dmin=5.0 dmax=61.8 limit=97.6 speed=6.0 beyond=0 dup=0 chunks=9 orphans=0 carrierless=0 spawns=70 despawns=52 pawn=1
[nebula] [nebula-probe] t=197.1 pos=80.8,0.0,-100.6 cell=1,0,-2 origin=0,0,0 replicas=18 dmin=5.4 dmax=66.6 limit=97.6 speed=6.0 beyond=0 dup=0 chunks=9 orphans=0 carrierless=0 spawns=71 despawns=52 pawn=1
[nebula] [nebula-probe] t=198.1 pos=75.2,0.0,-98.4 cell=1,0,-2 origin=0,0,0 replicas=17 dmin=8.5 dmax=47.6 limit=97.6 speed=6.0 beyond=0 dup=0 chunks=9 orphans=0 carrierless=0 spawns=71 despawns=53 pawn=1
[nebula] [nebula-probe] t=199.1 pos=71.4,0.0,-94.4 cell=1,0,-2 origin=0,0,0 replicas=21 dmin=1.4 dmax=50.6 limit=96.9 speed=5.6 beyond=0 dup=0 chunks=9 orphans=0 carrierless=0 spawns=75 despawns=53 pawn=1
[nebula] client 29470 fps replicas 23 (+1.8/s -0.2/s) entities 23 in 143 pkt/s 12.9 KB/s 74 states/s (msgs: state 72 rpc 0 vars 0) rtt 0ms lead 4 (adj 1, worker saw 4) corrections 0 | full-rate interp: depth 1.8 ticks, starved 0.0% worst +0.0 | frame max 1.1ms fixed/frame max 1 | gaps>3t 0 worst 0t | render delay 4t (stream lag 1t) | snapshot age ms min 15.6 avg 16.9 max 21.7
[nebula] [nebula-probe] t=200.1 pos=68.8,0.0,-89.0 cell=1,0,-2 origin=0,0,0 replicas=22 dmin=7.4 dmax=55.3 limit=97.6 speed=6.0 beyond=0 dup=0 chunks=9 orphans=0 carrierless=0 spawns=76 despawns=53 pawn=1
[nebula] [nebula-probe] t=201.1 pos=66.2,0.0,-83.5 cell=1,0,-2 origin=0,0,0 replicas=25 dmin=4.4 dmax=60.2 limit=97.6 speed=6.0 beyond=0 dup=0 chunks=9 orphans=0 carrierless=0 spawns=79 despawns=53 pawn=1
[nebula] [nebula-probe] t=202.1 pos=63.6,0.0,-78.1 cell=0,0,-2 origin=0,0,0 replicas=25 dmin=3.8 dmax=65.3 limit=97.6 speed=6.0 beyond=0 dup=0 chunks=9 orphans=0 carrierless=0 spawns=79 despawns=53 pawn=1
[nebula] [nebula-probe] t=203.1 pos=61.0,0.0,-72.7 cell=0,0,-2 origin=0,0,0 replicas=26 dmin=4.6 dmax=70.6 limit=97.6 speed=6.0 beyond=0 dup=0 chunks=12 orphans=0 carrierless=0 spawns=80 despawns=53 pawn=1
[nebula] [nebula-probe] t=204.1 pos=57.6,0.0,-68.6 cell=0,0,-2 origin=0,0,0 replicas=26 dmin=7.1 dmax=58.6 limit=96.5 speed=5.3 beyond=0 dup=0 chunks=9 orphans=0 carrierless=0 spawns=81 despawns=54 pawn=1
[nebula] client 26790 fps replicas 27 (+1.0/s -0.2/s) entities 27 in 131 pkt/s 12.3 KB/s 98 states/s (msgs: state 66 rpc 0 vars 0) rtt 0ms lead 4 (adj 1, worker saw 4) corrections 0 | full-rate interp: depth 2.1 ticks, starved 0.0% worst +0.0 | frame max 1.0ms fixed/frame max 1 | gaps>3t 0 worst 0t | render delay 4t (stream lag 1t) | snapshot age ms min 15.7 avg 17.4 max 21.4
[nebula] [nebula-probe] t=205.1 pos=51.6,0.0,-68.6 cell=0,0,-2 origin=0,0,0 replicas=26 dmin=3.7 dmax=64.2 limit=97.6 speed=6.0 beyond=0 dup=0 chunks=9 orphans=0 carrierless=0 spawns=81 despawns=54 pawn=1
[nebula] [nebula-probe] t=206.1 pos=45.6,0.0,-68.6 cell=0,0,-2 origin=0,0,0 replicas=28 dmin=7.0 dmax=69.9 limit=97.6 speed=6.0 beyond=0 dup=0 chunks=9 orphans=0 carrierless=0 spawns=83 despawns=54 pawn=1
[nebula] [nebula-probe] t=207.1 pos=39.6,0.0,-68.6 cell=0,0,-2 origin=0,0,0 replicas=27 dmin=12.5 dmax=66.3 limit=97.6 speed=6.0 beyond=0 dup=0 chunks=9 orphans=0 carrierless=0 spawns=83 despawns=55 pawn=1
[nebula] [nebula-probe] t=208.1 pos=33.6,0.0,-68.6 cell=0,0,-2 origin=0,0,0 replicas=26 dmin=15.3 dmax=72.9 limit=97.6 speed=6.0 beyond=0 dup=0 chunks=9 orphans=0 carrierless=0 spawns=84 despawns=57 pawn=1
