Mono path[0] = 'C:/Dev/nebula-virtualworld/Builds/Win64/Nebula_Data/Managed'
Mono config path = 'C:/Dev/nebula-virtualworld/Builds/Win64/MonoBleedingEdge/etc'
CodeReloadManager initialized
Found 1 interfaces on host : 0) 192.168.4.54
Player connection [66836]  Target information:

Player connection [66836]  * "[IP] 192.168.4.54 [Port] 55006 [Flags] 2 [Guid] 4060157091 [EditorId] 2082031993 [Version] 1048832 [Id] WindowsPlayer(2,Atlas) [Debug] 0 [PackageName] WindowsPlayer [ProjectName] nebula-virtualworld" 

Player connection [66836] Started UDP target info broadcast (1) on [225.0.0.222:54997].

Input System module state changed to: Initialized.
[Physics::Module] Initialized fallback backend.
[Physics::Module] Id: 0xdecafbad
Initialize engine version: 6000.6.0f1 (f7f8ed4d1e24)
[EntityIdStore] init: VM path (explicit commit), pageSize=4096, blockCount=1048576, entitiesPerBlock=256, slots reserved=4294967296 bytes
[Subsystems] Discovering subsystems at path C:/Dev/nebula-virtualworld/Builds/Win64/Nebula_Data/UnitySubsystems
Forcing GfxDevice: Null
GfxDevice: creating device client; kGfxThreadingModeNonThreaded
NullGfxDevice:
    Version:  NULL 1.0 [1.0]
    Renderer: Null Device
    Vendor:   Unity Technologies
Begin MonoManager ReloadAssembly
- Finished resetting the current domain, in  0.009 seconds
[Physics::Module] Selected backend.
[Physics::Module] Name: PhysX
[Physics::Module] Id: 0xf2b8ea05
[Physics::Module] SDK Version: 4.1.2
[Physics::Module] Integration Version: 1.0.0
[Physics::Module] Threading Mode: Multi-Threaded
Microsoft Media Foundation video decoding to texture disabled: graphics device is Null, only Direct3D 11 and Direct3D 12 (only on desktop) are supported for hardware-accelerated video decoding.
UnloadTime: 3.419600 ms
[nebula] boot roles=Client scene=World tickRate=60
[nebula] containers: 0
[nebula] connecting to gateway 127.0.0.1:7200 as 'bot1'
[nebula] client 0 fps entities 0 in 0 pkt/s 0.0 KB/s 0 states/s (msgs: state 0 rpc 0 vars 0) rtt -1ms lead 0 (adj 0, worker saw 0) corrections 0 | full-rate interp: depth 0.0 ticks, starved 0.0% worst +0.0 | frame max 0.2ms fixed/frame max 2 | gaps>3t 0 worst 0t | render delay 0t (stream lag 0t) | snapshot age ms min 0.0 avg 0.0 max 0.0
[nebula] welcome: clientId=3222218464143867906 identity=aa79d5040458 serverTick=1364190552
[nebula] world starting, about 3 s: no worker is running yet; holding the join
[nebula] chunk (-1, 0, -1) loaded (rt_18446744073709551615)
[nebula] chunk (-1, 0, 0) loaded (rt_18446744069414584320)
[nebula] chunk (-1, 0, 1) loaded (rt_18446744069414584321)
[nebula] chunk (0, 0, -1) loaded (rt_4294967295)
[nebula] chunk (0, 0, 0) loaded (rt_0)
[nebula] chunk (0, 0, 1) loaded (rt_1)
[nebula] chunk (1, 0, -1) loaded (rt_8589934591)
[nebula] chunk (1, 0, 0) loaded (rt_4294967296)
[nebula] chunk (1, 0, 1) loaded (rt_4294967297)
[nebula] joined the world
[nebula] local player spawned: Player(Clone)#844424930131969(e1,rt_18446744069414584320,local)
[nebula] chunk (2, 0, -1) loaded (rt_12884901887)
[nebula] chunk (2, 0, 0) loaded (rt_8589934592)
[nebula] chunk (-2, 0, -1) loaded (rt_18446744069414584319)
[nebula] chunk (-2, 0, 0) loaded (rt_18446744065119617024)
[nebula] chunk (2, 0, 1) loaded (rt_8589934593)
[nebula] chunk (-2, 0, 1) loaded (rt_18446744065119617025)
[nebula] chunk (0, 0, -2) loaded (rt_4294967294)
[nebula] chunk (1, 0, -2) loaded (rt_8589934590)
[nebula] chunk (2, 0, -2) loaded (rt_12884901886)
[nebula] chunk (0, 0, 2) loaded (rt_2)
[nebula] chunk (1, 0, 2) loaded (rt_4294967298)
[nebula] chunk (2, 0, 2) loaded (rt_8589934594)
[nebula] client 53972 fps entities 11 in 62 pkt/s 9.7 KB/s 83 states/s (msgs: state 36 rpc 0 vars 1) rtt 0ms lead 4 (adj 1, worker saw 3) corrections 1 last 0.10m | full-rate interp: depth 2.4 ticks, starved 0.2% worst +1.2 | frame max 15.3ms fixed/frame max 1 | gaps>3t 1 worst 4t | render delay 3t (stream lag 0t) | snapshot age ms min 6.4 avg 11.7 max 25.5
[nebula] chunk (-2, 0, 2) loaded (rt_18446744065119617026)
[nebula] chunk (-1, 0, 2) loaded (rt_18446744069414584322)
[nebula] chunk (3, 0, -1) loaded (rt_17179869183)
[nebula] chunk (3, 0, 0) loaded (rt_12884901888)
[nebula] chunk (3, 0, 1) loaded (rt_12884901889)
[nebula] chunk (3, 0, -2) loaded (rt_17179869182)
[nebula] chunk (-3, 0, -1) loaded (rt_18446744065119617023)
[nebula] chunk (-3, 0, 0) loaded (rt_18446744060824649728)
[nebula] chunk (-3, 0, 1) loaded (rt_18446744060824649729)
[nebula] client 24455 fps entities 12 in 171 pkt/s 19.6 KB/s 149 states/s (msgs: state 109 rpc 0 vars 0) rtt 0ms lead 4 (adj 1, worker saw 3) corrections 0 | full-rate interp: depth 2.0 ticks, starved 0.0% worst +0.0 | frame max 1.0ms fixed/frame max 1 | gaps>3t 0 worst 0t | render delay 3t (stream lag 0t) | snapshot age ms min 2.7 avg 10.6 max 23.5
[nebula] client 24099 fps entities 15 in 168 pkt/s 17.4 KB/s 121 states/s (msgs: state 106 rpc 0 vars 1) rtt 0ms lead 5 (adj 2, worker saw 5) corrections 1 last 0.10m | full-rate interp: depth 1.5 ticks, starved 0.0% worst +0.0 | frame max 1.0ms fixed/frame max 1 | gaps>3t 0 worst 0t | render delay 3t (stream lag 0t) | snapshot age ms min 2.3 avg 9.7 max 20.5
[nebula] chunk (3, 0, 2) loaded (rt_12884901890)
[nebula] chunk (-3, 0, 2) loaded (rt_18446744060824649730)
[nebula] chunk (0, 0, 3) loaded (rt_3)
[nebula] chunk (1, 0, 3) loaded (rt_4294967299)
[nebula] chunk (2, 0, 3) loaded (rt_8589934595)
[nebula] client 24253 fps entities 17 in 171 pkt/s 19.1 KB/s 139 states/s (msgs: state 106 rpc 0 vars 0) rtt 0ms lead 5 (adj 2, worker saw 5) corrections 0 | full-rate interp: depth 1.9 ticks, starved 0.0% worst +0.0 | frame max 1.0ms fixed/frame max 1 | gaps>3t 0 worst 0t | render delay 3t (stream lag 0t) | snapshot age ms min 2.2 avg 8.6 max 16.7
[nebula] chunk (-4, 0, 0) loaded (rt_18446744056529682432)
[nebula] chunk (-4, 0, 1) loaded (rt_18446744056529682433)
[nebula] chunk (-4, 0, 2) loaded (rt_18446744056529682434)
[nebula] client 23394 fps entities 21 in 158 pkt/s 22.5 KB/s 211 states/s (msgs: state 94 rpc 0 vars 1) rtt 0ms lead 5 (adj 2, worker saw 5) corrections 0 | full-rate interp: depth 2.4 ticks, starved 0.0% worst +0.0 | frame max 1.0ms fixed/frame max 1 | gaps>3t 0 worst 0t | render delay 3t (stream lag 0t) | snapshot age ms min 2.3 avg 8.4 max 21.7
[nebula] chunk (-1, 0, 3) loaded (rt_18446744069414584323)
[nebula] client 22824 fps entities 23 in 193 pkt/s 20.9 KB/s 179 states/s (msgs: state 130 rpc 0 vars 0) rtt 0ms lead 5 (adj 2, worker saw 6) corrections 0 | full-rate interp: depth 2.3 ticks, starved 0.0% worst +0.0 | frame max 1.3ms fixed/frame max 1 | gaps>3t 0 worst 0t | render delay 3t (stream lag 0t) | snapshot age ms min 2.3 avg 9.2 max 16.7
[nebula] chunk (-4, 0, -1) loaded (rt_18446744060824649727)
[nebula] client 23603 fps entities 26 in 182 pkt/s 18.4 KB/s 129 states/s (msgs: state 118 rpc 0 vars 1) rtt 0ms lead 5 (adj 2, worker saw 6) corrections 0 | full-rate interp: depth 1.8 ticks, starved 0.0% worst +0.0 | frame max 1.2ms fixed/frame max 1 | gaps>3t 0 worst 0t | render delay 3t (stream lag 0t) | snapshot age ms min 2.3 avg 9.3 max 19.1
[nebula] client 24297 fps entities 27 in 169 pkt/s 16.3 KB/s 112 states/s (msgs: state 105 rpc 0 vars 0) rtt 0ms lead 5 (adj 2, worker saw 5) corrections 0 | full-rate interp: depth 1.5 ticks, starved 0.0% worst +0.0 | frame max 1.0ms fixed/frame max 1 | gaps>3t 0 worst 0t | render delay 3t (stream lag 0t) | snapshot age ms min 2.4 avg 9.6 max 35.2
[nebula] client 23831 fps entities 29 in 169 pkt/s 18.3 KB/s 132 states/s (msgs: state 105 rpc 0 vars 0) rtt 0ms lead 5 (adj 2, worker saw 5) corrections 0 | full-rate interp: depth 1.9 ticks, starved 0.0% worst +0.0 | frame max 1.0ms fixed/frame max 1 | gaps>3t 0 worst 0t | render delay 3t (stream lag 0t) | snapshot age ms min 2.6 avg 9.5 max 14.4
[nebula] chunk (-1, 0, -2) loaded (rt_18446744073709551614)
[nebula] client 23275 fps entities 32 in 170 pkt/s 18.4 KB/s 145 states/s (msgs: state 105 rpc 0 vars 1) rtt 0ms lead 5 (adj 2, worker saw 6) corrections 0 | full-rate interp: depth 2.1 ticks, starved 0.0% worst +0.0 | frame max 1.2ms fixed/frame max 1 | gaps>3t 0 worst 0t | render delay 3t (stream lag 0t) | snapshot age ms min 3.0 avg 9.7 max 19.4
[nebula] client 23573 fps entities 35 in 168 pkt/s 16.9 KB/s 121 states/s (msgs: state 104 rpc 0 vars 1) rtt 0ms lead 5 (adj 2, worker saw 6) corrections 0 | full-rate interp: depth 1.6 ticks, starved 0.0% worst +0.0 | frame max 1.0ms fixed/frame max 1 | gaps>3t 0 worst 0t | render delay 3t (stream lag 0t) | snapshot age ms min 6.3 avg 9.8 max 17.8
[nebula] client 23389 fps entities 35 in 168 pkt/s 18.5 KB/s 159 states/s (msgs: state 104 rpc 0 vars 0) rtt 0ms lead 5 (adj 2, worker saw 6) corrections 0 | full-rate interp: depth 2.2 ticks, starved 0.0% worst +0.0 | frame max 1.0ms fixed/frame max 1 | gaps>3t 0 worst 0t | render delay 3t (stream lag 0t) | snapshot age ms min 6.3 avg 9.9 max 13.5
[nebula] chunk (0, 0, -3) loaded (rt_4294967293)
[nebula] chunk (1, 0, -3) loaded (rt_8589934589)
[nebula] chunk (2, 0, -3) loaded (rt_12884901885)
[nebula] client 23487 fps entities 37 in 168 pkt/s 19.0 KB/s 119 states/s (msgs: state 104 rpc 0 vars 0) rtt 0ms lead 5 (adj 2, worker saw 5) corrections 0 | full-rate interp: depth 1.5 ticks, starved 0.0% worst +0.0 | frame max 1.0ms fixed/frame max 1 | gaps>3t 0 worst 0t | render delay 3t (stream lag 0t) | snapshot age ms min 2.2 avg 10.0 max 20.0
[nebula] chunk (-2, 0, -1) unloaded (rt_18446744069414584319)
[nebula] chunk (-2, 0, -1) loaded (rt_18446744069414584319)
[nebula] client 23399 fps entities 42 in 179 pkt/s 19.2 KB/s 119 states/s (msgs: state 114 rpc 0 vars 1) rtt 0ms lead 5 (adj 2, worker saw 5) corrections 0 | full-rate interp: depth 1.9 ticks, starved 0.0% worst +0.0 | frame max 2.3ms fixed/frame max 1 | gaps>3t 0 worst 0t | render delay 4t (stream lag 1t) | snapshot age ms min 2.1 avg 9.5 max 20.4
[nebula] client 22875 fps entities 48 in 175 pkt/s 18.2 KB/s 120 states/s (msgs: state 113 rpc 0 vars 1) rtt 0ms lead 5 (adj 2, worker saw 5) corrections 0 | full-rate interp: depth 1.7 ticks, starved 0.0% worst +0.0 | frame max 1.1ms fixed/frame max 1 | gaps>3t 0 worst 0t | render delay 3t (stream lag 0t) | snapshot age ms min 2.3 avg 9.9 max 19.4
[nebula] client 23404 fps entities 51 in 172 pkt/s 17.2 KB/s 118 states/s (msgs: state 110 rpc 0 vars 1) rtt 0ms lead 5 (adj 2, worker saw 5) corrections 1 last 0.10m | full-rate interp: depth 1.5 ticks, starved 0.0% worst +0.0 | frame max 1.0ms fixed/frame max 1 | gaps>3t 0 worst 0t | render delay 3t (stream lag 0t) | snapshot age ms min 2.2 avg 10.5 max 17.9
[nebula] chunk (3, 0, 2) unloaded (rt_12884901890)
[nebula] client 22389 fps entities 54 in 158 pkt/s 19.6 KB/s 147 states/s (msgs: state 95 rpc 0 vars 1) rtt 0ms lead 5 (adj 2, worker saw 5) corrections 0 | full-rate interp: depth 2.3 ticks, starved 0.0% worst +0.0 | frame max 1.1ms fixed/frame max 1 | gaps>3t 0 worst 0t | render delay 3t (stream lag 0t) | snapshot age ms min 2.4 avg 9.6 max 19.0
[nebula] chunk (-3, 0, -1) unloaded (rt_18446744065119617023)
[nebula] chunk (-1, 0, -3) loaded (rt_18446744073709551613)
[nebula] chunk (2, 0, 3) unloaded (rt_8589934595)
[nebula] client 23157 fps entities 55 in 164 pkt/s 21.1 KB/s 131 states/s (msgs: state 102 rpc 0 vars 0) rtt 0ms lead 5 (adj 2, worker saw 5) corrections 1 last 0.10m | full-rate interp: depth 1.9 ticks, starved 0.0% worst +0.0 | frame max 1.1ms fixed/frame max 1 | gaps>3t 0 worst 0t | render delay 3t (stream lag 0t) | snapshot age ms min 2.3 avg 9.7 max 16.8
[nebula] chunk (0, 0, 3) unloaded (rt_3)
[nebula] chunk (1, 0, 3) unloaded (rt_4294967299)
[nebula] client 22648 fps entities 58 in 163 pkt/s 19.9 KB/s 157 states/s (msgs: state 100 rpc 0 vars 1) rtt 0ms lead 5 (adj 2, worker saw 6) corrections 0 | full-rate interp: depth 2.1 ticks, starved 0.0% worst +0.0 | frame max 1.2ms fixed/frame max 1 | gaps>3t 0 worst 0t | render delay 3t (stream lag 0t) | snapshot age ms min 2.3 avg 10.4 max 21.1
[nebula] chunk (-2, 0, -2) loaded (rt_18446744069414584318)
[nebula] chunk (-1, 0, -4) loaded (rt_18446744073709551612)
[nebula] chunk (0, 0, -4) loaded (rt_4294967292)
[nebula] chunk (1, 0, -4) loaded (rt_8589934588)
[nebula] chunk (2, 0, -4) loaded (rt_12884901884)
[nebula] chunk (3, 0, 0) unloaded (rt_12884901888)
[nebula] chunk (3, 0, 1) unloaded (rt_12884901889)
[nebula] client 22876 fps entities 60 in 164 pkt/s 22.2 KB/s 125 states/s (msgs: state 107 rpc 0 vars 0) rtt 0ms lead 5 (adj 2, worker saw 5) corrections 1 last 0.10m | full-rate interp: depth 1.5 ticks, starved 0.0% worst +0.0 | frame max 1.0ms fixed/frame max 1 | gaps>3t 0 worst 0t | render delay 3t (stream lag 0t) | snapshot age ms min 2.8 avg 10.0 max 17.0
[nebula] chunk (-2, 0, -3) loaded (rt_18446744069414584317)
[nebula] client 22465 fps entities 65 in 165 pkt/s 19.1 KB/s 134 states/s (msgs: state 104 rpc 0 vars 1) rtt 0ms lead 5 (adj 2, worker saw 5) corrections 0 | full-rate interp: depth 2.0 ticks, starved 0.0% worst +0.0 | frame max 1.1ms fixed/frame max 1 | gaps>3t 0 worst 0t | render delay 3t (stream lag 0t) | snapshot age ms min 3.1 avg 9.6 max 18.2
[nebula] client 22888 fps entities 67 in 164 pkt/s 17.9 KB/s 121 states/s (msgs: state 104 rpc 0 vars 0) rtt 0ms lead 5 (adj 2, worker saw 6) corrections 0 | full-rate interp: depth 1.7 ticks, starved 0.0% worst +0.0 | frame max 1.1ms fixed/frame max 1 | gaps>3t 0 worst 0t | render delay 3t (stream lag 0t) | snapshot age ms min 3.2 avg 9.5 max 17.3
[nebula] chunk (-3, 0, -1) loaded (rt_18446744065119617023)
[nebula] client 22900 fps entities 70 in 169 pkt/s 18.8 KB/s 118 states/s (msgs: state 109 rpc 0 vars 1) rtt 0ms lead 5 (adj 2, worker saw 6) corrections 0 | full-rate interp: depth 1.5 ticks, starved 0.0% worst +0.0 | frame max 1.0ms fixed/frame max 1 | gaps>3t 0 worst 0t | render delay 3t (stream lag 0t) | snapshot age ms min 3.5 avg 10.5 max 22.2
[nebula] chunk (-3, 0, -3) loaded (rt_18446744065119617021)
[nebula] chunk (-3, 0, -2) loaded (rt_18446744065119617022)
[nebula] client 22671 fps entities 73 in 177 pkt/s 19.0 KB/s 118 states/s (msgs: state 115 rpc 0 vars 1) rtt 0ms lead 5 (adj 2, worker saw 6) corrections 0 | full-rate interp: depth 1.5 ticks, starved 0.0% worst +0.0 | frame max 1.1ms fixed/frame max 1 | gaps>3t 0 worst 0t | render delay 3t (stream lag 0t) | snapshot age ms min 4.0 avg 12.3 max 19.0
[nebula] chunk (-2, 0, 3) loaded (rt_18446744065119617027)
[nebula] chunk (0, 0, 3) loaded (rt_3)
[nebula] chunk (-4, 0, -1) unloaded (rt_18446744060824649727)
[nebula] client 22459 fps entities 76 in 180 pkt/s 20.4 KB/s 117 states/s (msgs: state 117 rpc 0 vars 1) rtt 0ms lead 5 (adj 2, worker saw 6) corrections 0 | full-rate interp: depth 1.5 ticks, starved 0.0% worst +0.0 | frame max 1.2ms fixed/frame max 1 | gaps>3t 0 worst 0t | render delay 3t (stream lag 0t) | snapshot age ms min 4.3 avg 12.2 max 22.0
[nebula] chunk (-4, 0, -3) loaded (rt_18446744060824649725)
[nebula] chunk (-4, 0, -2) loaded (rt_18446744060824649726)
[nebula] chunk (-4, 0, -1) loaded (rt_18446744060824649727)
[nebula] chunk (1, 0, 3) loaded (rt_4294967299)
[nebula] client 22347 fps entities 80 in 172 pkt/s 21.1 KB/s 109 states/s (msgs: state 109 rpc 0 vars 1) rtt 0ms lead 5 (adj 2, worker saw 6) corrections 0 | full-rate interp: depth 1.5 ticks, starved 0.0% worst +0.0 | frame max 1.3ms fixed/frame max 1 | gaps>3t 0 worst 0t | render delay 3t (stream lag 0t) | snapshot age ms min 6.3 avg 12.3 max 21.1
[nebula] chunk (3, 0, 0) loaded (rt_12884901888)
[nebula] client 22857 fps entities 85 in 167 pkt/s 19.6 KB/s 109 states/s (msgs: state 105 rpc 0 vars 1) rtt 0ms lead 5 (adj 2, worker saw 6) corrections 0 | full-rate interp: depth 1.5 ticks, starved 0.0% worst +0.0 | frame max 1.3ms fixed/frame max 1 | gaps>3t 0 worst 0t | render delay 3t (stream lag 0t) | snapshot age ms min 6.4 avg 12.7 max 22.0
[nebula] client 22589 fps entities 89 in 165 pkt/s 19.5 KB/s 108 states/s (msgs: state 104 rpc 0 vars 1) rtt 0ms lead 5 (adj 2, worker saw 6) corrections 0 | full-rate interp: depth 1.5 ticks, starved 0.0% worst +0.0 | frame max 1.1ms fixed/frame max 1 | gaps>3t 0 worst 0t | render delay 3t (stream lag 0t) | snapshot age ms min 6.4 avg 12.4 max 18.6
[nebula] chunk (3, 0, -3) loaded (rt_17179869181)
[nebula] client 21923 fps entities 92 in 165 pkt/s 20.2 KB/s 109 states/s (msgs: state 104 rpc 0 vars 1) rtt 0ms lead 5 (adj 2, worker saw 6) corrections 0 | full-rate interp: depth 1.5 ticks, starved 0.0% worst +0.0 | frame max 1.1ms fixed/frame max 1 | gaps>3t 0 worst 0t | render delay 3t (stream lag 0t) | snapshot age ms min 6.4 avg 12.5 max 22.9
[nebula] chunk (-2, 0, 4) loaded (rt_18446744065119617028)
[nebula] chunk (-1, 0, 4) loaded (rt_18446744069414584324)
[nebula] chunk (0, 0, 4) loaded (rt_4)
[nebula] chunk (-4, 0, 2) unloaded (rt_18446744056529682434)
[nebula] client 21806 fps entities 94 in 172 pkt/s 22.7 KB/s 116 states/s (msgs: state 110 rpc 0 vars 0) rtt 0ms lead 5 (adj 2, worker saw 5) corrections 1 last 0.10m | full-rate interp: depth 1.6 ticks, starved 0.0% worst +0.0 | frame max 1.1ms fixed/frame max 1 | gaps>3t 0 worst 0t | render delay 3t (stream lag 0t) | snapshot age ms min 6.4 avg 12.3 max 21.8
[nebula] client 22419 fps entities 97 in 163 pkt/s 20.4 KB/s 119 states/s (msgs: state 100 rpc 0 vars 1) rtt 0ms lead 5 (adj 2, worker saw 5) corrections 0 | full-rate interp: depth 1.5 ticks, starved 0.0% worst +0.0 | frame max 1.2ms fixed/frame max 1 | gaps>3t 0 worst 0t | render delay 3t (stream lag 0t) | snapshot age ms min 6.4 avg 10.4 max 16.8
[nebula] client 22016 fps entities 100 in 163 pkt/s 23.3 KB/s 125 states/s (msgs: state 106 rpc 0 vars 1) rtt 0ms lead 5 (adj 2, worker saw 5) corrections 0 | full-rate interp: depth 1.5 ticks, starved 0.0% worst +0.0 | frame max 1.1ms fixed/frame max 1 | gaps>3t 0 worst 0t | render delay 3t (stream lag 0t) | snapshot age ms min 5.3 avg 10.8 max 18.0
[nebula] client 22539 fps entities 105 in 161 pkt/s 21.7 KB/s 112 states/s (msgs: state 98 rpc 0 vars 1) rtt 0ms lead 5 (adj 2, worker saw 6) corrections 0 | full-rate interp: depth 1.5 ticks, starved 0.0% worst +0.0 | frame max 1.2ms fixed/frame max 1 | gaps>3t 0 worst 0t | render delay 3t (stream lag 0t) | snapshot age ms min 4.9 avg 11.3 max 21.8
[nebula] chunk (-3, 0, 3) loaded (rt_18446744060824649731)
[nebula] client 21907 fps entities 106 in 165 pkt/s 23.1 KB/s 108 states/s (msgs: state 99 rpc 0 vars 0) rtt 0ms lead 5 (adj 2, worker saw 6) corrections 1 last 0.10m | full-rate interp: depth 1.5 ticks, starved 0.0% worst +0.0 | frame max 1.2ms fixed/frame max 1 | gaps>3t 0 worst 0t | render delay 3t (stream lag 0t) | snapshot age ms min 6.4 avg 12.6 max 21.3
[nebula] client 22024 fps entities 111 in 165 pkt/s 22.8 KB/s 117 states/s (msgs: state 100 rpc 0 vars 1) rtt 0ms lead 5 (adj 2, worker saw 6) corrections 0 | full-rate interp: depth 1.5 ticks, starved 0.0% worst +0.0 | frame max 1.2ms fixed/frame max 1 | gaps>3t 0 worst 0t | render delay 3t (stream lag 0t) | snapshot age ms min 6.4 avg 11.3 max 20.0
[nebula] chunk (3, 0, -4) loaded (rt_17179869180)
[nebula] client 21658 fps entities 113 in 167 pkt/s 24.8 KB/s 142 states/s (msgs: state 101 rpc 0 vars 0) rtt 0ms lead 5 (adj 2, worker saw 6) corrections 0 | full-rate interp: depth 2.1 ticks, starved 0.0% worst +0.0 | frame max 1.2ms fixed/frame max 1 | gaps>3t 0 worst 0t | render delay 3t (stream lag 0t) | snapshot age ms min 6.3 avg 11.6 max 20.8
[nebula] chunk (-1, 0, -4) unloaded (rt_18446744073709551612)
[nebula] client 21435 fps entities 116 in 172 pkt/s 24.6 KB/s 136 states/s (msgs: state 106 rpc 0 vars 1) rtt 0ms lead 5 (adj 2, worker saw 6) corrections 0 | full-rate interp: depth 2.0 ticks, starved 0.0% worst +0.0 | frame max 1.2ms fixed/frame max 1 | gaps>3t 0 worst 0t | render delay 3t (stream lag 0t) | snapshot age ms min 6.3 avg 11.9 max 25.6
[nebula] client 21361 fps entities 119 in 176 pkt/s 23.8 KB/s 136 states/s (msgs: state 111 rpc 0 vars 1) rtt 0ms lead 5 (adj 2, worker saw 6) corrections 0 | full-rate interp: depth 1.4 ticks, starved 0.0% worst +0.0 | frame max 1.3ms fixed/frame max 1 | gaps>3t 0 worst 0t | render delay 3t (stream lag 0t) | snapshot age ms min 2.3 avg 12.2 max 20.8
[nebula] chunk (0, 0, -4) unloaded (rt_4294967292)
[nebula] client 21796 fps entities 121 in 170 pkt/s 24.6 KB/s 144 states/s (msgs: state 106 rpc 0 vars 0) rtt 0ms lead 5 (adj 2, worker saw 6) corrections 0 | full-rate interp: depth 1.5 ticks, starved 0.0% worst +0.0 | frame max 1.2ms fixed/frame max 1 | gaps>3t 0 worst 0t | render delay 3t (stream lag 0t) | snapshot age ms min 2.1 avg 11.6 max 20.9
[nebula] chunk (0, 0, -4) loaded (rt_4294967292)
[nebula] client 21394 fps entities 123 in 171 pkt/s 24.2 KB/s 133 states/s (msgs: state 107 rpc 0 vars 0) rtt 0ms lead 5 (adj 2, worker saw 6) corrections 0 | full-rate interp: depth 1.5 ticks, starved 0.0% worst +0.0 | frame max 1.2ms fixed/frame max 1 | gaps>3t 0 worst 0t | render delay 3t (stream lag 0t) | snapshot age ms min 2.0 avg 11.0 max 22.2
[nebula] chunk (-4, 0, -3) unloaded (rt_18446744060824649725)
[nebula] client 21841 fps entities 126 in 160 pkt/s 23.6 KB/s 123 states/s (msgs: state 96 rpc 0 vars 1) rtt 0ms lead 5 (adj 2, worker saw 6) corrections 0 | full-rate interp: depth 1.6 ticks, starved 0.0% worst +0.0 | frame max 1.3ms fixed/frame max 1 | gaps>3t 0 worst 0t | render delay 3t (stream lag 0t) | snapshot age ms min 2.2 avg 12.6 max 21.5
[nebula] chunk (-2, 0, 4) unloaded (rt_18446744065119617028)
[nebula] chunk (-1, 0, 4) unloaded (rt_18446744069414584324)
[nebula] client 21330 fps entities 132 in 164 pkt/s 24.7 KB/s 154 states/s (msgs: state 101 rpc 0 vars 1) rtt 0ms lead 5 (adj 2, worker saw 6) corrections 0 | full-rate interp: depth 2.0 ticks, starved 0.0% worst +0.0 | frame max 1.2ms fixed/frame max 1 | gaps>3t 0 worst 0t | render delay 3t (stream lag 0t) | snapshot age ms min 2.9 avg 12.7 max 17.4
[nebula] client 21099 fps entities 133 in 165 pkt/s 24.1 KB/s 160 states/s (msgs: state 100 rpc 0 vars 0) rtt 0ms lead 5 (adj 2, worker saw 6) corrections 0 | full-rate interp: depth 2.1 ticks, starved 0.0% worst +0.0 | frame max 1.2ms fixed/frame max 1 | gaps>3t 0 worst 0t | render delay 3t (stream lag 0t) | snapshot age ms min 3.0 avg 13.2 max 16.8
[nebula] chunk (-4, 0, 2) loaded (rt_18446744056529682434)
[nebula] chunk (-4, 0, 3) loaded (rt_18446744056529682435)
[nebula] chunk (0, 0, 3) unloaded (rt_3)
[nebula] chunk (1, 0, 3) unloaded (rt_4294967299)
[nebula] chunk (3, 0, 0) unloaded (rt_12884901888)
[nebula] chunk (0, 0, 4) unloaded (rt_4)
[nebula] client 21435 fps entities 134 in 170 pkt/s 25.1 KB/s 129 states/s (msgs: state 104 rpc 0 vars 0) rtt 0ms lead 5 (adj 2, worker saw 6) corrections 0 | full-rate interp: depth 1.6 ticks, starved 0.0% worst +0.0 | frame max 1.2ms fixed/frame max 1 | gaps>3t 0 worst 0t | render delay 3t (stream lag 0t) | snapshot age ms min 3.2 avg 12.9 max 21.9
[nebula] client 21193 fps entities 136 in 157 pkt/s 24.2 KB/s 171 states/s (msgs: state 91 rpc 0 vars 0) rtt 0ms lead 5 (adj 2, worker saw 6) corrections 0 | full-rate interp: depth 2.2 ticks, starved 0.0% worst +0.0 | frame max 1.3ms fixed/frame max 1 | gaps>3t 0 worst 0t | render delay 3t (stream lag 0t) | snapshot age ms min 3.5 avg 13.9 max 21.6
[nebula] chunk (-3, 0, -3) unloaded (rt_18446744065119617021)
[nebula] client 20981 fps entities 137 in 155 pkt/s 25.7 KB/s 191 states/s (msgs: state 90 rpc 0 vars 0) rtt 0ms lead 5 (adj 2, worker saw 6) corrections 0 | full-rate interp: depth 2.3 ticks, starved 0.0% worst +0.0 | frame max 1.4ms fixed/frame max 1 | gaps>3t 0 worst 0t | render delay 3t (stream lag 0t) | snapshot age ms min 7.4 avg 14.5 max 17.4
[nebula] client 21637 fps entities 140 in 155 pkt/s 22.0 KB/s 128 states/s (msgs: state 90 rpc 0 vars 1) rtt 0ms lead 5 (adj 2, worker saw 6) corrections 0 | full-rate interp: depth 1.6 ticks, starved 0.0% worst +0.0 | frame max 1.2ms fixed/frame max 1 | gaps>3t 0 worst 0t | render delay 3t (stream lag 0t) | snapshot age ms min 7.4 avg 14.4 max 22.4
[nebula] chunk (2, 0, 0) unloaded (rt_8589934592)
[nebula] chunk (2, 0, 1) unloaded (rt_8589934593)
[nebula] chunk (2, 0, 2) unloaded (rt_8589934594)
[nebula] chunk (0, 0, 3) loaded (rt_3)
[nebula] client 21649 fps entities 142 in 154 pkt/s 24.0 KB/s 137 states/s (msgs: state 88 rpc 0 vars 1) rtt 0ms lead 5 (adj 2, worker saw 6) corrections 0 | full-rate interp: depth 1.9 ticks, starved 0.0% worst +0.0 | frame max 1.5ms fixed/frame max 1 | gaps>3t 0 worst 0t | render delay 3t (stream lag 0t) | snapshot age ms min 7.6 avg 14.6 max 23.5
[nebula] chunk (-1, 0, -4) loaded (rt_18446744073709551612)
[nebula] chunk (3, 0, -3) unloaded (rt_17179869181)
[nebula] chunk (3, 0, -4) unloaded (rt_17179869180)
[nebula] client 21155 fps entities 143 in 151 pkt/s 24.6 KB/s 170 states/s (msgs: state 86 rpc 0 vars 0) rtt 0ms lead 5 (adj 2, worker saw 6) corrections 0 | full-rate interp: depth 2.3 ticks, starved 0.0% worst +0.0 | frame max 1.2ms fixed/frame max 1 | gaps>3t 0 worst 0t | render delay 3t (stream lag 0t) | snapshot age ms min 10.7 avg 14.7 max 17.4
[nebula] chunk (-4, 0, 0) unloaded (rt_18446744056529682432)
[nebula] chunk (-4, 0, 1) unloaded (rt_18446744056529682433)
[nebula] client 21242 fps entities 146 in 156 pkt/s 23.2 KB/s 141 states/s (msgs: state 91 rpc 0 vars 1) rtt 0ms lead 5 (adj 2, worker saw 6) corrections 0 | full-rate interp: depth 2.1 ticks, starved 0.0% worst +0.0 | frame max 1.3ms fixed/frame max 1 | gaps>3t 0 worst 0t | render delay 3t (stream lag 0t) | snapshot age ms min 6.4 avg 14.2 max 22.6
[nebula] client 20866 fps entities 151 in 152 pkt/s 21.2 KB/s 132 states/s (msgs: state 87 rpc 0 vars 1) rtt 0ms lead 5 (adj 2, worker saw 6) corrections 0 | full-rate interp: depth 1.6 ticks, starved 0.0% worst +0.0 | frame max 1.3ms fixed/frame max 1 | gaps>3t 0 worst 0t | render delay 3t (stream lag 0t) | snapshot age ms min 6.9 avg 14.7 max 16.7
[nebula] chunk (-4, 0, 0) loaded (rt_18446744056529682432)
[nebula] client 20804 fps entities 154 in 170 pkt/s 22.9 KB/s 148 states/s (msgs: state 104 rpc 0 vars 1) rtt 0ms lead 5 (adj 2, worker saw 6) corrections 0 | full-rate interp: depth 1.8 ticks, starved 0.0% worst +0.0 | frame max 1.3ms fixed/frame max 1 | gaps>3t 0 worst 0t | render delay 3t (stream lag 0t) | snapshot age ms min 5.3 avg 13.7 max 22.0
[nebula] client 20967 fps entities 155 in 175 pkt/s 26.3 KB/s 193 states/s (msgs: state 118 rpc 0 vars 0) rtt 0ms lead 5 (adj 2, worker saw 6) corrections 0 | full-rate interp: depth 2.2 ticks, starved 0.0% worst +0.0 | frame max 1.3ms fixed/frame max 1 | gaps>3t 0 worst 0t | render delay 3t (stream lag 0t) | snapshot age ms min 6.5 avg 13.5 max 20.2
[nebula] chunk (3, 0, -1) unloaded (rt_17179869183)
[nebula] chunk (3, 0, -2) unloaded (rt_17179869182)
[nebula] client 20655 fps entities 159 in 168 pkt/s 25.0 KB/s 152 states/s (msgs: state 111 rpc 0 vars 1) rtt 0ms lead 5 (adj 2, worker saw 6) corrections 0 | full-rate interp: depth 1.8 ticks, starved 0.0% worst +0.0 | frame max 1.3ms fixed/frame max 1 | gaps>3t 0 worst 0t | render delay 3t (stream lag 0t) | snapshot age ms min 6.4 avg 13.2 max 21.4
[nebula] chunk (3, 0, -3) loaded (rt_17179869181)
[nebula] chunk (3, 0, -2) loaded (rt_17179869182)
[nebula] chunk (3, 0, -1) loaded (rt_17179869183)
[nebula] client 20514 fps entities 166 in 174 pkt/s 27.7 KB/s 143 states/s (msgs: state 122 rpc 0 vars 1) rtt 0ms lead 5 (adj 2, worker saw 5) corrections 1 last 0.10m | full-rate interp: depth 1.5 ticks, starved 0.0% worst +0.0 | frame max 1.2ms fixed/frame max 1 | gaps>3t 0 worst 0t | render delay 3t (stream lag 0t) | snapshot age ms min 4.6 avg 12.9 max 21.6
[nebula] chunk (-2, 0, -3) unloaded (rt_18446744069414584317)
[nebula] client 20786 fps entities 167 in 176 pkt/s 22.1 KB/s 126 states/s (msgs: state 111 rpc 0 vars 0) rtt 0ms lead 5 (adj 2, worker saw 6) corrections 0 | full-rate interp: depth 1.6 ticks, starved 0.0% worst +0.0 | frame max 1.3ms fixed/frame max 1 | gaps>3t 0 worst 0t | render delay 4t (stream lag 1t) | snapshot age ms min 6.3 avg 12.5 max 20.8
[nebula] chunk (-3, 0, -3) loaded (rt_18446744065119617021)
[nebula] chunk (-2, 0, -3) loaded (rt_18446744069414584317)
[nebula] client 20560 fps entities 169 in 188 pkt/s 22.1 KB/s 123 states/s (msgs: state 123 rpc 0 vars 0) rtt 0ms lead 5 (adj 2, worker saw 6) corrections 0 | full-rate interp: depth 1.8 ticks, starved 0.0% worst +0.0 | frame max 1.3ms fixed/frame max 1 | gaps>3t 0 worst 0t | render delay 3t (stream lag 0t) | snapshot age ms min 6.3 avg 13.6 max 21.0
[nebula] chunk (-4, 0, 1) loaded (rt_18446744056529682433)
[nebula] client 20860 fps entities 171 in 188 pkt/s 22.5 KB/s 123 states/s (msgs: state 123 rpc 0 vars 0) rtt 0ms lead 5 (adj 2, worker saw 6) corrections 0 | full-rate interp: depth 1.5 ticks, starved 0.0% worst +0.0 | frame max 1.2ms fixed/frame max 1 | gaps>3t 0 worst 0t | render delay 3t (stream lag 0t) | snapshot age ms min 6.3 avg 14.0 max 25.5
[nebula] chunk (2, 0, 0) loaded (rt_8589934592)
[nebula] chunk (2, 0, 1) loaded (rt_8589934593)
[nebula] client 20931 fps entities 177 in 171 pkt/s 23.1 KB/s 111 states/s (msgs: state 105 rpc 0 vars 1) rtt 0ms lead 5 (adj 2, worker saw 5) corrections 1 last 0.10m | full-rate interp: depth 1.5 ticks, starved 0.0% worst +0.0 | frame max 1.3ms fixed/frame max 1 | gaps>3t 0 worst 0t | render delay 3t (stream lag 0t) | snapshot age ms min 2.2 avg 12.8 max 26.2
[nebula] client 20748 fps entities 180 in 171 pkt/s 22.0 KB/s 119 states/s (msgs: state 106 rpc 0 vars 1) rtt 0ms lead 5 (adj 2, worker saw 5) corrections 0 | full-rate interp: depth 1.4 ticks, starved 0.0% worst +0.0 | frame max 1.3ms fixed/frame max 1 | gaps>3t 0 worst 0t | render delay 3t (stream lag 0t) | snapshot age ms min 2.4 avg 8.3 max 18.0
[nebula] client 20200 fps entities 183 in 175 pkt/s 22.9 KB/s 137 states/s (msgs: state 109 rpc 0 vars 1) rtt 0ms lead 5 (adj 2, worker saw 5) corrections 0 | full-rate interp: depth 2.2 ticks, starved 0.0% worst +0.0 | frame max 1.9ms fixed/frame max 1 | gaps>3t 0 worst 0t | render delay 3t (stream lag 0t) | snapshot age ms min 2.4 avg 8.5 max 17.7
[nebula] client 20671 fps entities 187 in 162 pkt/s 24.4 KB/s 143 states/s (msgs: state 101 rpc 0 vars 1) rtt 0ms lead 5 (adj 2, worker saw 6) corrections 0 | full-rate interp: depth 1.6 ticks, starved 0.0% worst +0.0 | frame max 1.3ms fixed/frame max 1 | gaps>3t 0 worst 0t | render delay 3t (stream lag 0t) | snapshot age ms min 3.2 avg 8.1 max 16.7
