Mono path[0] = 'C:/Dev/nebula-virtualworld/Builds/Win64/Nebula_Data/Managed'
Mono config path = 'C:/Dev/nebula-virtualworld/Builds/Win64/MonoBleedingEdge/etc'
CodeReloadManager initialized
Found 1 interfaces on host : 0) 192.168.4.54
Player connection [74580]  Target information:

Player connection [74580]  * "[IP] 192.168.4.54 [Port] 55008 [Flags] 2 [Guid] 874532836 [EditorId] 2082031993 [Version] 1048832 [Id] WindowsPlayer(2,Atlas) [Debug] 0 [PackageName] WindowsPlayer [ProjectName] nebula-virtualworld" 

Player connection [74580] Started UDP target info broadcast (1) on [225.0.0.222:54997].

Input System module state changed to: Initialized.
[Physics::Module] Initialized fallback backend.
[Physics::Module] Id: 0xdecafbad
Initialize engine version: 6000.6.0f1 (f7f8ed4d1e24)
[EntityIdStore] init: VM path (explicit commit), pageSize=4096, blockCount=1048576, entitiesPerBlock=256, slots reserved=4294967296 bytes
[Subsystems] Discovering subsystems at path C:/Dev/nebula-virtualworld/Builds/Win64/Nebula_Data/UnitySubsystems
Forcing GfxDevice: Null
GfxDevice: creating device client; kGfxThreadingModeNonThreaded
NullGfxDevice:
    Version:  NULL 1.0 [1.0]
    Renderer: Null Device
    Vendor:   Unity Technologies
Begin MonoManager ReloadAssembly
- Finished resetting the current domain, in  0.009 seconds
[Physics::Module] Selected backend.
[Physics::Module] Name: PhysX
[Physics::Module] Id: 0xf2b8ea05
[Physics::Module] SDK Version: 4.1.2
[Physics::Module] Integration Version: 1.0.0
[Physics::Module] Threading Mode: Multi-Threaded
Microsoft Media Foundation video decoding to texture disabled: graphics device is Null, only Direct3D 11 and Direct3D 12 (only on desktop) are supported for hardware-accelerated video decoding.
UnloadTime: 3.438800 ms
[nebula] boot roles=Worker scene=World tickRate=60
[nebula] containers: 0
[nebula] control plane: mirroring http://127.0.0.1:7180/api/control-plane
[nebula] persistence: remote store at http://127.0.0.1:7180/api/store
[nebula] persistence: remote store, checkpoint every 5s
[nebula] worker w1 (index 1) listening on udp/7301; telemetry to http://127.0.0.1:7180/api/telemetry
[nebula] profile 1 ticks/5s 1 frames avg 13.6ms max 13.6ms dup 0 skip 0 gc 17 auth 0 ghosts 0 | poll=0.28 ghosts=1.05 physics.sync=0.07 simulate=0.00 poses=0.00 containers=0.07 band=5.22 publish=2.00 gap=0.00
[nebula] control plane: connected to http://127.0.0.1:7180 (version 9)
[nebula] persistence: connected to http://127.0.0.1:7180 (0 record(s) on the orchestrator)
[nebula] registered with control plane as w1
[nebula] dialing peer w4 at 127.0.0.1:7304
[nebula] dialing peer w2 at 127.0.0.1:7302
[nebula] chunk (-1, 0, -1) loaded (rt_18446744073709551615)
[nebula] chunk (-1, 0, 0) loaded (rt_18446744069414584320)
[nebula] chunk (-1, 0, 1) loaded (rt_18446744069414584321)
[nebula] chunk (0, 0, -1) loaded (rt_4294967295)
[nebula] chunk (0, 0, 0) loaded (rt_0)
[nebula] chunk (0, 0, 1) loaded (rt_1)
[nebula] chunk (1, 0, -1) loaded (rt_8589934591)
[nebula] chunk (1, 0, 0) loaded (rt_4294967296)
[nebula] chunk (1, 0, 1) loaded (rt_4294967297)
[nebula] dialing peer w3 at 127.0.0.1:7303
[nebula] gateway gw1 (incarnation 2cb79e9f) connected; announcing 0 entities
[nebula] peer worker w4 (index 4) connected
[nebula] peer worker w2 (index 2) connected
[nebula] peer worker w3 (index 3) connected
[nebula] chunk (2, 0, -1) loaded (rt_12884901887)
[nebula] chunk (2, 0, 0) loaded (rt_8589934592)
[nebula] chunk (-2, 0, -1) loaded (rt_18446744069414584319)
[nebula] chunk (-2, 0, 0) loaded (rt_18446744065119617024)
[nebula] chunk (2, 0, 1) loaded (rt_8589934593)
[nebula] chunk (-2, 0, 1) loaded (rt_18446744065119617025)
[nebula] chunk (0, 0, -2) loaded (rt_4294967294)
[nebula] chunk (1, 0, -2) loaded (rt_8589934590)
[nebula] chunk (2, 0, -2) loaded (rt_12884901886)
[nebula] chunk (0, 0, 2) loaded (rt_2)
[nebula] chunk (1, 0, 2) loaded (rt_4294967298)
[nebula] chunk (2, 0, 2) loaded (rt_8589934594)
[nebula] profile 280 ticks/5s 279 frames avg 0.0ms max 0.1ms dup 0 skip 0 gc 10 auth 0 ghosts 0 | poll=0.02(279) ghosts=0.00 physics.sync=0.00 simulate=0.00 poses=0.00 containers=0.00 band=0.00 publish=0.00 gap=16.62
[nebula] ghost Player(Clone)#844424930131971(e2,rt_8589934591,auth) -> w3
[nebula] handover IN  Player(Clone)#844424930131971(e2,rt_8589934591,auth) <- w3 (epoch 2, tick 1364190864)
[nebula] ghost Prop(Clone)#844424930131974(e2,rt_8589934591,auth) -> w3
[nebula] handover IN  Prop(Clone)#844424930131974(e2,rt_8589934591,auth) <- w3 (epoch 2, tick 1364190864)
[nebula] ghost Prop(Clone)#844424930131975(e2,rt_8589934591,auth) -> w3
[nebula] handover IN  Prop(Clone)#844424930131975(e2,rt_8589934591,auth) <- w3 (epoch 2, tick 1364190864)
[nebula] chunk (-2, 0, 2) loaded (rt_18446744065119617026)
[nebula] chunk (-1, 0, 2) loaded (rt_18446744069414584322)
[nebula] chunk (3, 0, -1) loaded (rt_17179869183)
[nebula] chunk (3, 0, 0) loaded (rt_12884901888)
[nebula] chunk (3, 0, 1) loaded (rt_12884901889)
[nebula] local handover Player(Clone)#844424930131971(e2,rt_12884901887,auth) rt_8589934591 -> rt_12884901887
[nebula] chunk (3, 0, -2) loaded (rt_17179869182)
[nebula] chunk (-3, 0, -1) loaded (rt_18446744065119617023)
[nebula] chunk (-3, 0, 0) loaded (rt_18446744060824649728)
[nebula] chunk (-3, 0, 1) loaded (rt_18446744060824649729)
[nebula] profile 300 ticks/5s 300 frames avg 0.1ms max 5.2ms dup 5 skip 0 gc 13 auth 3 ghosts 0 | poll=0.08 ghosts=0.00 physics.sync=0.00 simulate=0.01 poses=0.00 containers=0.03 band=0.02 publish=0.01 gap=16.57
[nebula] profile 301 ticks/5s 300 frames avg 0.1ms max 0.2ms dup 38 skip 0 gc 9 auth 3 ghosts 0 | poll=0.01(300) ghosts=0.00 physics.sync=0.00 simulate=0.01 poses=0.00 containers=0.03 band=0.01 publish=0.01 gap=16.52
[nebula] chunk (3, 0, 2) loaded (rt_12884901890)
[nebula] chunk (-3, 0, 2) loaded (rt_18446744060824649730)
[nebula] chunk (0, 0, 3) loaded (rt_3)
[nebula] chunk (1, 0, 3) loaded (rt_4294967299)
[nebula] chunk (2, 0, 3) loaded (rt_8589934595)
[nebula] profile 300 ticks/5s 300 frames avg 0.1ms max 0.1ms dup 0 skip 0 gc 10 auth 3 ghosts 0 | poll=0.01 ghosts=0.00 physics.sync=0.00 simulate=0.01 poses=0.00 containers=0.03 band=0.01 publish=0.01 gap=16.56
[nebula] chunk (-4, 0, 0) loaded (rt_18446744056529682432)
[nebula] chunk (-4, 0, 1) loaded (rt_18446744056529682433)
[nebula] chunk (-4, 0, 2) loaded (rt_18446744056529682434)
[nebula] profile 300 ticks/5s 300 frames avg 0.1ms max 0.2ms dup 0 skip 0 gc 9 auth 3 ghosts 0 | poll=0.01 ghosts=0.00 physics.sync=0.00 simulate=0.01 poses=0.00 containers=0.04 band=0.01 publish=0.01 gap=16.55
[nebula] ghost Player(Clone)#844424930131971(e2,rt_12884901887,auth) -> w4
[nebula] chunk (-1, 0, 3) loaded (rt_18446744069414584323)
[nebula] profile 300 ticks/5s 300 frames avg 0.1ms max 0.2ms dup 0 skip 0 gc 10 auth 3 ghosts 0 | poll=0.01 ghosts=0.00 physics.sync=0.00 simulate=0.01 poses=0.00 containers=0.04 band=0.02 publish=0.01 gap=16.54
[nebula] chunk (-4, 0, -1) loaded (rt_18446744060824649727)
[nebula] spawned Prop(Clone)#281474976710657(e1,rt_12884901887,auth)
[nebula] profile 300 ticks/5s 300 frames avg 0.1ms max 3.6ms dup 0 skip 0 gc 8 auth 4 ghosts 0 | poll=0.01 ghosts=0.00 physics.sync=0.00 simulate=0.02 poses=0.00 containers=0.04 band=0.01 publish=0.01 gap=16.53
[nebula] local handover Player(Clone)#844424930131971(e2,rt_8589934591,auth) rt_12884901887 -> rt_8589934591
[nebula] spawned Prop(Clone)#281474976710658(e1,rt_8589934591,auth)
[nebula] profile 300 ticks/5s 300 frames avg 0.1ms max 0.6ms dup 0 skip 0 gc 8 auth 5 ghosts 0 | poll=0.01 ghosts=0.00 physics.sync=0.00 simulate=0.01 poses=0.00 containers=0.05 band=0.01 publish=0.01 gap=16.54
[nebula] profile 300 ticks/5s 300 frames avg 0.1ms max 0.2ms dup 0 skip 0 gc 9 auth 5 ghosts 0 | poll=0.01 ghosts=0.00 physics.sync=0.00 simulate=0.01 poses=0.00 containers=0.06 band=0.01 publish=0.01 gap=16.53
[nebula] local handover Player(Clone)#844424930131971(e2,rt_4294967295,auth) rt_8589934591 -> rt_4294967295
[nebula] chunk (-1, 0, -2) loaded (rt_18446744073709551614)
[nebula] ghost Player(Clone)#844424930131972(e5,rt_4294967295,auth) -> w2
[nebula] handover IN  Player(Clone)#844424930131972(e5,rt_4294967295,auth) <- w2 (epoch 5, tick 1364193473)
[nebula] local handover Player(Clone)#844424930131972(e5,rt_8589934591,auth) rt_4294967295 -> rt_8589934591
[nebula] profile 300 ticks/5s 300 frames avg 0.2ms max 1.8ms dup 0 skip 0 gc 8 auth 6 ghosts 1 | poll=0.02 ghosts=0.01 physics.sync=0.00 simulate=0.01 poses=0.00 containers=0.06 band=0.01 publish=0.01 gap=16.51
[nebula] spawned Prop(Clone)#281474976710659(e1,rt_8589934591,auth)
[nebula] profile 300 ticks/5s 300 frames avg 0.2ms max 0.5ms dup 0 skip 0 gc 8 auth 7 ghosts 1 | poll=0.01 ghosts=0.00 physics.sync=0.00 simulate=0.01 poses=0.00 containers=0.07 band=0.02 publish=0.01 gap=16.50
[nebula] ghost Player(Clone)#844424930131971(e2,rt_4294967295,auth) -> w2
[nebula] profile 300 ticks/5s 300 frames avg 0.2ms max 1.7ms dup 0 skip 0 gc 9 auth 7 ghosts 1 | poll=0.01 ghosts=0.00 physics.sync=0.00 simulate=0.01 poses=0.00 containers=0.07 band=0.02 publish=0.02 gap=16.49
[nebula] spawned Prop(Clone)#281474976710660(e1,rt_8589934591,auth)
[nebula] local handover Player(Clone)#844424930131972(e5,rt_8589934590,auth) rt_8589934591 -> rt_8589934590
[nebula] chunk (0, 0, -3) loaded (rt_4294967293)
[nebula] chunk (1, 0, -3) loaded (rt_8589934589)
[nebula] chunk (2, 0, -3) loaded (rt_12884901885)
[nebula] handover OUT Prop(Clone)#281474976710657(e2,rt_12884901887,ghost) -> w3 (epoch 2, tick 1364194348)
[nebula] profile 300 ticks/5s 300 frames avg 0.2ms max 2.1ms dup 0 skip 0 gc 10 auth 7 ghosts 2 | poll=0.01 ghosts=0.00 physics.sync=0.00 simulate=0.01 poses=0.01 containers=0.09 band=0.02 publish=0.01 gap=16.48
[nebula] chunk (-2, 0, -1) unloaded (rt_18446744069414584319)
[nebula] chunk (-2, 0, -1) loaded (rt_18446744069414584319)
[nebula] spawned Prop(Clone)#281474976710661(e1,rt_4294967295,auth)
[nebula] ghost Player(Clone)#844424930131972(e5,rt_8589934590,auth) -> w3
[nebula] spawned Prop(Clone)#281474976710662(e1,rt_8589934590,auth)
[nebula] profile 300 ticks/5s 300 frames avg 0.2ms max 1.3ms dup 0 skip 0 gc 9 auth 9 ghosts 3 | poll=0.02 ghosts=0.01 physics.sync=0.00 simulate=0.01 poses=0.00 containers=0.09 band=0.02 publish=0.01 gap=16.47
[nebula] local handover Player(Clone)#844424930131971(e2,rt_8589934591,auth) rt_4294967295 -> rt_8589934591
[nebula] spawned Prop(Clone)#281474976710663(e1,rt_8589934591,auth)
[nebula] ghost Prop(Clone)#281474976710662(e1,rt_8589934590,auth) -> w3
[nebula] spawned Prop(Clone)#281474976710664(e1,rt_8589934590,auth)
[nebula] profile 300 ticks/5s 300 frames avg 0.2ms max 0.5ms dup 0 skip 0 gc 9 auth 11 ghosts 2 | poll=0.01 ghosts=0.00 physics.sync=0.00 simulate=0.01 poses=0.01 containers=0.11 band=0.02 publish=0.02 gap=16.45
[nebula] local handover Player(Clone)#844424930131971(e2,rt_8589934590,auth) rt_8589934591 -> rt_8589934590
[nebula] spawned Prop(Clone)#281474976710665(e1,rt_8589934590,auth)
[nebula] spawned Prop(Clone)#281474976710666(e1,rt_8589934590,auth)
[nebula] profile 300 ticks/5s 300 frames avg 0.2ms max 0.5ms dup 0 skip 0 gc 8 auth 13 ghosts 2 | poll=0.01 ghosts=0.00 physics.sync=0.00 simulate=0.01 poses=0.01 containers=0.12 band=0.02 publish=0.02 gap=16.44
[nebula] local handover Player(Clone)#844424930131971(e2,rt_8589934591,auth) rt_8589934590 -> rt_8589934591
[nebula] chunk (3, 0, 2) unloaded (rt_12884901890)
[nebula] profile 300 ticks/5s 300 frames avg 0.2ms max 0.4ms dup 0 skip 0 gc 9 auth 13 ghosts 2 | poll=0.01 ghosts=0.00 physics.sync=0.00 simulate=0.01 poses=0.01 containers=0.13 band=0.02 publish=0.02 gap=16.43
[nebula] chunk (-3, 0, -1) unloaded (rt_18446744065119617023)
[nebula] local handover Player(Clone)#844424930131972(e5,rt_4294967294,auth) rt_8589934590 -> rt_4294967294
[nebula] chunk (-1, 0, -3) loaded (rt_18446744073709551613)
[nebula] handover OUT Player(Clone)#844424930131971(e3,rt_8589934591,ghost) -> w3 (epoch 3, tick 1364195723)
[nebula] handover OUT Prop(Clone)#844424930131974(e3,rt_8589934591,ghost) -> w3 (epoch 3, tick 1364195723)
[nebula] handover OUT Prop(Clone)#844424930131975(e3,rt_8589934591,ghost) -> w3 (epoch 3, tick 1364195723)
[nebula] handover OUT Prop(Clone)#281474976710658(e2,rt_8589934591,ghost) -> w3 (epoch 2, tick 1364195723)
[nebula] handover OUT Prop(Clone)#281474976710659(e2,rt_8589934591,ghost) -> w3 (epoch 2, tick 1364195723)
[nebula] handover OUT Prop(Clone)#281474976710660(e2,rt_8589934591,ghost) -> w3 (epoch 2, tick 1364195723)
[nebula] handover OUT Prop(Clone)#281474976710663(e2,rt_8589934591,ghost) -> w3 (epoch 2, tick 1364195723)
[nebula] ghost Prop(Clone)#281474976710662(e1,rt_8589934590,auth) -> w3
[nebula] ghost Player(Clone)#844424930131971(e4,rt_8589934591,auth) -> w3
[nebula] handover IN  Player(Clone)#844424930131971(e4,rt_8589934591,auth) <- w3 (epoch 4, tick 1364195785)
[nebula] ghost Prop(Clone)#844424930131974(e4,rt_8589934591,auth) -> w3
[nebula] handover IN  Prop(Clone)#844424930131974(e4,rt_8589934591,auth) <- w3 (epoch 4, tick 1364195785)
[nebula] ghost Prop(Clone)#844424930131975(e4,rt_8589934591,auth) -> w3
[nebula] handover IN  Prop(Clone)#844424930131975(e4,rt_8589934591,auth) <- w3 (epoch 4, tick 1364195785)
[nebula] ghost Prop(Clone)#281474976710658(e3,rt_8589934591,auth) -> w3
[nebula] handover IN  Prop(Clone)#281474976710658(e3,rt_8589934591,auth) <- w3 (epoch 3, tick 1364195785)
[nebula] ghost Prop(Clone)#281474976710659(e3,rt_8589934591,auth) -> w3
[nebula] handover IN  Prop(Clone)#281474976710659(e3,rt_8589934591,auth) <- w3 (epoch 3, tick 1364195785)
[nebula] ghost Prop(Clone)#281474976710660(e3,rt_8589934591,auth) -> w3
[nebula] handover IN  Prop(Clone)#281474976710660(e3,rt_8589934591,auth) <- w3 (epoch 3, tick 1364195785)
[nebula] ghost Prop(Clone)#281474976710663(e3,rt_8589934591,auth) -> w3
[nebula] handover IN  Prop(Clone)#281474976710663(e3,rt_8589934591,auth) <- w3 (epoch 3, tick 1364195785)
[nebula] chunk (2, 0, 3) unloaded (rt_8589934595)
[nebula] profile 300 ticks/5s 300 frames avg 0.2ms max 1.2ms dup 0 skip 0 gc 11 auth 13 ghosts 2 | poll=0.02 ghosts=0.01 physics.sync=0.00 simulate=0.01 poses=0.01 containers=0.12 band=0.02 publish=0.01 gap=16.44
[nebula] spawned Prop(Clone)#281474976710667(e1,rt_4294967294,auth)
[nebula] chunk (0, 0, 3) unloaded (rt_3)
[nebula] chunk (1, 0, 3) unloaded (rt_4294967299)
[nebula] ghost Player(Clone)#1125899906842625(e9,rt_8589934591,auth) -> w2
[nebula] handover IN  Player(Clone)#1125899906842625(e9,rt_8589934591,auth) <- w2 (epoch 9, tick 1364196058)
[nebula] ghost Player(Clone)#844424930131971(e4,rt_8589934591,auth) -> w2
[nebula] handover OUT Player(Clone)#844424930131971(e5,rt_4294967296,ghost) -> w2 (epoch 5, tick 1364196106)
[nebula] ghost Player(Clone)#562949953421313(e8,rt_4294967295,auth) -> w2
[nebula] ghost Player(Clone)#562949953421313(e8,rt_4294967295,auth) -> w3
[nebula] handover IN  Player(Clone)#562949953421313(e8,rt_4294967295,auth) <- w2 (epoch 8, tick 1364196121)
[nebula] ghost Prop(Clone)#281474976710657(e3,rt_12884901887,auth) -> w3
[nebula] handover IN  Prop(Clone)#281474976710657(e3,rt_12884901887,auth) <- w3 (epoch 3, tick 1364196152)
[nebula] spawned Prop(Clone)#281474976710668(e1,rt_8589934591,auth)
[nebula] profile 300 ticks/5s 300 frames avg 0.3ms max 1.4ms dup 0 skip 0 gc 9 auth 17 ghosts 3 | poll=0.02 ghosts=0.01 physics.sync=0.00 simulate=0.01 poses=0.01 containers=0.14 band=0.03 publish=0.02 gap=16.40
[nebula] handover OUT Prop(Clone)#281474976710657(e4,rt_12884901887,ghost) -> w3 (epoch 4, tick 1364196272)
[nebula] ghost Prop(Clone)#281474976710662(e1,rt_8589934590,auth) -> w3
[nebula] chunk (-2, 0, -2) loaded (rt_18446744069414584318)
[nebula] local handover Player(Clone)#562949953421313(e8,rt_18446744073709551615,auth) rt_4294967295 -> rt_18446744073709551615
[nebula] handover OUT Prop(Clone)#844424930131974(e5,rt_8589934591,ghost) -> w3 (epoch 5, tick 1364196334)
[nebula] handover OUT Prop(Clone)#844424930131975(e5,rt_8589934591,ghost) -> w3 (epoch 5, tick 1364196334)
[nebula] handover OUT Prop(Clone)#281474976710658(e4,rt_8589934591,ghost) -> w3 (epoch 4, tick 1364196334)
[nebula] handover OUT Prop(Clone)#281474976710659(e4,rt_8589934591,ghost) -> w3 (epoch 4, tick 1364196334)
[nebula] handover OUT Prop(Clone)#281474976710660(e4,rt_8589934591,ghost) -> w3 (epoch 4, tick 1364196334)
[nebula] handover OUT Prop(Clone)#281474976710663(e4,rt_8589934591,ghost) -> w3 (epoch 4, tick 1364196334)
[nebula] handover OUT Player(Clone)#1125899906842625(e10,rt_8589934591,ghost) -> w3 (epoch 10, tick 1364196334)
[nebula] handover OUT Prop(Clone)#281474976710668(e2,rt_8589934591,ghost) -> w3 (epoch 2, tick 1364196334)
[nebula] local handover Player(Clone)#844424930131972(e5,rt_4294967293,auth) rt_4294967294 -> rt_4294967293
[nebula] chunk (-1, 0, -4) loaded (rt_18446744073709551612)
[nebula] chunk (0, 0, -4) loaded (rt_4294967292)
[nebula] chunk (1, 0, -4) loaded (rt_8589934588)
[nebula] local handover Player(Clone)#844424930131972(e5,rt_8589934589,auth) rt_4294967293 -> rt_8589934589
[nebula] chunk (2, 0, -4) loaded (rt_12884901884)
[nebula] chunk (3, 0, 0) unloaded (rt_12884901888)
[nebula] chunk (3, 0, 1) unloaded (rt_12884901889)
[nebula] profile 300 ticks/5s 300 frames avg 0.2ms max 1.4ms dup 0 skip 0 gc 12 auth 8 ghosts 3 | poll=0.01 ghosts=0.01 physics.sync=0.00 simulate=0.01 poses=0.01 containers=0.11 band=0.02 publish=0.02 gap=16.44
[nebula] local handover Player(Clone)#844424930131972(e5,rt_8589934590,auth) rt_8589934589 -> rt_8589934590
[nebula] spawned Prop(Clone)#281474976710669(e1,rt_18446744073709551615,auth)
[nebula] ghost Player(Clone)#1125899906842625(e11,rt_8589934590,auth) -> w3
[nebula] handover IN  Player(Clone)#1125899906842625(e11,rt_8589934590,auth) <- w3 (epoch 11, tick 1364196714)
[nebula] local handover Player(Clone)#562949953421313(e8,rt_18446744073709551614,auth) rt_18446744073709551615 -> rt_18446744073709551614
[nebula] chunk (-2, 0, -3) loaded (rt_18446744069414584317)
[nebula] profile 300 ticks/5s 300 frames avg 0.2ms max 0.4ms dup 0 skip 0 gc 9 auth 10 ghosts 3 | poll=0.01 ghosts=0.00 physics.sync=0.00 simulate=0.01 poses=0.01 containers=0.09 band=0.02 publish=0.02 gap=16.46
[nebula] local handover Player(Clone)#1125899906842625(e11,rt_4294967294,auth) rt_8589934590 -> rt_4294967294
[nebula] profile 300 ticks/5s 300 frames avg 0.2ms max 0.4ms dup 0 skip 0 gc 9 auth 10 ghosts 3 | poll=0.01 ghosts=0.00 physics.sync=0.00 simulate=0.01 poses=0.01 containers=0.10 band=0.02 publish=0.02 gap=16.45
[nebula] chunk (-3, 0, -1) loaded (rt_18446744065119617023)
[nebula] local handover Player(Clone)#1125899906842625(e11,rt_8589934590,auth) rt_4294967294 -> rt_8589934590
[nebula] spawned Prop(Clone)#281474976710670(e1,rt_8589934590,auth)
[nebula] local handover Player(Clone)#1125899906842625(e11,rt_8589934589,auth) rt_8589934590 -> rt_8589934589
[nebula] profile 300 ticks/5s 300 frames avg 0.2ms max 0.5ms dup 0 skip 0 gc 9 auth 11 ghosts 3 | poll=0.01 ghosts=0.00 physics.sync=0.00 simulate=0.01 poses=0.01 containers=0.11 band=0.02 publish=0.02 gap=16.44
[nebula] spawned Prop(Clone)#281474976710671(e1,rt_18446744073709551614,auth)
[nebula] chunk (-3, 0, -3) loaded (rt_18446744065119617021)
[nebula] local handover Player(Clone)#562949953421313(e8,rt_18446744069414584318,auth) rt_18446744073709551614 -> rt_18446744069414584318
[nebula] chunk (-3, 0, -2) loaded (rt_18446744065119617022)
[nebula] spawned Prop(Clone)#281474976710672(e1,rt_8589934589,auth)
[nebula] local handover Player(Clone)#1125899906842625(e11,rt_4294967293,auth) rt_8589934589 -> rt_4294967293
[nebula] profile 300 ticks/5s 300 frames avg 0.3ms max 0.5ms dup 0 skip 0 gc 9 auth 13 ghosts 3 | poll=0.01 ghosts=0.00 physics.sync=0.00 simulate=0.01 poses=0.01 containers=0.13 band=0.02 publish=0.02 gap=16.42
[nebula] local handover Player(Clone)#844424930131972(e5,rt_4294967294,auth) rt_8589934590 -> rt_4294967294
[nebula] local handover Player(Clone)#1125899906842625(e11,rt_4294967294,auth) rt_4294967293 -> rt_4294967294
[nebula] chunk (-2, 0, 3) loaded (rt_18446744065119617027)
[nebula] chunk (0, 0, 3) loaded (rt_3)
[nebula] spawned Prop(Clone)#281474976710673(e1,rt_4294967294,auth)
[nebula] chunk (-4, 0, -1) unloaded (rt_18446744060824649727)
[nebula] spawned Prop(Clone)#281474976710674(e1,rt_18446744069414584318,auth)
[nebula] profile 300 ticks/5s 300 frames avg 0.3ms max 0.7ms dup 0 skip 0 gc 11 auth 15 ghosts 3 | poll=0.01 ghosts=0.00 physics.sync=0.00 simulate=0.01 poses=0.01 containers=0.15 band=0.02 publish=0.02 gap=16.40
[nebula] local handover Player(Clone)#562949953421313(e8,rt_18446744065119617022,auth) rt_18446744069414584318 -> rt_18446744065119617022
[nebula] chunk (-4, 0, -3) loaded (rt_18446744060824649725)
[nebula] chunk (-4, 0, -2) loaded (rt_18446744060824649726)
[nebula] chunk (-4, 0, -1) loaded (rt_18446744060824649727)
[nebula] local handover Player(Clone)#1125899906842625(e11,rt_8589934589,auth) rt_4294967294 -> rt_8589934589
[nebula] chunk (1, 0, 3) loaded (rt_4294967299)
[nebula] profile 300 ticks/5s 300 frames avg 0.3ms max 0.5ms dup 0 skip 0 gc 11 auth 15 ghosts 3 | poll=0.01 ghosts=0.00 physics.sync=0.00 simulate=0.01 poses=0.01 containers=0.16 band=0.02 publish=0.02 gap=16.38
[nebula] spawned Prop(Clone)#281474976710675(e1,rt_8589934589,auth)
[nebula] local handover Player(Clone)#1125899906842625(e11,rt_8589934590,auth) rt_8589934589 -> rt_8589934590
[nebula] chunk (3, 0, 0) loaded (rt_12884901888)
[nebula] local handover Player(Clone)#1125899906842625(e11,rt_4294967294,auth) rt_8589934590 -> rt_4294967294
[nebula] profile 300 ticks/5s 300 frames avg 0.3ms max 0.6ms dup 0 skip 0 gc 11 auth 16 ghosts 3 | poll=0.01 ghosts=0.00 physics.sync=0.00 simulate=0.01 poses=0.01 containers=0.18 band=0.02 publish=0.02 gap=16.36
[nebula] spawned Prop(Clone)#281474976710676(e1,rt_4294967294,auth)
[nebula] profile 300 ticks/5s 300 frames avg 0.3ms max 0.6ms dup 0 skip 0 gc 10 auth 17 ghosts 3 | poll=0.01 ghosts=0.00 physics.sync=0.00 simulate=0.01 poses=0.01 containers=0.19 band=0.02 publish=0.02 gap=16.35
[nebula] local handover Player(Clone)#562949953421313(e8,rt_18446744065119617023,auth) rt_18446744065119617022 -> rt_18446744065119617023
[nebula] spawned Prop(Clone)#281474976710677(e1,rt_18446744065119617023,auth)
[nebula] spawned Prop(Clone)#281474976710678(e1,rt_4294967294,auth)
[nebula] chunk (3, 0, -3) loaded (rt_17179869181)
[nebula] profile 300 ticks/5s 300 frames avg 0.3ms max 0.7ms dup 0 skip 0 gc 10 auth 19 ghosts 4 | poll=0.02 ghosts=0.01 physics.sync=0.00 simulate=0.01 poses=0.01 containers=0.21 band=0.02 publish=0.02 gap=16.32
[nebula] local handover Player(Clone)#1125899906842625(e11,rt_18446744073709551614,auth) rt_4294967294 -> rt_18446744073709551614
[nebula] chunk (-2, 0, 4) loaded (rt_18446744065119617028)
[nebula] chunk (-1, 0, 4) loaded (rt_18446744069414584324)
[nebula] chunk (0, 0, 4) loaded (rt_4)
[nebula] spawned Prop(Clone)#281474976710679(e1,rt_4294967294,auth)
[nebula] local handover Player(Clone)#562949953421313(e8,rt_18446744069414584319,auth) rt_18446744065119617023 -> rt_18446744069414584319
[nebula] chunk (-4, 0, 2) unloaded (rt_18446744056529682434)
[nebula] profile 300 ticks/5s 300 frames avg 0.4ms max 1.5ms dup 0 skip 0 gc 12 auth 20 ghosts 3 | poll=0.01 ghosts=0.01 physics.sync=0.00 simulate=0.02 poses=0.01 containers=0.23 band=0.02 publish=0.03 gap=16.28
[nebula] spawned Prop(Clone)#281474976710680(e1,rt_18446744073709551614,auth)
[nebula] local handover Player(Clone)#844424930131972(e5,rt_18446744073709551614,auth) rt_4294967294 -> rt_18446744073709551614
[nebula] local handover Player(Clone)#1125899906842625(e11,rt_4294967294,auth) rt_18446744073709551614 -> rt_4294967294
[nebula] local handover Player(Clone)#562949953421313(e8,rt_18446744065119617023,auth) rt_18446744069414584319 -> rt_18446744065119617023
[nebula] profile 300 ticks/5s 300 frames avg 0.4ms max 1.4ms dup 0 skip 0 gc 10 auth 21 ghosts 3 | poll=0.01 ghosts=0.00 physics.sync=0.00 simulate=0.01 poses=0.01 containers=0.23 band=0.02 publish=0.02 gap=16.29
[nebula] ghost Player(Clone)#844424930131973(e15,rt_18446744073709551615,auth) -> w2
[nebula] handover IN  Player(Clone)#844424930131973(e15,rt_18446744073709551615,auth) <- w2 (epoch 15, tick 1364200025)
[nebula] handover OUT Prop(Clone)#281474976710661(e2,rt_4294967295,ghost) -> w3 (epoch 2, tick 1364200039)
[nebula] handover OUT Prop(Clone)#281474976710662(e2,rt_8589934590,ghost) -> w3 (epoch 2, tick 1364200039)
[nebula] handover OUT Prop(Clone)#281474976710664(e2,rt_8589934590,ghost) -> w3 (epoch 2, tick 1364200039)
[nebula] handover OUT Prop(Clone)#281474976710665(e2,rt_8589934590,ghost) -> w3 (epoch 2, tick 1364200039)
[nebula] handover OUT Prop(Clone)#281474976710666(e2,rt_8589934590,ghost) -> w3 (epoch 2, tick 1364200039)
[nebula] handover OUT Prop(Clone)#281474976710667(e2,rt_4294967294,ghost) -> w3 (epoch 2, tick 1364200039)
[nebula] handover OUT Player(Clone)#1125899906842625(e12,rt_4294967294,ghost) -> w3 (epoch 12, tick 1364200039)
[nebula] handover OUT Prop(Clone)#281474976710670(e2,rt_8589934590,ghost) -> w3 (epoch 2, tick 1364200039)
[nebula] handover OUT Prop(Clone)#281474976710673(e2,rt_4294967294,ghost) -> w3 (epoch 2, tick 1364200039)
[nebula] handover OUT Prop(Clone)#281474976710676(e2,rt_4294967294,ghost) -> w3 (epoch 2, tick 1364200039)
[nebula] handover OUT Prop(Clone)#281474976710678(e2,rt_4294967294,ghost) -> w3 (epoch 2, tick 1364200039)
[nebula] handover OUT Prop(Clone)#281474976710679(e2,rt_4294967294,ghost) -> w3 (epoch 2, tick 1364200039)
[nebula] ghost Prop(Clone)#281474976710675(e1,rt_8589934589,auth) -> w3
[nebula] ghost Prop(Clone)#281474976710680(e1,rt_18446744073709551614,auth) -> w3
[nebula] ghost Player(Clone)#844424930131973(e15,rt_18446744073709551615,auth) -> w3
[nebula] spawned Prop(Clone)#281474976710681(e1,rt_18446744073709551615,auth)
[nebula] ghost Prop(Clone)#281474976710667(e3,rt_4294967294,auth) -> w3
[nebula] handover IN  Prop(Clone)#281474976710667(e3,rt_4294967294,auth) <- w3 (epoch 3, tick 1364200071)
[nebula] ghost Player(Clone)#1125899906842625(e13,rt_4294967294,auth) -> w3
[nebula] handover IN  Player(Clone)#1125899906842625(e13,rt_4294967294,auth) <- w3 (epoch 13, tick 1364200071)
[nebula] ghost Prop(Clone)#281474976710673(e3,rt_4294967294,auth) -> w3
[nebula] handover IN  Prop(Clone)#281474976710673(e3,rt_4294967294,auth) <- w3 (epoch 3, tick 1364200071)
[nebula] ghost Prop(Clone)#281474976710676(e3,rt_4294967294,auth) -> w3
[nebula] handover IN  Prop(Clone)#281474976710676(e3,rt_4294967294,auth) <- w3 (epoch 3, tick 1364200071)
[nebula] ghost Prop(Clone)#281474976710678(e3,rt_4294967294,auth) -> w3
[nebula] handover IN  Prop(Clone)#281474976710678(e3,rt_4294967294,auth) <- w3 (epoch 3, tick 1364200071)
[nebula] ghost Prop(Clone)#281474976710679(e3,rt_4294967294,auth) -> w3
[nebula] handover IN  Prop(Clone)#281474976710679(e3,rt_4294967294,auth) <- w3 (epoch 3, tick 1364200071)
[nebula] ghost Prop(Clone)#281474976710661(e3,rt_4294967295,auth) -> w3
[nebula] handover IN  Prop(Clone)#281474976710661(e3,rt_4294967295,auth) <- w3 (epoch 3, tick 1364200101)
[nebula] ghost Prop(Clone)#281474976710662(e3,rt_8589934590,auth) -> w3
[nebula] handover IN  Prop(Clone)#281474976710662(e3,rt_8589934590,auth) <- w3 (epoch 3, tick 1364200101)
[nebula] ghost Prop(Clone)#281474976710664(e3,rt_8589934590,auth) -> w3
[nebula] handover IN  Prop(Clone)#281474976710664(e3,rt_8589934590,auth) <- w3 (epoch 3, tick 1364200101)
[nebula] ghost Prop(Clone)#281474976710665(e3,rt_8589934590,auth) -> w3
[nebula] handover IN  Prop(Clone)#281474976710665(e3,rt_8589934590,auth) <- w3 (epoch 3, tick 1364200101)
[nebula] ghost Prop(Clone)#281474976710666(e3,rt_8589934590,auth) -> w3
[nebula] handover IN  Prop(Clone)#281474976710666(e3,rt_8589934590,auth) <- w3 (epoch 3, tick 1364200101)
[nebula] ghost Prop(Clone)#281474976710670(e3,rt_8589934590,auth) -> w3
[nebula] handover IN  Prop(Clone)#281474976710670(e3,rt_8589934590,auth) <- w3 (epoch 3, tick 1364200101)
[nebula] profile 300 ticks/5s 300 frames avg 0.4ms max 0.7ms dup 0 skip 0 gc 12 auth 23 ghosts 3 | poll=0.02 ghosts=0.01 physics.sync=0.00 simulate=0.01 poses=0.01 containers=0.23 band=0.03 publish=0.02 gap=16.30
[nebula] spawned Prop(Clone)#281474976710682(e1,rt_4294967294,auth)
[nebula] spawned Prop(Clone)#281474976710683(e1,rt_18446744065119617023,auth)
[nebula] local handover Player(Clone)#1125899906842625(e13,rt_8589934590,auth) rt_4294967294 -> rt_8589934590
[nebula] local handover Player(Clone)#844424930131972(e5,rt_18446744069414584318,auth) rt_18446744073709551614 -> rt_18446744069414584318
[nebula] profile 300 ticks/5s 300 frames avg 0.4ms max 0.8ms dup 0 skip 0 gc 12 auth 25 ghosts 3 | poll=0.01 ghosts=0.00 physics.sync=0.00 simulate=0.02 poses=0.01 containers=0.27 band=0.03 publish=0.02 gap=16.25
[nebula] chunk (-3, 0, 3) loaded (rt_18446744060824649731)
[nebula] ghost Player(Clone)#562949953421313(e8,rt_18446744065119617023,auth) -> w3
[nebula] handover OUT Player(Clone)#562949953421313(e9,rt_18446744060824649728,ghost) -> w3 (epoch 9, tick 1364200639)
[nebula] profile 300 ticks/5s 300 frames avg 0.4ms max 0.6ms dup 0 skip 0 gc 12 auth 24 ghosts 4 | poll=0.01 ghosts=0.01 physics.sync=0.00 simulate=0.02 poses=0.01 containers=0.28 band=0.03 publish=0.02 gap=16.24
[nebula] local handover Player(Clone)#844424930131972(e5,rt_18446744073709551614,auth) rt_18446744069414584318 -> rt_18446744073709551614
[nebula] spawned Prop(Clone)#281474976710684(e1,rt_18446744073709551614,auth)
[nebula] ghost Player(Clone)#844424930131973(e15,rt_18446744073709551615,auth) -> w2
[nebula] profile 300 ticks/5s 300 frames avg 0.4ms max 0.9ms dup 0 skip 0 gc 12 auth 25 ghosts 3 | poll=0.01 ghosts=0.01 physics.sync=0.00 simulate=0.02 poses=0.02 containers=0.28 band=0.03 publish=0.02 gap=16.24
[nebula] spawned Prop(Clone)#281474976710685(e1,rt_18446744073709551615,auth)
[nebula] ghost Prop(Clone)#281474976710685(e1,rt_18446744073709551615,auth) -> w2
[nebula] ghost Player(Clone)#1125899906842625(e13,rt_8589934590,auth) -> w3
[nebula] handover OUT Player(Clone)#1125899906842625(e14,rt_12884901886,ghost) -> w3 (epoch 14, tick 1364201097)
[nebula] ghost Player(Clone)#1125899906842625(e15,rt_12884901885,auth) -> w3
[nebula] handover IN  Player(Clone)#1125899906842625(e15,rt_12884901885,auth) <- w3 (epoch 15, tick 1364201145)
[nebula] chunk (3, 0, -4) loaded (rt_17179869180)
[nebula] local handover Player(Clone)#844424930131972(e5,rt_18446744069414584319,auth) rt_18446744073709551614 -> rt_18446744069414584319
[nebula] spawned Prop(Clone)#281474976710686(e1,rt_12884901885,auth)
[nebula] profile 300 ticks/5s 300 frames avg 0.5ms max 1.8ms dup 0 skip 0 gc 12 auth 27 ghosts 3 | poll=0.01 ghosts=0.01 physics.sync=0.00 simulate=0.02 poses=0.02 containers=0.30 band=0.04 publish=0.02 gap=16.20
[nebula] ghost Player(Clone)#1125899906842625(e15,rt_12884901885,auth) -> w3
[nebula] spawned Prop(Clone)#281474976710687(e1,rt_18446744069414584319,auth)
[nebula] handover OUT Player(Clone)#1125899906842625(e16,rt_12884901886,ghost) -> w3 (epoch 16, tick 1364201399)
[nebula] chunk (-1, 0, -4) unloaded (rt_18446744073709551612)
[nebula] local handover Player(Clone)#844424930131972(e5,rt_18446744073709551615,auth) rt_18446744069414584319 -> rt_18446744073709551615
[nebula] ghost Player(Clone)#844424930131973(e15,rt_18446744073709551615,auth) -> w2
[nebula] ghost Player(Clone)#1125899906842625(e17,rt_8589934590,auth) -> w3
[nebula] handover IN  Player(Clone)#1125899906842625(e17,rt_8589934590,auth) <- w3 (epoch 17, tick 1364201592)
[nebula] profile 300 ticks/5s 300 frames avg 0.5ms max 1.4ms dup 0 skip 0 gc 12 auth 28 ghosts 3 | poll=0.01 ghosts=0.01 physics.sync=0.00 simulate=0.01 poses=0.02 containers=0.31 band=0.03 publish=0.02 gap=16.20
[nebula] handover OUT Player(Clone)#844424930131973(e16,rt_18446744069414584320,ghost) -> w2 (epoch 16, tick 1364201643)
[nebula] ghost Player(Clone)#562949953421314(e16,rt_8589934590,auth) -> w3
[nebula] handover IN  Player(Clone)#562949953421314(e16,rt_8589934590,auth) <- w3 (epoch 16, tick 1364201724)
[nebula] local handover Player(Clone)#844424930131972(e5,rt_18446744073709551614,auth) rt_18446744073709551615 -> rt_18446744073709551614
[nebula] spawned Prop(Clone)#281474976710688(e1,rt_18446744073709551614,auth)
[nebula] local handover Player(Clone)#844424930131972(e5,rt_18446744073709551615,auth) rt_18446744073709551614 -> rt_18446744073709551615
[nebula] profile 300 ticks/5s 300 frames avg 0.5ms max 1.0ms dup 0 skip 0 gc 12 auth 29 ghosts 3 | poll=0.02 ghosts=0.01 physics.sync=0.00 simulate=0.02 poses=0.02 containers=0.32 band=0.04 publish=0.02 gap=16.19
[nebula] chunk (0, 0, -4) unloaded (rt_4294967292)
[nebula] spawned Prop(Clone)#281474976710689(e1,rt_8589934590,auth)
[nebula] ghost Prop(Clone)#281474976710689(e1,rt_8589934590,auth) -> w3
[nebula] local handover Player(Clone)#844424930131972(e5,rt_18446744069414584319,auth) rt_18446744073709551615 -> rt_18446744069414584319
[nebula] handover OUT Player(Clone)#562949953421314(e17,rt_8589934591,ghost) -> w3 (epoch 17, tick 1364202080)
[nebula] spawned Prop(Clone)#281474976710690(e1,rt_18446744069414584319,auth)
[nebula] profile 300 ticks/5s 300 frames avg 0.5ms max 1.0ms dup 0 skip 0 gc 12 auth 30 ghosts 4 | poll=0.01 ghosts=0.01 physics.sync=0.00 simulate=0.02 poses=0.02 containers=0.32 band=0.03 publish=0.02 gap=16.18
[nebula] chunk (0, 0, -4) loaded (rt_4294967292)
[nebula] local handover Player(Clone)#1125899906842625(e17,rt_8589934589,auth) rt_8589934590 -> rt_8589934589
[nebula] spawned Prop(Clone)#281474976710691(e1,rt_18446744069414584319,auth)
[nebula] profile 300 ticks/5s 300 frames avg 0.5ms max 1.0ms dup 1 skip 0 gc 11 auth 31 ghosts 3 | poll=0.01 ghosts=0.00 physics.sync=0.00 simulate=0.02 poses=0.02 containers=0.33 band=0.03 publish=0.02 gap=16.18
[nebula] local handover Player(Clone)#1125899906842625(e17,rt_8589934590,auth) rt_8589934589 -> rt_8589934590
[nebula] chunk (-4, 0, -3) unloaded (rt_18446744060824649725)
[nebula] local handover Player(Clone)#844424930131972(e5,rt_18446744065119617023,auth) rt_18446744069414584319 -> rt_18446744065119617023
[nebula] local handover Player(Clone)#1125899906842625(e17,rt_4294967294,auth) rt_8589934590 -> rt_4294967294
[nebula] profile 300 ticks/5s 300 frames avg 0.5ms max 0.9ms dup 0 skip 0 gc 12 auth 31 ghosts 3 | poll=0.01 ghosts=0.01 physics.sync=0.00 simulate=0.01 poses=0.02 containers=0.34 band=0.03 publish=0.02 gap=16.17
[nebula] chunk (-2, 0, 4) unloaded (rt_18446744065119617028)
[nebula] chunk (-1, 0, 4) unloaded (rt_18446744069414584324)
[nebula] spawned Prop(Clone)#281474976710692(e1,rt_4294967294,auth)
[nebula] spawned Prop(Clone)#281474976710693(e1,rt_18446744065119617023,auth)
[nebula] profile 300 ticks/5s 300 frames avg 0.5ms max 0.8ms dup 0 skip 0 gc 11 auth 33 ghosts 3 | poll=0.01 ghosts=0.00 physics.sync=0.00 simulate=0.02 poses=0.02 containers=0.35 band=0.03 publish=0.02 gap=16.16
[nebula] ghost Player(Clone)#844424930131973(e18,rt_18446744069414584319,auth) -> w3
[nebula] handover IN  Player(Clone)#844424930131973(e18,rt_18446744069414584319,auth) <- w3 (epoch 18, tick 1364203229)
[nebula] ghost Player(Clone)#562949953421314(e18,rt_8589934590,auth) -> w3
[nebula] handover IN  Player(Clone)#562949953421314(e18,rt_8589934590,auth) <- w3 (epoch 18, tick 1364203241)
[nebula] local handover Player(Clone)#844424930131972(e5,rt_18446744069414584319,auth) rt_18446744065119617023 -> rt_18446744069414584319
[nebula] spawned Prop(Clone)#281474976710694(e1,rt_18446744069414584319,auth)
[nebula] local handover Player(Clone)#844424930131973(e18,rt_18446744065119617023,auth) rt_18446744069414584319 -> rt_18446744065119617023
[nebula] profile 300 ticks/5s 300 frames avg 0.5ms max 0.9ms dup 0 skip 0 gc 11 auth 36 ghosts 3 | poll=0.02 ghosts=0.01 physics.sync=0.00 simulate=0.02 poses=0.02 containers=0.38 band=0.04 publish=0.02 gap=16.12
[nebula] chunk (-4, 0, 2) loaded (rt_18446744056529682434)
[nebula] chunk (-4, 0, 3) loaded (rt_18446744056529682435)
[nebula] ghost Player(Clone)#562949953421314(e18,rt_8589934590,auth) -> w3
[nebula] local handover Player(Clone)#1125899906842625(e17,rt_18446744073709551614,auth) rt_4294967294 -> rt_18446744073709551614
[nebula] handover OUT Player(Clone)#562949953421314(e19,rt_8589934591,ghost) -> w3 (epoch 19, tick 1364203646)
[nebula] chunk (0, 0, 3) unloaded (rt_3)
[nebula] chunk (1, 0, 3) unloaded (rt_4294967299)
[nebula] chunk (3, 0, 0) unloaded (rt_12884901888)
[nebula] chunk (0, 0, 4) unloaded (rt_4)
[nebula] local handover Player(Clone)#844424930131973(e18,rt_18446744069414584319,auth) rt_18446744065119617023 -> rt_18446744069414584319
[nebula] profile 300 ticks/5s 300 frames avg 0.6ms max 0.9ms dup 0 skip 0 gc 13 auth 35 ghosts 4 | poll=0.01 ghosts=0.01 physics.sync=0.00 simulate=0.02 poses=0.02 containers=0.40 band=0.04 publish=0.02 gap=16.10
[nebula] local handover Player(Clone)#1125899906842625(e17,rt_4294967294,auth) rt_18446744073709551614 -> rt_4294967294
[nebula] spawned Prop(Clone)#281474976710695(e1,rt_18446744069414584319,auth)
[nebula] local handover Player(Clone)#844424930131972(e5,rt_18446744073709551615,auth) rt_18446744069414584319 -> rt_18446744073709551615
[nebula] profile 300 ticks/5s 300 frames avg 0.6ms max 0.8ms dup 0 skip 0 gc 11 auth 36 ghosts 4 | poll=0.01 ghosts=0.01 physics.sync=0.00 simulate=0.02 poses=0.02 containers=0.38 band=0.03 publish=0.02 gap=16.12
[nebula] ghost Player(Clone)#562949953421314(e20,rt_8589934590,auth) -> w3
[nebula] handover IN  Player(Clone)#562949953421314(e20,rt_8589934590,auth) <- w3 (epoch 20, tick 1364204047)
[nebula] ghost Player(Clone)#844424930131972(e5,rt_18446744073709551615,auth) -> w2
[nebula] local handover Player(Clone)#562949953421314(e20,rt_4294967294,auth) rt_8589934590 -> rt_4294967294
[nebula] handover OUT Player(Clone)#844424930131972(e6,rt_18446744069414584320,ghost) -> w2 (epoch 6, tick 1364204201)
[nebula] profile 300 ticks/5s 300 frames avg 0.6ms max 0.9ms dup 0 skip 0 gc 12 auth 36 ghosts 4 | poll=0.01 ghosts=0.01 physics.sync=0.00 simulate=0.02 poses=0.02 containers=0.40 band=0.04 publish=0.02 gap=16.10
[nebula] chunk (-3, 0, -3) unloaded (rt_18446744065119617021)
[nebula] local handover Player(Clone)#1125899906842625(e17,rt_8589934590,auth) rt_4294967294 -> rt_8589934590
[nebula] spawned Prop(Clone)#281474976710696(e1,rt_18446744069414584319,auth)
[nebula] profile 300 ticks/5s 300 frames avg 0.6ms max 1.1ms dup 0 skip 0 gc 11 auth 37 ghosts 3 | poll=0.02 ghosts=0.01 physics.sync=0.00 simulate=0.02 poses=0.02 containers=0.38 band=0.03 publish=0.02 gap=16.11
[nebula] spawned Prop(Clone)#281474976710697(e1,rt_8589934590,auth)
[nebula] chunk (2, 0, 0) unloaded (rt_8589934592)
[nebula] chunk (2, 0, 1) unloaded (rt_8589934593)
[nebula] chunk (2, 0, 2) unloaded (rt_8589934594)
[nebula] spawned Prop(Clone)#281474976710698(e1,rt_4294967294,auth)
[nebula] local handover Player(Clone)#844424930131973(e18,rt_18446744065119617023,auth) rt_18446744069414584319 -> rt_18446744065119617023
[nebula] chunk (0, 0, 3) loaded (rt_3)
[nebula] profile 300 ticks/5s 300 frames avg 0.5ms max 0.8ms dup 0 skip 0 gc 11 auth 39 ghosts 3 | poll=0.01 ghosts=0.00 physics.sync=0.00 simulate=0.02 poses=0.02 containers=0.38 band=0.04 publish=0.02 gap=16.12
[nebula] local handover Player(Clone)#562949953421314(e20,rt_4294967293,auth) rt_4294967294 -> rt_4294967293
[nebula] chunk (-1, 0, -4) loaded (rt_18446744073709551612)
[nebula] chunk (3, 0, -3) unloaded (rt_17179869181)
[nebula] chunk (3, 0, -4) unloaded (rt_17179869180)
[nebula] spawned Prop(Clone)#281474976710699(e1,rt_4294967293,auth)
[nebula] profile 300 ticks/5s 300 frames avg 0.6ms max 0.9ms dup 0 skip 0 gc 12 auth 40 ghosts 3 | poll=0.01 ghosts=0.01 physics.sync=0.00 simulate=0.02 poses=0.02 containers=0.40 band=0.04 publish=0.02 gap=16.10
[nebula] local handover Player(Clone)#1125899906842625(e17,rt_8589934589,auth) rt_8589934590 -> rt_8589934589
[nebula] spawned Prop(Clone)#281474976710700(e1,rt_8589934589,auth)
[nebula] local handover Player(Clone)#844424930131973(e18,rt_18446744069414584319,auth) rt_18446744065119617023 -> rt_18446744069414584319
[nebula] chunk (-4, 0, 0) unloaded (rt_18446744056529682432)
[nebula] chunk (-4, 0, 1) unloaded (rt_18446744056529682433)
[nebula] profile 300 ticks/5s 300 frames avg 0.6ms max 1.1ms dup 0 skip 0 gc 12 auth 41 ghosts 3 | poll=0.02 ghosts=0.01 physics.sync=0.00 simulate=0.02 poses=0.02 containers=0.39 band=0.04 publish=0.02 gap=16.11
[nebula] local handover Player(Clone)#1125899906842625(e17,rt_4294967294,auth) rt_8589934589 -> rt_4294967294
[nebula] local handover Player(Clone)#562949953421314(e20,rt_8589934589,auth) rt_4294967293 -> rt_8589934589
[nebula] spawned Prop(Clone)#281474976710701(e1,rt_8589934589,auth)
[nebula] profile 300 ticks/5s 300 frames avg 0.6ms max 1.9ms dup 0 skip 0 gc 10 auth 42 ghosts 3 | poll=0.01 ghosts=0.01 physics.sync=0.00 simulate=0.02 poses=0.03 containers=0.40 band=0.04 publish=0.03 gap=16.10
[nebula] local handover Player(Clone)#844424930131973(e18,rt_18446744065119617023,auth) rt_18446744069414584319 -> rt_18446744065119617023
[nebula] local handover Player(Clone)#562949953421314(e20,rt_8589934590,auth) rt_8589934589 -> rt_8589934590
[nebula] chunk (-4, 0, 0) loaded (rt_18446744056529682432)
[nebula] spawned Prop(Clone)#281474976710702(e1,rt_4294967294,auth)
[nebula] profile 300 ticks/5s 300 frames avg 0.6ms max 1.1ms dup 0 skip 0 gc 11 auth 43 ghosts 3 | poll=0.01 ghosts=0.01 physics.sync=0.00 simulate=0.02 poses=0.03 containers=0.42 band=0.04 publish=0.02 gap=16.07
[nebula] local handover Player(Clone)#1125899906842625(e17,rt_4294967293,auth) rt_4294967294 -> rt_4294967293
[nebula] handover OUT Prop(Clone)#281474976710667(e4,rt_4294967294,ghost) -> w3 (epoch 4, tick 1364206367)
[nebula] handover OUT Prop(Clone)#281474976710673(e4,rt_4294967294,ghost) -> w3 (epoch 4, tick 1364206367)
[nebula] handover OUT Prop(Clone)#281474976710676(e4,rt_4294967294,ghost) -> w3 (epoch 4, tick 1364206367)
[nebula] handover OUT Prop(Clone)#281474976710678(e4,rt_4294967294,ghost) -> w3 (epoch 4, tick 1364206367)
[nebula] handover OUT Prop(Clone)#281474976710679(e4,rt_4294967294,ghost) -> w3 (epoch 4, tick 1364206367)
[nebula] handover OUT Prop(Clone)#281474976710661(e4,rt_4294967295,ghost) -> w3 (epoch 4, tick 1364206367)
[nebula] handover OUT Prop(Clone)#281474976710662(e4,rt_8589934590,ghost) -> w3 (epoch 4, tick 1364206367)
[nebula] handover OUT Prop(Clone)#281474976710664(e4,rt_8589934590,ghost) -> w3 (epoch 4, tick 1364206367)
[nebula] handover OUT Prop(Clone)#281474976710665(e4,rt_8589934590,ghost) -> w3 (epoch 4, tick 1364206367)
[nebula] handover OUT Prop(Clone)#281474976710666(e4,rt_8589934590,ghost) -> w3 (epoch 4, tick 1364206367)
[nebula] handover OUT Prop(Clone)#281474976710670(e4,rt_8589934590,ghost) -> w3 (epoch 4, tick 1364206367)
[nebula] handover OUT Prop(Clone)#281474976710682(e2,rt_4294967294,ghost) -> w3 (epoch 2, tick 1364206367)
[nebula] handover OUT Prop(Clone)#281474976710689(e2,rt_8589934590,ghost) -> w3 (epoch 2, tick 1364206367)
[nebula] handover OUT Prop(Clone)#281474976710692(e2,rt_4294967294,ghost) -> w3 (epoch 2, tick 1364206367)
[nebula] handover OUT Player(Clone)#562949953421314(e21,rt_8589934590,ghost) -> w3 (epoch 21, tick 1364206367)
[nebula] handover OUT Prop(Clone)#281474976710697(e2,rt_8589934590,ghost) -> w3 (epoch 2, tick 1364206367)
[nebula] handover OUT Prop(Clone)#281474976710698(e2,rt_4294967294,ghost) -> w3 (epoch 2, tick 1364206367)
[nebula] handover OUT Prop(Clone)#281474976710702(e2,rt_4294967294,ghost) -> w3 (epoch 2, tick 1364206367)
[nebula] ghost Prop(Clone)#281474976710675(e1,rt_8589934589,auth) -> w3
[nebula] ghost Prop(Clone)#281474976710680(e1,rt_18446744073709551614,auth) -> w3
[nebula] ghost Prop(Clone)#281474976710700(e1,rt_8589934589,auth) -> w3
[nebula] profile 300 ticks/5s 300 frames avg 0.6ms max 0.9ms dup 0 skip 0 gc 11 auth 25 ghosts 22 | poll=0.01 ghosts=0.01 physics.sync=0.00 simulate=0.02 poses=0.03 containers=0.39 band=0.04 publish=0.02 gap=16.11
[nebula] spawned Prop(Clone)#281474976710703(e1,rt_18446744065119617023,auth)
[nebula] ghost Player(Clone)#844424930131971(e18,rt_18446744069414584319,auth) -> w2
[nebula] ghost Player(Clone)#844424930131971(e18,rt_18446744069414584319,auth) -> w3
[nebula] handover IN  Player(Clone)#844424930131971(e18,rt_18446744069414584319,auth) <- w2 (epoch 18, tick 1364206462)
[nebula] spawned Prop(Clone)#281474976710704(e1,rt_18446744069414584319,auth)
[nebula] local handover Player(Clone)#1125899906842625(e17,rt_8589934589,auth) rt_4294967293 -> rt_8589934589
[nebula] ghost Prop(Clone)#281474976710667(e5,rt_4294967294,auth) -> w3
[nebula] handover IN  Prop(Clone)#281474976710667(e5,rt_4294967294,auth) <- w3 (epoch 5, tick 1364206549)
[nebula] ghost Prop(Clone)#281474976710673(e5,rt_4294967294,auth) -> w3
[nebula] handover IN  Prop(Clone)#281474976710673(e5,rt_4294967294,auth) <- w3 (epoch 5, tick 1364206549)
[nebula] ghost Prop(Clone)#281474976710676(e5,rt_4294967294,auth) -> w3
[nebula] handover IN  Prop(Clone)#281474976710676(e5,rt_4294967294,auth) <- w3 (epoch 5, tick 1364206549)
[nebula] ghost Prop(Clone)#281474976710678(e5,rt_4294967294,auth) -> w3
[nebula] handover IN  Prop(Clone)#281474976710678(e5,rt_4294967294,auth) <- w3 (epoch 5, tick 1364206549)
[nebula] ghost Prop(Clone)#281474976710679(e5,rt_4294967294,auth) -> w3
[nebula] handover IN  Prop(Clone)#281474976710679(e5,rt_4294967294,auth) <- w3 (epoch 5, tick 1364206549)
[nebula] ghost Prop(Clone)#281474976710662(e5,rt_8589934590,auth) -> w3
[nebula] handover IN  Prop(Clone)#281474976710662(e5,rt_8589934590,auth) <- w3 (epoch 5, tick 1364206549)
[nebula] ghost Prop(Clone)#281474976710664(e5,rt_8589934590,auth) -> w3
[nebula] handover IN  Prop(Clone)#281474976710664(e5,rt_8589934590,auth) <- w3 (epoch 5, tick 1364206549)
[nebula] ghost Prop(Clone)#281474976710665(e5,rt_8589934590,auth) -> w3
[nebula] handover IN  Prop(Clone)#281474976710665(e5,rt_8589934590,auth) <- w3 (epoch 5, tick 1364206549)
[nebula] ghost Prop(Clone)#281474976710666(e5,rt_8589934590,auth) -> w3
[nebula] handover IN  Prop(Clone)#281474976710666(e5,rt_8589934590,auth) <- w3 (epoch 5, tick 1364206549)
[nebula] ghost Prop(Clone)#281474976710670(e5,rt_8589934590,auth) -> w3
[nebula] handover IN  Prop(Clone)#281474976710670(e5,rt_8589934590,auth) <- w3 (epoch 5, tick 1364206549)
[nebula] ghost Prop(Clone)#281474976710682(e3,rt_4294967294,auth) -> w3
[nebula] handover IN  Prop(Clone)#281474976710682(e3,rt_4294967294,auth) <- w3 (epoch 3, tick 1364206549)
[nebula] ghost Prop(Clone)#281474976710689(e3,rt_8589934590,auth) -> w3
[nebula] handover IN  Prop(Clone)#281474976710689(e3,rt_8589934590,auth) <- w3 (epoch 3, tick 1364206549)
[nebula] ghost Prop(Clone)#281474976710692(e3,rt_4294967294,auth) -> w3
[nebula] handover IN  Prop(Clone)#281474976710692(e3,rt_4294967294,auth) <- w3 (epoch 3, tick 1364206549)
[nebula] ghost Player(Clone)#562949953421314(e22,rt_8589934590,auth) -> w3
[nebula] handover IN  Player(Clone)#562949953421314(e22,rt_8589934590,auth) <- w3 (epoch 22, tick 1364206549)
[nebula] ghost Prop(Clone)#281474976710697(e3,rt_8589934590,auth) -> w3
[nebula] handover IN  Prop(Clone)#281474976710697(e3,rt_8589934590,auth) <- w3 (epoch 3, tick 1364206549)
[nebula] ghost Prop(Clone)#281474976710698(e3,rt_4294967294,auth) -> w3
[nebula] handover IN  Prop(Clone)#281474976710698(e3,rt_4294967294,auth) <- w3 (epoch 3, tick 1364206549)
[nebula] ghost Prop(Clone)#281474976710702(e3,rt_4294967294,auth) -> w3
[nebula] handover IN  Prop(Clone)#281474976710702(e3,rt_4294967294,auth) <- w3 (epoch 3, tick 1364206549)
[nebula] ghost Prop(Clone)#281474976710661(e5,rt_4294967295,auth) -> w3
[nebula] handover IN  Prop(Clone)#281474976710661(e5,rt_4294967295,auth) <- w3 (epoch 5, tick 1364206580)
[nebula] ghost Player(Clone)#844424930131971(e18,rt_18446744069414584319,auth) -> w3
[nebula] handover OUT Player(Clone)#844424930131971(e19,rt_18446744065119617024,ghost) -> w3 (epoch 19, tick 1364206673)
[nebula] chunk (3, 0, -1) unloaded (rt_17179869183)
[nebula] chunk (3, 0, -2) unloaded (rt_17179869182)
[nebula] profile 300 ticks/5s 300 frames avg 0.6ms max 1.9ms dup 0 skip 0 gc 12 auth 45 ghosts 4 | poll=0.02 ghosts=0.01 physics.sync=0.00 simulate=0.02 poses=0.03 containers=0.38 band=0.05 publish=0.02 gap=16.10
[nebula] ghost Player(Clone)#562949953421314(e22,rt_8589934590,auth) -> w3
[nebula] handover OUT Prop(Clone)#281474976710667(e6,rt_4294967294,ghost) -> w3 (epoch 6, tick 1364206763)
[nebula] handover OUT Prop(Clone)#281474976710673(e6,rt_4294967294,ghost) -> w3 (epoch 6, tick 1364206763)
[nebula] handover OUT Prop(Clone)#281474976710676(e6,rt_4294967294,ghost) -> w3 (epoch 6, tick 1364206763)
[nebula] handover OUT Prop(Clone)#281474976710678(e6,rt_4294967294,ghost) -> w3 (epoch 6, tick 1364206763)
[nebula] handover OUT Prop(Clone)#281474976710679(e6,rt_4294967294,ghost) -> w3 (epoch 6, tick 1364206763)
[nebula] handover OUT Prop(Clone)#281474976710662(e6,rt_8589934590,ghost) -> w3 (epoch 6, tick 1364206763)
[nebula] handover OUT Prop(Clone)#281474976710664(e6,rt_8589934590,ghost) -> w3 (epoch 6, tick 1364206763)
[nebula] handover OUT Prop(Clone)#281474976710665(e6,rt_8589934590,ghost) -> w3 (epoch 6, tick 1364206763)
[nebula] handover OUT Prop(Clone)#281474976710666(e6,rt_8589934590,ghost) -> w3 (epoch 6, tick 1364206763)
[nebula] handover OUT Prop(Clone)#281474976710670(e6,rt_8589934590,ghost) -> w3 (epoch 6, tick 1364206763)
[nebula] handover OUT Prop(Clone)#281474976710682(e4,rt_4294967294,ghost) -> w3 (epoch 4, tick 1364206763)
[nebula] handover OUT Prop(Clone)#281474976710689(e4,rt_8589934590,ghost) -> w3 (epoch 4, tick 1364206763)
[nebula] handover OUT Prop(Clone)#281474976710692(e4,rt_4294967294,ghost) -> w3 (epoch 4, tick 1364206763)
[nebula] handover OUT Player(Clone)#562949953421314(e23,rt_8589934590,ghost) -> w3 (epoch 23, tick 1364206763)
[nebula] handover OUT Prop(Clone)#281474976710697(e4,rt_8589934590,ghost) -> w3 (epoch 4, tick 1364206763)
[nebula] handover OUT Prop(Clone)#281474976710698(e4,rt_4294967294,ghost) -> w3 (epoch 4, tick 1364206763)
[nebula] handover OUT Prop(Clone)#281474976710702(e4,rt_4294967294,ghost) -> w3 (epoch 4, tick 1364206763)
[nebula] handover OUT Prop(Clone)#281474976710661(e6,rt_4294967295,ghost) -> w3 (epoch 6, tick 1364206763)
[nebula] ghost Prop(Clone)#281474976710675(e1,rt_8589934589,auth) -> w3
[nebula] ghost Prop(Clone)#281474976710680(e1,rt_18446744073709551614,auth) -> w3
[nebula] ghost Prop(Clone)#281474976710700(e1,rt_8589934589,auth) -> w3
[nebula] ghost Player(Clone)#1125899906842625(e17,rt_8589934589,auth) -> w3
[nebula] chunk (3, 0, -3) loaded (rt_17179869181)
[nebula] chunk (3, 0, -2) loaded (rt_17179869182)
[nebula] chunk (3, 0, -1) loaded (rt_17179869183)
[nebula] handover OUT Player(Clone)#1125899906842625(e18,rt_8589934590,ghost) -> w3 (epoch 18, tick 1364206842)
[nebula] local handover Player(Clone)#844424930131973(e18,rt_18446744069414584319,auth) rt_18446744065119617023 -> rt_18446744069414584319
[nebula] ghost Prop(Clone)#281474976710667(e7,rt_4294967294,auth) -> w3
[nebula] handover IN  Prop(Clone)#281474976710667(e7,rt_4294967294,auth) <- w3 (epoch 7, tick 1364206947)
[nebula] ghost Prop(Clone)#281474976710673(e7,rt_4294967294,auth) -> w3
[nebula] handover IN  Prop(Clone)#281474976710673(e7,rt_4294967294,auth) <- w3 (epoch 7, tick 1364206947)
[nebula] ghost Prop(Clone)#281474976710676(e7,rt_4294967294,auth) -> w3
[nebula] handover IN  Prop(Clone)#281474976710676(e7,rt_4294967294,auth) <- w3 (epoch 7, tick 1364206947)
[nebula] ghost Prop(Clone)#281474976710678(e7,rt_4294967294,auth) -> w3
[nebula] handover IN  Prop(Clone)#281474976710678(e7,rt_4294967294,auth) <- w3 (epoch 7, tick 1364206947)
[nebula] ghost Prop(Clone)#281474976710679(e7,rt_4294967294,auth) -> w3
[nebula] handover IN  Prop(Clone)#281474976710679(e7,rt_4294967294,auth) <- w3 (epoch 7, tick 1364206947)
[nebula] ghost Prop(Clone)#281474976710682(e5,rt_4294967294,auth) -> w3
[nebula] handover IN  Prop(Clone)#281474976710682(e5,rt_4294967294,auth) <- w3 (epoch 5, tick 1364206947)
[nebula] ghost Prop(Clone)#281474976710692(e5,rt_4294967294,auth) -> w3
[nebula] handover IN  Prop(Clone)#281474976710692(e5,rt_4294967294,auth) <- w3 (epoch 5, tick 1364206947)
[nebula] ghost Prop(Clone)#281474976710698(e5,rt_4294967294,auth) -> w3
[nebula] handover IN  Prop(Clone)#281474976710698(e5,rt_4294967294,auth) <- w3 (epoch 5, tick 1364206947)
[nebula] ghost Prop(Clone)#281474976710702(e5,rt_4294967294,auth) -> w3
[nebula] handover IN  Prop(Clone)#281474976710702(e5,rt_4294967294,auth) <- w3 (epoch 5, tick 1364206947)
[nebula] spawned Prop(Clone)#281474976710705(e1,rt_18446744069414584319,auth)
[nebula] profile 300 ticks/5s 300 frames avg 0.5ms max 0.9ms dup 0 skip 0 gc 12 auth 36 ghosts 2 | poll=0.02 ghosts=0.01 physics.sync=0.00 simulate=0.01 poses=0.02 containers=0.31 band=0.04 publish=0.02 gap=16.18
[nebula] ghost Player(Clone)#844424930131971(e21,rt_18446744069414584319,auth) -> w2
[nebula] ghost Player(Clone)#844424930131971(e21,rt_18446744069414584319,auth) -> w3
[nebula] handover IN  Player(Clone)#844424930131971(e21,rt_18446744069414584319,auth) <- w2 (epoch 21, tick 1364207044)
[nebula] local handover Player(Clone)#844424930131971(e21,rt_18446744065119617023,auth) rt_18446744069414584319 -> rt_18446744065119617023
[nebula] chunk (-2, 0, -3) unloaded (rt_18446744069414584317)
[nebula] profile 300 ticks/5s 300 frames avg 0.5ms max 1.0ms dup 0 skip 0 gc 10 auth 37 ghosts 2 | poll=0.01 ghosts=0.01 physics.sync=0.00 simulate=0.02 poses=0.02 containers=0.37 band=0.04 publish=0.02 gap=16.14
[nebula] ghost Player(Clone)#844424930131972(e9,rt_18446744069414584319,auth) -> w2
[nebula] handover IN  Player(Clone)#844424930131972(e9,rt_18446744069414584319,auth) <- w2 (epoch 9, tick 1364207342)
[nebula] local handover Player(Clone)#844424930131972(e9,rt_18446744065119617023,auth) rt_18446744069414584319 -> rt_18446744065119617023
[nebula] local handover Player(Clone)#844424930131973(e18,rt_18446744069414584318,auth) rt_18446744069414584319 -> rt_18446744069414584318
[nebula] chunk (-3, 0, -3) loaded (rt_18446744065119617021)
[nebula] chunk (-2, 0, -3) loaded (rt_18446744069414584317)
[nebula] local handover Player(Clone)#844424930131973(e18,rt_18446744069414584319,auth) rt_18446744069414584318 -> rt_18446744069414584319
[nebula] ghost Player(Clone)#844424930131972(e9,rt_18446744065119617023,auth) -> w3
[nebula] profile 300 ticks/5s 300 frames avg 0.5ms max 0.9ms dup 0 skip 0 gc 10 auth 38 ghosts 1 | poll=0.01 ghosts=0.00 physics.sync=0.00 simulate=0.02 poses=0.02 containers=0.38 band=0.04 publish=0.02 gap=16.12
[nebula] local handover Player(Clone)#844424930131971(e21,rt_18446744069414584319,auth) rt_18446744065119617023 -> rt_18446744069414584319
[nebula] handover OUT Player(Clone)#844424930131972(e10,rt_18446744060824649728,ghost) -> w3 (epoch 10, tick 1364207669)
[nebula] chunk (-4, 0, 1) loaded (rt_18446744056529682433)
[nebula] local handover Player(Clone)#844424930131971(e21,rt_18446744065119617023,auth) rt_18446744069414584319 -> rt_18446744065119617023
[nebula] profile 300 ticks/5s 300 frames avg 0.6ms max 1.0ms dup 0 skip 0 gc 10 auth 37 ghosts 1 | poll=0.02 ghosts=0.01 physics.sync=0.00 simulate=0.02 poses=0.02 containers=0.39 band=0.04 publish=0.02 gap=16.10
[nebula] ghost Player(Clone)#844424930131971(e21,rt_18446744065119617023,auth) -> w3
[nebula] chunk (2, 0, 0) loaded (rt_8589934592)
[nebula] handover OUT Player(Clone)#844424930131971(e22,rt_18446744060824649728,ghost) -> w3 (epoch 22, tick 1364207990)
[nebula] chunk (2, 0, 1) loaded (rt_8589934593)
[nebula] ghost Player(Clone)#1125899906842625(e19,rt_4294967294,auth) -> w3
[nebula] handover IN  Player(Clone)#1125899906842625(e19,rt_4294967294,auth) <- w3 (epoch 19, tick 1364208099)
[nebula] ghost Player(Clone)#844424930131969(e15,rt_18446744073709551615,auth) -> w2
[nebula] handover IN  Player(Clone)#844424930131969(e15,rt_18446744073709551615,auth) <- w2 (epoch 15, tick 1364208150)
[nebula] ghost Player(Clone)#844424930131969(e15,rt_18446744073709551615,auth) -> w3
[nebula] ghost Player(Clone)#844424930131969(e15,rt_18446744073709551615,auth) -> w4
[nebula] handover OUT Player(Clone)#844424930131969(e16,rt_4294967295,ghost) -> w3 (epoch 16, tick 1364208217)
[nebula] profile 300 ticks/5s 300 frames avg 0.6ms max 0.9ms dup 0 skip 0 gc 11 auth 37 ghosts 4 | poll=0.02 ghosts=0.01 physics.sync=0.00 simulate=0.02 poses=0.02 containers=0.40 band=0.04 publish=0.02 gap=16.09
[nebula] spawned Prop(Clone)#281474976710706(e1,rt_18446744069414584319,auth)
[nebula] ghost Player(Clone)#844424930131973(e18,rt_18446744069414584319,auth) -> w2
[nebula] ghost Player(Clone)#844424930131971(e23,rt_18446744065119617023,auth) -> w3
[nebula] handover IN  Player(Clone)#844424930131971(e23,rt_18446744065119617023,auth) <- w3 (epoch 23, tick 1364208369)
[nebula] spawned Prop(Clone)#281474976710707(e1,rt_4294967294,auth)
[nebula] handover OUT Player(Clone)#844424930131973(e19,rt_18446744065119617024,ghost) -> w2 (epoch 19, tick 1364208513)
[nebula] profile 300 ticks/5s 300 frames avg 0.6ms max 1.1ms dup 0 skip 0 gc 9 auth 39 ghosts 4 | poll=0.01 ghosts=0.01 physics.sync=0.00 simulate=0.02 poses=0.03 containers=0.41 band=0.04 publish=0.02 gap=16.07
[nebula] ghost Player(Clone)#844424930131971(e23,rt_18446744065119617023,auth) -> w3
[nebula] profile 300 ticks/5s 300 frames avg 0.6ms max 1.2ms dup 0 skip 0 gc 9 auth 39 ghosts 3 | poll=0.01 ghosts=0.01 physics.sync=0.00 simulate=0.02 poses=0.03 containers=0.42 band=0.04 publish=0.02 gap=16.07
[nebula] handover OUT Player(Clone)#844424930131971(e24,rt_18446744060824649728,ghost) -> w3 (epoch 24, tick 1364208848)
[nebula] ghost Player(Clone)#1125899906842625(e19,rt_4294967294,auth) -> w3
[nebula] handover OUT Player(Clone)#1125899906842625(e20,rt_4294967295,ghost) -> w3 (epoch 20, tick 1364208901)
[nebula] profile 300 ticks/5s 300 frames avg 0.6ms max 0.9ms dup 0 skip 0 gc 9 auth 37 ghosts 3 | poll=0.01 ghosts=0.01 physics.sync=0.00 simulate=0.01 poses=0.03 containers=0.41 band=0.04 publish=0.01 gap=16.10
