Mono path[0] = 'C:/Dev/nebula-virtualworld/Builds/Win64/Nebula_Data/Managed'
Mono config path = 'C:/Dev/nebula-virtualworld/Builds/Win64/MonoBleedingEdge/etc'
CodeReloadManager initialized
Found 1 interfaces on host : 0) 192.168.4.54
Player connection [64572]  Target information:

Player connection [64572]  * "[IP] 192.168.4.54 [Port] 55010 [Flags] 2 [Guid] 833231662 [EditorId] 2082031993 [Version] 1048832 [Id] WindowsPlayer(2,Atlas) [Debug] 0 [PackageName] WindowsPlayer [ProjectName] nebula-virtualworld" 

Player connection [64572] Started UDP target info broadcast (1) on [225.0.0.222:54997].

Input System module state changed to: Initialized.
[Physics::Module] Initialized fallback backend.
[Physics::Module] Id: 0xdecafbad
Initialize engine version: 6000.6.0f1 (f7f8ed4d1e24)
[EntityIdStore] init: VM path (explicit commit), pageSize=4096, blockCount=1048576, entitiesPerBlock=256, slots reserved=4294967296 bytes
[Subsystems] Discovering subsystems at path C:/Dev/nebula-virtualworld/Builds/Win64/Nebula_Data/UnitySubsystems
Forcing GfxDevice: Null
GfxDevice: creating device client; kGfxThreadingModeNonThreaded
NullGfxDevice:
    Version:  NULL 1.0 [1.0]
    Renderer: Null Device
    Vendor:   Unity Technologies
Begin MonoManager ReloadAssembly
- Finished resetting the current domain, in  0.009 seconds
[Physics::Module] Selected backend.
[Physics::Module] Name: PhysX
[Physics::Module] Id: 0xf2b8ea05
[Physics::Module] SDK Version: 4.1.2
[Physics::Module] Integration Version: 1.0.0
[Physics::Module] Threading Mode: Multi-Threaded
Microsoft Media Foundation video decoding to texture disabled: graphics device is Null, only Direct3D 11 and Direct3D 12 (only on desktop) are supported for hardware-accelerated video decoding.
UnloadTime: 3.434000 ms
[nebula] boot roles=Worker scene=World tickRate=60
[nebula] containers: 0
[nebula] control plane: mirroring http://127.0.0.1:7180/api/control-plane
[nebula] persistence: remote store at http://127.0.0.1:7180/api/store
[nebula] persistence: remote store, checkpoint every 5s
[nebula] worker w3 (index 3) listening on udp/7303; telemetry to http://127.0.0.1:7180/api/telemetry
[nebula] profile 1 ticks/5s 1 frames avg 15.3ms max 15.3ms dup 0 skip 0 gc 17 auth 0 ghosts 0 | poll=0.36 ghosts=0.30 physics.sync=0.05 simulate=0.00 poses=0.00 containers=0.20 band=8.31 publish=1.41 gap=0.00
[nebula] control plane: connected to http://127.0.0.1:7180 (version 9)
[nebula] persistence: connected to http://127.0.0.1:7180 (0 record(s) on the orchestrator)
[nebula] registered with control plane as w3
[nebula] dialing peer w4 at 127.0.0.1:7304
[nebula] chunk (-1, 0, -1) loaded (rt_18446744073709551615)
[nebula] chunk (-1, 0, 0) loaded (rt_18446744069414584320)
[nebula] chunk (-1, 0, 1) loaded (rt_18446744069414584321)
[nebula] chunk (0, 0, -1) loaded (rt_4294967295)
[nebula] chunk (0, 0, 0) loaded (rt_0)
[nebula] chunk (0, 0, 1) loaded (rt_1)
[nebula] chunk (1, 0, -1) loaded (rt_8589934591)
[nebula] chunk (1, 0, 0) loaded (rt_4294967296)
[nebula] chunk (1, 0, 1) loaded (rt_4294967297)
[nebula] gateway gw1 (incarnation 2cb79e9f) connected; announcing 0 entities
[nebula] peer worker w4 (index 4) connected
[nebula] peer worker w1 (index 1) connected
[nebula] peer worker w2 (index 2) connected
[nebula] spawned player Player bot1 (3222218464143867906)#844424930131969(e1,rt_18446744069414584320,auth) for client 3222218464143867906 in rt_18446744069414584320
[nebula] spawned player Player bot8 (3222218464143867911)#844424930131970(e1,rt_8589934591,auth) for client 3222218464143867911 in rt_8589934591
[nebula] spawned player Player bot7 (3222218464143867910)#844424930131971(e1,rt_8589934591,auth) for client 3222218464143867910 in rt_8589934591
[nebula] spawned player Player bot4 (3222218464143867905)#844424930131972(e1,rt_18446744069414584320,auth) for client 3222218464143867905 in rt_18446744069414584320
[nebula] spawned player Player bot5 (3222218464143867912)#844424930131973(e1,rt_18446744069414584320,auth) for client 3222218464143867912 in rt_18446744069414584320
[nebula] chunk (2, 0, -1) loaded (rt_12884901887)
[nebula] chunk (2, 0, 0) loaded (rt_8589934592)
[nebula] chunk (-2, 0, -1) loaded (rt_18446744069414584319)
[nebula] chunk (-2, 0, 0) loaded (rt_18446744065119617024)
[nebula] chunk (2, 0, 1) loaded (rt_8589934593)
[nebula] chunk (-2, 0, 1) loaded (rt_18446744065119617025)
[nebula] chunk (0, 0, -2) loaded (rt_4294967294)
[nebula] chunk (1, 0, -2) loaded (rt_8589934590)
[nebula] chunk (2, 0, -2) loaded (rt_12884901886)
[nebula] spawned Prop(Clone)#844424930131974(e1,rt_8589934591,auth)
[nebula] spawned Prop(Clone)#844424930131975(e1,rt_8589934591,auth)
[nebula] spawned Prop(Clone)#844424930131976(e1,rt_18446744069414584320,auth)
[nebula] chunk (0, 0, 2) loaded (rt_2)
[nebula] chunk (1, 0, 2) loaded (rt_4294967298)
[nebula] chunk (2, 0, 2) loaded (rt_8589934594)
[nebula] ghost Player bot8 (3222218464143867911)#844424930131970(e1,rt_8589934591,auth) -> w2
[nebula] handover OUT Player bot8 (3222218464143867911)#844424930131970(e2,rt_4294967296,ghost) -> w2 (epoch 2, tick 1364190803)
[nebula] profile 279 ticks/5s 278 frames avg 0.1ms max 5.2ms dup 0 skip 1 gc 12 auth 7 ghosts 1 | poll=0.11(278) ghosts=0.01 physics.sync=0.00 simulate=0.02 poses=0.00 containers=0.04 band=0.02 publish=0.01 gap=16.54
[nebula] handover OUT Player bot7 (3222218464143867910)#844424930131971(e2,rt_8589934591,ghost) -> w1 (epoch 2, tick 1364190864)
[nebula] handover OUT Prop(Clone)#844424930131974(e2,rt_8589934591,ghost) -> w1 (epoch 2, tick 1364190864)
[nebula] handover OUT Prop(Clone)#844424930131975(e2,rt_8589934591,ghost) -> w1 (epoch 2, tick 1364190864)
[nebula] ghost Player bot4 (3222218464143867905)#844424930131972(e1,rt_18446744069414584320,auth) -> w2
[nebula] chunk (-2, 0, 2) loaded (rt_18446744065119617026)
[nebula] chunk (-1, 0, 2) loaded (rt_18446744069414584322)
[nebula] handover OUT Player bot4 (3222218464143867905)#844424930131972(e2,rt_18446744069414584321,ghost) -> w2 (epoch 2, tick 1364190934)
[nebula] chunk (3, 0, -1) loaded (rt_17179869183)
[nebula] chunk (3, 0, 0) loaded (rt_12884901888)
[nebula] chunk (3, 0, 1) loaded (rt_12884901889)
[nebula] chunk (3, 0, -2) loaded (rt_17179869182)
[nebula] local handover Player bot5 (3222218464143867912)#844424930131973(e1,rt_18446744065119617024,auth) rt_18446744069414584320 -> rt_18446744065119617024
[nebula] chunk (-3, 0, -1) loaded (rt_18446744065119617023)
[nebula] chunk (-3, 0, 0) loaded (rt_18446744060824649728)
[nebula] chunk (-3, 0, 1) loaded (rt_18446744060824649729)
[nebula] profile 300 ticks/5s 300 frames avg 0.1ms max 0.3ms dup 0 skip 0 gc 12 auth 3 ghosts 0 | poll=0.02 ghosts=0.01 physics.sync=0.00 simulate=0.01 poses=0.00 containers=0.03 band=0.01 publish=0.02 gap=16.55
[nebula] ghost Player bot5 (3222218464143867912)#844424930131973(e1,rt_18446744065119617024,auth) -> w2
[nebula] spawned Prop(Clone)#844424930131977(e1,rt_18446744065119617024,auth)
[nebula] ghost Prop(Clone)#844424930131977(e1,rt_18446744065119617024,auth) -> w2
[nebula] ghost Player(Clone)#844424930131972(e3,rt_18446744069414584320,auth) -> w2
[nebula] handover IN  Player(Clone)#844424930131972(e3,rt_18446744069414584320,auth) <- w2 (epoch 3, tick 1364191285)
[nebula] ghost Player bot1 (3222218464143867906)#844424930131969(e1,rt_18446744069414584320,auth) -> w2
[nebula] handover OUT Player bot1 (3222218464143867906)#844424930131969(e2,rt_0,ghost) -> w2 (epoch 2, tick 1364191352)
[nebula] profile 300 ticks/5s 300 frames avg 0.1ms max 0.6ms dup 0 skip 0 gc 11 auth 4 ghosts 1 | poll=0.02 ghosts=0.00 physics.sync=0.00 simulate=0.01 poses=0.00 containers=0.04 band=0.02 publish=0.01 gap=16.54
[nebula] spawned Prop(Clone)#844424930131978(e1,rt_18446744065119617024,auth)
[nebula] ghost Prop(Clone)#844424930131978(e1,rt_18446744065119617024,auth) -> w2
[nebula] chunk (3, 0, 2) loaded (rt_12884901890)
[nebula] handover OUT Player bot5 (3222218464143867912)#844424930131973(e2,rt_18446744065119617025,ghost) -> w2 (epoch 2, tick 1364191612)
[nebula] chunk (-3, 0, 2) loaded (rt_18446744060824649730)
[nebula] chunk (0, 0, 3) loaded (rt_3)
[nebula] chunk (1, 0, 3) loaded (rt_4294967299)
[nebula] chunk (2, 0, 3) loaded (rt_8589934595)
[nebula] ghost Player(Clone)#844424930131972(e3,rt_18446744069414584320,auth) -> w2
[nebula] profile 300 ticks/5s 300 frames avg 0.1ms max 0.5ms dup 0 skip 0 gc 10 auth 4 ghosts 1 | poll=0.02 ghosts=0.01 physics.sync=0.00 simulate=0.01 poses=0.00 containers=0.04 band=0.02 publish=0.01 gap=16.54
[nebula] handover OUT Player(Clone)#844424930131972(e4,rt_0,ghost) -> w2 (epoch 4, tick 1364191748)
[nebula] ghost Player bot5 (3222218464143867912)#844424930131973(e3,rt_18446744060824649729,auth) -> w2
[nebula] handover IN  Player bot5 (3222218464143867912)#844424930131973(e3,rt_18446744060824649729,auth) <- w2 (epoch 3, tick 1364191813)
[nebula] chunk (-4, 0, 0) loaded (rt_18446744056529682432)
[nebula] chunk (-4, 0, 1) loaded (rt_18446744056529682433)
[nebula] chunk (-4, 0, 2) loaded (rt_18446744056529682434)
[nebula] spawned Prop(Clone)#844424930131979(e1,rt_18446744060824649729,auth)
[nebula] ghost Prop(Clone)#844424930131979(e1,rt_18446744060824649729,auth) -> w2
[nebula] handover OUT Player bot5 (3222218464143867912)#844424930131973(e4,rt_18446744065119617025,ghost) -> w2 (epoch 4, tick 1364191881)
[nebula] profile 300 ticks/5s 300 frames avg 0.1ms max 0.4ms dup 0 skip 0 gc 8 auth 4 ghosts 1 | poll=0.02 ghosts=0.01 physics.sync=0.00 simulate=0.00 poses=0.00 containers=0.04 band=0.02 publish=0.01 gap=16.54
[nebula] ghost Prop(Clone)#562949953421315(e2,rt_18446744069414584321,auth) -> w2
[nebula] handover IN  Prop(Clone)#562949953421315(e2,rt_18446744069414584321,auth) <- w2 (epoch 2, tick 1364192088)
[nebula] ghost Player(Clone)#844424930131973(e5,rt_18446744065119617025,auth) -> w2
[nebula] handover IN  Player(Clone)#844424930131973(e5,rt_18446744065119617025,auth) <- w2 (epoch 5, tick 1364192088)
[nebula] local handover Player(Clone)#844424930131973(e5,rt_18446744065119617024,auth) rt_18446744065119617025 -> rt_18446744065119617024
[nebula] ghost Player(Clone)#844424930131969(e3,rt_18446744069414584320,auth) -> w2
[nebula] handover IN  Player(Clone)#844424930131969(e3,rt_18446744069414584320,auth) <- w2 (epoch 3, tick 1364192156)
[nebula] local handover Player(Clone)#844424930131969(e3,rt_18446744069414584321,auth) rt_18446744069414584320 -> rt_18446744069414584321
[nebula] chunk (-1, 0, 3) loaded (rt_18446744069414584323)
[nebula] profile 300 ticks/5s 300 frames avg 0.2ms max 0.2ms dup 0 skip 0 gc 9 auth 7 ghosts 2 | poll=0.01 ghosts=0.00 physics.sync=0.00 simulate=0.01 poses=0.00 containers=0.06 band=0.02 publish=0.01 gap=16.51
[nebula] local handover Player(Clone)#844424930131973(e5,rt_18446744060824649728,auth) rt_18446744065119617024 -> rt_18446744060824649728
[nebula] chunk (-4, 0, -1) loaded (rt_18446744060824649727)
[nebula] profile 300 ticks/5s 300 frames avg 0.2ms max 0.3ms dup 0 skip 0 gc 9 auth 7 ghosts 2 | poll=0.01 ghosts=0.01 physics.sync=0.00 simulate=0.01 poses=0.00 containers=0.08 band=0.01 publish=0.02 gap=16.49
[nebula] local handover Player(Clone)#844424930131969(e3,rt_18446744065119617025,auth) rt_18446744069414584321 -> rt_18446744065119617025
[nebula] profile 300 ticks/5s 300 frames avg 0.2ms max 0.4ms dup 0 skip 0 gc 9 auth 7 ghosts 1 | poll=0.01 ghosts=0.00 physics.sync=0.00 simulate=0.01 poses=0.00 containers=0.08 band=0.01 publish=0.02 gap=16.50
[nebula] local handover Player(Clone)#844424930131973(e5,rt_18446744065119617024,auth) rt_18446744060824649728 -> rt_18446744065119617024
[nebula] local handover Player(Clone)#844424930131969(e3,rt_18446744065119617024,auth) rt_18446744065119617025 -> rt_18446744065119617024
[nebula] profile 300 ticks/5s 300 frames avg 0.2ms max 0.4ms dup 0 skip 0 gc 9 auth 7 ghosts 1 | poll=0.01 ghosts=0.00 physics.sync=0.00 simulate=0.01 poses=0.00 containers=0.08 band=0.01 publish=0.02 gap=16.50
[nebula] spawned Prop(Clone)#844424930131980(e1,rt_18446744065119617024,auth)
[nebula] local handover Player(Clone)#844424930131973(e5,rt_18446744065119617025,auth) rt_18446744065119617024 -> rt_18446744065119617025
[nebula] chunk (-1, 0, -2) loaded (rt_18446744073709551614)
[nebula] profile 300 ticks/5s 300 frames avg 0.2ms max 0.5ms dup 0 skip 0 gc 8 auth 8 ghosts 1 | poll=0.01 ghosts=0.00 physics.sync=0.00 simulate=0.01 poses=0.00 containers=0.08 band=0.01 publish=0.02 gap=16.49
[nebula] spawned Prop(Clone)#844424930131981(e1,rt_18446744065119617024,auth)
[nebula] profile 300 ticks/5s 300 frames avg 0.2ms max 0.5ms dup 0 skip 0 gc 8 auth 9 ghosts 1 | poll=0.01 ghosts=0.00 physics.sync=0.00 simulate=0.01 poses=0.00 containers=0.09 band=0.01 publish=0.02 gap=16.48
[nebula] local handover Player(Clone)#844424930131973(e5,rt_18446744065119617024,auth) rt_18446744065119617025 -> rt_18446744065119617024
[nebula] ghost Player(Clone)#844424930131970(e3,rt_18446744069414584320,auth) -> w2
[nebula] handover IN  Player(Clone)#844424930131970(e3,rt_18446744069414584320,auth) <- w2 (epoch 3, tick 1364194079)
[nebula] profile 300 ticks/5s 300 frames avg 0.2ms max 0.3ms dup 0 skip 0 gc 7 auth 10 ghosts 1 | poll=0.01 ghosts=0.00 physics.sync=0.00 simulate=0.01 poses=0.01 containers=0.10 band=0.01 publish=0.02 gap=16.48
[nebula] chunk (0, 0, -3) loaded (rt_4294967293)
[nebula] chunk (1, 0, -3) loaded (rt_8589934589)
[nebula] chunk (2, 0, -3) loaded (rt_12884901885)
[nebula] handover OUT Prop(Clone)#844424930131976(e2,rt_18446744069414584320,ghost) -> w2 (epoch 2, tick 1364194348)
[nebula] handover OUT Prop(Clone)#562949953421315(e3,rt_18446744069414584321,ghost) -> w2 (epoch 3, tick 1364194348)
[nebula] handover OUT Player(Clone)#844424930131970(e4,rt_18446744069414584320,ghost) -> w2 (epoch 4, tick 1364194348)
[nebula] ghost Prop(Clone)#844424930131977(e1,rt_18446744065119617024,auth) -> w2
[nebula] ghost Prop(Clone)#844424930131978(e1,rt_18446744065119617024,auth) -> w2
[nebula] ghost Prop(Clone)#844424930131979(e1,rt_18446744060824649729,auth) -> w2
[nebula] ghost Prop(Clone)#281474976710657(e2,rt_12884901887,auth) -> w1
[nebula] handover IN  Prop(Clone)#281474976710657(e2,rt_12884901887,auth) <- w1 (epoch 2, tick 1364194348)
[nebula] ghost Player(Clone)#844424930131973(e5,rt_18446744065119617024,auth) -> w2
[nebula] handover OUT Player(Clone)#844424930131973(e6,rt_18446744069414584320,ghost) -> w2 (epoch 6, tick 1364194407)
[nebula] profile 300 ticks/5s 300 frames avg 0.2ms max 0.4ms dup 0 skip 0 gc 10 auth 7 ghosts 5 | poll=0.01 ghosts=0.00 physics.sync=0.00 simulate=0.01 poses=0.01 containers=0.10 band=0.02 publish=0.02 gap=16.46
[nebula] chunk (-2, 0, -1) unloaded (rt_18446744069414584319)
[nebula] chunk (-2, 0, -1) loaded (rt_18446744069414584319)
[nebula] ghost Player(Clone)#844424930131969(e3,rt_18446744065119617024,auth) -> w1
[nebula] ghost Prop(Clone)#844424930131976(e3,rt_18446744069414584320,auth) -> w2
[nebula] handover IN  Prop(Clone)#844424930131976(e3,rt_18446744069414584320,auth) <- w2 (epoch 3, tick 1364194593)
[nebula] ghost Player(Clone)#844424930131970(e5,rt_18446744069414584320,auth) -> w4
[nebula] ghost Player(Clone)#844424930131970(e5,rt_18446744069414584320,auth) -> w2
[nebula] handover IN  Player(Clone)#844424930131970(e5,rt_18446744069414584320,auth) <- w2 (epoch 5, tick 1364194593)
[nebula] spawned Prop(Clone)#844424930131982(e1,rt_18446744065119617024,auth)
[nebula] ghost Prop(Clone)#844424930131982(e1,rt_18446744065119617024,auth) -> w1
[nebula] handover OUT Player(Clone)#844424930131970(e6,rt_1,ghost) -> w4 (epoch 6, tick 1364194604)
[nebula] profile 300 ticks/5s 300 frames avg 0.2ms max 0.7ms dup 0 skip 0 gc 10 auth 9 ghosts 3 | poll=0.02 ghosts=0.01 physics.sync=0.00 simulate=0.01 poses=0.01 containers=0.09 band=0.02 publish=0.01 gap=16.47
[nebula] ghost Player(Clone)#844424930131973(e7,rt_18446744065119617025,auth) -> w2
[nebula] handover IN  Player(Clone)#844424930131973(e7,rt_18446744065119617025,auth) <- w2 (epoch 7, tick 1364194776)
[nebula] handover OUT Player(Clone)#844424930131973(e8,rt_18446744065119617025,ghost) -> w2 (epoch 8, tick 1364194838)
[nebula] ghost Prop(Clone)#844424930131977(e1,rt_18446744065119617024,auth) -> w2
[nebula] ghost Prop(Clone)#844424930131978(e1,rt_18446744065119617024,auth) -> w2
[nebula] ghost Prop(Clone)#844424930131979(e1,rt_18446744060824649729,auth) -> w2
[nebula] spawned Prop(Clone)#844424930131983(e1,rt_18446744065119617024,auth)
[nebula] profile 300 ticks/5s 300 frames avg 0.2ms max 0.5ms dup 0 skip 0 gc 7 auth 10 ghosts 2 | poll=0.01 ghosts=0.01 physics.sync=0.00 simulate=0.01 poses=0.01 containers=0.11 band=0.02 publish=0.01 gap=16.45
[nebula] ghost Player(Clone)#844424930131969(e3,rt_18446744065119617024,auth) -> w2
[nebula] ghost Player(Clone)#562949953421313(e6,rt_18446744069414584320,auth) -> w2
[nebula] handover IN  Player(Clone)#562949953421313(e6,rt_18446744069414584320,auth) <- w2 (epoch 6, tick 1364195258)
[nebula] handover OUT Player(Clone)#844424930131969(e4,rt_18446744065119617025,ghost) -> w2 (epoch 4, tick 1364195296)
[nebula] profile 300 ticks/5s 300 frames avg 0.2ms max 1.6ms dup 0 skip 0 gc 8 auth 10 ghosts 3 | poll=0.01 ghosts=0.01 physics.sync=0.00 simulate=0.01 poses=0.01 containers=0.11 band=0.02 publish=0.03 gap=16.44
[nebula] spawned Prop(Clone)#844424930131984(e1,rt_18446744069414584320,auth)
[nebula] ghost Player(Clone)#562949953421313(e6,rt_18446744069414584320,auth) -> w2
[nebula] chunk (3, 0, 2) unloaded (rt_12884901890)
[nebula] profile 300 ticks/5s 300 frames avg 0.2ms max 0.5ms dup 0 skip 0 gc 8 auth 11 ghosts 1 | poll=0.01 ghosts=0.01 physics.sync=0.00 simulate=0.01 poses=0.01 containers=0.11 band=0.03 publish=0.01 gap=16.44
[nebula] handover OUT Player(Clone)#562949953421313(e7,rt_0,ghost) -> w2 (epoch 7, tick 1364195658)
[nebula] chunk (-3, 0, -1) unloaded (rt_18446744065119617023)
[nebula] chunk (-1, 0, -3) loaded (rt_18446744073709551613)
[nebula] handover OUT Prop(Clone)#844424930131976(e4,rt_18446744069414584320,ghost) -> w2 (epoch 4, tick 1364195723)
[nebula] handover OUT Prop(Clone)#844424930131984(e2,rt_18446744069414584320,ghost) -> w2 (epoch 2, tick 1364195723)
[nebula] ghost Player(Clone)#844424930131971(e3,rt_8589934591,auth) -> w1
[nebula] handover IN  Player(Clone)#844424930131971(e3,rt_8589934591,auth) <- w1 (epoch 3, tick 1364195723)
[nebula] ghost Prop(Clone)#844424930131974(e3,rt_8589934591,auth) -> w1
[nebula] handover IN  Prop(Clone)#844424930131974(e3,rt_8589934591,auth) <- w1 (epoch 3, tick 1364195723)
[nebula] ghost Prop(Clone)#844424930131975(e3,rt_8589934591,auth) -> w1
[nebula] handover IN  Prop(Clone)#844424930131975(e3,rt_8589934591,auth) <- w1 (epoch 3, tick 1364195723)
[nebula] ghost Prop(Clone)#281474976710658(e2,rt_8589934591,auth) -> w1
[nebula] handover IN  Prop(Clone)#281474976710658(e2,rt_8589934591,auth) <- w1 (epoch 2, tick 1364195723)
[nebula] ghost Prop(Clone)#281474976710659(e2,rt_8589934591,auth) -> w1
[nebula] handover IN  Prop(Clone)#281474976710659(e2,rt_8589934591,auth) <- w1 (epoch 2, tick 1364195723)
[nebula] ghost Prop(Clone)#281474976710660(e2,rt_8589934591,auth) -> w1
[nebula] handover IN  Prop(Clone)#281474976710660(e2,rt_8589934591,auth) <- w1 (epoch 2, tick 1364195723)
[nebula] ghost Prop(Clone)#281474976710663(e2,rt_8589934591,auth) -> w1
[nebula] handover IN  Prop(Clone)#281474976710663(e2,rt_8589934591,auth) <- w1 (epoch 2, tick 1364195723)
[nebula] handover OUT Player(Clone)#844424930131971(e4,rt_8589934591,ghost) -> w1 (epoch 4, tick 1364195784)
[nebula] handover OUT Prop(Clone)#844424930131974(e4,rt_8589934591,ghost) -> w1 (epoch 4, tick 1364195784)
[nebula] handover OUT Prop(Clone)#844424930131975(e4,rt_8589934591,ghost) -> w1 (epoch 4, tick 1364195784)
[nebula] handover OUT Prop(Clone)#281474976710658(e3,rt_8589934591,ghost) -> w1 (epoch 3, tick 1364195784)
[nebula] handover OUT Prop(Clone)#281474976710659(e3,rt_8589934591,ghost) -> w1 (epoch 3, tick 1364195784)
[nebula] handover OUT Prop(Clone)#281474976710660(e3,rt_8589934591,ghost) -> w1 (epoch 3, tick 1364195784)
[nebula] handover OUT Prop(Clone)#281474976710663(e3,rt_8589934591,ghost) -> w1 (epoch 3, tick 1364195784)
[nebula] ghost Prop(Clone)#844424930131976(e5,rt_18446744069414584320,auth) -> w2
[nebula] handover IN  Prop(Clone)#844424930131976(e5,rt_18446744069414584320,auth) <- w2 (epoch 5, tick 1364195784)
[nebula] ghost Prop(Clone)#844424930131984(e3,rt_18446744069414584320,auth) -> w2
[nebula] handover IN  Prop(Clone)#844424930131984(e3,rt_18446744069414584320,auth) <- w2 (epoch 3, tick 1364195784)
[nebula] ghost Player(Clone)#844424930131969(e5,rt_18446744060824649729,auth) -> w2
[nebula] handover IN  Player(Clone)#844424930131969(e5,rt_18446744060824649729,auth) <- w2 (epoch 5, tick 1364195869)
[nebula] chunk (2, 0, 3) unloaded (rt_8589934595)
[nebula] handover OUT Player(Clone)#844424930131969(e6,rt_18446744065119617025,ghost) -> w2 (epoch 6, tick 1364195926)
[nebula] profile 300 ticks/5s 300 frames avg 0.2ms max 0.4ms dup 0 skip 0 gc 9 auth 10 ghosts 3 | poll=0.02 ghosts=0.01 physics.sync=0.00 simulate=0.01 poses=0.01 containers=0.12 band=0.03 publish=0.01 gap=16.43
[nebula] chunk (0, 0, 3) unloaded (rt_3)
[nebula] chunk (1, 0, 3) unloaded (rt_4294967299)
[nebula] handover OUT Prop(Clone)#281474976710657(e3,rt_12884901887,ghost) -> w1 (epoch 3, tick 1364196151)
[nebula] ghost Player(Clone)#844424930131973(e9,rt_18446744065119617025,auth) -> w2
[nebula] handover IN  Player(Clone)#844424930131973(e9,rt_18446744065119617025,auth) <- w2 (epoch 9, tick 1364196151)
[nebula] ghost Prop(Clone)#562949953421330(e2,rt_18446744065119617025,auth) -> w2
[nebula] handover IN  Prop(Clone)#562949953421330(e2,rt_18446744065119617025,auth) <- w2 (epoch 2, tick 1364196151)
[nebula] ghost Prop(Clone)#562949953421332(e2,rt_18446744065119617025,auth) -> w2
[nebula] handover IN  Prop(Clone)#562949953421332(e2,rt_18446744065119617025,auth) <- w2 (epoch 2, tick 1364196151)
[nebula] ghost Prop(Clone)#562949953421333(e2,rt_18446744065119617025,auth) -> w2
[nebula] handover IN  Prop(Clone)#562949953421333(e2,rt_18446744065119617025,auth) <- w2 (epoch 2, tick 1364196151)
[nebula] ghost Prop(Clone)#562949953421335(e2,rt_18446744065119617025,auth) -> w2
[nebula] handover IN  Prop(Clone)#562949953421335(e2,rt_18446744065119617025,auth) <- w2 (epoch 2, tick 1364196151)
[nebula] ghost Player(Clone)#844424930131969(e7,rt_18446744065119617025,auth) -> w2
[nebula] handover IN  Player(Clone)#844424930131969(e7,rt_18446744065119617025,auth) <- w2 (epoch 7, tick 1364196151)
[nebula] ghost Prop(Clone)#562949953421336(e2,rt_18446744065119617025,auth) -> w2
[nebula] handover IN  Prop(Clone)#562949953421336(e2,rt_18446744065119617025,auth) <- w2 (epoch 2, tick 1364196151)
[nebula] profile 300 ticks/5s 300 frames avg 0.2ms max 0.4ms dup 0 skip 0 gc 7 auth 16 ghosts 4 | poll=0.02 ghosts=0.01 physics.sync=0.00 simulate=0.01 poses=0.01 containers=0.12 band=0.03 publish=0.01 gap=16.44
[nebula] handover OUT Player(Clone)#844424930131973(e10,rt_18446744065119617025,ghost) -> w2 (epoch 10, tick 1364196272)
[nebula] handover OUT Prop(Clone)#562949953421330(e3,rt_18446744065119617025,ghost) -> w2 (epoch 3, tick 1364196272)
[nebula] handover OUT Prop(Clone)#562949953421332(e3,rt_18446744065119617025,ghost) -> w2 (epoch 3, tick 1364196272)
[nebula] handover OUT Prop(Clone)#562949953421333(e3,rt_18446744065119617025,ghost) -> w2 (epoch 3, tick 1364196272)
[nebula] handover OUT Prop(Clone)#562949953421335(e3,rt_18446744065119617025,ghost) -> w2 (epoch 3, tick 1364196272)
[nebula] handover OUT Player(Clone)#844424930131969(e8,rt_18446744065119617025,ghost) -> w2 (epoch 8, tick 1364196272)
[nebula] handover OUT Prop(Clone)#562949953421336(e3,rt_18446744065119617025,ghost) -> w2 (epoch 3, tick 1364196272)
[nebula] ghost Prop(Clone)#844424930131977(e1,rt_18446744065119617024,auth) -> w2
[nebula] ghost Prop(Clone)#844424930131978(e1,rt_18446744065119617024,auth) -> w2
[nebula] ghost Prop(Clone)#844424930131979(e1,rt_18446744060824649729,auth) -> w2
[nebula] ghost Prop(Clone)#281474976710657(e4,rt_12884901887,auth) -> w1
[nebula] handover IN  Prop(Clone)#281474976710657(e4,rt_12884901887,auth) <- w1 (epoch 4, tick 1364196272)
[nebula] chunk (-2, 0, -2) loaded (rt_18446744069414584318)
[nebula] handover OUT Prop(Clone)#844424930131977(e2,rt_18446744065119617024,ghost) -> w2 (epoch 2, tick 1364196334)
[nebula] handover OUT Prop(Clone)#844424930131978(e2,rt_18446744065119617024,ghost) -> w2 (epoch 2, tick 1364196334)
[nebula] handover OUT Prop(Clone)#844424930131980(e2,rt_18446744065119617024,ghost) -> w2 (epoch 2, tick 1364196334)
[nebula] handover OUT Prop(Clone)#844424930131981(e2,rt_18446744065119617024,ghost) -> w2 (epoch 2, tick 1364196334)
[nebula] handover OUT Prop(Clone)#844424930131982(e2,rt_18446744065119617024,ghost) -> w2 (epoch 2, tick 1364196334)
[nebula] handover OUT Prop(Clone)#844424930131983(e2,rt_18446744065119617024,ghost) -> w2 (epoch 2, tick 1364196334)
[nebula] handover OUT Prop(Clone)#844424930131976(e6,rt_18446744069414584320,ghost) -> w2 (epoch 6, tick 1364196334)
[nebula] handover OUT Prop(Clone)#844424930131984(e4,rt_18446744069414584320,ghost) -> w2 (epoch 4, tick 1364196334)
[nebula] ghost Prop(Clone)#844424930131974(e5,rt_8589934591,auth) -> w1
[nebula] handover IN  Prop(Clone)#844424930131974(e5,rt_8589934591,auth) <- w1 (epoch 5, tick 1364196334)
[nebula] ghost Prop(Clone)#844424930131975(e5,rt_8589934591,auth) -> w1
[nebula] handover IN  Prop(Clone)#844424930131975(e5,rt_8589934591,auth) <- w1 (epoch 5, tick 1364196334)
[nebula] ghost Prop(Clone)#281474976710658(e4,rt_8589934591,auth) -> w1
[nebula] handover IN  Prop(Clone)#281474976710658(e4,rt_8589934591,auth) <- w1 (epoch 4, tick 1364196334)
[nebula] ghost Prop(Clone)#281474976710659(e4,rt_8589934591,auth) -> w1
[nebula] handover IN  Prop(Clone)#281474976710659(e4,rt_8589934591,auth) <- w1 (epoch 4, tick 1364196334)
[nebula] ghost Prop(Clone)#281474976710660(e4,rt_8589934591,auth) -> w1
[nebula] handover IN  Prop(Clone)#281474976710660(e4,rt_8589934591,auth) <- w1 (epoch 4, tick 1364196334)
[nebula] ghost Prop(Clone)#281474976710663(e4,rt_8589934591,auth) -> w1
[nebula] handover IN  Prop(Clone)#281474976710663(e4,rt_8589934591,auth) <- w1 (epoch 4, tick 1364196334)
[nebula] ghost Player(Clone)#1125899906842625(e10,rt_8589934591,auth) -> w1
[nebula] handover IN  Player(Clone)#1125899906842625(e10,rt_8589934591,auth) <- w1 (epoch 10, tick 1364196334)
[nebula] ghost Prop(Clone)#281474976710668(e2,rt_8589934591,auth) -> w1
[nebula] handover IN  Prop(Clone)#281474976710668(e2,rt_8589934591,auth) <- w1 (epoch 2, tick 1364196334)
[nebula] chunk (-1, 0, -4) loaded (rt_18446744073709551612)
[nebula] chunk (0, 0, -4) loaded (rt_4294967292)
[nebula] chunk (1, 0, -4) loaded (rt_8589934588)
[nebula] chunk (2, 0, -4) loaded (rt_12884901884)
[nebula] chunk (3, 0, 0) unloaded (rt_12884901888)
[nebula] chunk (3, 0, 1) unloaded (rt_12884901889)
[nebula] profile 300 ticks/5s 300 frames avg 0.2ms max 0.4ms dup 0 skip 0 gc 10 auth 10 ghosts 1 | poll=0.02 ghosts=0.01 physics.sync=0.00 simulate=0.01 poses=0.01 containers=0.11 band=0.03 publish=0.01 gap=16.44
[nebula] ghost Player(Clone)#1125899906842625(e10,rt_8589934591,auth) -> w1
[nebula] handover OUT Player(Clone)#1125899906842625(e11,rt_8589934590,ghost) -> w1 (epoch 11, tick 1364196713)
[nebula] chunk (-2, 0, -3) loaded (rt_18446744069414584317)
[nebula] profile 300 ticks/5s 300 frames avg 0.2ms max 0.3ms dup 0 skip 0 gc 7 auth 9 ghosts 2 | poll=0.01 ghosts=0.01 physics.sync=0.00 simulate=0.01 poses=0.01 containers=0.10 band=0.02 publish=0.01 gap=16.46
[nebula] profile 300 ticks/5s 300 frames avg 0.2ms max 0.3ms dup 0 skip 0 gc 6 auth 9 ghosts 1 | poll=0.00 ghosts=0.00 physics.sync=0.00 simulate=0.00 poses=0.01 containers=0.10 band=0.02 publish=0.01 gap=16.47
[nebula] chunk (-3, 0, -1) loaded (rt_18446744065119617023)
[nebula] ghost Player(Clone)#844424930131969(e9,rt_18446744065119617024,auth) -> w2
[nebula] handover IN  Player(Clone)#844424930131969(e9,rt_18446744065119617024,auth) <- w2 (epoch 9, tick 1364197347)
[nebula] ghost Prop(Clone)#844424930131977(e3,rt_18446744065119617024,auth) -> w2
[nebula] handover IN  Prop(Clone)#844424930131977(e3,rt_18446744065119617024,auth) <- w2 (epoch 3, tick 1364197347)
[nebula] ghost Prop(Clone)#844424930131978(e3,rt_18446744065119617024,auth) -> w2
[nebula] handover IN  Prop(Clone)#844424930131978(e3,rt_18446744065119617024,auth) <- w2 (epoch 3, tick 1364197347)
[nebula] ghost Prop(Clone)#844424930131980(e3,rt_18446744065119617024,auth) -> w2
[nebula] handover IN  Prop(Clone)#844424930131980(e3,rt_18446744065119617024,auth) <- w2 (epoch 3, tick 1364197347)
[nebula] ghost Prop(Clone)#844424930131981(e3,rt_18446744065119617024,auth) -> w2
[nebula] handover IN  Prop(Clone)#844424930131981(e3,rt_18446744065119617024,auth) <- w2 (epoch 3, tick 1364197347)
[nebula] ghost Prop(Clone)#844424930131982(e3,rt_18446744065119617024,auth) -> w1
[nebula] ghost Prop(Clone)#844424930131982(e3,rt_18446744065119617024,auth) -> w2
[nebula] handover IN  Prop(Clone)#844424930131982(e3,rt_18446744065119617024,auth) <- w2 (epoch 3, tick 1364197347)
[nebula] ghost Prop(Clone)#844424930131983(e3,rt_18446744065119617024,auth) -> w2
[nebula] handover IN  Prop(Clone)#844424930131983(e3,rt_18446744065119617024,auth) <- w2 (epoch 3, tick 1364197347)
[nebula] spawned Prop(Clone)#844424930131985(e1,rt_18446744065119617024,auth)
[nebula] profile 300 ticks/5s 300 frames avg 0.2ms max 0.7ms dup 0 skip 0 gc 7 auth 17 ghosts 1 | poll=0.01 ghosts=0.00 physics.sync=0.00 simulate=0.01 poses=0.01 containers=0.12 band=0.03 publish=0.01 gap=16.44
[nebula] chunk (-3, 0, -3) loaded (rt_18446744065119617021)
[nebula] chunk (-3, 0, -2) loaded (rt_18446744065119617022)
[nebula] ghost Player(Clone)#844424930131973(e11,rt_18446744065119617024,auth) -> w2
[nebula] handover IN  Player(Clone)#844424930131973(e11,rt_18446744065119617024,auth) <- w2 (epoch 11, tick 1364197664)
[nebula] handover OUT Player(Clone)#844424930131973(e12,rt_18446744069414584320,ghost) -> w2 (epoch 12, tick 1364197729)
[nebula] profile 300 ticks/5s 300 frames avg 0.3ms max 0.4ms dup 0 skip 0 gc 7 auth 17 ghosts 2 | poll=0.02 ghosts=0.01 physics.sync=0.00 simulate=0.01 poses=0.01 containers=0.18 band=0.03 publish=0.01 gap=16.35
[nebula] chunk (-2, 0, 3) loaded (rt_18446744065119617027)
[nebula] chunk (0, 0, 3) loaded (rt_3)
[nebula] chunk (-4, 0, -1) unloaded (rt_18446744060824649727)
[nebula] profile 300 ticks/5s 300 frames avg 0.3ms max 0.7ms dup 0 skip 0 gc 9 auth 17 ghosts 1 | poll=0.01 ghosts=0.01 physics.sync=0.00 simulate=0.01 poses=0.01 containers=0.19 band=0.03 publish=0.02 gap=16.34
[nebula] spawned Prop(Clone)#844424930131986(e1,rt_18446744065119617024,auth)
[nebula] chunk (-4, 0, -3) loaded (rt_18446744060824649725)
[nebula] chunk (-4, 0, -2) loaded (rt_18446744060824649726)
[nebula] chunk (-4, 0, -1) loaded (rt_18446744060824649727)
[nebula] chunk (1, 0, 3) loaded (rt_4294967299)
[nebula] ghost Player(Clone)#562949953421314(e13,rt_8589934591,auth) -> w4
[nebula] handover IN  Player(Clone)#562949953421314(e13,rt_8589934591,auth) <- w4 (epoch 13, tick 1364198323)
[nebula] profile 300 ticks/5s 300 frames avg 0.3ms max 0.6ms dup 0 skip 0 gc 8 auth 19 ghosts 1 | poll=0.01 ghosts=0.00 physics.sync=0.00 simulate=0.01 poses=0.01 containers=0.20 band=0.03 publish=0.02 gap=16.34
[nebula] spawned Prop(Clone)#844424930131987(e1,rt_18446744065119617024,auth)
[nebula] spawned Prop(Clone)#844424930131988(e1,rt_12884901887,auth)
[nebula] chunk (3, 0, 0) loaded (rt_12884901888)
[nebula] local handover Player(Clone)#562949953421314(e13,rt_12884901887,auth) rt_8589934591 -> rt_12884901887
[nebula] profile 300 ticks/5s 300 frames avg 0.4ms max 0.8ms dup 0 skip 0 gc 8 auth 21 ghosts 1 | poll=0.01 ghosts=0.00 physics.sync=0.00 simulate=0.01 poses=0.01 containers=0.24 band=0.04 publish=0.02 gap=16.27
[nebula] local handover Player(Clone)#844424930131969(e9,rt_18446744060824649728,auth) rt_18446744065119617024 -> rt_18446744060824649728
[nebula] spawned Prop(Clone)#844424930131989(e1,rt_18446744060824649728,auth)
[nebula] local handover Player(Clone)#844424930131969(e9,rt_18446744065119617024,auth) rt_18446744060824649728 -> rt_18446744065119617024
[nebula] profile 300 ticks/5s 300 frames avg 0.4ms max 1.8ms dup 0 skip 0 gc 8 auth 22 ghosts 1 | poll=0.01 ghosts=0.00 physics.sync=0.00 simulate=0.01 poses=0.01 containers=0.25 band=0.04 publish=0.02 gap=16.26
[nebula] local handover Player(Clone)#562949953421314(e13,rt_8589934591,auth) rt_12884901887 -> rt_8589934591
[nebula] ghost Player(Clone)#562949953421314(e13,rt_8589934591,auth) -> w1
[nebula] local handover Player(Clone)#562949953421314(e13,rt_12884901886,auth) rt_8589934591 -> rt_12884901886
[nebula] chunk (3, 0, -3) loaded (rt_17179869181)
[nebula] profile 300 ticks/5s 300 frames avg 0.4ms max 0.6ms dup 0 skip 0 gc 8 auth 22 ghosts 1 | poll=0.01 ghosts=0.00 physics.sync=0.00 simulate=0.01 poses=0.01 containers=0.26 band=0.04 publish=0.02 gap=16.25
[nebula] chunk (-2, 0, 4) loaded (rt_18446744065119617028)
[nebula] chunk (-1, 0, 4) loaded (rt_18446744069414584324)
[nebula] chunk (0, 0, 4) loaded (rt_4)
[nebula] spawned Prop(Clone)#844424930131990(e1,rt_12884901886,auth)
[nebula] chunk (-4, 0, 2) unloaded (rt_18446744056529682434)
[nebula] ghost Player(Clone)#844424930131969(e9,rt_18446744065119617024,auth) -> w2
[nebula] handover OUT Player(Clone)#844424930131969(e10,rt_18446744065119617025,ghost) -> w2 (epoch 10, tick 1364199516)
[nebula] local handover Player(Clone)#562949953421314(e13,rt_12884901887,auth) rt_12884901886 -> rt_12884901887
[nebula] profile 300 ticks/5s 300 frames avg 0.4ms max 2.4ms dup 0 skip 0 gc 10 auth 22 ghosts 2 | poll=0.01 ghosts=0.00 physics.sync=0.00 simulate=0.01 poses=0.01 containers=0.28 band=0.04 publish=0.02 gap=16.22
[nebula] local handover Player(Clone)#562949953421314(e13,rt_8589934591,auth) rt_12884901887 -> rt_8589934591
[nebula] spawned Prop(Clone)#844424930131991(e1,rt_8589934591,auth)
[nebula] profile 300 ticks/5s 300 frames avg 0.4ms max 0.7ms dup 0 skip 0 gc 8 auth 23 ghosts 1 | poll=0.01 ghosts=0.01 physics.sync=0.00 simulate=0.01 poses=0.01 containers=0.27 band=0.04 publish=0.02 gap=16.25
[nebula] ghost Prop(Clone)#281474976710661(e2,rt_4294967295,auth) -> w1
[nebula] handover IN  Prop(Clone)#281474976710661(e2,rt_4294967295,auth) <- w1 (epoch 2, tick 1364200039)
[nebula] ghost Prop(Clone)#281474976710662(e2,rt_8589934590,auth) -> w1
[nebula] handover IN  Prop(Clone)#281474976710662(e2,rt_8589934590,auth) <- w1 (epoch 2, tick 1364200039)
[nebula] ghost Prop(Clone)#281474976710664(e2,rt_8589934590,auth) -> w1
[nebula] handover IN  Prop(Clone)#281474976710664(e2,rt_8589934590,auth) <- w1 (epoch 2, tick 1364200039)
[nebula] ghost Prop(Clone)#281474976710665(e2,rt_8589934590,auth) -> w1
[nebula] handover IN  Prop(Clone)#281474976710665(e2,rt_8589934590,auth) <- w1 (epoch 2, tick 1364200039)
[nebula] ghost Prop(Clone)#281474976710666(e2,rt_8589934590,auth) -> w1
[nebula] handover IN  Prop(Clone)#281474976710666(e2,rt_8589934590,auth) <- w1 (epoch 2, tick 1364200039)
[nebula] ghost Prop(Clone)#281474976710667(e2,rt_4294967294,auth) -> w1
[nebula] handover IN  Prop(Clone)#281474976710667(e2,rt_4294967294,auth) <- w1 (epoch 2, tick 1364200039)
[nebula] ghost Player(Clone)#1125899906842625(e12,rt_4294967294,auth) -> w1
[nebula] handover IN  Player(Clone)#1125899906842625(e12,rt_4294967294,auth) <- w1 (epoch 12, tick 1364200039)
[nebula] ghost Prop(Clone)#281474976710670(e2,rt_8589934590,auth) -> w1
[nebula] handover IN  Prop(Clone)#281474976710670(e2,rt_8589934590,auth) <- w1 (epoch 2, tick 1364200039)
[nebula] ghost Prop(Clone)#281474976710673(e2,rt_4294967294,auth) -> w1
[nebula] handover IN  Prop(Clone)#281474976710673(e2,rt_4294967294,auth) <- w1 (epoch 2, tick 1364200039)
[nebula] ghost Prop(Clone)#281474976710676(e2,rt_4294967294,auth) -> w1
[nebula] handover IN  Prop(Clone)#281474976710676(e2,rt_4294967294,auth) <- w1 (epoch 2, tick 1364200039)
[nebula] ghost Prop(Clone)#281474976710678(e2,rt_4294967294,auth) -> w1
[nebula] handover IN  Prop(Clone)#281474976710678(e2,rt_4294967294,auth) <- w1 (epoch 2, tick 1364200039)
[nebula] ghost Prop(Clone)#281474976710679(e2,rt_4294967294,auth) -> w1
[nebula] handover IN  Prop(Clone)#281474976710679(e2,rt_4294967294,auth) <- w1 (epoch 2, tick 1364200039)
[nebula] ghost Prop(Clone)#844424930131976(e7,rt_18446744069414584320,auth) -> w2
[nebula] handover IN  Prop(Clone)#844424930131976(e7,rt_18446744069414584320,auth) <- w2 (epoch 7, tick 1364200039)
[nebula] ghost Prop(Clone)#844424930131984(e5,rt_18446744069414584320,auth) -> w2
[nebula] handover IN  Prop(Clone)#844424930131984(e5,rt_18446744069414584320,auth) <- w2 (epoch 5, tick 1364200039)
[nebula] handover OUT Prop(Clone)#281474976710667(e3,rt_4294967294,ghost) -> w1 (epoch 3, tick 1364200070)
[nebula] handover OUT Player(Clone)#1125899906842625(e13,rt_4294967294,ghost) -> w1 (epoch 13, tick 1364200070)
[nebula] handover OUT Prop(Clone)#281474976710673(e3,rt_4294967294,ghost) -> w1 (epoch 3, tick 1364200070)
[nebula] handover OUT Prop(Clone)#281474976710676(e3,rt_4294967294,ghost) -> w1 (epoch 3, tick 1364200070)
[nebula] handover OUT Prop(Clone)#281474976710678(e3,rt_4294967294,ghost) -> w1 (epoch 3, tick 1364200070)
[nebula] handover OUT Prop(Clone)#281474976710679(e3,rt_4294967294,ghost) -> w1 (epoch 3, tick 1364200070)
[nebula] handover OUT Prop(Clone)#844424930131976(e8,rt_18446744069414584320,ghost) -> w2 (epoch 8, tick 1364200070)
[nebula] handover OUT Prop(Clone)#844424930131984(e6,rt_18446744069414584320,ghost) -> w2 (epoch 6, tick 1364200070)
[nebula] spawned Prop(Clone)#844424930131992(e1,rt_8589934591,auth)
[nebula] handover OUT Prop(Clone)#281474976710661(e3,rt_4294967295,ghost) -> w1 (epoch 3, tick 1364200100)
[nebula] handover OUT Prop(Clone)#281474976710662(e3,rt_8589934590,ghost) -> w1 (epoch 3, tick 1364200100)
[nebula] handover OUT Prop(Clone)#281474976710664(e3,rt_8589934590,ghost) -> w1 (epoch 3, tick 1364200100)
[nebula] handover OUT Prop(Clone)#281474976710665(e3,rt_8589934590,ghost) -> w1 (epoch 3, tick 1364200100)
[nebula] handover OUT Prop(Clone)#281474976710666(e3,rt_8589934590,ghost) -> w1 (epoch 3, tick 1364200100)
[nebula] handover OUT Prop(Clone)#281474976710670(e3,rt_8589934590,ghost) -> w1 (epoch 3, tick 1364200100)
[nebula] profile 300 ticks/5s 300 frames avg 0.5ms max 0.8ms dup 0 skip 0 gc 9 auth 24 ghosts 19 | poll=0.02 ghosts=0.01 physics.sync=0.00 simulate=0.01 poses=0.02 containers=0.30 band=0.04 publish=0.02 gap=16.21
[nebula] ghost Player(Clone)#562949953421314(e13,rt_8589934591,auth) -> w4
[nebula] handover OUT Player(Clone)#562949953421314(e14,rt_4294967296,ghost) -> w4 (epoch 14, tick 1364200311)
[nebula] ghost Player(Clone)#844424930131969(e11,rt_18446744065119617024,auth) -> w2
[nebula] handover IN  Player(Clone)#844424930131969(e11,rt_18446744065119617024,auth) <- w2 (epoch 11, tick 1364200348)
[nebula] profile 300 ticks/5s 300 frames avg 0.4ms max 0.7ms dup 0 skip 0 gc 8 auth 24 ghosts 2 | poll=0.02 ghosts=0.01 physics.sync=0.00 simulate=0.01 poses=0.02 containers=0.28 band=0.04 publish=0.01 gap=16.22
[nebula] chunk (-3, 0, 3) loaded (rt_18446744060824649731)
[nebula] spawned Prop(Clone)#844424930131993(e1,rt_18446744065119617024,auth)
[nebula] ghost Player(Clone)#562949953421314(e15,rt_8589934591,auth) -> w4
[nebula] handover IN  Player(Clone)#562949953421314(e15,rt_8589934591,auth) <- w4 (epoch 15, tick 1364200567)
[nebula] ghost Player(Clone)#562949953421313(e9,rt_18446744060824649728,auth) -> w1
[nebula] handover IN  Player(Clone)#562949953421313(e9,rt_18446744060824649728,auth) <- w1 (epoch 9, tick 1364200639)
[nebula] ghost Player(Clone)#844424930131969(e11,rt_18446744065119617024,auth) -> w2
[nebula] handover OUT Player(Clone)#844424930131969(e12,rt_18446744065119617025,ghost) -> w2 (epoch 12, tick 1364200711)
[nebula] profile 300 ticks/5s 300 frames avg 0.5ms max 2.3ms dup 0 skip 0 gc 10 auth 26 ghosts 2 | poll=0.01 ghosts=0.01 physics.sync=0.00 simulate=0.01 poses=0.02 containers=0.31 band=0.05 publish=0.02 gap=16.19
[nebula] spawned Prop(Clone)#844424930131994(e1,rt_18446744060824649728,auth)
[nebula] profile 300 ticks/5s 300 frames avg 0.5ms max 1.9ms dup 0 skip 0 gc 9 auth 27 ghosts 1 | poll=0.01 ghosts=0.01 physics.sync=0.00 simulate=0.01 poses=0.02 containers=0.31 band=0.04 publish=0.03 gap=16.18
[nebula] ghost Player(Clone)#1125899906842625(e14,rt_12884901886,auth) -> w1
[nebula] handover IN  Player(Clone)#1125899906842625(e14,rt_12884901886,auth) <- w1 (epoch 14, tick 1364201097)
[nebula] handover OUT Player(Clone)#1125899906842625(e15,rt_12884901885,ghost) -> w1 (epoch 15, tick 1364201144)
[nebula] chunk (3, 0, -4) loaded (rt_17179869180)
[nebula] local handover Player(Clone)#562949953421314(e15,rt_12884901887,auth) rt_8589934591 -> rt_12884901887
[nebula] profile 300 ticks/5s 300 frames avg 0.5ms max 1.5ms dup 0 skip 0 gc 9 auth 27 ghosts 1 | poll=0.02 ghosts=0.01 physics.sync=0.00 simulate=0.01 poses=0.02 containers=0.33 band=0.04 publish=0.02 gap=16.17
[nebula] spawned Prop(Clone)#844424930131995(e1,rt_18446744060824649728,auth)
[nebula] ghost Player(Clone)#1125899906842625(e16,rt_12884901886,auth) -> w1
[nebula] handover IN  Player(Clone)#1125899906842625(e16,rt_12884901886,auth) <- w1 (epoch 16, tick 1364201399)
[nebula] chunk (-1, 0, -4) unloaded (rt_18446744073709551612)
[nebula] handover OUT Player(Clone)#1125899906842625(e17,rt_8589934590,ghost) -> w1 (epoch 17, tick 1364201591)
[nebula] profile 300 ticks/5s 300 frames avg 0.5ms max 2.1ms dup 0 skip 0 gc 10 auth 28 ghosts 2 | poll=0.02 ghosts=0.01 physics.sync=0.00 simulate=0.02 poses=0.02 containers=0.34 band=0.06 publish=0.02 gap=16.14
[nebula] ghost Player(Clone)#562949953421314(e15,rt_12884901887,auth) -> w1
[nebula] local handover Player(Clone)#562949953421314(e15,rt_12884901886,auth) rt_12884901887 -> rt_12884901886
[nebula] handover OUT Player(Clone)#562949953421314(e16,rt_8589934590,ghost) -> w1 (epoch 16, tick 1364201723)
[nebula] ghost Player(Clone)#844424930131973(e17,rt_18446744065119617024,auth) -> w1
[nebula] ghost Player(Clone)#844424930131973(e17,rt_18446744065119617024,auth) -> w2
[nebula] handover IN  Player(Clone)#844424930131973(e17,rt_18446744065119617024,auth) <- w2 (epoch 17, tick 1364201740)
[nebula] spawned Prop(Clone)#844424930131996(e1,rt_18446744065119617024,auth)
[nebula] local handover Player(Clone)#562949953421313(e9,rt_18446744065119617024,auth) rt_18446744060824649728 -> rt_18446744065119617024
[nebula] profile 300 ticks/5s 300 frames avg 0.5ms max 2.4ms dup 27 skip 0 gc 9 auth 29 ghosts 2 | poll=0.02 ghosts=0.01 physics.sync=0.00 simulate=0.01 poses=0.02 containers=0.34 band=0.06 publish=0.02 gap=16.11
[nebula] chunk (0, 0, -4) unloaded (rt_4294967292)
[nebula] ghost Player(Clone)#562949953421314(e17,rt_8589934591,auth) -> w1
[nebula] handover IN  Player(Clone)#562949953421314(e17,rt_8589934591,auth) <- w1 (epoch 17, tick 1364202081)
[nebula] profile 301 ticks/5s 300 frames avg 0.5ms max 0.8ms dup 64 skip 0 gc 9 auth 30 ghosts 2 | poll=0.02(300) ghosts=0.01 physics.sync=0.00 simulate=0.01 poses=0.02 containers=0.34 band=0.04 publish=0.02 gap=16.17
[nebula] spawned Prop(Clone)#844424930131997(e1,rt_18446744065119617024,auth)
[nebula] chunk (0, 0, -4) loaded (rt_4294967292)
[nebula] ghost Player(Clone)#562949953421313(e9,rt_18446744065119617024,auth) -> w2
[nebula] profile 300 ticks/5s 300 frames avg 0.5ms max 1.0ms dup 0 skip 0 gc 9 auth 31 ghosts 2 | poll=0.01 ghosts=0.00 physics.sync=0.00 simulate=0.02 poses=0.02 containers=0.36 band=0.05 publish=0.02 gap=16.13
[nebula] handover OUT Player(Clone)#562949953421313(e10,rt_18446744065119617025,ghost) -> w2 (epoch 10, tick 1364202582)
[nebula] ghost Player(Clone)#562949953421314(e17,rt_8589934591,auth) -> w1
[nebula] local handover Player(Clone)#562949953421314(e17,rt_12884901887,auth) rt_8589934591 -> rt_12884901887
[nebula] chunk (-4, 0, -3) unloaded (rt_18446744060824649725)
[nebula] local handover Player(Clone)#562949953421314(e17,rt_12884901886,auth) rt_12884901887 -> rt_12884901886
[nebula] spawned Prop(Clone)#844424930131998(e1,rt_18446744065119617024,auth)
[nebula] profile 300 ticks/5s 300 frames avg 0.5ms max 1.8ms dup 0 skip 0 gc 10 auth 31 ghosts 3 | poll=0.01 ghosts=0.01 physics.sync=0.00 simulate=0.02 poses=0.02 containers=0.36 band=0.05 publish=0.02 gap=16.12
[nebula] chunk (-2, 0, 4) unloaded (rt_18446744065119617028)
[nebula] chunk (-1, 0, 4) unloaded (rt_18446744069414584324)
[nebula] local handover Player(Clone)#562949953421314(e17,rt_12884901887,auth) rt_12884901886 -> rt_12884901887
[nebula] spawned Prop(Clone)#844424930131999(e1,rt_12884901887,auth)
[nebula] spawned Prop(Clone)#844424930132000(e1,rt_18446744065119617024,auth)
[nebula] local handover Player(Clone)#562949953421314(e17,rt_8589934591,auth) rt_12884901887 -> rt_8589934591
[nebula] profile 300 ticks/5s 300 frames avg 0.5ms max 1.0ms dup 0 skip 0 gc 9 auth 33 ghosts 3 | poll=0.01 ghosts=0.00 physics.sync=0.00 simulate=0.02 poses=0.02 containers=0.36 band=0.04 publish=0.02 gap=16.13
[nebula] ghost Player(Clone)#844424930131973(e17,rt_18446744065119617024,auth) -> w1
[nebula] ghost Player(Clone)#562949953421314(e17,rt_8589934591,auth) -> w1
[nebula] handover OUT Player(Clone)#844424930131973(e18,rt_18446744069414584319,ghost) -> w1 (epoch 18, tick 1364203229)
[nebula] handover OUT Player(Clone)#562949953421314(e18,rt_8589934590,ghost) -> w1 (epoch 18, tick 1364203241)
[nebula] ghost Player(Clone)#844424930131971(e12,rt_18446744065119617024,auth) -> w2
[nebula] handover IN  Player(Clone)#844424930131971(e12,rt_18446744065119617024,auth) <- w2 (epoch 12, tick 1364203375)
[nebula] profile 300 ticks/5s 300 frames avg 0.5ms max 0.9ms dup 0 skip 0 gc 8 auth 32 ghosts 3 | poll=0.01 ghosts=0.01 physics.sync=0.00 simulate=0.01 poses=0.02 containers=0.36 band=0.05 publish=0.01 gap=16.14
[nebula] chunk (-4, 0, 2) loaded (rt_18446744056529682434)
[nebula] chunk (-4, 0, 3) loaded (rt_18446744056529682435)
[nebula] spawned Prop(Clone)#844424930132001(e1,rt_18446744065119617024,auth)
[nebula] ghost Player(Clone)#562949953421314(e19,rt_8589934591,auth) -> w1
[nebula] handover IN  Player(Clone)#562949953421314(e19,rt_8589934591,auth) <- w1 (epoch 19, tick 1364203647)
[nebula] chunk (0, 0, 3) unloaded (rt_3)
[nebula] chunk (1, 0, 3) unloaded (rt_4294967299)
[nebula] chunk (3, 0, 0) unloaded (rt_12884901888)
[nebula] chunk (0, 0, 4) unloaded (rt_4)
[nebula] ghost Player(Clone)#844424930131971(e12,rt_18446744065119617024,auth) -> w2
[nebula] handover OUT Player(Clone)#844424930131971(e13,rt_18446744065119617025,ghost) -> w2 (epoch 13, tick 1364203725)
[nebula] profile 300 ticks/5s 300 frames avg 0.6ms max 1.8ms dup 0 skip 0 gc 10 auth 33 ghosts 4 | poll=0.01 ghosts=0.01 physics.sync=0.00 simulate=0.02 poses=0.02 containers=0.38 band=0.05 publish=0.02 gap=16.11
[nebula] spawned Prop(Clone)#844424930132002(e1,rt_8589934591,auth)
[nebula] ghost Player(Clone)#562949953421314(e19,rt_8589934591,auth) -> w1
[nebula] profile 300 ticks/5s 300 frames avg 0.5ms max 0.8ms dup 0 skip 0 gc 8 auth 34 ghosts 3 | poll=0.01 ghosts=0.01 physics.sync=0.00 simulate=0.01 poses=0.02 containers=0.37 band=0.05 publish=0.02 gap=16.12
[nebula] handover OUT Player(Clone)#562949953421314(e20,rt_8589934590,ghost) -> w1 (epoch 20, tick 1364204047)
[nebula] profile 300 ticks/5s 300 frames avg 0.5ms max 1.0ms dup 0 skip 0 gc 8 auth 33 ghosts 3 | poll=0.01 ghosts=0.01 physics.sync=0.00 simulate=0.01 poses=0.02 containers=0.37 band=0.05 publish=0.01 gap=16.14
[nebula] chunk (-3, 0, -3) unloaded (rt_18446744065119617021)
[nebula] profile 300 ticks/5s 300 frames avg 0.5ms max 0.7ms dup 0 skip 0 gc 7 auth 33 ghosts 3 | poll=0.01 ghosts=0.00 physics.sync=0.00 simulate=0.01 poses=0.02 containers=0.36 band=0.05 publish=0.01 gap=16.15
[nebula] chunk (2, 0, 0) unloaded (rt_8589934592)
[nebula] chunk (2, 0, 1) unloaded (rt_8589934593)
[nebula] chunk (2, 0, 2) unloaded (rt_8589934594)
[nebula] chunk (0, 0, 3) loaded (rt_3)
[nebula] profile 300 ticks/5s 300 frames avg 0.5ms max 0.7ms dup 0 skip 0 gc 9 auth 33 ghosts 3 | poll=0.00 ghosts=0.01 physics.sync=0.00 simulate=0.01 poses=0.02 containers=0.35 band=0.04 publish=0.01 gap=16.16
[nebula] chunk (-1, 0, -4) loaded (rt_18446744073709551612)
[nebula] chunk (3, 0, -3) unloaded (rt_17179869181)
[nebula] chunk (3, 0, -4) unloaded (rt_17179869180)
[nebula] profile 300 ticks/5s 300 frames avg 0.5ms max 0.7ms dup 0 skip 0 gc 8 auth 33 ghosts 4 | poll=0.00 ghosts=0.01 physics.sync=0.00 simulate=0.01 poses=0.02 containers=0.34 band=0.04 publish=0.01 gap=16.18
[nebula] ghost Player(Clone)#844424930131971(e14,rt_18446744065119617024,auth) -> w2
[nebula] handover IN  Player(Clone)#844424930131971(e14,rt_18446744065119617024,auth) <- w2 (epoch 14, tick 1364205253)
[nebula] chunk (-4, 0, 0) unloaded (rt_18446744056529682432)
[nebula] chunk (-4, 0, 1) unloaded (rt_18446744056529682433)
[nebula] ghost Player(Clone)#844424930131971(e14,rt_18446744065119617024,auth) -> w2
[nebula] profile 300 ticks/5s 300 frames avg 0.5ms max 0.7ms dup 0 skip 0 gc 9 auth 34 ghosts 3 | poll=0.01 ghosts=0.01 physics.sync=0.00 simulate=0.01 poses=0.02 containers=0.35 band=0.05 publish=0.02 gap=16.15
[nebula] handover OUT Player(Clone)#844424930131971(e15,rt_18446744069414584320,ghost) -> w2 (epoch 15, tick 1364205566)
[nebula] profile 300 ticks/5s 300 frames avg 0.5ms max 0.7ms dup 0 skip 0 gc 6 auth 33 ghosts 3 | poll=0.01 ghosts=0.01 physics.sync=0.00 simulate=0.01 poses=0.02 containers=0.34 band=0.04 publish=0.01 gap=16.18
[nebula] chunk (-4, 0, 0) loaded (rt_18446744056529682432)
[nebula] ghost Player(Clone)#844424930131971(e16,rt_18446744065119617024,auth) -> w2
[nebula] handover IN  Player(Clone)#844424930131971(e16,rt_18446744065119617024,auth) <- w2 (epoch 16, tick 1364205934)
[nebula] profile 300 ticks/5s 300 frames avg 0.5ms max 0.7ms dup 0 skip 0 gc 9 auth 34 ghosts 3 | poll=0.01 ghosts=0.01 physics.sync=0.00 simulate=0.01 poses=0.02 containers=0.34 band=0.05 publish=0.01 gap=16.17
[nebula] handover OUT Prop(Clone)#844424930131977(e4,rt_18446744065119617024,ghost) -> w2 (epoch 4, tick 1364206367)
[nebula] handover OUT Prop(Clone)#844424930131978(e4,rt_18446744065119617024,ghost) -> w2 (epoch 4, tick 1364206367)
[nebula] handover OUT Prop(Clone)#844424930131980(e4,rt_18446744065119617024,ghost) -> w2 (epoch 4, tick 1364206367)
[nebula] handover OUT Prop(Clone)#844424930131981(e4,rt_18446744065119617024,ghost) -> w2 (epoch 4, tick 1364206367)
[nebula] handover OUT Prop(Clone)#844424930131982(e4,rt_18446744065119617024,ghost) -> w2 (epoch 4, tick 1364206367)
[nebula] handover OUT Prop(Clone)#844424930131983(e4,rt_18446744065119617024,ghost) -> w2 (epoch 4, tick 1364206367)
[nebula] handover OUT Prop(Clone)#844424930131985(e2,rt_18446744065119617024,ghost) -> w2 (epoch 2, tick 1364206367)
[nebula] handover OUT Prop(Clone)#844424930131986(e2,rt_18446744065119617024,ghost) -> w2 (epoch 2, tick 1364206367)
[nebula] handover OUT Prop(Clone)#844424930131987(e2,rt_18446744065119617024,ghost) -> w2 (epoch 2, tick 1364206367)
[nebula] handover OUT Prop(Clone)#844424930131993(e2,rt_18446744065119617024,ghost) -> w2 (epoch 2, tick 1364206367)
[nebula] handover OUT Prop(Clone)#844424930131996(e2,rt_18446744065119617024,ghost) -> w2 (epoch 2, tick 1364206367)
[nebula] handover OUT Prop(Clone)#844424930131997(e2,rt_18446744065119617024,ghost) -> w2 (epoch 2, tick 1364206367)
[nebula] handover OUT Prop(Clone)#844424930131998(e2,rt_18446744065119617024,ghost) -> w2 (epoch 2, tick 1364206367)
[nebula] handover OUT Prop(Clone)#844424930132000(e2,rt_18446744065119617024,ghost) -> w2 (epoch 2, tick 1364206367)
[nebula] handover OUT Prop(Clone)#844424930132001(e2,rt_18446744065119617024,ghost) -> w2 (epoch 2, tick 1364206367)
[nebula] handover OUT Player(Clone)#844424930131971(e17,rt_18446744065119617024,ghost) -> w2 (epoch 17, tick 1364206367)
[nebula] ghost Prop(Clone)#281474976710667(e4,rt_4294967294,auth) -> w1
[nebula] handover IN  Prop(Clone)#281474976710667(e4,rt_4294967294,auth) <- w1 (epoch 4, tick 1364206368)
[nebula] ghost Prop(Clone)#281474976710673(e4,rt_4294967294,auth) -> w1
[nebula] handover IN  Prop(Clone)#281474976710673(e4,rt_4294967294,auth) <- w1 (epoch 4, tick 1364206368)
[nebula] ghost Prop(Clone)#281474976710676(e4,rt_4294967294,auth) -> w1
[nebula] handover IN  Prop(Clone)#281474976710676(e4,rt_4294967294,auth) <- w1 (epoch 4, tick 1364206368)
[nebula] ghost Prop(Clone)#281474976710678(e4,rt_4294967294,auth) -> w1
[nebula] handover IN  Prop(Clone)#281474976710678(e4,rt_4294967294,auth) <- w1 (epoch 4, tick 1364206368)
[nebula] ghost Prop(Clone)#281474976710679(e4,rt_4294967294,auth) -> w1
[nebula] handover IN  Prop(Clone)#281474976710679(e4,rt_4294967294,auth) <- w1 (epoch 4, tick 1364206368)
[nebula] ghost Prop(Clone)#281474976710661(e4,rt_4294967295,auth) -> w1
[nebula] handover IN  Prop(Clone)#281474976710661(e4,rt_4294967295,auth) <- w1 (epoch 4, tick 1364206368)
[nebula] ghost Prop(Clone)#281474976710662(e4,rt_8589934590,auth) -> w1
[nebula] handover IN  Prop(Clone)#281474976710662(e4,rt_8589934590,auth) <- w1 (epoch 4, tick 1364206368)
[nebula] ghost Prop(Clone)#281474976710664(e4,rt_8589934590,auth) -> w1
[nebula] handover IN  Prop(Clone)#281474976710664(e4,rt_8589934590,auth) <- w1 (epoch 4, tick 1364206368)
[nebula] ghost Prop(Clone)#281474976710665(e4,rt_8589934590,auth) -> w1
[nebula] handover IN  Prop(Clone)#281474976710665(e4,rt_8589934590,auth) <- w1 (epoch 4, tick 1364206368)
[nebula] ghost Prop(Clone)#281474976710666(e4,rt_8589934590,auth) -> w1
[nebula] handover IN  Prop(Clone)#281474976710666(e4,rt_8589934590,auth) <- w1 (epoch 4, tick 1364206368)
[nebula] ghost Prop(Clone)#281474976710670(e4,rt_8589934590,auth) -> w1
[nebula] handover IN  Prop(Clone)#281474976710670(e4,rt_8589934590,auth) <- w1 (epoch 4, tick 1364206368)
[nebula] ghost Prop(Clone)#281474976710682(e2,rt_4294967294,auth) -> w1
[nebula] handover IN  Prop(Clone)#281474976710682(e2,rt_4294967294,auth) <- w1 (epoch 2, tick 1364206368)
[nebula] ghost Prop(Clone)#281474976710689(e2,rt_8589934590,auth) -> w1
[nebula] handover IN  Prop(Clone)#281474976710689(e2,rt_8589934590,auth) <- w1 (epoch 2, tick 1364206368)
[nebula] ghost Prop(Clone)#281474976710692(e2,rt_4294967294,auth) -> w1
[nebula] handover IN  Prop(Clone)#281474976710692(e2,rt_4294967294,auth) <- w1 (epoch 2, tick 1364206368)
[nebula] ghost Player(Clone)#562949953421314(e21,rt_8589934590,auth) -> w1
[nebula] handover IN  Player(Clone)#562949953421314(e21,rt_8589934590,auth) <- w1 (epoch 21, tick 1364206368)
[nebula] ghost Prop(Clone)#281474976710697(e2,rt_8589934590,auth) -> w1
[nebula] handover IN  Prop(Clone)#281474976710697(e2,rt_8589934590,auth) <- w1 (epoch 2, tick 1364206368)
[nebula] ghost Prop(Clone)#281474976710698(e2,rt_4294967294,auth) -> w1
[nebula] handover IN  Prop(Clone)#281474976710698(e2,rt_4294967294,auth) <- w1 (epoch 2, tick 1364206368)
[nebula] ghost Prop(Clone)#281474976710702(e2,rt_4294967294,auth) -> w1
[nebula] handover IN  Prop(Clone)#281474976710702(e2,rt_4294967294,auth) <- w1 (epoch 2, tick 1364206368)
[nebula] profile 300 ticks/5s 300 frames avg 0.5ms max 0.9ms dup 0 skip 0 gc 8 auth 36 ghosts 22 | poll=0.02 ghosts=0.01 physics.sync=0.00 simulate=0.01 poses=0.03 containers=0.35 band=0.05 publish=0.02 gap=16.14
[nebula] handover OUT Prop(Clone)#281474976710667(e5,rt_4294967294,ghost) -> w1 (epoch 5, tick 1364206549)
[nebula] handover OUT Prop(Clone)#281474976710673(e5,rt_4294967294,ghost) -> w1 (epoch 5, tick 1364206549)
[nebula] handover OUT Prop(Clone)#281474976710676(e5,rt_4294967294,ghost) -> w1 (epoch 5, tick 1364206549)
[nebula] handover OUT Prop(Clone)#281474976710678(e5,rt_4294967294,ghost) -> w1 (epoch 5, tick 1364206549)
[nebula] handover OUT Prop(Clone)#281474976710679(e5,rt_4294967294,ghost) -> w1 (epoch 5, tick 1364206549)
[nebula] handover OUT Prop(Clone)#281474976710662(e5,rt_8589934590,ghost) -> w1 (epoch 5, tick 1364206549)
[nebula] handover OUT Prop(Clone)#281474976710664(e5,rt_8589934590,ghost) -> w1 (epoch 5, tick 1364206549)
[nebula] handover OUT Prop(Clone)#281474976710665(e5,rt_8589934590,ghost) -> w1 (epoch 5, tick 1364206549)
[nebula] handover OUT Prop(Clone)#281474976710666(e5,rt_8589934590,ghost) -> w1 (epoch 5, tick 1364206549)
[nebula] handover OUT Prop(Clone)#281474976710670(e5,rt_8589934590,ghost) -> w1 (epoch 5, tick 1364206549)
[nebula] handover OUT Prop(Clone)#281474976710682(e3,rt_4294967294,ghost) -> w1 (epoch 3, tick 1364206549)
[nebula] handover OUT Prop(Clone)#281474976710689(e3,rt_8589934590,ghost) -> w1 (epoch 3, tick 1364206549)
[nebula] handover OUT Prop(Clone)#281474976710692(e3,rt_4294967294,ghost) -> w1 (epoch 3, tick 1364206549)
[nebula] handover OUT Player(Clone)#562949953421314(e22,rt_8589934590,ghost) -> w1 (epoch 22, tick 1364206549)
[nebula] handover OUT Prop(Clone)#281474976710697(e3,rt_8589934590,ghost) -> w1 (epoch 3, tick 1364206549)
[nebula] handover OUT Prop(Clone)#281474976710698(e3,rt_4294967294,ghost) -> w1 (epoch 3, tick 1364206549)
[nebula] handover OUT Prop(Clone)#281474976710702(e3,rt_4294967294,ghost) -> w1 (epoch 3, tick 1364206549)
[nebula] ghost Player(Clone)#844424930131972(e7,rt_18446744065119617024,auth) -> w2
[nebula] handover IN  Player(Clone)#844424930131972(e7,rt_18446744065119617024,auth) <- w2 (epoch 7, tick 1364206550)
[nebula] ghost Prop(Clone)#844424930131977(e5,rt_18446744065119617024,auth) -> w2
[nebula] handover IN  Prop(Clone)#844424930131977(e5,rt_18446744065119617024,auth) <- w2 (epoch 5, tick 1364206550)
[nebula] ghost Prop(Clone)#844424930131978(e5,rt_18446744065119617024,auth) -> w2
[nebula] handover IN  Prop(Clone)#844424930131978(e5,rt_18446744065119617024,auth) <- w2 (epoch 5, tick 1364206550)
[nebula] ghost Prop(Clone)#844424930131980(e5,rt_18446744065119617024,auth) -> w2
[nebula] handover IN  Prop(Clone)#844424930131980(e5,rt_18446744065119617024,auth) <- w2 (epoch 5, tick 1364206550)
[nebula] ghost Prop(Clone)#844424930131981(e5,rt_18446744065119617024,auth) -> w2
[nebula] handover IN  Prop(Clone)#844424930131981(e5,rt_18446744065119617024,auth) <- w2 (epoch 5, tick 1364206550)
[nebula] ghost Prop(Clone)#844424930131982(e5,rt_18446744065119617024,auth) -> w1
[nebula] ghost Prop(Clone)#844424930131982(e5,rt_18446744065119617024,auth) -> w2
[nebula] handover IN  Prop(Clone)#844424930131982(e5,rt_18446744065119617024,auth) <- w2 (epoch 5, tick 1364206550)
[nebula] ghost Prop(Clone)#844424930131983(e5,rt_18446744065119617024,auth) -> w2
[nebula] handover IN  Prop(Clone)#844424930131983(e5,rt_18446744065119617024,auth) <- w2 (epoch 5, tick 1364206550)
[nebula] ghost Prop(Clone)#844424930131985(e3,rt_18446744065119617024,auth) -> w2
[nebula] handover IN  Prop(Clone)#844424930131985(e3,rt_18446744065119617024,auth) <- w2 (epoch 3, tick 1364206550)
[nebula] ghost Prop(Clone)#844424930131986(e3,rt_18446744065119617024,auth) -> w2
[nebula] handover IN  Prop(Clone)#844424930131986(e3,rt_18446744065119617024,auth) <- w2 (epoch 3, tick 1364206550)
[nebula] ghost Prop(Clone)#844424930131987(e3,rt_18446744065119617024,auth) -> w2
[nebula] handover IN  Prop(Clone)#844424930131987(e3,rt_18446744065119617024,auth) <- w2 (epoch 3, tick 1364206550)
[nebula] ghost Prop(Clone)#844424930131993(e3,rt_18446744065119617024,auth) -> w2
[nebula] handover IN  Prop(Clone)#844424930131993(e3,rt_18446744065119617024,auth) <- w2 (epoch 3, tick 1364206550)
[nebula] ghost Prop(Clone)#844424930131996(e3,rt_18446744065119617024,auth) -> w2
[nebula] handover IN  Prop(Clone)#844424930131996(e3,rt_18446744065119617024,auth) <- w2 (epoch 3, tick 1364206550)
[nebula] ghost Prop(Clone)#844424930131997(e3,rt_18446744065119617024,auth) -> w2
[nebula] handover IN  Prop(Clone)#844424930131997(e3,rt_18446744065119617024,auth) <- w2 (epoch 3, tick 1364206550)
[nebula] ghost Prop(Clone)#844424930131998(e3,rt_18446744065119617024,auth) -> w2
[nebula] handover IN  Prop(Clone)#844424930131998(e3,rt_18446744065119617024,auth) <- w2 (epoch 3, tick 1364206550)
[nebula] ghost Prop(Clone)#844424930132000(e3,rt_18446744065119617024,auth) -> w2
[nebula] handover IN  Prop(Clone)#844424930132000(e3,rt_18446744065119617024,auth) <- w2 (epoch 3, tick 1364206550)
[nebula] ghost Prop(Clone)#844424930132001(e3,rt_18446744065119617024,auth) -> w2
[nebula] handover IN  Prop(Clone)#844424930132001(e3,rt_18446744065119617024,auth) <- w2 (epoch 3, tick 1364206550)
[nebula] handover OUT Prop(Clone)#281474976710661(e5,rt_4294967295,ghost) -> w1 (epoch 5, tick 1364206580)
[nebula] ghost Prop(Clone)#281474976710668(e2,rt_8589934591,auth) -> w1
[nebula] ghost Player(Clone)#844424930131971(e19,rt_18446744065119617024,auth) -> w1
[nebula] handover IN  Player(Clone)#844424930131971(e19,rt_18446744065119617024,auth) <- w1 (epoch 19, tick 1364206674)
[nebula] chunk (3, 0, -1) unloaded (rt_17179869183)
[nebula] chunk (3, 0, -2) unloaded (rt_17179869182)
[nebula] profile 300 ticks/5s 300 frames avg 0.5ms max 3.7ms dup 0 skip 0 gc 9 auth 35 ghosts 3 | poll=0.02 ghosts=0.01 physics.sync=0.00 simulate=0.01 poses=0.03 containers=0.36 band=0.05 publish=0.02 gap=16.12
[nebula] handover OUT Player(Clone)#844424930131972(e8,rt_18446744065119617024,ghost) -> w2 (epoch 8, tick 1364206763)
[nebula] handover OUT Prop(Clone)#844424930131977(e6,rt_18446744065119617024,ghost) -> w2 (epoch 6, tick 1364206763)
[nebula] handover OUT Prop(Clone)#844424930131978(e6,rt_18446744065119617024,ghost) -> w2 (epoch 6, tick 1364206763)
[nebula] handover OUT Prop(Clone)#844424930131980(e6,rt_18446744065119617024,ghost) -> w2 (epoch 6, tick 1364206763)
[nebula] handover OUT Prop(Clone)#844424930131981(e6,rt_18446744065119617024,ghost) -> w2 (epoch 6, tick 1364206763)
[nebula] handover OUT Prop(Clone)#844424930131982(e6,rt_18446744065119617024,ghost) -> w2 (epoch 6, tick 1364206763)
[nebula] handover OUT Prop(Clone)#844424930131983(e6,rt_18446744065119617024,ghost) -> w2 (epoch 6, tick 1364206763)
[nebula] handover OUT Prop(Clone)#844424930131985(e4,rt_18446744065119617024,ghost) -> w2 (epoch 4, tick 1364206763)
[nebula] handover OUT Prop(Clone)#844424930131986(e4,rt_18446744065119617024,ghost) -> w2 (epoch 4, tick 1364206763)
[nebula] handover OUT Prop(Clone)#844424930131987(e4,rt_18446744065119617024,ghost) -> w2 (epoch 4, tick 1364206763)
[nebula] handover OUT Prop(Clone)#844424930131993(e4,rt_18446744065119617024,ghost) -> w2 (epoch 4, tick 1364206763)
[nebula] handover OUT Prop(Clone)#844424930131996(e4,rt_18446744065119617024,ghost) -> w2 (epoch 4, tick 1364206763)
[nebula] handover OUT Prop(Clone)#844424930131997(e4,rt_18446744065119617024,ghost) -> w2 (epoch 4, tick 1364206763)
[nebula] handover OUT Prop(Clone)#844424930131998(e4,rt_18446744065119617024,ghost) -> w2 (epoch 4, tick 1364206763)
[nebula] handover OUT Prop(Clone)#844424930132000(e4,rt_18446744065119617024,ghost) -> w2 (epoch 4, tick 1364206763)
[nebula] handover OUT Prop(Clone)#844424930132001(e4,rt_18446744065119617024,ghost) -> w2 (epoch 4, tick 1364206763)
[nebula] handover OUT Player(Clone)#844424930131971(e20,rt_18446744065119617024,ghost) -> w2 (epoch 20, tick 1364206763)
[nebula] ghost Prop(Clone)#281474976710667(e6,rt_4294967294,auth) -> w1
[nebula] handover IN  Prop(Clone)#281474976710667(e6,rt_4294967294,auth) <- w1 (epoch 6, tick 1364206764)
[nebula] ghost Prop(Clone)#281474976710673(e6,rt_4294967294,auth) -> w1
[nebula] handover IN  Prop(Clone)#281474976710673(e6,rt_4294967294,auth) <- w1 (epoch 6, tick 1364206764)
[nebula] ghost Prop(Clone)#281474976710676(e6,rt_4294967294,auth) -> w1
[nebula] handover IN  Prop(Clone)#281474976710676(e6,rt_4294967294,auth) <- w1 (epoch 6, tick 1364206764)
[nebula] ghost Prop(Clone)#281474976710678(e6,rt_4294967294,auth) -> w1
[nebula] handover IN  Prop(Clone)#281474976710678(e6,rt_4294967294,auth) <- w1 (epoch 6, tick 1364206764)
[nebula] ghost Prop(Clone)#281474976710679(e6,rt_4294967294,auth) -> w1
[nebula] handover IN  Prop(Clone)#281474976710679(e6,rt_4294967294,auth) <- w1 (epoch 6, tick 1364206764)
[nebula] ghost Prop(Clone)#281474976710662(e6,rt_8589934590,auth) -> w1
[nebula] handover IN  Prop(Clone)#281474976710662(e6,rt_8589934590,auth) <- w1 (epoch 6, tick 1364206764)
[nebula] ghost Prop(Clone)#281474976710664(e6,rt_8589934590,auth) -> w1
[nebula] handover IN  Prop(Clone)#281474976710664(e6,rt_8589934590,auth) <- w1 (epoch 6, tick 1364206764)
[nebula] ghost Prop(Clone)#281474976710665(e6,rt_8589934590,auth) -> w1
[nebula] handover IN  Prop(Clone)#281474976710665(e6,rt_8589934590,auth) <- w1 (epoch 6, tick 1364206764)
[nebula] ghost Prop(Clone)#281474976710666(e6,rt_8589934590,auth) -> w1
[nebula] handover IN  Prop(Clone)#281474976710666(e6,rt_8589934590,auth) <- w1 (epoch 6, tick 1364206764)
[nebula] ghost Prop(Clone)#281474976710670(e6,rt_8589934590,auth) -> w1
[nebula] handover IN  Prop(Clone)#281474976710670(e6,rt_8589934590,auth) <- w1 (epoch 6, tick 1364206764)
[nebula] ghost Prop(Clone)#281474976710682(e4,rt_4294967294,auth) -> w1
[nebula] handover IN  Prop(Clone)#281474976710682(e4,rt_4294967294,auth) <- w1 (epoch 4, tick 1364206764)
[nebula] ghost Prop(Clone)#281474976710689(e4,rt_8589934590,auth) -> w1
[nebula] handover IN  Prop(Clone)#281474976710689(e4,rt_8589934590,auth) <- w1 (epoch 4, tick 1364206764)
[nebula] ghost Prop(Clone)#281474976710692(e4,rt_4294967294,auth) -> w1
[nebula] handover IN  Prop(Clone)#281474976710692(e4,rt_4294967294,auth) <- w1 (epoch 4, tick 1364206764)
[nebula] ghost Player(Clone)#562949953421314(e23,rt_8589934590,auth) -> w1
[nebula] handover IN  Player(Clone)#562949953421314(e23,rt_8589934590,auth) <- w1 (epoch 23, tick 1364206764)
[nebula] ghost Prop(Clone)#281474976710697(e4,rt_8589934590,auth) -> w1
[nebula] handover IN  Prop(Clone)#281474976710697(e4,rt_8589934590,auth) <- w1 (epoch 4, tick 1364206764)
[nebula] ghost Prop(Clone)#281474976710698(e4,rt_4294967294,auth) -> w1
[nebula] handover IN  Prop(Clone)#281474976710698(e4,rt_4294967294,auth) <- w1 (epoch 4, tick 1364206764)
[nebula] ghost Prop(Clone)#281474976710702(e4,rt_4294967294,auth) -> w1
[nebula] handover IN  Prop(Clone)#281474976710702(e4,rt_4294967294,auth) <- w1 (epoch 4, tick 1364206764)
[nebula] ghost Prop(Clone)#281474976710661(e6,rt_4294967295,auth) -> w1
[nebula] handover IN  Prop(Clone)#281474976710661(e6,rt_4294967295,auth) <- w1 (epoch 6, tick 1364206764)
[nebula] local handover Player(Clone)#562949953421314(e23,rt_12884901886,auth) rt_8589934590 -> rt_12884901886
[nebula] chunk (3, 0, -3) loaded (rt_17179869181)
[nebula] chunk (3, 0, -2) loaded (rt_17179869182)
[nebula] chunk (3, 0, -1) loaded (rt_17179869183)
[nebula] handover OUT Prop(Clone)#844424930131979(e2,rt_18446744060824649729,ghost) -> w2 (epoch 2, tick 1364206824)
[nebula] handover OUT Prop(Clone)#281474976710657(e5,rt_12884901887,ghost) -> w2 (epoch 5, tick 1364206824)
[nebula] handover OUT Prop(Clone)#844424930131988(e2,rt_12884901887,ghost) -> w2 (epoch 2, tick 1364206824)
[nebula] handover OUT Prop(Clone)#844424930131989(e2,rt_18446744060824649728,ghost) -> w2 (epoch 2, tick 1364206824)
[nebula] handover OUT Prop(Clone)#844424930131994(e2,rt_18446744060824649728,ghost) -> w2 (epoch 2, tick 1364206824)
[nebula] handover OUT Prop(Clone)#844424930131995(e2,rt_18446744060824649728,ghost) -> w2 (epoch 2, tick 1364206824)
[nebula] handover OUT Prop(Clone)#844424930131999(e2,rt_12884901887,ghost) -> w2 (epoch 2, tick 1364206824)
[nebula] ghost Player(Clone)#1125899906842625(e18,rt_8589934590,auth) -> w1
[nebula] handover IN  Player(Clone)#1125899906842625(e18,rt_8589934590,auth) <- w1 (epoch 18, tick 1364206843)
[nebula] spawned Prop(Clone)#844424930132003(e1,rt_12884901886,auth)
[nebula] spawned Prop(Clone)#844424930132004(e1,rt_8589934590,auth)
[nebula] handover OUT Prop(Clone)#281474976710667(e7,rt_4294967294,ghost) -> w1 (epoch 7, tick 1364206947)
[nebula] handover OUT Prop(Clone)#281474976710673(e7,rt_4294967294,ghost) -> w1 (epoch 7, tick 1364206947)
[nebula] handover OUT Prop(Clone)#281474976710676(e7,rt_4294967294,ghost) -> w1 (epoch 7, tick 1364206947)
[nebula] handover OUT Prop(Clone)#281474976710678(e7,rt_4294967294,ghost) -> w1 (epoch 7, tick 1364206947)
[nebula] handover OUT Prop(Clone)#281474976710679(e7,rt_4294967294,ghost) -> w1 (epoch 7, tick 1364206947)
[nebula] handover OUT Prop(Clone)#281474976710682(e5,rt_4294967294,ghost) -> w1 (epoch 5, tick 1364206947)
[nebula] handover OUT Prop(Clone)#281474976710692(e5,rt_4294967294,ghost) -> w1 (epoch 5, tick 1364206947)
[nebula] handover OUT Prop(Clone)#281474976710698(e5,rt_4294967294,ghost) -> w1 (epoch 5, tick 1364206947)
[nebula] handover OUT Prop(Clone)#281474976710702(e5,rt_4294967294,ghost) -> w1 (epoch 5, tick 1364206947)
[nebula] ghost Prop(Clone)#844424930131979(e3,rt_18446744060824649729,auth) -> w2
[nebula] handover IN  Prop(Clone)#844424930131979(e3,rt_18446744060824649729,auth) <- w2 (epoch 3, tick 1364206947)
[nebula] ghost Prop(Clone)#281474976710657(e6,rt_12884901887,auth) -> w2
[nebula] handover IN  Prop(Clone)#281474976710657(e6,rt_12884901887,auth) <- w2 (epoch 6, tick 1364206947)
[nebula] ghost Prop(Clone)#844424930131988(e3,rt_12884901887,auth) -> w2
[nebula] handover IN  Prop(Clone)#844424930131988(e3,rt_12884901887,auth) <- w2 (epoch 3, tick 1364206947)
[nebula] ghost Prop(Clone)#844424930131989(e3,rt_18446744060824649728,auth) -> w2
[nebula] handover IN  Prop(Clone)#844424930131989(e3,rt_18446744060824649728,auth) <- w2 (epoch 3, tick 1364206947)
[nebula] ghost Prop(Clone)#844424930131994(e3,rt_18446744060824649728,auth) -> w2
[nebula] handover IN  Prop(Clone)#844424930131994(e3,rt_18446744060824649728,auth) <- w2 (epoch 3, tick 1364206947)
[nebula] ghost Prop(Clone)#844424930131995(e3,rt_18446744060824649728,auth) -> w2
[nebula] handover IN  Prop(Clone)#844424930131995(e3,rt_18446744060824649728,auth) <- w2 (epoch 3, tick 1364206947)
[nebula] ghost Prop(Clone)#844424930131999(e3,rt_12884901887,auth) -> w2
[nebula] handover IN  Prop(Clone)#844424930131999(e3,rt_12884901887,auth) <- w2 (epoch 3, tick 1364206947)
[nebula] profile 300 ticks/5s 300 frames avg 0.5ms max 1.1ms dup 0 skip 0 gc 10 auth 30 ghosts 14 | poll=0.02 ghosts=0.01 physics.sync=0.00 simulate=0.02 poses=0.03 containers=0.33 band=0.05 publish=0.02 gap=16.16
[nebula] spawned Prop(Clone)#844424930132005(e1,rt_12884901886,auth)
[nebula] local handover Player(Clone)#562949953421314(e23,rt_8589934590,auth) rt_12884901886 -> rt_8589934590
[nebula] chunk (-2, 0, -3) unloaded (rt_18446744069414584317)
[nebula] profile 300 ticks/5s 300 frames avg 0.5ms max 1.0ms dup 0 skip 0 gc 7 auth 31 ghosts 3 | poll=0.01 ghosts=0.01 physics.sync=0.00 simulate=0.02 poses=0.02 containers=0.32 band=0.03 publish=0.02 gap=16.19
[nebula] chunk (-3, 0, -3) loaded (rt_18446744065119617021)
[nebula] chunk (-2, 0, -3) loaded (rt_18446744069414584317)
[nebula] profile 300 ticks/5s 300 frames avg 0.5ms max 0.7ms dup 0 skip 0 gc 7 auth 31 ghosts 4 | poll=0.01 ghosts=0.00 physics.sync=0.00 simulate=0.01 poses=0.02 containers=0.32 band=0.03 publish=0.02 gap=16.19
[nebula] ghost Player(Clone)#844424930131972(e10,rt_18446744060824649728,auth) -> w1
[nebula] handover IN  Player(Clone)#844424930131972(e10,rt_18446744060824649728,auth) <- w1 (epoch 10, tick 1364207670)
[nebula] chunk (-4, 0, 1) loaded (rt_18446744056529682433)
[nebula] spawned Prop(Clone)#844424930132006(e1,rt_8589934590,auth)
[nebula] spawned Prop(Clone)#844424930132007(e1,rt_8589934590,auth)
[nebula] ghost Player(Clone)#844424930131972(e10,rt_18446744060824649728,auth) -> w2
[nebula] profile 300 ticks/5s 300 frames avg 0.5ms max 1.2ms dup 0 skip 0 gc 8 auth 34 ghosts 3 | poll=0.02 ghosts=0.01 physics.sync=0.00 simulate=0.02 poses=0.02 containers=0.36 band=0.04 publish=0.02 gap=16.13
[nebula] local handover Player(Clone)#562949953421314(e23,rt_8589934591,auth) rt_8589934590 -> rt_8589934591
[nebula] chunk (2, 0, 0) loaded (rt_8589934592)
[nebula] ghost Player(Clone)#844424930131971(e22,rt_18446744060824649728,auth) -> w1
[nebula] handover IN  Player(Clone)#844424930131971(e22,rt_18446744060824649728,auth) <- w1 (epoch 22, tick 1364207991)
[nebula] handover OUT Player(Clone)#844424930131972(e11,rt_18446744065119617024,ghost) -> w2 (epoch 11, tick 1364208031)
[nebula] chunk (2, 0, 1) loaded (rt_8589934593)
[nebula] ghost Player(Clone)#1125899906842625(e18,rt_8589934590,auth) -> w1
[nebula] spawned Prop(Clone)#844424930132008(e1,rt_8589934590,auth)
[nebula] ghost Prop(Clone)#844424930132008(e1,rt_8589934590,auth) -> w1
[nebula] handover OUT Player(Clone)#1125899906842625(e19,rt_4294967294,ghost) -> w1 (epoch 19, tick 1364208099)
[nebula] spawned Prop(Clone)#844424930132009(e1,rt_18446744060824649728,auth)
[nebula] spawned Prop(Clone)#844424930132010(e2,rt_8589934592,auth)
[nebula] spawned Prop(Clone)#844424930132011(e2,rt_8589934592,auth)
[nebula] persistence: restored 2 persisted entities into rt_8589934592
[nebula] ghost Player(Clone)#844424930131969(e16,rt_4294967295,auth) -> w4
[nebula] ghost Player(Clone)#844424930131969(e16,rt_4294967295,auth) -> w1
[nebula] ghost Player(Clone)#844424930131969(e16,rt_4294967295,auth) -> w2
[nebula] handover IN  Player(Clone)#844424930131969(e16,rt_4294967295,auth) <- w1 (epoch 16, tick 1364208218)
[nebula] profile 300 ticks/5s 300 frames avg 0.6ms max 1.1ms dup 0 skip 0 gc 8 auth 38 ghosts 4 | poll=0.02 ghosts=0.01 physics.sync=0.00 simulate=0.02 poses=0.02 containers=0.39 band=0.05 publish=0.02 gap=16.09
[nebula] ghost Player(Clone)#844424930131971(e22,rt_18446744060824649728,auth) -> w1
[nebula] handover OUT Player(Clone)#844424930131971(e23,rt_18446744065119617023,ghost) -> w1 (epoch 23, tick 1364208369)
[nebula] spawned Prop(Clone)#844424930132012(e1,rt_8589934591,auth)
[nebula] ghost Player(Clone)#844424930131970(e21,rt_8589934591,auth) -> w4
[nebula] handover IN  Player(Clone)#844424930131970(e21,rt_8589934591,auth) <- w4 (epoch 21, tick 1364208505)
[nebula] profile 300 ticks/5s 300 frames avg 0.6ms max 1.2ms dup 0 skip 0 gc 7 auth 39 ghosts 4 | poll=0.02 ghosts=0.01 physics.sync=0.00 simulate=0.02 poses=0.03 containers=0.43 band=0.05 publish=0.02 gap=16.05
[nebula] ghost Player(Clone)#844424930131973(e20,rt_18446744060824649728,auth) -> w1
[nebula] ghost Player(Clone)#844424930131973(e20,rt_18446744060824649728,auth) -> w2
[nebula] handover IN  Player(Clone)#844424930131973(e20,rt_18446744060824649728,auth) <- w2 (epoch 20, tick 1364208626)
[nebula] local handover Player(Clone)#562949953421314(e23,rt_8589934590,auth) rt_8589934591 -> rt_8589934590
[nebula] ghost Player(Clone)#844424930131972(e12,rt_18446744060824649729,auth) -> w2
[nebula] handover IN  Player(Clone)#844424930131972(e12,rt_18446744060824649729,auth) <- w2 (epoch 12, tick 1364208700)
[nebula] spawned Prop(Clone)#844424930132013(e1,rt_18446744060824649728,auth)
[nebula] spawned Prop(Clone)#844424930132014(e1,rt_8589934591,auth)
[nebula] profile 300 ticks/5s 300 frames avg 0.6ms max 1.2ms dup 0 skip 0 gc 7 auth 43 ghosts 4 | poll=0.02 ghosts=0.01 physics.sync=0.00 simulate=0.02 poses=0.03 containers=0.44 band=0.05 publish=0.02 gap=16.03
[nebula] ghost Player(Clone)#844424930131971(e24,rt_18446744060824649728,auth) -> w1
[nebula] handover IN  Player(Clone)#844424930131971(e24,rt_18446744060824649728,auth) <- w1 (epoch 24, tick 1364208849)
[nebula] spawned Prop(Clone)#844424930132015(e1,rt_8589934590,auth)
[nebula] ghost Player(Clone)#1125899906842625(e20,rt_4294967295,auth) -> w1
[nebula] handover IN  Player(Clone)#1125899906842625(e20,rt_4294967295,auth) <- w1 (epoch 20, tick 1364208902)
[nebula] spawned Prop(Clone)#844424930132016(e1,rt_18446744060824649728,auth)
[nebula] ghost Player(Clone)#844424930131973(e20,rt_18446744060824649728,auth) -> w2
[nebula] ghost Player(Clone)#844424930131972(e12,rt_18446744060824649729,auth) -> w2
[nebula] local handover Player(Clone)#562949953421314(e23,rt_12884901886,auth) rt_8589934590 -> rt_12884901886
[nebula] handover OUT Player(Clone)#844424930131973(e21,rt_18446744065119617024,ghost) -> w2 (epoch 21, tick 1364209042)
[nebula] ghost Player(Clone)#844424930131969(e16,rt_4294967295,auth) -> w4
[nebula] local handover Player(Clone)#844424930131972(e12,rt_18446744060824649728,auth) rt_18446744060824649729 -> rt_18446744060824649728
[nebula] spawned Prop(Clone)#844424930132017(e1,rt_4294967295,auth)
[nebula] ghost Prop(Clone)#844424930132017(e1,rt_4294967295,auth) -> w4
[nebula] handover OUT Prop(Clone)#844424930131979(e4,rt_18446744060824649729,ghost) -> w2 (epoch 4, tick 1364209114)
[nebula] handover OUT Prop(Clone)#844424930131989(e4,rt_18446744060824649728,ghost) -> w2 (epoch 4, tick 1364209114)
[nebula] handover OUT Prop(Clone)#844424930131994(e4,rt_18446744060824649728,ghost) -> w2 (epoch 4, tick 1364209114)
[nebula] handover OUT Prop(Clone)#844424930131995(e4,rt_18446744060824649728,ghost) -> w2 (epoch 4, tick 1364209114)
[nebula] handover OUT Prop(Clone)#844424930132009(e2,rt_18446744060824649728,ghost) -> w2 (epoch 2, tick 1364209114)
[nebula] handover OUT Prop(Clone)#844424930132010(e3,rt_8589934592,ghost) -> w4 (epoch 3, tick 1364209114)
[nebula] handover OUT Prop(Clone)#844424930132011(e3,rt_8589934592,ghost) -> w4 (epoch 3, tick 1364209114)
[nebula] handover OUT Player(Clone)#844424930131972(e13,rt_18446744060824649728,ghost) -> w2 (epoch 13, tick 1364209114)
[nebula] handover OUT Prop(Clone)#844424930132013(e2,rt_18446744060824649728,ghost) -> w2 (epoch 2, tick 1364209114)
[nebula] handover OUT Player(Clone)#844424930131971(e25,rt_18446744060824649728,ghost) -> w2 (epoch 25, tick 1364209114)
[nebula] handover OUT Prop(Clone)#844424930132016(e2,rt_18446744060824649728,ghost) -> w2 (epoch 2, tick 1364209114)
[nebula] profile 300 ticks/5s 300 frames avg 0.7ms max 1.2ms dup 0 skip 0 gc 8 auth 36 ghosts 15 | poll=0.02 ghosts=0.01 physics.sync=0.00 simulate=0.03 poses=0.03 containers=0.50 band=0.06 publish=0.02 gap=15.95
[nebula] local handover Player(Clone)#1125899906842625(e20,rt_8589934591,auth) rt_4294967295 -> rt_8589934591
[nebula] handover OUT Player(Clone)#844424930131969(e17,rt_0,ghost) -> w4 (epoch 17, tick 1364209137)
[nebula] ghost Player(Clone)#844424930131973(e22,rt_18446744060824649728,auth) -> w2
[nebula] handover IN  Player(Clone)#844424930131973(e22,rt_18446744060824649728,auth) <- w2 (epoch 22, tick 1364209175)
[nebula] ghost Prop(Clone)#844424930131979(e5,rt_18446744060824649729,auth) -> w2
[nebula] handover IN  Prop(Clone)#844424930131979(e5,rt_18446744060824649729,auth) <- w2 (epoch 5, tick 1364209175)
[nebula] ghost Prop(Clone)#844424930131989(e5,rt_18446744060824649728,auth) -> w2
[nebula] handover IN  Prop(Clone)#844424930131989(e5,rt_18446744060824649728,auth) <- w2 (epoch 5, tick 1364209175)
[nebula] ghost Prop(Clone)#844424930131994(e5,rt_18446744060824649728,auth) -> w2
[nebula] handover IN  Prop(Clone)#844424930131994(e5,rt_18446744060824649728,auth) <- w2 (epoch 5, tick 1364209175)
[nebula] ghost Prop(Clone)#844424930131995(e5,rt_18446744060824649728,auth) -> w2
[nebula] handover IN  Prop(Clone)#844424930131995(e5,rt_18446744060824649728,auth) <- w2 (epoch 5, tick 1364209175)
[nebula] ghost Prop(Clone)#844424930132009(e3,rt_18446744060824649728,auth) -> w2
[nebula] handover IN  Prop(Clone)#844424930132009(e3,rt_18446744060824649728,auth) <- w2 (epoch 3, tick 1364209175)
[nebula] ghost Player(Clone)#844424930131972(e14,rt_18446744060824649728,auth) -> w2
[nebula] handover IN  Player(Clone)#844424930131972(e14,rt_18446744060824649728,auth) <- w2 (epoch 14, tick 1364209175)
[nebula] ghost Prop(Clone)#844424930132013(e3,rt_18446744060824649728,auth) -> w2
[nebula] handover IN  Prop(Clone)#844424930132013(e3,rt_18446744060824649728,auth) <- w2 (epoch 3, tick 1364209175)
[nebula] ghost Player(Clone)#844424930131971(e26,rt_18446744060824649728,auth) -> w2
[nebula] handover IN  Player(Clone)#844424930131971(e26,rt_18446744060824649728,auth) <- w2 (epoch 26, tick 1364209175)
[nebula] ghost Prop(Clone)#844424930132016(e3,rt_18446744060824649728,auth) -> w2
[nebula] handover IN  Prop(Clone)#844424930132016(e3,rt_18446744060824649728,auth) <- w2 (epoch 3, tick 1364209175)
[nebula] handover OUT Player(Clone)#844424930131972(e15,rt_18446744065119617024,ghost) -> w2 (epoch 15, tick 1364209206)
[nebula] handover OUT Player(Clone)#844424930131971(e27,rt_18446744065119617024,ghost) -> w2 (epoch 27, tick 1364209249)
[nebula] ghost Player(Clone)#844424930131970(e21,rt_8589934591,auth) -> w4
[nebula] control plane: reading http://127.0.0.1:7180 failed: An error occurred while sending the request; mesh keeps running on its last known topology
