Mono path[0] = 'C:/Dev/nebula-virtualworld/Builds/Win64/Nebula_Data/Managed'
Mono config path = 'C:/Dev/nebula-virtualworld/Builds/Win64/MonoBleedingEdge/etc'
CodeReloadManager initialized
Found 1 interfaces on host : 0) 192.168.4.54
Player connection [40504]  Target information:

Player connection [40504]  * "[IP] 192.168.4.54 [Port] 55011 [Flags] 2 [Guid] 2961035826 [EditorId] 2082031993 [Version] 1048832 [Id] WindowsPlayer(2,Atlas) [Debug] 0 [PackageName] WindowsPlayer [ProjectName] nebula-virtualworld" 

Player connection [40504] Started UDP target info broadcast (1) on [225.0.0.222:54997].

Input System module state changed to: Initialized.
[Physics::Module] Initialized fallback backend.
[Physics::Module] Id: 0xdecafbad
Initialize engine version: 6000.6.0f1 (f7f8ed4d1e24)
[EntityIdStore] init: VM path (explicit commit), pageSize=4096, blockCount=1048576, entitiesPerBlock=256, slots reserved=4294967296 bytes
[Subsystems] Discovering subsystems at path C:/Dev/nebula-virtualworld/Builds/Win64/Nebula_Data/UnitySubsystems
Forcing GfxDevice: Null
GfxDevice: creating device client; kGfxThreadingModeNonThreaded
NullGfxDevice:
    Version:  NULL 1.0 [1.0]
    Renderer: Null Device
    Vendor:   Unity Technologies
Begin MonoManager ReloadAssembly
- Finished resetting the current domain, in  0.009 seconds
[Physics::Module] Selected backend.
[Physics::Module] Name: PhysX
[Physics::Module] Id: 0xf2b8ea05
[Physics::Module] SDK Version: 4.1.2
[Physics::Module] Integration Version: 1.0.0
[Physics::Module] Threading Mode: Multi-Threaded
Microsoft Media Foundation video decoding to texture disabled: graphics device is Null, only Direct3D 11 and Direct3D 12 (only on desktop) are supported for hardware-accelerated video decoding.
UnloadTime: 3.438700 ms
[nebula] boot roles=Worker scene=World tickRate=60
[nebula] containers: 0
[nebula] control plane: mirroring http://127.0.0.1:7180/api/control-plane
[nebula] persistence: remote store at http://127.0.0.1:7180/api/store
[nebula] persistence: remote store, checkpoint every 5s
[nebula] worker w4 (index 4) listening on udp/7304; telemetry to http://127.0.0.1:7180/api/telemetry
[nebula] profile 1 ticks/5s 1 frames avg 8.7ms max 8.7ms dup 0 skip 0 gc 17 auth 0 ghosts 0 | poll=0.46 ghosts=0.27 physics.sync=0.05 simulate=0.00 poses=0.00 containers=0.06 band=3.44 publish=1.10 gap=0.00
[nebula] control plane: connected to http://127.0.0.1:7180 (version 9)
[nebula] persistence: connected to http://127.0.0.1:7180 (0 record(s) on the orchestrator)
[nebula] registered with control plane as w4
[nebula] chunk (-1, 0, -1) loaded (rt_18446744073709551615)
[nebula] chunk (-1, 0, 0) loaded (rt_18446744069414584320)
[nebula] chunk (-1, 0, 1) loaded (rt_18446744069414584321)
[nebula] chunk (0, 0, -1) loaded (rt_4294967295)
[nebula] chunk (0, 0, 0) loaded (rt_0)
[nebula] chunk (0, 0, 1) loaded (rt_1)
[nebula] chunk (1, 0, -1) loaded (rt_8589934591)
[nebula] chunk (1, 0, 0) loaded (rt_4294967296)
[nebula] chunk (1, 0, 1) loaded (rt_4294967297)
[nebula] gateway gw1 (incarnation 2cb79e9f) connected; announcing 0 entities
[nebula] peer worker w1 (index 1) connected
[nebula] peer worker w3 (index 3) connected
[nebula] peer worker w2 (index 2) connected
[nebula] spawned player Player bot3 (3222218464143867907)#1125899906842625(e1,rt_4294967297,auth) for client 3222218464143867907 in rt_4294967297
[nebula] chunk (2, 0, -1) loaded (rt_12884901887)
[nebula] chunk (2, 0, 0) loaded (rt_8589934592)
[nebula] chunk (-2, 0, -1) loaded (rt_18446744069414584319)
[nebula] chunk (-2, 0, 0) loaded (rt_18446744065119617024)
[nebula] chunk (2, 0, 1) loaded (rt_8589934593)
[nebula] chunk (-2, 0, 1) loaded (rt_18446744065119617025)
[nebula] chunk (0, 0, -2) loaded (rt_4294967294)
[nebula] chunk (1, 0, -2) loaded (rt_8589934590)
[nebula] chunk (2, 0, -2) loaded (rt_12884901886)
[nebula] chunk (0, 0, 2) loaded (rt_2)
[nebula] chunk (1, 0, 2) loaded (rt_4294967298)
[nebula] chunk (2, 0, 2) loaded (rt_8589934594)
[nebula] ghost Player(Clone)#562949953421314(e2,rt_4294967297,auth) -> w2
[nebula] handover IN  Player(Clone)#562949953421314(e2,rt_4294967297,auth) <- w2 (epoch 2, tick 1364190810)
[nebula] profile 280 ticks/5s 279 frames avg 0.1ms max 4.9ms dup 0 skip 0 gc 11 auth 2 ghosts 0 | poll=0.15(279) ghosts=0.01 physics.sync=0.00 simulate=0.01 poses=0.00 containers=0.01 band=0.01 publish=0.01 gap=16.60
[nebula] handover OUT Player bot3 (3222218464143867907)#1125899906842625(e2,rt_4294967297,ghost) -> w2 (epoch 2, tick 1364190864)
[nebula] handover OUT Player(Clone)#562949953421314(e3,rt_4294967297,ghost) -> w2 (epoch 3, tick 1364190864)
[nebula] chunk (-2, 0, 2) loaded (rt_18446744065119617026)
[nebula] chunk (-1, 0, 2) loaded (rt_18446744069414584322)
[nebula] ghost Player(Clone)#562949953421313(e2,rt_8589934592,auth) -> w2
[nebula] handover IN  Player(Clone)#562949953421313(e2,rt_8589934592,auth) <- w2 (epoch 2, tick 1364190944)
[nebula] chunk (3, 0, -1) loaded (rt_17179869183)
[nebula] chunk (3, 0, 0) loaded (rt_12884901888)
[nebula] chunk (3, 0, 1) loaded (rt_12884901889)
[nebula] chunk (3, 0, -2) loaded (rt_17179869182)
[nebula] chunk (-3, 0, -1) loaded (rt_18446744065119617023)
[nebula] chunk (-3, 0, 0) loaded (rt_18446744060824649728)
[nebula] chunk (-3, 0, 1) loaded (rt_18446744060824649729)
[nebula] profile 300 ticks/5s 300 frames avg 0.1ms max 2.4ms dup 0 skip 0 gc 12 auth 1 ghosts 0 | poll=0.02 ghosts=0.00 physics.sync=0.00 simulate=0.00 poses=0.00 containers=0.02 band=0.01 publish=0.01 gap=16.58
[nebula] spawned Prop(Clone)#1125899906842626(e1,rt_8589934592,auth)
[nebula] profile 300 ticks/5s 300 frames avg 0.1ms max 3.7ms dup 0 skip 0 gc 10 auth 2 ghosts 1 | poll=0.01 ghosts=0.00 physics.sync=0.00 simulate=0.02 poses=0.00 containers=0.02 band=0.01 publish=0.01 gap=16.56
[nebula] ghost Player(Clone)#562949953421314(e4,rt_8589934592,auth) -> w2
[nebula] handover IN  Player(Clone)#562949953421314(e4,rt_8589934592,auth) <- w2 (epoch 4, tick 1364191466)
[nebula] spawned Prop(Clone)#1125899906842627(e1,rt_8589934592,auth)
[nebula] ghost Player(Clone)#562949953421313(e2,rt_8589934592,auth) -> w2
[nebula] handover OUT Player(Clone)#562949953421313(e3,rt_4294967296,ghost) -> w2 (epoch 3, tick 1364191581)
[nebula] local handover Player(Clone)#562949953421314(e4,rt_8589934593,auth) rt_8589934592 -> rt_8589934593
[nebula] chunk (3, 0, 2) loaded (rt_12884901890)
[nebula] chunk (-3, 0, 2) loaded (rt_18446744060824649730)
[nebula] ghost Player(Clone)#1125899906842625(e3,rt_4294967298,auth) -> w2
[nebula] handover IN  Player(Clone)#1125899906842625(e3,rt_4294967298,auth) <- w2 (epoch 3, tick 1364191658)
[nebula] chunk (0, 0, 3) loaded (rt_3)
[nebula] chunk (1, 0, 3) loaded (rt_4294967299)
[nebula] chunk (2, 0, 3) loaded (rt_8589934595)
[nebula] profile 300 ticks/5s 300 frames avg 0.1ms max 0.7ms dup 0 skip 0 gc 10 auth 4 ghosts 1 | poll=0.02 ghosts=0.01 physics.sync=0.00 simulate=0.01 poses=0.00 containers=0.04 band=0.02 publish=0.01 gap=16.54
[nebula] chunk (-4, 0, 0) loaded (rt_18446744056529682432)
[nebula] chunk (-4, 0, 1) loaded (rt_18446744056529682433)
[nebula] chunk (-4, 0, 2) loaded (rt_18446744056529682434)
[nebula] ghost Player(Clone)#562949953421313(e4,rt_8589934592,auth) -> w2
[nebula] handover IN  Player(Clone)#562949953421313(e4,rt_8589934592,auth) <- w2 (epoch 4, tick 1364191934)
[nebula] spawned Prop(Clone)#1125899906842628(e1,rt_4294967298,auth)
[nebula] ghost Player(Clone)#562949953421314(e4,rt_8589934593,auth) -> w2
[nebula] handover OUT Player(Clone)#562949953421314(e5,rt_4294967297,ghost) -> w2 (epoch 5, tick 1364192003)
[nebula] profile 300 ticks/5s 300 frames avg 0.1ms max 0.5ms dup 0 skip 0 gc 10 auth 5 ghosts 1 | poll=0.01 ghosts=0.00 physics.sync=0.00 simulate=0.01 poses=0.00 containers=0.05 band=0.02 publish=0.01 gap=16.52
[nebula] chunk (-1, 0, 3) loaded (rt_18446744069414584323)
[nebula] local handover Player(Clone)#1125899906842625(e3,rt_2,auth) rt_4294967298 -> rt_2
[nebula] ghost Player(Clone)#562949953421313(e4,rt_8589934592,auth) -> w2
[nebula] profile 300 ticks/5s 300 frames avg 0.1ms max 0.3ms dup 0 skip 0 gc 9 auth 5 ghosts 1 | poll=0.02 ghosts=0.01 physics.sync=0.00 simulate=0.01 poses=0.00 containers=0.06 band=0.01 publish=0.01 gap=16.52
[nebula] chunk (-4, 0, -1) loaded (rt_18446744060824649727)
[nebula] handover OUT Player(Clone)#562949953421313(e5,rt_4294967296,ghost) -> w2 (epoch 5, tick 1364192374)
[nebula] ghost Player(Clone)#1125899906842625(e3,rt_2,auth) -> w2
[nebula] handover OUT Player(Clone)#1125899906842625(e4,rt_1,ghost) -> w2 (epoch 4, tick 1364192438)
[nebula] profile 300 ticks/5s 300 frames avg 0.1ms max 0.2ms dup 0 skip 0 gc 9 auth 3 ghosts 0 | poll=0.01 ghosts=0.01 physics.sync=0.00 simulate=0.00 poses=0.00 containers=0.05 band=0.01 publish=0.01 gap=16.54
[nebula] ghost Player(Clone)#562949953421314(e6,rt_8589934592,auth) -> w2
[nebula] handover IN  Player(Clone)#562949953421314(e6,rt_8589934592,auth) <- w2 (epoch 6, tick 1364192771)
[nebula] handover OUT Player(Clone)#562949953421314(e7,rt_4294967296,ghost) -> w2 (epoch 7, tick 1364192846)
[nebula] profile 300 ticks/5s 300 frames avg 0.1ms max 0.2ms dup 0 skip 0 gc 7 auth 3 ghosts 1 | poll=0.01 ghosts=0.00 physics.sync=0.00 simulate=0.00 poses=0.00 containers=0.04 band=0.01 publish=0.01 gap=16.55
[nebula] profile 300 ticks/5s 300 frames avg 0.1ms max 0.2ms dup 0 skip 0 gc 8 auth 3 ghosts 0 | poll=0.00 ghosts=0.00 physics.sync=0.00 simulate=0.00 poses=0.00 containers=0.04 band=0.01 publish=0.01 gap=16.56
[nebula] chunk (-1, 0, -2) loaded (rt_18446744073709551614)
[nebula] profile 300 ticks/5s 300 frames avg 0.1ms max 0.2ms dup 0 skip 0 gc 7 auth 3 ghosts 0 | poll=0.00 ghosts=0.00 physics.sync=0.00 simulate=0.00 poses=0.00 containers=0.04 band=0.01 publish=0.01 gap=16.56
[nebula] profile 300 ticks/5s 300 frames avg 0.1ms max 0.2ms dup 0 skip 0 gc 7 auth 3 ghosts 0 | poll=0.01 ghosts=0.00 physics.sync=0.00 simulate=0.00 poses=0.00 containers=0.04 band=0.01 publish=0.01 gap=16.56
[nebula] profile 300 ticks/5s 300 frames avg 0.1ms max 0.3ms dup 0 skip 0 gc 6 auth 3 ghosts 0 | poll=0.00 ghosts=0.00 physics.sync=0.00 simulate=0.00 poses=0.00 containers=0.04 band=0.01 publish=0.01 gap=16.56
[nebula] chunk (0, 0, -3) loaded (rt_4294967293)
[nebula] chunk (1, 0, -3) loaded (rt_8589934589)
[nebula] chunk (2, 0, -3) loaded (rt_12884901885)
[nebula] ghost Prop(Clone)#562949953421316(e2,rt_4294967297,auth) -> w2
[nebula] handover IN  Prop(Clone)#562949953421316(e2,rt_4294967297,auth) <- w2 (epoch 2, tick 1364194349)
[nebula] ghost Player(Clone)#1125899906842625(e5,rt_1,auth) -> w2
[nebula] handover IN  Player(Clone)#1125899906842625(e5,rt_1,auth) <- w2 (epoch 5, tick 1364194349)
[nebula] ghost Prop(Clone)#562949953421321(e2,rt_1,auth) -> w2
[nebula] handover IN  Prop(Clone)#562949953421321(e2,rt_1,auth) <- w2 (epoch 2, tick 1364194349)
[nebula] ghost Prop(Clone)#562949953421324(e2,rt_4294967297,auth) -> w2
[nebula] handover IN  Prop(Clone)#562949953421324(e2,rt_4294967297,auth) <- w2 (epoch 2, tick 1364194349)
[nebula] ghost Player(Clone)#562949953421314(e8,rt_1,auth) -> w2
[nebula] handover IN  Player(Clone)#562949953421314(e8,rt_1,auth) <- w2 (epoch 8, tick 1364194382)
[nebula] local handover Player(Clone)#562949953421314(e8,rt_4294967297,auth) rt_1 -> rt_4294967297
[nebula] profile 300 ticks/5s 300 frames avg 0.1ms max 0.3ms dup 37 skip 0 gc 9 auth 8 ghosts 2 | poll=0.01 ghosts=0.00 physics.sync=0.00 simulate=0.00 poses=0.00 containers=0.06 band=0.01 publish=0.01 gap=16.49
[nebula] chunk (-2, 0, -1) unloaded (rt_18446744069414584319)
[nebula] chunk (-2, 0, -1) loaded (rt_18446744069414584319)
[nebula] ghost Prop(Clone)#562949953421322(e2,rt_4294967296,auth) -> w2
[nebula] handover IN  Prop(Clone)#562949953421322(e2,rt_4294967296,auth) <- w2 (epoch 2, tick 1364194594)
[nebula] ghost Prop(Clone)#562949953421327(e2,rt_4294967296,auth) -> w2
[nebula] handover IN  Prop(Clone)#562949953421327(e2,rt_4294967296,auth) <- w2 (epoch 2, tick 1364194594)
[nebula] ghost Player(Clone)#844424930131970(e6,rt_1,auth) -> w3
[nebula] ghost Player(Clone)#844424930131970(e6,rt_1,auth) -> w2
[nebula] handover IN  Player(Clone)#844424930131970(e6,rt_1,auth) <- w3 (epoch 6, tick 1364194604)
[nebula] spawned Prop(Clone)#1125899906842629(e1,rt_4294967297,auth)
[nebula] profile 301 ticks/5s 300 frames avg 0.2ms max 0.5ms dup 56 skip 0 gc 10 auth 12 ghosts 1 | poll=0.01(300) ghosts=0.00 physics.sync=0.00 simulate=0.01 poses=0.00 containers=0.11 band=0.02 publish=0.01 gap=16.46
[nebula] local handover Player(Clone)#1125899906842625(e5,rt_4294967297,auth) rt_1 -> rt_4294967297
[nebula] spawned Prop(Clone)#1125899906842630(e1,rt_1,auth)
[nebula] local handover Player(Clone)#562949953421314(e8,rt_4294967296,auth) rt_4294967297 -> rt_4294967296
[nebula] handover OUT Prop(Clone)#562949953421321(e3,rt_1,ghost) -> w2 (epoch 3, tick 1364194838)
[nebula] handover OUT Player(Clone)#562949953421314(e9,rt_4294967296,ghost) -> w2 (epoch 9, tick 1364194838)
[nebula] handover OUT Prop(Clone)#562949953421322(e3,rt_4294967296,ghost) -> w2 (epoch 3, tick 1364194838)
[nebula] handover OUT Prop(Clone)#562949953421327(e3,rt_4294967296,ghost) -> w2 (epoch 3, tick 1364194838)
[nebula] handover OUT Player(Clone)#844424930131970(e7,rt_1,ghost) -> w2 (epoch 7, tick 1364194838)
[nebula] handover OUT Prop(Clone)#1125899906842630(e2,rt_1,ghost) -> w2 (epoch 2, tick 1364194838)
[nebula] profile 300 ticks/5s 300 frames avg 0.2ms max 0.7ms dup 12 skip 0 gc 8 auth 7 ghosts 1 | poll=0.01 ghosts=0.01 physics.sync=0.00 simulate=0.01 poses=0.01 containers=0.10 band=0.01 publish=0.02 gap=16.46
[nebula] ghost Player(Clone)#1125899906842625(e5,rt_4294967297,auth) -> w2
[nebula] profile 300 ticks/5s 300 frames avg 0.2ms max 0.3ms dup 0 skip 0 gc 8 auth 7 ghosts 2 | poll=0.01 ghosts=0.01 physics.sync=0.00 simulate=0.01 poses=0.00 containers=0.08 band=0.01 publish=0.01 gap=16.49
[nebula] handover OUT Player(Clone)#1125899906842625(e6,rt_4294967296,ghost) -> w2 (epoch 6, tick 1364195349)
[nebula] ghost Prop(Clone)#562949953421321(e4,rt_1,auth) -> w2
[nebula] handover IN  Prop(Clone)#562949953421321(e4,rt_1,auth) <- w2 (epoch 4, tick 1364195510)
[nebula] ghost Player(Clone)#844424930131970(e8,rt_1,auth) -> w2
[nebula] handover IN  Player(Clone)#844424930131970(e8,rt_1,auth) <- w2 (epoch 8, tick 1364195510)
[nebula] ghost Prop(Clone)#1125899906842630(e3,rt_1,auth) -> w2
[nebula] handover IN  Prop(Clone)#1125899906842630(e3,rt_1,auth) <- w2 (epoch 3, tick 1364195510)
[nebula] ghost Player(Clone)#562949953421314(e10,rt_4294967297,auth) -> w2
[nebula] handover IN  Player(Clone)#562949953421314(e10,rt_4294967297,auth) <- w2 (epoch 10, tick 1364195577)
[nebula] chunk (3, 0, 2) unloaded (rt_12884901890)
[nebula] profile 300 ticks/5s 300 frames avg 0.2ms max 1.8ms dup 0 skip 0 gc 8 auth 10 ghosts 3 | poll=0.01 ghosts=0.01 physics.sync=0.00 simulate=0.00 poses=0.01 containers=0.09 band=0.02 publish=0.01 gap=16.48
[nebula] chunk (-3, 0, -1) unloaded (rt_18446744065119617023)
[nebula] chunk (-1, 0, -3) loaded (rt_18446744073709551613)
[nebula] ghost Prop(Clone)#562949953421322(e4,rt_4294967296,auth) -> w2
[nebula] handover IN  Prop(Clone)#562949953421322(e4,rt_4294967296,auth) <- w2 (epoch 4, tick 1364195724)
[nebula] ghost Prop(Clone)#562949953421327(e4,rt_4294967296,auth) -> w2
[nebula] handover IN  Prop(Clone)#562949953421327(e4,rt_4294967296,auth) <- w2 (epoch 4, tick 1364195724)
[nebula] ghost Player(Clone)#1125899906842625(e7,rt_4294967296,auth) -> w2
[nebula] handover IN  Player(Clone)#1125899906842625(e7,rt_4294967296,auth) <- w2 (epoch 7, tick 1364195724)
[nebula] ghost Prop(Clone)#562949953421334(e2,rt_4294967296,auth) -> w2
[nebula] handover IN  Prop(Clone)#562949953421334(e2,rt_4294967296,auth) <- w2 (epoch 2, tick 1364195724)
[nebula] handover OUT Prop(Clone)#562949953421322(e5,rt_4294967296,ghost) -> w2 (epoch 5, tick 1364195784)
[nebula] handover OUT Prop(Clone)#562949953421327(e5,rt_4294967296,ghost) -> w2 (epoch 5, tick 1364195784)
[nebula] handover OUT Player(Clone)#1125899906842625(e8,rt_4294967296,ghost) -> w2 (epoch 8, tick 1364195784)
[nebula] handover OUT Prop(Clone)#562949953421334(e3,rt_4294967296,ghost) -> w2 (epoch 3, tick 1364195784)
[nebula] chunk (2, 0, 3) unloaded (rt_8589934595)
[nebula] profile 300 ticks/5s 300 frames avg 0.2ms max 0.5ms dup 0 skip 0 gc 10 auth 10 ghosts 3 | poll=0.01 ghosts=0.01 physics.sync=0.00 simulate=0.01 poses=0.01 containers=0.12 band=0.02 publish=0.01 gap=16.44
[nebula] ghost Player(Clone)#844424930131970(e8,rt_1,auth) -> w2
[nebula] local handover Player(Clone)#562949953421314(e10,rt_1,auth) rt_4294967297 -> rt_1
[nebula] chunk (0, 0, 3) unloaded (rt_3)
[nebula] chunk (1, 0, 3) unloaded (rt_4294967299)
[nebula] handover OUT Player(Clone)#844424930131970(e9,rt_18446744069414584321,ghost) -> w2 (epoch 9, tick 1364196054)
[nebula] ghost Player(Clone)#562949953421314(e10,rt_1,auth) -> w2
[nebula] profile 300 ticks/5s 300 frames avg 0.2ms max 0.4ms dup 0 skip 0 gc 8 auth 9 ghosts 3 | poll=0.01 ghosts=0.01 physics.sync=0.00 simulate=0.01 poses=0.01 containers=0.10 band=0.02 publish=0.01 gap=16.46
[nebula] handover OUT Player(Clone)#562949953421314(e11,rt_0,ghost) -> w2 (epoch 11, tick 1364196249)
[nebula] ghost Prop(Clone)#562949953421322(e6,rt_4294967296,auth) -> w2
[nebula] handover IN  Prop(Clone)#562949953421322(e6,rt_4294967296,auth) <- w2 (epoch 6, tick 1364196273)
[nebula] ghost Prop(Clone)#562949953421327(e6,rt_4294967296,auth) -> w2
[nebula] handover IN  Prop(Clone)#562949953421327(e6,rt_4294967296,auth) <- w2 (epoch 6, tick 1364196273)
[nebula] ghost Prop(Clone)#562949953421334(e4,rt_4294967296,auth) -> w2
[nebula] handover IN  Prop(Clone)#562949953421334(e4,rt_4294967296,auth) <- w2 (epoch 4, tick 1364196273)
[nebula] ghost Player(Clone)#844424930131971(e6,rt_4294967296,auth) -> w2
[nebula] handover IN  Player(Clone)#844424930131971(e6,rt_4294967296,auth) <- w2 (epoch 6, tick 1364196294)
[nebula] chunk (-2, 0, -2) loaded (rt_18446744069414584318)
[nebula] ghost Prop(Clone)#562949953421317(e2,rt_0,auth) -> w2
[nebula] handover IN  Prop(Clone)#562949953421317(e2,rt_0,auth) <- w2 (epoch 2, tick 1364196335)
[nebula] ghost Prop(Clone)#562949953421318(e2,rt_0,auth) -> w2
[nebula] handover IN  Prop(Clone)#562949953421318(e2,rt_0,auth) <- w2 (epoch 2, tick 1364196335)
[nebula] ghost Prop(Clone)#562949953421319(e2,rt_0,auth) -> w3
[nebula] ghost Prop(Clone)#562949953421319(e2,rt_0,auth) -> w2
[nebula] handover IN  Prop(Clone)#562949953421319(e2,rt_0,auth) <- w2 (epoch 2, tick 1364196335)
[nebula] ghost Prop(Clone)#562949953421320(e2,rt_0,auth) -> w2
[nebula] handover IN  Prop(Clone)#562949953421320(e2,rt_0,auth) <- w2 (epoch 2, tick 1364196335)
[nebula] ghost Prop(Clone)#562949953421323(e2,rt_0,auth) -> w2
[nebula] handover IN  Prop(Clone)#562949953421323(e2,rt_0,auth) <- w2 (epoch 2, tick 1364196335)
[nebula] ghost Prop(Clone)#562949953421325(e2,rt_0,auth) -> w1
[nebula] ghost Prop(Clone)#562949953421325(e2,rt_0,auth) -> w2
[nebula] handover IN  Prop(Clone)#562949953421325(e2,rt_0,auth) <- w2 (epoch 2, tick 1364196335)
[nebula] ghost Prop(Clone)#562949953421326(e2,rt_0,auth) -> w2
[nebula] handover IN  Prop(Clone)#562949953421326(e2,rt_0,auth) <- w2 (epoch 2, tick 1364196335)
[nebula] ghost Prop(Clone)#562949953421328(e2,rt_0,auth) -> w2
[nebula] handover IN  Prop(Clone)#562949953421328(e2,rt_0,auth) <- w2 (epoch 2, tick 1364196335)
[nebula] ghost Prop(Clone)#562949953421331(e2,rt_0,auth) -> w2
[nebula] handover IN  Prop(Clone)#562949953421331(e2,rt_0,auth) <- w2 (epoch 2, tick 1364196335)
[nebula] ghost Player(Clone)#562949953421314(e12,rt_0,auth) -> w2
[nebula] handover IN  Player(Clone)#562949953421314(e12,rt_0,auth) <- w2 (epoch 12, tick 1364196335)
[nebula] chunk (-1, 0, -4) loaded (rt_18446744073709551612)
[nebula] chunk (0, 0, -4) loaded (rt_4294967292)
[nebula] chunk (1, 0, -4) loaded (rt_8589934588)
[nebula] chunk (2, 0, -4) loaded (rt_12884901884)
[nebula] ghost Player(Clone)#844424930131970(e10,rt_1,auth) -> w2
[nebula] handover IN  Player(Clone)#844424930131970(e10,rt_1,auth) <- w2 (epoch 10, tick 1364196430)
[nebula] chunk (3, 0, 0) unloaded (rt_12884901888)
[nebula] chunk (3, 0, 1) unloaded (rt_12884901889)
[nebula] spawned Prop(Clone)#1125899906842631(e1,rt_0,auth)
[nebula] profile 300 ticks/5s 300 frames avg 0.3ms max 0.8ms dup 0 skip 0 gc 11 auth 24 ghosts 0 | poll=0.02 ghosts=0.01 physics.sync=0.00 simulate=0.01 poses=0.01 containers=0.18 band=0.03 publish=0.01 gap=16.36
[nebula] spawned Prop(Clone)#1125899906842632(e1,rt_4294967296,auth)
[nebula] spawned Prop(Clone)#1125899906842633(e1,rt_1,auth)
[nebula] local handover Player(Clone)#562949953421314(e12,rt_4294967296,auth) rt_0 -> rt_4294967296
[nebula] chunk (-2, 0, -3) loaded (rt_18446744069414584317)
[nebula] profile 300 ticks/5s 300 frames avg 0.4ms max 0.7ms dup 0 skip 0 gc 8 auth 26 ghosts 0 | poll=0.01 ghosts=0.00 physics.sync=0.00 simulate=0.02 poses=0.01 containers=0.25 band=0.03 publish=0.02 gap=16.28
[nebula] spawned Prop(Clone)#1125899906842634(e1,rt_1,auth)
[nebula] local handover Player(Clone)#562949953421314(e12,rt_0,auth) rt_4294967296 -> rt_0
[nebula] local handover Player(Clone)#844424930131971(e6,rt_4294967297,auth) rt_4294967296 -> rt_4294967297
[nebula] spawned Prop(Clone)#1125899906842635(e1,rt_4294967297,auth)
[nebula] profile 300 ticks/5s 300 frames avg 0.4ms max 0.7ms dup 0 skip 0 gc 8 auth 28 ghosts 0 | poll=0.01 ghosts=0.00 physics.sync=0.00 simulate=0.02 poses=0.01 containers=0.26 band=0.03 publish=0.02 gap=16.26
[nebula] chunk (-3, 0, -1) loaded (rt_18446744065119617023)
[nebula] local handover Player(Clone)#844424930131971(e6,rt_4294967296,auth) rt_4294967297 -> rt_4294967296
[nebula] ghost Player(Clone)#844424930131970(e10,rt_1,auth) -> w2
[nebula] handover OUT Player(Clone)#844424930131970(e11,rt_18446744069414584321,ghost) -> w2 (epoch 11, tick 1364197377)
[nebula] profile 300 ticks/5s 300 frames avg 0.4ms max 0.6ms dup 0 skip 0 gc 9 auth 27 ghosts 1 | poll=0.02 ghosts=0.00 physics.sync=0.00 simulate=0.01 poses=0.01 containers=0.28 band=0.03 publish=0.02 gap=16.25
[nebula] chunk (-3, 0, -3) loaded (rt_18446744065119617021)
[nebula] chunk (-3, 0, -2) loaded (rt_18446744065119617022)
[nebula] local handover Player(Clone)#562949953421314(e12,rt_4294967296,auth) rt_0 -> rt_4294967296
[nebula] spawned Prop(Clone)#1125899906842636(e1,rt_4294967296,auth)
[nebula] profile 300 ticks/5s 300 frames avg 0.4ms max 0.9ms dup 0 skip 0 gc 9 auth 28 ghosts 0 | poll=0.01 ghosts=0.00 physics.sync=0.00 simulate=0.01 poses=0.02 containers=0.28 band=0.03 publish=0.02 gap=16.24
[nebula] chunk (-2, 0, 3) loaded (rt_18446744065119617027)
[nebula] chunk (0, 0, 3) loaded (rt_3)
[nebula] chunk (-4, 0, -1) unloaded (rt_18446744060824649727)
[nebula] local handover Player(Clone)#844424930131971(e6,rt_0,auth) rt_4294967296 -> rt_0
[nebula] profile 300 ticks/5s 300 frames avg 0.4ms max 0.8ms dup 0 skip 0 gc 9 auth 28 ghosts 0 | poll=0.01 ghosts=0.00 physics.sync=0.00 simulate=0.01 poses=0.02 containers=0.30 band=0.03 publish=0.02 gap=16.23
[nebula] spawned Prop(Clone)#1125899906842637(e1,rt_0,auth)
[nebula] spawned Prop(Clone)#1125899906842638(e1,rt_4294967296,auth)
[nebula] chunk (-4, 0, -3) loaded (rt_18446744060824649725)
[nebula] chunk (-4, 0, -2) loaded (rt_18446744060824649726)
[nebula] chunk (-4, 0, -1) loaded (rt_18446744060824649727)
[nebula] local handover Player(Clone)#844424930131971(e6,rt_1,auth) rt_0 -> rt_1
[nebula] ghost Player(Clone)#562949953421314(e12,rt_4294967296,auth) -> w3
[nebula] chunk (1, 0, 3) loaded (rt_4294967299)
[nebula] local handover Player(Clone)#844424930131971(e6,rt_4294967297,auth) rt_1 -> rt_4294967297
[nebula] handover OUT Player(Clone)#562949953421314(e13,rt_8589934591,ghost) -> w3 (epoch 13, tick 1364198323)
[nebula] profile 300 ticks/5s 300 frames avg 0.5ms max 0.7ms dup 0 skip 0 gc 10 auth 29 ghosts 2 | poll=0.01 ghosts=0.00 physics.sync=0.00 simulate=0.02 poses=0.02 containers=0.32 band=0.03 publish=0.02 gap=16.20
[nebula] ghost Player(Clone)#844424930131970(e12,rt_1,auth) -> w2
[nebula] handover IN  Player(Clone)#844424930131970(e12,rt_1,auth) <- w2 (epoch 12, tick 1364198365)
[nebula] chunk (3, 0, 0) loaded (rt_12884901888)
[nebula] spawned Prop(Clone)#1125899906842639(e1,rt_2,auth)
[nebula] local handover Player(Clone)#844424930131970(e12,rt_2,auth) rt_1 -> rt_2
[nebula] spawned Prop(Clone)#1125899906842640(e1,rt_4294967297,auth)
[nebula] handover OUT Player(Clone)#844424930131970(e13,rt_18446744069414584322,ghost) -> w2 (epoch 13, tick 1364198489)
[nebula] profile 300 ticks/5s 300 frames avg 0.5ms max 1.0ms dup 0 skip 0 gc 9 auth 31 ghosts 2 | poll=0.01 ghosts=0.01 physics.sync=0.00 simulate=0.01 poses=0.02 containers=0.36 band=0.04 publish=0.02 gap=16.15
[nebula] ghost Player(Clone)#844424930131973(e13,rt_1,auth) -> w2
[nebula] handover IN  Player(Clone)#844424930131973(e13,rt_1,auth) <- w2 (epoch 13, tick 1364198663)
[nebula] spawned Prop(Clone)#1125899906842641(e1,rt_1,auth)
[nebula] local handover Player(Clone)#844424930131971(e6,rt_4294967296,auth) rt_4294967297 -> rt_4294967296
[nebula] profile 300 ticks/5s 300 frames avg 0.5ms max 1.7ms dup 0 skip 0 gc 9 auth 33 ghosts 0 | poll=0.01 ghosts=0.00 physics.sync=0.00 simulate=0.02 poses=0.02 containers=0.36 band=0.04 publish=0.02 gap=16.15
[nebula] spawned Prop(Clone)#1125899906842642(e1,rt_4294967296,auth)
[nebula] local handover Player(Clone)#844424930131973(e13,rt_0,auth) rt_1 -> rt_0
[nebula] chunk (3, 0, -3) loaded (rt_17179869181)
[nebula] local handover Player(Clone)#844424930131971(e6,rt_4294967297,auth) rt_4294967296 -> rt_4294967297
[nebula] profile 300 ticks/5s 300 frames avg 0.6ms max 0.8ms dup 0 skip 0 gc 9 auth 34 ghosts 0 | poll=0.01 ghosts=0.00 physics.sync=0.00 simulate=0.02 poses=0.02 containers=0.39 band=0.04 publish=0.02 gap=16.11
[nebula] chunk (-2, 0, 4) loaded (rt_18446744065119617028)
[nebula] chunk (-1, 0, 4) loaded (rt_18446744069414584324)
[nebula] chunk (0, 0, 4) loaded (rt_4)
[nebula] ghost Player(Clone)#844424930131973(e13,rt_0,auth) -> w2
[nebula] handover OUT Player(Clone)#844424930131973(e14,rt_18446744069414584320,ghost) -> w2 (epoch 14, tick 1364199340)
[nebula] chunk (-4, 0, 2) unloaded (rt_18446744056529682434)
[nebula] profile 300 ticks/5s 300 frames avg 0.6ms max 0.9ms dup 0 skip 0 gc 10 auth 33 ghosts 0 | poll=0.02 ghosts=0.01 physics.sync=0.00 simulate=0.01 poses=0.02 containers=0.42 band=0.04 publish=0.02 gap=16.08
[nebula] local handover Player(Clone)#844424930131971(e6,rt_1,auth) rt_4294967297 -> rt_1
[nebula] local handover Player(Clone)#844424930131971(e6,rt_0,auth) rt_1 -> rt_0
[nebula] profile 300 ticks/5s 300 frames avg 0.6ms max 0.8ms dup 0 skip 0 gc 9 auth 33 ghosts 0 | poll=0.01 ghosts=0.00 physics.sync=0.00 simulate=0.01 poses=0.02 containers=0.40 band=0.03 publish=0.02 gap=16.11
[nebula] spawned Prop(Clone)#1125899906842643(e1,rt_0,auth)
[nebula] handover OUT Player(Clone)#844424930131971(e7,rt_0,ghost) -> w2 (epoch 7, tick 1364200039)
[nebula] handover OUT Prop(Clone)#562949953421317(e3,rt_0,ghost) -> w2 (epoch 3, tick 1364200039)
[nebula] handover OUT Prop(Clone)#562949953421318(e3,rt_0,ghost) -> w2 (epoch 3, tick 1364200039)
[nebula] handover OUT Prop(Clone)#562949953421319(e3,rt_0,ghost) -> w2 (epoch 3, tick 1364200039)
[nebula] handover OUT Prop(Clone)#562949953421320(e3,rt_0,ghost) -> w2 (epoch 3, tick 1364200039)
[nebula] handover OUT Prop(Clone)#562949953421323(e3,rt_0,ghost) -> w2 (epoch 3, tick 1364200039)
[nebula] handover OUT Prop(Clone)#562949953421325(e3,rt_0,ghost) -> w2 (epoch 3, tick 1364200039)
[nebula] handover OUT Prop(Clone)#562949953421326(e3,rt_0,ghost) -> w2 (epoch 3, tick 1364200039)
[nebula] handover OUT Prop(Clone)#562949953421328(e3,rt_0,ghost) -> w2 (epoch 3, tick 1364200039)
[nebula] handover OUT Prop(Clone)#562949953421331(e3,rt_0,ghost) -> w2 (epoch 3, tick 1364200039)
[nebula] handover OUT Prop(Clone)#1125899906842631(e2,rt_0,ghost) -> w2 (epoch 2, tick 1364200039)
[nebula] handover OUT Prop(Clone)#1125899906842637(e2,rt_0,ghost) -> w2 (epoch 2, tick 1364200039)
[nebula] handover OUT Prop(Clone)#1125899906842643(e2,rt_0,ghost) -> w2 (epoch 2, tick 1364200039)
[nebula] profile 300 ticks/5s 300 frames avg 0.5ms max 1.1ms dup 0 skip 0 gc 9 auth 21 ghosts 13 | poll=0.01 ghosts=0.01 physics.sync=0.00 simulate=0.01 poses=0.02 containers=0.35 band=0.03 publish=0.02 gap=16.17
[nebula] ghost Player(Clone)#562949953421314(e14,rt_4294967296,auth) -> w3
[nebula] handover IN  Player(Clone)#562949953421314(e14,rt_4294967296,auth) <- w3 (epoch 14, tick 1364200312)
[nebula] ghost Player(Clone)#844424930131971(e8,rt_4294967296,auth) -> w2
[nebula] handover IN  Player(Clone)#844424930131971(e8,rt_4294967296,auth) <- w2 (epoch 8, tick 1364200372)
[nebula] profile 300 ticks/5s 300 frames avg 0.4ms max 0.8ms dup 0 skip 0 gc 10 auth 23 ghosts 3 | poll=0.01 ghosts=0.01 physics.sync=0.00 simulate=0.01 poses=0.01 containers=0.26 band=0.03 publish=0.01 gap=16.27
[nebula] spawned Prop(Clone)#1125899906842644(e1,rt_4294967296,auth)
[nebula] chunk (-3, 0, 3) loaded (rt_18446744060824649731)
[nebula] ghost Player(Clone)#562949953421314(e14,rt_4294967296,auth) -> w3
[nebula] handover OUT Player(Clone)#562949953421314(e15,rt_8589934591,ghost) -> w3 (epoch 15, tick 1364200567)
[nebula] local handover Player(Clone)#844424930131971(e8,rt_4294967297,auth) rt_4294967296 -> rt_4294967297
[nebula] profile 300 ticks/5s 300 frames avg 0.4ms max 0.8ms dup 0 skip 0 gc 10 auth 23 ghosts 3 | poll=0.01 ghosts=0.01 physics.sync=0.00 simulate=0.01 poses=0.02 containers=0.29 band=0.03 publish=0.02 gap=16.23
[nebula] spawned Prop(Clone)#1125899906842645(e1,rt_4294967297,auth)
[nebula] profile 300 ticks/5s 300 frames avg 0.4ms max 0.8ms dup 0 skip 0 gc 10 auth 24 ghosts 3 | poll=0.01 ghosts=0.00 physics.sync=0.00 simulate=0.01 poses=0.02 containers=0.29 band=0.02 publish=0.02 gap=16.24
[nebula] local handover Player(Clone)#844424930131971(e8,rt_1,auth) rt_4294967297 -> rt_1
[nebula] chunk (3, 0, -4) loaded (rt_17179869180)
[nebula] spawned Prop(Clone)#1125899906842646(e1,rt_1,auth)
[nebula] profile 300 ticks/5s 300 frames avg 0.5ms max 0.8ms dup 0 skip 0 gc 10 auth 25 ghosts 3 | poll=0.01 ghosts=0.00 physics.sync=0.00 simulate=0.01 poses=0.02 containers=0.31 band=0.02 publish=0.02 gap=16.21
[nebula] chunk (-1, 0, -4) unloaded (rt_18446744073709551612)
[nebula] profile 300 ticks/5s 300 frames avg 0.5ms max 1.6ms dup 1 skip 0 gc 11 auth 25 ghosts 3 | poll=0.01 ghosts=0.00 physics.sync=0.00 simulate=0.01 poses=0.02 containers=0.31 band=0.02 publish=0.02 gap=16.21
[nebula] ghost Player(Clone)#844424930131971(e8,rt_1,auth) -> w2
[nebula] handover OUT Player(Clone)#844424930131971(e9,rt_18446744069414584321,ghost) -> w2 (epoch 9, tick 1364201850)
[nebula] profile 300 ticks/5s 300 frames avg 0.5ms max 0.8ms dup 0 skip 0 gc 10 auth 24 ghosts 4 | poll=0.01 ghosts=0.01 physics.sync=0.00 simulate=0.01 poses=0.02 containers=0.31 band=0.03 publish=0.01 gap=16.21
[nebula] chunk (0, 0, -4) unloaded (rt_4294967292)
[nebula] ghost Player(Clone)#844424930131971(e10,rt_1,auth) -> w2
[nebula] handover IN  Player(Clone)#844424930131971(e10,rt_1,auth) <- w2 (epoch 10, tick 1364202208)
[nebula] profile 300 ticks/5s 300 frames avg 0.4ms max 0.8ms dup 0 skip 0 gc 10 auth 25 ghosts 3 | poll=0.01 ghosts=0.01 physics.sync=0.00 simulate=0.01 poses=0.02 containers=0.30 band=0.02 publish=0.01 gap=16.23
[nebula] ghost Player(Clone)#844424930131971(e10,rt_1,auth) -> w2
[nebula] chunk (0, 0, -4) loaded (rt_4294967292)
[nebula] handover OUT Player(Clone)#844424930131971(e11,rt_18446744069414584321,ghost) -> w2 (epoch 11, tick 1364202444)
[nebula] profile 300 ticks/5s 300 frames avg 0.5ms max 0.9ms dup 0 skip 0 gc 10 auth 24 ghosts 4 | poll=0.01 ghosts=0.01 physics.sync=0.00 simulate=0.01 poses=0.02 containers=0.31 band=0.03 publish=0.01 gap=16.22
[nebula] chunk (-4, 0, -3) unloaded (rt_18446744060824649725)
[nebula] profile 300 ticks/5s 300 frames avg 0.4ms max 0.7ms dup 0 skip 0 gc 10 auth 24 ghosts 3 | poll=0.00 ghosts=0.01 physics.sync=0.00 simulate=0.01 poses=0.02 containers=0.31 band=0.02 publish=0.01 gap=16.22
[nebula] chunk (-2, 0, 4) unloaded (rt_18446744065119617028)
[nebula] chunk (-1, 0, 4) unloaded (rt_18446744069414584324)
[nebula] ghost Player(Clone)#844424930131970(e14,rt_1,auth) -> w2
[nebula] handover IN  Player(Clone)#844424930131970(e14,rt_1,auth) <- w2 (epoch 14, tick 1364202948)
[nebula] spawned Prop(Clone)#1125899906842647(e1,rt_1,auth)
[nebula] profile 300 ticks/5s 300 frames avg 0.4ms max 0.9ms dup 0 skip 0 gc 10 auth 26 ghosts 3 | poll=0.01 ghosts=0.01 physics.sync=0.00 simulate=0.01 poses=0.02 containers=0.30 band=0.03 publish=0.01 gap=16.22
[nebula] profile 300 ticks/5s 300 frames avg 0.5ms max 0.7ms dup 0 skip 0 gc 9 auth 26 ghosts 3 | poll=0.01 ghosts=0.00 physics.sync=0.00 simulate=0.01 poses=0.02 containers=0.31 band=0.02 publish=0.02 gap=16.21
[nebula] ghost Player(Clone)#844424930131970(e14,rt_1,auth) -> w2
[nebula] chunk (-4, 0, 2) loaded (rt_18446744056529682434)
[nebula] chunk (-4, 0, 3) loaded (rt_18446744056529682435)
[nebula] handover OUT Player(Clone)#844424930131970(e15,rt_0,ghost) -> w2 (epoch 15, tick 1364203501)
[nebula] chunk (0, 0, 3) unloaded (rt_3)
[nebula] chunk (1, 0, 3) unloaded (rt_4294967299)
[nebula] chunk (3, 0, 0) unloaded (rt_12884901888)
[nebula] chunk (0, 0, 4) unloaded (rt_4)
[nebula] profile 300 ticks/5s 300 frames avg 0.4ms max 0.8ms dup 0 skip 0 gc 11 auth 25 ghosts 3 | poll=0.01 ghosts=0.01 physics.sync=0.00 simulate=0.01 poses=0.02 containers=0.31 band=0.03 publish=0.01 gap=16.22
[nebula] profile 300 ticks/5s 300 frames avg 0.4ms max 0.6ms dup 0 skip 0 gc 9 auth 25 ghosts 3 | poll=0.00 ghosts=0.00 physics.sync=0.00 simulate=0.01 poses=0.02 containers=0.29 band=0.02 publish=0.01 gap=16.26
[nebula] ghost Player(Clone)#844424930131970(e16,rt_1,auth) -> w2
[nebula] handover IN  Player(Clone)#844424930131970(e16,rt_1,auth) <- w2 (epoch 16, tick 1364204262)
[nebula] profile 300 ticks/5s 300 frames avg 0.4ms max 0.7ms dup 0 skip 0 gc 9 auth 26 ghosts 3 | poll=0.01 ghosts=0.01 physics.sync=0.00 simulate=0.01 poses=0.02 containers=0.29 band=0.03 publish=0.01 gap=16.24
[nebula] chunk (-3, 0, -3) unloaded (rt_18446744065119617021)
[nebula] profile 300 ticks/5s 300 frames avg 0.4ms max 0.6ms dup 0 skip 0 gc 9 auth 26 ghosts 3 | poll=0.01 ghosts=0.00 physics.sync=0.00 simulate=0.01 poses=0.02 containers=0.30 band=0.03 publish=0.02 gap=16.23
[nebula] chunk (2, 0, 0) unloaded (rt_8589934592)
[nebula] chunk (2, 0, 1) unloaded (rt_8589934593)
[nebula] chunk (2, 0, 2) unloaded (rt_8589934594)
[nebula] ghost Player(Clone)#844424930131970(e16,rt_1,auth) -> w2
[nebula] handover OUT Player(Clone)#844424930131970(e17,rt_0,ghost) -> w2 (epoch 17, tick 1364204762)
[nebula] chunk (0, 0, 3) loaded (rt_3)
[nebula] profile 300 ticks/5s 300 frames avg 0.4ms max 0.6ms dup 0 skip 0 gc 11 auth 23 ghosts 3 | poll=0.01 ghosts=0.01 physics.sync=0.00 simulate=0.01 poses=0.02 containers=0.27 band=0.02 publish=0.01 gap=16.27
[nebula] chunk (-1, 0, -4) loaded (rt_18446744073709551612)
[nebula] chunk (3, 0, -3) unloaded (rt_17179869181)
[nebula] chunk (3, 0, -4) unloaded (rt_17179869180)
[nebula] profile 300 ticks/5s 300 frames avg 0.4ms max 0.6ms dup 0 skip 0 gc 9 auth 23 ghosts 3 | poll=0.00 ghosts=0.00 physics.sync=0.00 simulate=0.01 poses=0.02 containers=0.26 band=0.02 publish=0.01 gap=16.29
[nebula] chunk (-4, 0, 0) unloaded (rt_18446744056529682432)
[nebula] chunk (-4, 0, 1) unloaded (rt_18446744056529682433)
[nebula] profile 300 ticks/5s 300 frames avg 0.4ms max 0.6ms dup 0 skip 0 gc 9 auth 23 ghosts 3 | poll=0.00 ghosts=0.00 physics.sync=0.00 simulate=0.01 poses=0.02 containers=0.25 band=0.02 publish=0.01 gap=16.30
[nebula] profile 300 ticks/5s 300 frames avg 0.4ms max 0.5ms dup 0 skip 0 gc 8 auth 23 ghosts 3 | poll=0.00 ghosts=0.00 physics.sync=0.00 simulate=0.01 poses=0.02 containers=0.24 band=0.02 publish=0.01 gap=16.31
[nebula] chunk (-4, 0, 0) loaded (rt_18446744056529682432)
[nebula] ghost Player(Clone)#844424930131970(e18,rt_1,auth) -> w2
[nebula] handover IN  Player(Clone)#844424930131970(e18,rt_1,auth) <- w2 (epoch 18, tick 1364205998)
[nebula] profile 300 ticks/5s 300 frames avg 0.4ms max 0.7ms dup 0 skip 0 gc 9 auth 24 ghosts 3 | poll=0.01 ghosts=0.01 physics.sync=0.00 simulate=0.01 poses=0.02 containers=0.25 band=0.03 publish=0.01 gap=16.28
[nebula] ghost Player(Clone)#844424930131970(e18,rt_1,auth) -> w2
[nebula] handover OUT Player(Clone)#844424930131970(e19,rt_18446744069414584321,ghost) -> w2 (epoch 19, tick 1364206248)
[nebula] ghost Prop(Clone)#562949953421317(e4,rt_0,auth) -> w2
[nebula] handover IN  Prop(Clone)#562949953421317(e4,rt_0,auth) <- w2 (epoch 4, tick 1364206368)
[nebula] ghost Prop(Clone)#562949953421318(e4,rt_0,auth) -> w2
[nebula] handover IN  Prop(Clone)#562949953421318(e4,rt_0,auth) <- w2 (epoch 4, tick 1364206368)
[nebula] ghost Prop(Clone)#562949953421319(e4,rt_0,auth) -> w2
[nebula] handover IN  Prop(Clone)#562949953421319(e4,rt_0,auth) <- w2 (epoch 4, tick 1364206368)
[nebula] ghost Prop(Clone)#562949953421320(e4,rt_0,auth) -> w2
[nebula] handover IN  Prop(Clone)#562949953421320(e4,rt_0,auth) <- w2 (epoch 4, tick 1364206368)
[nebula] ghost Prop(Clone)#562949953421323(e4,rt_0,auth) -> w2
[nebula] handover IN  Prop(Clone)#562949953421323(e4,rt_0,auth) <- w2 (epoch 4, tick 1364206368)
[nebula] ghost Prop(Clone)#562949953421325(e4,rt_0,auth) -> w1
[nebula] ghost Prop(Clone)#562949953421325(e4,rt_0,auth) -> w2
[nebula] handover IN  Prop(Clone)#562949953421325(e4,rt_0,auth) <- w2 (epoch 4, tick 1364206368)
[nebula] ghost Prop(Clone)#562949953421326(e4,rt_0,auth) -> w2
[nebula] handover IN  Prop(Clone)#562949953421326(e4,rt_0,auth) <- w2 (epoch 4, tick 1364206368)
[nebula] ghost Prop(Clone)#562949953421328(e4,rt_0,auth) -> w2
[nebula] handover IN  Prop(Clone)#562949953421328(e4,rt_0,auth) <- w2 (epoch 4, tick 1364206368)
[nebula] ghost Prop(Clone)#562949953421331(e4,rt_0,auth) -> w2
[nebula] handover IN  Prop(Clone)#562949953421331(e4,rt_0,auth) <- w2 (epoch 4, tick 1364206368)
[nebula] ghost Prop(Clone)#1125899906842631(e3,rt_0,auth) -> w2
[nebula] handover IN  Prop(Clone)#1125899906842631(e3,rt_0,auth) <- w2 (epoch 3, tick 1364206368)
[nebula] ghost Prop(Clone)#1125899906842637(e3,rt_0,auth) -> w2
[nebula] handover IN  Prop(Clone)#1125899906842637(e3,rt_0,auth) <- w2 (epoch 3, tick 1364206368)
[nebula] ghost Prop(Clone)#1125899906842643(e3,rt_0,auth) -> w2
[nebula] handover IN  Prop(Clone)#1125899906842643(e3,rt_0,auth) <- w2 (epoch 3, tick 1364206368)
[nebula] ghost Prop(Clone)#562949953421346(e2,rt_0,auth) -> w2
[nebula] handover IN  Prop(Clone)#562949953421346(e2,rt_0,auth) <- w2 (epoch 2, tick 1364206368)
[nebula] ghost Prop(Clone)#562949953421358(e2,rt_0,auth) -> w2
[nebula] handover IN  Prop(Clone)#562949953421358(e2,rt_0,auth) <- w2 (epoch 2, tick 1364206368)
[nebula] ghost Prop(Clone)#562949953421360(e2,rt_0,auth) -> w2
[nebula] handover IN  Prop(Clone)#562949953421360(e2,rt_0,auth) <- w2 (epoch 2, tick 1364206368)
[nebula] ghost Prop(Clone)#562949953421364(e2,rt_0,auth) -> w2
[nebula] handover IN  Prop(Clone)#562949953421364(e2,rt_0,auth) <- w2 (epoch 2, tick 1364206368)
[nebula] ghost Prop(Clone)#562949953421325(e4,rt_0,auth) -> w3
[nebula] profile 300 ticks/5s 300 frames avg 0.4ms max 0.8ms dup 0 skip 0 gc 10 auth 39 ghosts 1 | poll=0.01 ghosts=0.01 physics.sync=0.00 simulate=0.01 poses=0.02 containers=0.29 band=0.03 publish=0.01 gap=16.24
[nebula] ghost Prop(Clone)#562949953421341(e2,rt_18446744069414584322,auth) -> w2
[nebula] handover IN  Prop(Clone)#562949953421341(e2,rt_18446744069414584322,auth) <- w2 (epoch 2, tick 1364206550)
[nebula] ghost Prop(Clone)#562949953421343(e2,rt_18446744069414584322,auth) -> w2
[nebula] handover IN  Prop(Clone)#562949953421343(e2,rt_18446744069414584322,auth) <- w2 (epoch 2, tick 1364206550)
[nebula] ghost Prop(Clone)#562949953421344(e2,rt_18446744069414584322,auth) -> w2
[nebula] handover IN  Prop(Clone)#562949953421344(e2,rt_18446744069414584322,auth) <- w2 (epoch 2, tick 1364206550)
[nebula] ghost Prop(Clone)#562949953421348(e2,rt_18446744069414584322,auth) -> w2
[nebula] handover IN  Prop(Clone)#562949953421348(e2,rt_18446744069414584322,auth) <- w2 (epoch 2, tick 1364206550)
[nebula] ghost Prop(Clone)#562949953421349(e2,rt_18446744069414584322,auth) -> w2
[nebula] handover IN  Prop(Clone)#562949953421349(e2,rt_18446744069414584322,auth) <- w2 (epoch 2, tick 1364206550)
[nebula] ghost Player(Clone)#562949953421313(e11,rt_18446744069414584322,auth) -> w2
[nebula] handover IN  Player(Clone)#562949953421313(e11,rt_18446744069414584322,auth) <- w2 (epoch 11, tick 1364206550)
[nebula] ghost Prop(Clone)#562949953421355(e2,rt_18446744065119617026,auth) -> w2
[nebula] handover IN  Prop(Clone)#562949953421355(e2,rt_18446744065119617026,auth) <- w2 (epoch 2, tick 1364206550)
[nebula] ghost Prop(Clone)#562949953421359(e2,rt_18446744069414584322,auth) -> w2
[nebula] handover IN  Prop(Clone)#562949953421359(e2,rt_18446744069414584322,auth) <- w2 (epoch 2, tick 1364206550)
[nebula] handover OUT Prop(Clone)#562949953421341(e3,rt_18446744069414584322,ghost) -> w2 (epoch 3, tick 1364206580)
[nebula] handover OUT Prop(Clone)#562949953421343(e3,rt_18446744069414584322,ghost) -> w2 (epoch 3, tick 1364206580)
[nebula] handover OUT Prop(Clone)#562949953421344(e3,rt_18446744069414584322,ghost) -> w2 (epoch 3, tick 1364206580)
[nebula] handover OUT Prop(Clone)#562949953421348(e3,rt_18446744069414584322,ghost) -> w2 (epoch 3, tick 1364206580)
[nebula] handover OUT Prop(Clone)#562949953421349(e3,rt_18446744069414584322,ghost) -> w2 (epoch 3, tick 1364206580)
[nebula] handover OUT Player(Clone)#562949953421313(e12,rt_18446744069414584322,ghost) -> w2 (epoch 12, tick 1364206580)
[nebula] handover OUT Prop(Clone)#562949953421355(e3,rt_18446744065119617026,ghost) -> w2 (epoch 3, tick 1364206580)
[nebula] handover OUT Prop(Clone)#562949953421359(e3,rt_18446744069414584322,ghost) -> w2 (epoch 3, tick 1364206580)
[nebula] ghost Prop(Clone)#562949953421325(e4,rt_0,auth) -> w1
[nebula] chunk (3, 0, -1) unloaded (rt_17179869183)
[nebula] chunk (3, 0, -2) unloaded (rt_17179869182)
[nebula] profile 300 ticks/5s 300 frames avg 0.6ms max 1.0ms dup 0 skip 0 gc 10 auth 39 ghosts 1 | poll=0.01 ghosts=0.01 physics.sync=0.00 simulate=0.01 poses=0.03 containers=0.41 band=0.04 publish=0.01 gap=16.09
[nebula] ghost Prop(Clone)#562949953421325(e4,rt_0,auth) -> w3
[nebula] ghost Prop(Clone)#562949953421341(e4,rt_18446744069414584322,auth) -> w2
[nebula] handover IN  Prop(Clone)#562949953421341(e4,rt_18446744069414584322,auth) <- w2 (epoch 4, tick 1364206764)
[nebula] ghost Prop(Clone)#562949953421343(e4,rt_18446744069414584322,auth) -> w2
[nebula] handover IN  Prop(Clone)#562949953421343(e4,rt_18446744069414584322,auth) <- w2 (epoch 4, tick 1364206764)
[nebula] ghost Prop(Clone)#562949953421344(e4,rt_18446744069414584322,auth) -> w2
[nebula] handover IN  Prop(Clone)#562949953421344(e4,rt_18446744069414584322,auth) <- w2 (epoch 4, tick 1364206764)
[nebula] ghost Prop(Clone)#562949953421348(e4,rt_18446744069414584322,auth) -> w2
[nebula] handover IN  Prop(Clone)#562949953421348(e4,rt_18446744069414584322,auth) <- w2 (epoch 4, tick 1364206764)
[nebula] ghost Prop(Clone)#562949953421349(e4,rt_18446744069414584322,auth) -> w2
[nebula] handover IN  Prop(Clone)#562949953421349(e4,rt_18446744069414584322,auth) <- w2 (epoch 4, tick 1364206764)
[nebula] ghost Player(Clone)#562949953421313(e13,rt_18446744069414584322,auth) -> w2
[nebula] handover IN  Player(Clone)#562949953421313(e13,rt_18446744069414584322,auth) <- w2 (epoch 13, tick 1364206764)
[nebula] ghost Prop(Clone)#562949953421355(e4,rt_18446744065119617026,auth) -> w2
[nebula] handover IN  Prop(Clone)#562949953421355(e4,rt_18446744065119617026,auth) <- w2 (epoch 4, tick 1364206764)
[nebula] ghost Prop(Clone)#562949953421359(e4,rt_18446744069414584322,auth) -> w2
[nebula] handover IN  Prop(Clone)#562949953421359(e4,rt_18446744069414584322,auth) <- w2 (epoch 4, tick 1364206764)
[nebula] chunk (3, 0, -3) loaded (rt_17179869181)
[nebula] chunk (3, 0, -2) loaded (rt_17179869182)
[nebula] chunk (3, 0, -1) loaded (rt_17179869183)
[nebula] ghost Prop(Clone)#562949953421315(e4,rt_18446744069414584321,auth) -> w2
[nebula] handover IN  Prop(Clone)#562949953421315(e4,rt_18446744069414584321,auth) <- w2 (epoch 4, tick 1364206947)
[nebula] ghost Prop(Clone)#562949953421329(e2,rt_18446744069414584321,auth) -> w2
[nebula] handover IN  Prop(Clone)#562949953421329(e2,rt_18446744069414584321,auth) <- w2 (epoch 2, tick 1364206947)
[nebula] ghost Prop(Clone)#562949953421339(e2,rt_18446744069414584321,auth) -> w2
[nebula] handover IN  Prop(Clone)#562949953421339(e2,rt_18446744069414584321,auth) <- w2 (epoch 2, tick 1364206947)
[nebula] ghost Prop(Clone)#562949953421340(e2,rt_18446744069414584321,auth) -> w2
[nebula] handover IN  Prop(Clone)#562949953421340(e2,rt_18446744069414584321,auth) <- w2 (epoch 2, tick 1364206947)
[nebula] ghost Prop(Clone)#562949953421342(e2,rt_18446744069414584321,auth) -> w2
[nebula] handover IN  Prop(Clone)#562949953421342(e2,rt_18446744069414584321,auth) <- w2 (epoch 2, tick 1364206947)
[nebula] ghost Prop(Clone)#562949953421345(e2,rt_18446744069414584321,auth) -> w2
[nebula] handover IN  Prop(Clone)#562949953421345(e2,rt_18446744069414584321,auth) <- w2 (epoch 2, tick 1364206947)
[nebula] ghost Player(Clone)#844424930131969(e13,rt_18446744069414584321,auth) -> w2
[nebula] handover IN  Player(Clone)#844424930131969(e13,rt_18446744069414584321,auth) <- w2 (epoch 13, tick 1364206947)
[nebula] ghost Prop(Clone)#562949953421351(e2,rt_18446744069414584321,auth) -> w2
[nebula] handover IN  Prop(Clone)#562949953421351(e2,rt_18446744069414584321,auth) <- w2 (epoch 2, tick 1364206947)
[nebula] ghost Prop(Clone)#562949953421362(e2,rt_18446744069414584321,auth) -> w2
[nebula] handover IN  Prop(Clone)#562949953421362(e2,rt_18446744069414584321,auth) <- w2 (epoch 2, tick 1364206947)
[nebula] ghost Prop(Clone)#562949953421365(e2,rt_18446744069414584321,auth) -> w2
[nebula] handover IN  Prop(Clone)#562949953421365(e2,rt_18446744069414584321,auth) <- w2 (epoch 2, tick 1364206947)
[nebula] ghost Prop(Clone)#562949953421366(e2,rt_18446744069414584321,auth) -> w2
[nebula] handover IN  Prop(Clone)#562949953421366(e2,rt_18446744069414584321,auth) <- w2 (epoch 2, tick 1364206947)
[nebula] ghost Prop(Clone)#562949953421367(e2,rt_18446744069414584321,auth) -> w2
[nebula] handover IN  Prop(Clone)#562949953421367(e2,rt_18446744069414584321,auth) <- w2 (epoch 2, tick 1364206947)
[nebula] ghost Prop(Clone)#562949953421368(e2,rt_18446744069414584321,auth) -> w2
[nebula] handover IN  Prop(Clone)#562949953421368(e2,rt_18446744069414584321,auth) <- w2 (epoch 2, tick 1364206947)
[nebula] spawned Prop(Clone)#1125899906842648(e1,rt_18446744069414584321,auth)
[nebula] profile 300 ticks/5s 300 frames avg 0.7ms max 1.5ms dup 0 skip 0 gc 11 auth 61 ghosts 1 | poll=0.01 ghosts=0.01 physics.sync=0.00 simulate=0.02 poses=0.03 containers=0.53 band=0.06 publish=0.02 gap=15.94
[nebula] ghost Player(Clone)#844424930131969(e13,rt_18446744069414584321,auth) -> w2
[nebula] handover OUT Player(Clone)#844424930131969(e14,rt_18446744069414584320,ghost) -> w2 (epoch 14, tick 1364207247)
[nebula] chunk (-2, 0, -3) unloaded (rt_18446744069414584317)
[nebula] profile 300 ticks/5s 300 frames avg 0.8ms max 1.5ms dup 0 skip 0 gc 9 auth 60 ghosts 3 | poll=0.02 ghosts=0.01 physics.sync=0.00 simulate=0.02 poses=0.04 containers=0.65 band=0.05 publish=0.02 gap=15.82
[nebula] ghost Player(Clone)#844424930131970(e20,rt_0,auth) -> w2
[nebula] handover IN  Player(Clone)#844424930131970(e20,rt_0,auth) <- w2 (epoch 20, tick 1364207345)
[nebula] local handover Player(Clone)#562949953421313(e13,rt_18446744069414584321,auth) rt_18446744069414584322 -> rt_18446744069414584321
[nebula] chunk (-3, 0, -3) loaded (rt_18446744065119617021)
[nebula] chunk (-2, 0, -3) loaded (rt_18446744069414584317)
[nebula] spawned Prop(Clone)#1125899906842649(e1,rt_18446744069414584321,auth)
[nebula] profile 300 ticks/5s 300 frames avg 0.9ms max 1.3ms dup 0 skip 0 gc 9 auth 62 ghosts 1 | poll=0.01 ghosts=0.01 physics.sync=0.00 simulate=0.02 poses=0.04 containers=0.64 band=0.05 publish=0.02 gap=15.81
[nebula] chunk (-4, 0, 1) loaded (rt_18446744056529682433)
[nebula] local handover Player(Clone)#562949953421313(e13,rt_1,auth) rt_18446744069414584321 -> rt_1
[nebula] profile 300 ticks/5s 300 frames avg 0.9ms max 1.9ms dup 0 skip 0 gc 10 auth 62 ghosts 1 | poll=0.01 ghosts=0.01 physics.sync=0.00 simulate=0.02 poses=0.04 containers=0.69 band=0.05 publish=0.03 gap=15.77
[nebula] chunk (2, 0, 0) loaded (rt_8589934592)
[nebula] spawned Prop(Clone)#1125899906842650(e1,rt_1,auth)
[nebula] local handover Player(Clone)#844424930131970(e20,rt_4294967296,auth) rt_0 -> rt_4294967296
[nebula] chunk (2, 0, 1) loaded (rt_8589934593)
[nebula] profile 300 ticks/5s 300 frames avg 0.9ms max 1.6ms dup 0 skip 0 gc 9 auth 63 ghosts 2 | poll=0.01 ghosts=0.01 physics.sync=0.00 simulate=0.02 poses=0.04 containers=0.70 band=0.05 publish=0.03 gap=15.75
[nebula] ghost Player(Clone)#844424930131970(e20,rt_4294967296,auth) -> w3
[nebula] handover OUT Player(Clone)#844424930131970(e21,rt_8589934591,ghost) -> w3 (epoch 21, tick 1364208504)
[nebula] profile 300 ticks/5s 300 frames avg 0.9ms max 1.5ms dup 0 skip 0 gc 9 auth 62 ghosts 2 | poll=0.01 ghosts=0.01 physics.sync=0.00 simulate=0.02 poses=0.04 containers=0.71 band=0.06 publish=0.02 gap=15.74
[nebula] local handover Player(Clone)#562949953421313(e13,rt_0,auth) rt_1 -> rt_0
[nebula] spawned Prop(Clone)#1125899906842651(e1,rt_0,auth)
[nebula] profile 300 ticks/5s 300 frames avg 0.9ms max 1.6ms dup 0 skip 0 gc 8 auth 63 ghosts 1 | poll=0.01 ghosts=0.01 physics.sync=0.00 simulate=0.02 poses=0.04 containers=0.71 band=0.05 publish=0.02 gap=15.74
[nebula] spawned Prop(Clone)#1125899906842652(e1,rt_0,auth)
[nebula] handover OUT Prop(Clone)#562949953421315(e5,rt_18446744069414584321,ghost) -> w2 (epoch 5, tick 1364209114)
[nebula] handover OUT Prop(Clone)#562949953421329(e3,rt_18446744069414584321,ghost) -> w2 (epoch 3, tick 1364209114)
[nebula] handover OUT Prop(Clone)#562949953421339(e3,rt_18446744069414584321,ghost) -> w2 (epoch 3, tick 1364209114)
[nebula] handover OUT Prop(Clone)#562949953421340(e3,rt_18446744069414584321,ghost) -> w2 (epoch 3, tick 1364209114)
[nebula] handover OUT Prop(Clone)#562949953421342(e3,rt_18446744069414584321,ghost) -> w2 (epoch 3, tick 1364209114)
[nebula] handover OUT Prop(Clone)#562949953421345(e3,rt_18446744069414584321,ghost) -> w2 (epoch 3, tick 1364209114)
[nebula] handover OUT Prop(Clone)#562949953421351(e3,rt_18446744069414584321,ghost) -> w2 (epoch 3, tick 1364209114)
[nebula] handover OUT Prop(Clone)#562949953421362(e3,rt_18446744069414584321,ghost) -> w2 (epoch 3, tick 1364209114)
[nebula] handover OUT Prop(Clone)#562949953421365(e3,rt_18446744069414584321,ghost) -> w2 (epoch 3, tick 1364209114)
[nebula] handover OUT Prop(Clone)#562949953421366(e3,rt_18446744069414584321,ghost) -> w2 (epoch 3, tick 1364209114)
[nebula] handover OUT Prop(Clone)#562949953421367(e3,rt_18446744069414584321,ghost) -> w2 (epoch 3, tick 1364209114)
[nebula] handover OUT Prop(Clone)#562949953421368(e3,rt_18446744069414584321,ghost) -> w2 (epoch 3, tick 1364209114)
[nebula] handover OUT Prop(Clone)#1125899906842648(e2,rt_18446744069414584321,ghost) -> w2 (epoch 2, tick 1364209114)
[nebula] handover OUT Prop(Clone)#1125899906842649(e2,rt_18446744069414584321,ghost) -> w2 (epoch 2, tick 1364209114)
[nebula] ghost Prop(Clone)#562949953421348(e4,rt_18446744069414584322,auth) -> w2
[nebula] ghost Prop(Clone)#844424930132010(e3,rt_8589934592,auth) -> w3
[nebula] handover IN  Prop(Clone)#844424930132010(e3,rt_8589934592,auth) <- w3 (epoch 3, tick 1364209114)
[nebula] ghost Prop(Clone)#844424930132011(e3,rt_8589934592,auth) -> w3
[nebula] handover IN  Prop(Clone)#844424930132011(e3,rt_8589934592,auth) <- w3 (epoch 3, tick 1364209114)
[nebula] profile 300 ticks/5s 300 frames avg 0.9ms max 1.6ms dup 0 skip 0 gc 9 auth 52 ghosts 17 | poll=0.01 ghosts=0.01 physics.sync=0.00 simulate=0.02 poses=0.04 containers=0.69 band=0.05 publish=0.02 gap=15.76
[nebula] ghost Player(Clone)#844424930131969(e17,rt_0,auth) -> w3
[nebula] handover IN  Player(Clone)#844424930131969(e17,rt_0,auth) <- w3 (epoch 17, tick 1364209137)
[nebula] control plane: reading http://127.0.0.1:7180 failed: An error occurred while sending the request; mesh keeps running on its last known topology
