Mono path[0] = 'C:/Dev/nebula-shootergame/Builds/Win64/Nebula_Data/Managed'
Mono config path = 'C:/Dev/nebula-shootergame/Builds/Win64/MonoBleedingEdge/etc'
CodeReloadManager initialized
Found 1 interfaces on host : 0) 192.168.4.54
Player connection [34436]  Target information:

Player connection [34436]  * "[IP] 192.168.4.54 [Port] 55002 [Flags] 2 [Guid] 948997260 [EditorId] 251666685 [Version] 1048832 [Id] WindowsPlayer(2,Atlas) [Debug] 0 [PackageName] WindowsPlayer [ProjectName] nebula" 

Player connection [34436] Started UDP target info broadcast (1) on [225.0.0.222:54997].

Input System module state changed to: Initialized.
[Physics::Module] Initialized fallback backend.
[Physics::Module] Id: 0xdecafbad
Initialize engine version: 6000.6.0f1 (f7f8ed4d1e24)
[EntityIdStore] init: VM path (explicit commit), pageSize=4096, blockCount=1048576, entitiesPerBlock=256, slots reserved=4294967296 bytes
[Subsystems] Discovering subsystems at path C:/Dev/nebula-shootergame/Builds/Win64/Nebula_Data/UnitySubsystems
Forcing GfxDevice: Null
GfxDevice: creating device client; kGfxThreadingModeNonThreaded
NullGfxDevice:
    Version:  NULL 1.0 [1.0]
    Renderer: Null Device
    Vendor:   Unity Technologies
Begin MonoManager ReloadAssembly
- Finished resetting the current domain, in  0.008 seconds
[Physics::Module] Selected backend.
[Physics::Module] Name: PhysX
[Physics::Module] Id: 0xf2b8ea05
[Physics::Module] SDK Version: 4.1.2
[Physics::Module] Integration Version: 1.0.0
[Physics::Module] Threading Mode: Multi-Threaded
Microsoft Media Foundation video decoding to texture disabled: graphics device is Null, only Direct3D 11 and Direct3D 12 (only on desktop) are supported for hardware-accelerated video decoding.
Couldn't create a Convex Mesh from source mesh, within the maximum polygons limit (256). The partial hull will be used. Consider simplifying your mesh. Source mesh name: PilotSeat
HDR Render Texture not supported, disabling HDR on reflection probe.
HDR Render Texture not supported, disabling HDR on reflection probe.
HDR Render Texture not supported, disabling HDR on reflection probe.
HDR Render Texture not supported, disabling HDR on reflection probe.
UnloadTime: 0.490200 ms
[nebula] boot roles=Client scene=Corporation tickRate=60
Unloading 6 Unused Serialized files (Serialized files now loaded: 0)
UnloadTime: 4.926800 ms
[nebula] world 'Corporation': 20 cells, 77 containers, cell size (2048.00, 2048.00, 2048.00)
[nebula] containers: 77 (partitioned world)
[nebula] connecting to gateway 127.0.0.1:7000 as 'bot2'
Unloading 6 unused Assets / (5.1 KB). Loaded Objects now: 4174.
Memory consumption went from 171.9 MB to 171.9 MB.
Total: 2.591400 ms (FindLiveObjects: 0.460100 ms CreateObjectMapping: 0.047700 ms MarkObjects: 2.022100 ms  DeleteObjects: 0.037300 ms)

[nebula] client 0 fps replicas 0 (+0.0/s -0.0/s) entities 0 in 0 pkt/s 0.0 KB/s 0 states/s (msgs: state 0 rpc 0 vars 0) rtt -1ms lead 0 (adj 0, worker saw 0) corrections 0 | full-rate interp: depth 0.0 ticks, starved 0.0% worst +0.0 | frame max 332.6ms fixed/frame max 1 | gaps>3t 0 worst 0t | render delay 0t (stream lag 0t) | snapshot age ms min 0.0 avg 0.0 max 0.0
[nebula] [nebula-probe] t=1.3 pos=0.0,0.0,0.0 cell=0,0,0 origin=0,0,0 replicas=0 dmin=0.0 dmax=0.0 limit=160.0 speed=0.0 beyond=0 dup=0 chunks=0 orphans=0 carrierless=0 spawns=0 despawns=0 pawn=0
[nebula] welcome: clientId=14810711738298662920 identity=868344d684d8 serverTick=1364989984
[nebula] world starting, about 3 s: no worker is running yet; holding the join
[nebula] [nebula-probe] t=2.3 pos=0.0,0.0,0.0 cell=0,0,0 origin=0,0,0 replicas=0 dmin=0.0 dmax=0.0 limit=160.0 speed=0.0 beyond=0 dup=0 chunks=0 orphans=0 carrierless=0 spawns=0 despawns=0 pawn=0
[nebula] cell (0, 0, 0) loaded (Corporation_0_0_0); 1 cell(s) resident
[nebula] cell (-1, 0, -1) loaded (Corporation_n1_0_n1); 2 cell(s) resident
[nebula] cell (-1, 0, 0) loaded (Corporation_n1_0_0); 3 cell(s) resident
[nebula] cell (-1, 0, 1) loaded (Corporation_n1_0_1); 4 cell(s) resident
[nebula] cell (0, 0, -1) loaded (Corporation_0_0_n1); 5 cell(s) resident
[nebula] cell (0, 0, 1) loaded (Corporation_0_0_1); 6 cell(s) resident
[nebula] cell (1, 0, -1) loaded (Corporation_1_0_n1); 7 cell(s) resident
[nebula] cell (1, 0, 0) loaded (Corporation_1_0_0); 8 cell(s) resident
[nebula] cell (1, 0, 1) loaded (Corporation_1_0_1); 9 cell(s) resident
[nebula] [nebula-probe] t=3.3 pos=0.0,0.0,0.0 cell=0,0,0 origin=0,0,0 replicas=0 dmin=0.0 dmax=0.0 limit=160.0 speed=0.0 beyond=0 dup=0 chunks=0 orphans=0 carrierless=0 spawns=0 despawns=0 pawn=0
[nebula] [nebula-probe] t=4.3 pos=0.0,0.0,0.0 cell=0,0,0 origin=0,0,0 replicas=0 dmin=0.0 dmax=0.0 limit=160.0 speed=0.0 beyond=0 dup=0 chunks=0 orphans=0 carrierless=0 spawns=0 despawns=0 pawn=0
[nebula] joined the world
[nebula] local player spawned: Player(Clone)#562949953421367(e1,radar,local)
color=#FF0000>VattalusAssets: Interactable object did not find reference to the VattalusSceneController. Make sure to include it in the scene</color>
color=#FF0000>VattalusAssets: Interactable object did not find reference to the VattalusSceneController. Make sure to include it in the scene</color>
color=#FF0000>VattalusAssets: Interactable object did not find reference to the VattalusSceneController. Make sure to include it in the scene</color>
color=#FF0000>VattalusAssets: Interactable object did not find reference to the VattalusSceneController. Make sure to include it in the scene</color>
color=#FF0000>VattalusAssets: Interactable object did not find reference to the VattalusSceneController. Make sure to include it in the scene</color>
color=#FF0000>VattalusAssets: Interactable object did not find reference to the VattalusSceneController. Make sure to include it in the scene</color>
color=#FF0000>VattalusAssets: Interactable object did not find reference to the VattalusSceneController. Make sure to include it in the scene</color>
color=#FF0000>VattalusAssets: Interactable object did not find reference to the VattalusSceneController. Make sure to include it in the scene</color>
color=#FF0000>VattalusAssets: Interactable object did not find reference to the VattalusSceneController. Make sure to include it in the scene</color>
color=#FF0000>VattalusAssets: Interactable object did not find reference to the VattalusSceneController. Make sure to include it in the scene</color>
color=#FF0000>VattalusAssets: Interactable object did not find reference to the VattalusSceneController. Make sure to include it in the scene</color>
color=#FF0000>VattalusAssets: Interactable object did not find reference to the VattalusSceneController. Make sure to include it in the scene</color>
color=#FF0000>VattalusAssets: Interactable object did not find reference to the VattalusSceneController. Make sure to include it in the scene</color>
color=#FF0000>VattalusAssets: Interactable object did not find reference to the VattalusSceneController. Make sure to include it in the scene</color>
color=#FF0000>VattalusAssets: Interactable object did not find reference to the VattalusSceneController. Make sure to include it in the scene</color>
color=#FF0000>VattalusAssets: Interactable object did not find reference to the VattalusSceneController. Make sure to include it in the scene</color>
color=#FF0000>VattalusAssets: Interactable object did not find reference to the VattalusSceneController. Make sure to include it in the scene</color>
color=#FF0000>VattalusAssets: Interactable object did not find reference to the VattalusSceneController. Make sure to include it in the scene</color>
color=#FF0000>VattalusAssets: Interactable object did not find reference to the VattalusSceneController. Make sure to include it in the scene</color>
color=#FF0000>VattalusAssets: Interactable object did not find reference to the VattalusSceneController. Make sure to include it in the scene</color>
color=#FF0000>VattalusAssets: Interactable object did not find reference to the VattalusSceneController. Make sure to include it in the scene</color>
color=#FF0000>VattalusAssets: Interactable object did not find reference to the VattalusSceneController. Make sure to include it in the scene</color>
color=#FF0000>VattalusAssets: Interactable object did not find reference to the VattalusSceneController. Make sure to include it in the scene</color>
color=#FF0000>VattalusAssets: Interactable object did not find reference to the VattalusSceneController. Make sure to include it in the scene</color>
color=#FF0000>VattalusAssets: Interactable object did not find reference to the VattalusSceneController. Make sure to include it in the scene</color>
color=#FF0000>VattalusAssets: Interactable object did not find reference to the VattalusSceneController. Make sure to include it in the scene</color>
color=#FF0000>VattalusAssets: Interactable object did not find reference to the VattalusSceneController. Make sure to include it in the scene</color>
color=#FF0000>VattalusAssets: Interactable object did not find reference to the VattalusSceneController. Make sure to include it in the scene</color>
color=#FF0000>VattalusAssets: Interactable object did not find reference to the VattalusSceneController. Make sure to include it in the scene</color>
BoxCollider does not support negative scale or size.
The effective box size has been forced positive and is likely to give unexpected collision geometry.
If you absolutely need to use negative scaling you can use the convex MeshCollider. Scene hierarchy path "Nebula World/cell_0_0_0/outdoor-west-south/Starhopper(Clone)/Phobos_Starhopper_Interior/WardrobeDoor_Slot/Phobos_Starhopper_BathroomDoor/Phobos_Starhopper_BathroomDoor/DoorParent/BathroomDoor"
BoxCollider does not support negative scale or size.
The effective box size has been forced positive and is likely to give unexpected collision geometry.
If you absolutely need to use negative scaling you can use the convex MeshCollider. Scene hierarchy path "Nebula World/cell_0_0_0/outdoor-west-south/Starhopper(Clone)/Phobos_Starhopper_Interior/WardrobeDoor_Slot/Phobos_Starhopper_BathroomDoor/Console"
[nebula] [nebula-probe] t=5.3 pos=36.0,-0.1,-56.7 cell=0,0,0 origin=0,0,0 replicas=40 dmin=2.1 dmax=112.3 limit=160.0 speed=0.0 beyond=0 dup=0 chunks=0 orphans=0 carrierless=0 spawns=41 despawns=0 pawn=1
[nebula] client 8178 fps replicas 41 (+8.2/s -0.0/s) entities 41 in 73 pkt/s 9.8 KB/s 92 states/s (msgs: state 44 rpc 5 vars 4) rtt 0ms lead 5 (adj 2, worker saw 4) corrections 1 last 0.10m | full-rate interp: depth 4.8 ticks, starved 0.1% worst +17.1 | frame max 240.8ms fixed/frame max 4 | gaps>3t 0 worst 0t | render delay 6t (stream lag 3t) | snapshot age ms min 5.6 avg 16.9 max 101.7
[nebula] [nebula-probe] t=6.3 pos=35.7,-0.1,-52.6 cell=0,0,0 origin=0,0,0 replicas=40 dmin=4.7 dmax=111.4 limit=166.5 speed=4.1 beyond=0 dup=0 chunks=0 orphans=0 carrierless=0 spawns=41 despawns=0 pawn=1
[nebula] [nebula-probe] t=7.3 pos=36.5,-0.1,-52.4 cell=0,0,0 origin=0,0,0 replicas=40 dmin=5.2 dmax=110.1 limit=161.3 speed=0.8 beyond=0 dup=0 chunks=0 orphans=0 carrierless=0 spawns=41 despawns=0 pawn=1
[nebula] [nebula-probe] t=8.3 pos=36.5,-0.1,-52.4 cell=0,0,0 origin=0,0,0 replicas=40 dmin=3.2 dmax=112.3 limit=160.0 speed=0.0 beyond=0 dup=0 chunks=0 orphans=0 carrierless=0 spawns=41 despawns=0 pawn=1
[nebula] [nebula-probe] t=9.3 pos=36.5,-0.1,-52.4 cell=0,0,0 origin=0,0,0 replicas=37 dmin=6.2 dmax=115.5 limit=160.0 speed=0.0 beyond=0 dup=0 chunks=0 orphans=0 carrierless=0 spawns=41 despawns=3 pawn=1
[nebula] [nebula-probe] t=10.3 pos=39.3,-0.1,-56.8 cell=0,0,0 origin=0,0,0 replicas=37 dmin=4.5 dmax=124.1 limit=168.3 speed=5.2 beyond=0 dup=0 chunks=0 orphans=0 carrierless=0 spawns=41 despawns=3 pawn=1
[nebula] client 2119 fps replicas 38 (+0.0/s -0.6/s) entities 38 in 196 pkt/s 17.9 KB/s 199 states/s (msgs: state 121 rpc 8 vars 7) rtt 0ms lead 6 (adj 3, worker saw 6) corrections 4 last 0.10m | full-rate interp: depth 3.2 ticks, starved 0.1% worst +1.9 | frame max 3.9ms fixed/frame max 1 | gaps>3t 2 worst 149t | render delay 3t (stream lag 0t) | snapshot age ms min 6.1 avg 10.8 max 53.9
[nebula] [nebula-probe] t=11.3 pos=39.8,0.7,-51.9 cell=0,0,0 origin=0,0,0 replicas=37 dmin=3.5 dmax=122.5 limit=167.9 speed=4.9 beyond=0 dup=0 chunks=0 orphans=0 carrierless=0 spawns=41 despawns=3 pawn=1
[nebula] [nebula-probe] t=12.3 pos=41.1,-0.4,-46.1 cell=0,0,0 origin=0,0,0 replicas=37 dmin=7.9 dmax=121.5 limit=169.8 speed=6.1 beyond=0 dup=0 chunks=0 orphans=0 carrierless=0 spawns=41 despawns=3 pawn=1
[nebula] [nebula-probe] t=13.3 pos=42.4,-0.3,-40.2 cell=0,0,0 origin=0,0,0 replicas=37 dmin=15.0 dmax=123.6 limit=169.6 speed=6.0 beyond=0 dup=0 chunks=0 orphans=0 carrierless=0 spawns=41 despawns=3 pawn=1
[nebula] [nebula-probe] t=14.3 pos=43.5,-0.3,-38.0 cell=0,0,0 origin=0,0,0 replicas=37 dmin=14.0 dmax=126.7 limit=164.0 speed=2.5 beyond=0 dup=0 chunks=0 orphans=0 carrierless=0 spawns=41 despawns=3 pawn=1
[nebula] [nebula-probe] t=15.3 pos=44.2,-0.3,-38.0 cell=0,0,0 origin=0,0,0 replicas=37 dmin=14.4 dmax=128.4 limit=161.1 speed=0.7 beyond=0 dup=0 chunks=0 orphans=0 carrierless=0 spawns=41 despawns=3 pawn=1
[nebula] client 2237 fps replicas 38 (+0.0/s -0.0/s) entities 38 in 175 pkt/s 16.6 KB/s 177 states/s (msgs: state 102 rpc 5 vars 5) rtt 0ms lead 6 (adj 3, worker saw 6) corrections 1 last 0.10m | full-rate interp: depth 2.6 ticks, starved 0.0% worst +0.0 | frame max 6.2ms fixed/frame max 1 | gaps>3t 0 worst 0t | render delay 3t (stream lag 0t) | snapshot age ms min 5.8 avg 11.9 max 41.2
[nebula] [nebula-probe] t=16.3 pos=44.5,-0.4,-38.0 cell=0,0,0 origin=0,0,0 replicas=37 dmin=14.7 dmax=128.7 limit=160.6 speed=0.4 beyond=0 dup=0 chunks=0 orphans=0 carrierless=0 spawns=41 despawns=3 pawn=1
[nebula] [nebula-probe] t=17.3 pos=44.6,-0.4,-38.0 cell=0,0,0 origin=0,0,0 replicas=37 dmin=12.4 dmax=128.7 limit=160.1 speed=0.1 beyond=0 dup=0 chunks=0 orphans=0 carrierless=0 spawns=41 despawns=3 pawn=1
[nebula] [nebula-probe] t=18.3 pos=44.6,-0.4,-38.0 cell=0,0,0 origin=0,0,0 replicas=37 dmin=9.9 dmax=128.7 limit=160.0 speed=0.0 beyond=0 dup=0 chunks=0 orphans=0 carrierless=0 spawns=41 despawns=3 pawn=1
[nebula] [nebula-probe] t=19.3 pos=44.6,-0.4,-38.0 cell=0,0,0 origin=0,0,0 replicas=37 dmin=13.8 dmax=129.1 limit=160.0 speed=0.0 beyond=0 dup=0 chunks=0 orphans=0 carrierless=0 spawns=41 despawns=3 pawn=1
[nebula] [nebula-probe] t=20.3 pos=61.9,2.6,-29.0 cell=0,0,0 origin=0,0,0 replicas=37 dmin=2.9 dmax=136.8 limit=191.6 speed=19.7 beyond=0 dup=0 chunks=0 orphans=0 carrierless=0 spawns=41 despawns=3 pawn=1
[nebula] client 2283 fps replicas 38 (+0.0/s -0.0/s) entities 38 in 188 pkt/s 17.1 KB/s 164 states/s (msgs: state 116 rpc 4 vars 4) rtt 0ms lead 6 (adj 3, worker saw 6) corrections 3 last 0.05m | full-rate interp: depth 3.3 ticks, starved 0.0% worst +0.0 | frame max 3.5ms fixed/frame max 1 | gaps>3t 2 worst 151t | render delay 5t (stream lag 2t) | snapshot age ms min 10.1 avg 13.8 max 52.5
[nebula] [nebula-probe] t=21.3 pos=61.9,2.6,-29.0 cell=0,0,0 origin=0,0,0 replicas=37 dmin=2.9 dmax=132.9 limit=160.0 speed=0.0 beyond=0 dup=0 chunks=0 orphans=0 carrierless=0 spawns=41 despawns=3 pawn=1
[nebula] [nebula-probe] t=22.3 pos=61.9,3.2,-29.0 cell=0,0,0 origin=0,0,0 replicas=37 dmin=2.9 dmax=130.2 limit=161.1 speed=0.7 beyond=0 dup=0 chunks=0 orphans=0 carrierless=0 spawns=41 despawns=3 pawn=1
[nebula] [nebula-probe] t=23.3 pos=61.9,2.6,-29.0 cell=0,0,0 origin=0,0,0 replicas=37 dmin=2.9 dmax=126.7 limit=161.1 speed=0.7 beyond=0 dup=0 chunks=0 orphans=0 carrierless=0 spawns=41 despawns=3 pawn=1
[nebula] [nebula-probe] t=24.3 pos=62.0,2.5,-29.0 cell=0,0,0 origin=0,0,0 replicas=41 dmin=2.9 dmax=124.0 limit=160.1 speed=0.0 beyond=0 dup=0 chunks=0 orphans=0 carrierless=0 spawns=45 despawns=3 pawn=1
[nebula] [nebula-probe] t=25.3 pos=62.0,2.5,-29.0 cell=0,0,0 origin=0,0,0 replicas=41 dmin=2.9 dmax=123.4 limit=160.0 speed=0.0 beyond=0 dup=0 chunks=0 orphans=0 carrierless=0 spawns=45 despawns=3 pawn=1
[nebula] client 2182 fps replicas 42 (+0.8/s -0.0/s) entities 42 in 190 pkt/s 19.5 KB/s 173 states/s (msgs: state 124 rpc 4 vars 4) rtt 0ms lead 6 (adj 3, worker saw 6) corrections 1 last 0.09m | full-rate interp: depth 3.3 ticks, starved 0.0% worst +0.0 | frame max 3.3ms fixed/frame max 1 | gaps>3t 3 worst 103t | render delay 3t (stream lag 0t) | snapshot age ms min 6.4 avg 14.3 max 44.4
[nebula] [nebula-probe] t=26.3 pos=62.0,2.5,-29.0 cell=0,0,0 origin=0,0,0 replicas=41 dmin=2.9 dmax=123.4 limit=160.0 speed=0.0 beyond=0 dup=0 chunks=0 orphans=0 carrierless=0 spawns=45 despawns=3 pawn=1
[nebula] [nebula-probe] t=27.3 pos=62.0,2.5,-29.0 cell=0,0,0 origin=0,0,0 replicas=41 dmin=2.9 dmax=123.4 limit=160.0 speed=0.0 beyond=0 dup=0 chunks=0 orphans=0 carrierless=0 spawns=45 despawns=3 pawn=1
[nebula] [nebula-probe] t=28.3 pos=62.0,2.5,-29.0 cell=0,0,0 origin=0,0,0 replicas=41 dmin=2.9 dmax=125.6 limit=160.0 speed=0.0 beyond=0 dup=0 chunks=0 orphans=0 carrierless=0 spawns=45 despawns=3 pawn=1
[nebula] [nebula-probe] t=29.3 pos=62.0,2.5,-29.0 cell=0,0,0 origin=0,0,0 replicas=41 dmin=2.9 dmax=130.4 limit=160.0 speed=0.0 beyond=0 dup=0 chunks=0 orphans=0 carrierless=0 spawns=45 despawns=3 pawn=1
[nebula] [nebula-probe] t=30.3 pos=62.1,2.5,-28.7 cell=0,0,0 origin=0,0,0 replicas=41 dmin=2.9 dmax=135.2 limit=160.5 speed=0.3 beyond=0 dup=0 chunks=0 orphans=0 carrierless=0 spawns=45 despawns=3 pawn=1
[nebula] client 2156 fps replicas 42 (+0.0/s -0.0/s) entities 42 in 200 pkt/s 18.6 KB/s 188 states/s (msgs: state 129 rpc 8 vars 7) rtt 0ms lead 6 (adj 3, worker saw 6) corrections 0 | full-rate interp: depth 1.9 ticks, starved 1.2% worst +2.2 | frame max 5.0ms fixed/frame max 1 | gaps>3t 2 worst 68t | render delay 3t (stream lag 0t) | snapshot age ms min 10.4 avg 14.0 max 50.0
[nebula] [nebula-probe] t=31.3 pos=62.0,2.5,-26.5 cell=0,0,0 origin=0,0,0 replicas=41 dmin=2.9 dmax=135.9 limit=163.5 speed=2.2 beyond=0 dup=0 chunks=0 orphans=0 carrierless=0 spawns=45 despawns=3 pawn=1
[nebula] [nebula-probe] t=32.3 pos=62.0,2.5,-26.5 cell=0,0,0 origin=0,0,0 replicas=41 dmin=2.9 dmax=138.3 limit=160.0 speed=0.0 beyond=0 dup=0 chunks=0 orphans=0 carrierless=0 spawns=45 despawns=3 pawn=1
[nebula] [nebula-probe] t=33.3 pos=62.0,2.5,-26.5 cell=0,0,0 origin=0,0,0 replicas=41 dmin=2.9 dmax=138.3 limit=160.0 speed=0.0 beyond=0 dup=0 chunks=0 orphans=0 carrierless=0 spawns=45 despawns=3 pawn=1
[nebula] [nebula-probe] t=34.3 pos=62.0,2.5,-26.5 cell=0,0,0 origin=0,0,0 replicas=41 dmin=2.9 dmax=138.3 limit=160.0 speed=0.0 beyond=0 dup=0 chunks=0 orphans=0 carrierless=0 spawns=45 despawns=3 pawn=1
[nebula] [nebula-probe] t=35.3 pos=62.6,2.5,-27.2 cell=0,0,0 origin=0,0,0 replicas=41 dmin=3.3 dmax=136.7 limit=161.5 speed=0.9 beyond=0 dup=0 chunks=0 orphans=0 carrierless=0 spawns=45 despawns=3 pawn=1
[nebula] client 2200 fps replicas 41 (+0.0/s -0.2/s) entities 41 in 202 pkt/s 19.7 KB/s 228 states/s (msgs: state 133 rpc 3 vars 4) rtt 0ms lead 6 (adj 3, worker saw 6) corrections 0 | full-rate interp: depth 2.1 ticks, starved 0.0% worst +0.0 | frame max 2.4ms fixed/frame max 1 | gaps>3t 2 worst 23t | render delay 3t (stream lag 0t) | snapshot age ms min 10.3 avg 15.2 max 45.6
[nebula] [nebula-probe] t=36.3 pos=62.6,2.5,-27.9 cell=0,0,0 origin=0,0,0 replicas=40 dmin=3.2 dmax=124.4 limit=161.1 speed=0.7 beyond=0 dup=0 chunks=0 orphans=0 carrierless=0 spawns=45 despawns=4 pawn=1
[nebula] [nebula-probe] t=37.3 pos=62.6,2.5,-28.0 cell=0,0,0 origin=0,0,0 replicas=40 dmin=3.2 dmax=124.5 limit=160.2 speed=0.1 beyond=0 dup=0 chunks=0 orphans=0 carrierless=0 spawns=45 despawns=4 pawn=1
[nebula] [nebula-probe] t=38.3 pos=62.6,2.5,-28.0 cell=0,0,0 origin=0,0,0 replicas=40 dmin=3.2 dmax=124.5 limit=160.0 speed=0.0 beyond=0 dup=0 chunks=0 orphans=0 carrierless=0 spawns=45 despawns=4 pawn=1
[nebula] [nebula-probe] t=39.3 pos=62.0,2.5,-29.0 cell=0,0,0 origin=0,0,0 replicas=40 dmin=2.9 dmax=126.1 limit=161.9 speed=1.2 beyond=0 dup=0 chunks=0 orphans=0 carrierless=0 spawns=45 despawns=4 pawn=1
[nebula] [nebula-probe] t=40.3 pos=62.0,2.5,-29.0 cell=0,0,0 origin=0,0,0 replicas=40 dmin=2.9 dmax=125.6 limit=160.0 speed=0.0 beyond=0 dup=0 chunks=0 orphans=0 carrierless=0 spawns=45 despawns=4 pawn=1
[nebula] client 2176 fps replicas 41 (+0.0/s -0.0/s) entities 41 in 208 pkt/s 18.6 KB/s 200 states/s (msgs: state 137 rpc 8 vars 5) rtt 0ms lead 10 (adj 7, worker saw 14) corrections 0 | full-rate interp: depth 3.6 ticks, starved 5.5% worst +9.4 | frame max 3.4ms fixed/frame max 1 | gaps>3t 0 worst 0t | render delay 4t (stream lag 1t) | snapshot age ms min 10.3 avg 19.6 max 187.4
[nebula] [nebula-probe] t=41.3 pos=62.0,2.5,-29.0 cell=0,0,0 origin=0,0,0 replicas=40 dmin=2.9 dmax=128.2 limit=160.0 speed=0.0 beyond=0 dup=0 chunks=0 orphans=0 carrierless=0 spawns=45 despawns=4 pawn=1
[nebula] [nebula-probe] t=42.3 pos=62.0,2.5,-29.0 cell=0,0,0 origin=0,0,0 replicas=40 dmin=2.9 dmax=126.1 limit=160.0 speed=0.0 beyond=0 dup=0 chunks=0 orphans=0 carrierless=0 spawns=45 despawns=4 pawn=1
[nebula] [nebula-probe] t=43.3 pos=62.0,2.5,-29.0 cell=0,0,0 origin=0,0,0 replicas=41 dmin=2.9 dmax=125.4 limit=160.0 speed=0.0 beyond=0 dup=0 chunks=0 orphans=0 carrierless=0 spawns=46 despawns=4 pawn=1
[nebula] [nebula-probe] t=44.3 pos=62.0,2.5,-29.0 cell=0,0,0 origin=0,0,0 replicas=41 dmin=2.9 dmax=124.1 limit=160.0 speed=0.0 beyond=0 dup=0 chunks=0 orphans=0 carrierless=0 spawns=46 despawns=4 pawn=1
[nebula] [nebula-probe] t=45.3 pos=62.0,2.5,-29.0 cell=0,0,0 origin=0,0,0 replicas=41 dmin=2.9 dmax=124.0 limit=160.0 speed=0.0 beyond=0 dup=0 chunks=0 orphans=0 carrierless=0 spawns=46 despawns=4 pawn=1
[nebula] client 2196 fps replicas 42 (+0.2/s -0.0/s) entities 42 in 217 pkt/s 20.7 KB/s 239 states/s (msgs: state 146 rpc 7 vars 5) rtt 0ms lead 3 (adj 0, worker saw 8) corrections 0 | full-rate interp: depth 2.7 ticks, starved 0.0% worst +0.0 | frame max 4.8ms fixed/frame max 1 | gaps>3t 1 worst 73t | render delay 3t (stream lag 0t) | snapshot age ms min 10.2 avg 15.4 max 47.3
[nebula] [nebula-probe] t=46.3 pos=62.1,2.5,-28.8 cell=0,0,0 origin=0,0,0 replicas=41 dmin=2.9 dmax=124.5 limit=160.3 speed=0.2 beyond=0 dup=0 chunks=0 orphans=0 carrierless=0 spawns=46 despawns=4 pawn=1
[nebula] [nebula-probe] t=47.3 pos=62.6,2.5,-27.0 cell=0,0,0 origin=0,0,0 replicas=41 dmin=3.3 dmax=124.3 limit=163.1 speed=2.0 beyond=0 dup=0 chunks=0 orphans=0 carrierless=0 spawns=46 despawns=4 pawn=1
[nebula] [nebula-probe] t=48.3 pos=62.6,2.5,-27.8 cell=0,0,0 origin=0,0,0 replicas=41 dmin=3.2 dmax=121.8 limit=161.4 speed=0.9 beyond=0 dup=0 chunks=0 orphans=0 carrierless=0 spawns=46 despawns=4 pawn=1
[nebula] [nebula-probe] t=49.3 pos=62.6,2.5,-28.0 cell=0,0,0 origin=0,0,0 replicas=41 dmin=3.2 dmax=123.0 limit=160.2 speed=0.1 beyond=0 dup=0 chunks=0 orphans=0 carrierless=0 spawns=46 despawns=4 pawn=1
[nebula] [nebula-probe] t=50.3 pos=62.6,2.5,-28.0 cell=0,0,0 origin=0,0,0 replicas=41 dmin=3.2 dmax=124.1 limit=160.0 speed=0.0 beyond=0 dup=0 chunks=0 orphans=0 carrierless=0 spawns=46 despawns=4 pawn=1
[nebula] client 2134 fps replicas 42 (+0.0/s -0.0/s) entities 42 in 221 pkt/s 26.0 KB/s 319 states/s (msgs: state 149 rpc 14 vars 7) rtt 0ms lead 3 (adj 0, worker saw 7) corrections 0 | full-rate interp: depth 3.0 ticks, starved 0.0% worst +0.0 | frame max 4.1ms fixed/frame max 1 | gaps>3t 1 worst 12t | render delay 4t (stream lag 1t) | snapshot age ms min 8.0 avg 18.2 max 46.9
[nebula] [nebula-probe] t=51.3 pos=62.6,2.5,-28.0 cell=0,0,0 origin=0,0,0 replicas=41 dmin=3.2 dmax=125.2 limit=160.0 speed=0.0 beyond=0 dup=0 chunks=0 orphans=0 carrierless=0 spawns=46 despawns=4 pawn=1
[nebula] [nebula-probe] t=52.3 pos=62.6,2.5,-27.6 cell=0,0,0 origin=0,0,0 replicas=41 dmin=3.2 dmax=128.4 limit=160.6 speed=0.4 beyond=0 dup=0 chunks=0 orphans=0 carrierless=0 spawns=46 despawns=4 pawn=1
[nebula] [nebula-probe] t=53.3 pos=62.0,2.5,-26.5 cell=0,0,0 origin=0,0,0 replicas=41 dmin=2.9 dmax=125.8 limit=162.0 speed=1.3 beyond=0 dup=0 chunks=0 orphans=0 carrierless=0 spawns=46 despawns=4 pawn=1
[nebula] [nebula-probe] t=54.3 pos=62.0,2.5,-26.5 cell=0,0,0 origin=0,0,0 replicas=41 dmin=2.9 dmax=125.5 limit=160.0 speed=0.0 beyond=0 dup=0 chunks=0 orphans=0 carrierless=0 spawns=46 despawns=4 pawn=1
[nebula] [nebula-probe] t=55.3 pos=62.0,2.5,-26.5 cell=0,0,0 origin=0,0,0 replicas=41 dmin=2.9 dmax=125.9 limit=160.0 speed=0.0 beyond=0 dup=0 chunks=0 orphans=0 carrierless=0 spawns=46 despawns=4 pawn=1
[nebula] client 2146 fps replicas 42 (+0.0/s -0.0/s) entities 42 in 195 pkt/s 18.5 KB/s 186 states/s (msgs: state 117 rpc 8 vars 7) rtt 0ms lead 3 (adj 0, worker saw 7) corrections 0 | full-rate interp: depth 2.6 ticks, starved 0.0% worst +0.0 | frame max 3.1ms fixed/frame max 1 | gaps>3t 3 worst 88t | render delay 4t (stream lag 1t) | snapshot age ms min 6.0 avg 18.4 max 55.0
[nebula] [nebula-probe] t=56.3 pos=62.0,2.5,-26.5 cell=0,0,0 origin=0,0,0 replicas=41 dmin=2.9 dmax=125.9 limit=160.0 speed=0.0 beyond=0 dup=0 chunks=0 orphans=0 carrierless=0 spawns=46 despawns=4 pawn=1
[nebula] [nebula-probe] t=57.3 pos=62.0,2.5,-26.5 cell=0,0,0 origin=0,0,0 replicas=41 dmin=2.9 dmax=125.2 limit=160.0 speed=0.0 beyond=0 dup=0 chunks=0 orphans=0 carrierless=0 spawns=46 despawns=4 pawn=1
[nebula] [nebula-probe] t=58.3 pos=62.0,2.5,-26.5 cell=0,0,0 origin=0,0,0 replicas=41 dmin=2.9 dmax=125.8 limit=160.0 speed=0.0 beyond=0 dup=0 chunks=0 orphans=0 carrierless=0 spawns=46 despawns=4 pawn=1
[nebula] [nebula-probe] t=59.3 pos=62.0,2.5,-26.5 cell=0,0,0 origin=0,0,0 replicas=41 dmin=2.9 dmax=122.1 limit=160.0 speed=0.0 beyond=0 dup=0 chunks=0 orphans=0 carrierless=0 spawns=46 despawns=4 pawn=1
[nebula] [nebula-probe] t=60.3 pos=62.0,2.5,-26.5 cell=0,0,0 origin=0,0,0 replicas=41 dmin=2.9 dmax=125.2 limit=160.0 speed=0.0 beyond=0 dup=0 chunks=0 orphans=0 carrierless=0 spawns=46 despawns=4 pawn=1
[nebula] client 2113 fps replicas 42 (+0.0/s -0.0/s) entities 42 in 202 pkt/s 19.1 KB/s 200 states/s (msgs: state 125 rpc 10 vars 6) rtt 0ms lead 3 (adj 0, worker saw 6) corrections 0 | full-rate interp: depth 2.6 ticks, starved 0.0% worst +0.0 | frame max 3.8ms fixed/frame max 1 | gaps>3t 2 worst 54t | render delay 4t (stream lag 1t) | snapshot age ms min 2.4 avg 14.2 max 50.5
[nebula] [nebula-probe] t=61.3 pos=62.0,2.5,-26.5 cell=0,0,0 origin=0,0,0 replicas=41 dmin=2.9 dmax=126.3 limit=160.0 speed=0.0 beyond=0 dup=0 chunks=0 orphans=0 carrierless=0 spawns=46 despawns=4 pawn=1
[nebula] [nebula-probe] t=62.3 pos=62.0,2.5,-26.5 cell=0,0,0 origin=0,0,0 replicas=41 dmin=2.9 dmax=124.1 limit=160.0 speed=0.0 beyond=0 dup=0 chunks=0 orphans=0 carrierless=0 spawns=46 despawns=4 pawn=1
[nebula] [nebula-probe] t=63.3 pos=62.0,2.5,-26.5 cell=0,0,0 origin=0,0,0 replicas=41 dmin=2.9 dmax=124.6 limit=160.0 speed=0.0 beyond=0 dup=0 chunks=0 orphans=0 carrierless=0 spawns=46 despawns=4 pawn=1
[nebula] [nebula-probe] t=64.3 pos=62.0,2.5,-26.5 cell=0,0,0 origin=0,0,0 replicas=41 dmin=2.9 dmax=125.8 limit=160.0 speed=0.0 beyond=0 dup=0 chunks=0 orphans=0 carrierless=0 spawns=46 despawns=4 pawn=1
[nebula] [nebula-probe] t=65.3 pos=62.0,2.5,-26.5 cell=0,0,0 origin=0,0,0 replicas=41 dmin=2.9 dmax=126.6 limit=160.0 speed=0.0 beyond=0 dup=0 chunks=0 orphans=0 carrierless=0 spawns=46 despawns=4 pawn=1
[nebula] client 2124 fps replicas 42 (+0.0/s -0.0/s) entities 42 in 192 pkt/s 18.3 KB/s 183 states/s (msgs: state 118 rpc 8 vars 6) rtt 0ms lead 3 (adj 0, worker saw 6) corrections 0 | full-rate interp: depth 2.4 ticks, starved 0.0% worst +0.0 | frame max 3.4ms fixed/frame max 1 | gaps>3t 2 worst 23t | render delay 4t (stream lag 1t) | snapshot age ms min 2.2 avg 7.0 max 42.6
[nebula] [nebula-probe] t=66.3 pos=62.0,2.5,-26.5 cell=0,0,0 origin=0,0,0 replicas=41 dmin=2.9 dmax=125.5 limit=160.0 speed=0.0 beyond=0 dup=0 chunks=0 orphans=0 carrierless=0 spawns=46 despawns=4 pawn=1
[nebula] [nebula-probe] t=67.3 pos=62.0,2.5,-26.5 cell=0,0,0 origin=0,0,0 replicas=41 dmin=2.9 dmax=125.4 limit=160.0 speed=0.0 beyond=0 dup=0 chunks=0 orphans=0 carrierless=0 spawns=46 despawns=4 pawn=1
[nebula] [nebula-probe] t=68.3 pos=62.0,2.5,-26.5 cell=0,0,0 origin=0,0,0 replicas=41 dmin=2.9 dmax=125.3 limit=160.0 speed=0.0 beyond=0 dup=0 chunks=0 orphans=0 carrierless=0 spawns=46 despawns=4 pawn=1
[nebula] [nebula-probe] t=69.3 pos=62.6,2.5,-28.3 cell=0,0,0 origin=0,0,0 replicas=41 dmin=3.3 dmax=127.3 limit=163.1 speed=2.0 beyond=0 dup=0 chunks=0 orphans=0 carrierless=0 spawns=46 despawns=4 pawn=1
[nebula] [nebula-probe] t=70.3 pos=62.6,2.5,-28.3 cell=0,0,0 origin=0,0,0 replicas=41 dmin=3.3 dmax=131.0 limit=160.0 speed=0.0 beyond=0 dup=0 chunks=0 orphans=0 carrierless=0 spawns=46 despawns=4 pawn=1
[nebula] client 2143 fps replicas 42 (+0.0/s -0.0/s) entities 42 in 221 pkt/s 21.0 KB/s 247 states/s (msgs: state 146 rpc 9 vars 5) rtt 0ms lead 3 (adj 0, worker saw 6) corrections 0 | full-rate interp: depth 2.8 ticks, starved 0.0% worst +0.0 | frame max 4.4ms fixed/frame max 1 | gaps>3t 1 worst 14t | render delay 4t (stream lag 1t) | snapshot age ms min 2.6 avg 8.3 max 39.2
[nebula] [nebula-probe] t=71.3 pos=62.6,2.5,-28.1 cell=0,0,0 origin=0,0,0 replicas=41 dmin=3.2 dmax=131.7 limit=160.5 speed=0.3 beyond=0 dup=0 chunks=0 orphans=0 carrierless=0 spawns=46 despawns=4 pawn=1
[nebula] [nebula-probe] t=72.3 pos=62.6,2.5,-28.0 cell=0,0,0 origin=0,0,0 replicas=41 dmin=3.2 dmax=131.2 limit=160.1 speed=0.0 beyond=0 dup=0 chunks=0 orphans=0 carrierless=0 spawns=46 despawns=4 pawn=1
[nebula] [nebula-probe] t=73.3 pos=62.6,2.5,-27.5 cell=0,0,0 origin=0,0,0 replicas=41 dmin=3.2 dmax=131.4 limit=160.7 speed=0.5 beyond=0 dup=0 chunks=0 orphans=0 carrierless=0 spawns=46 despawns=4 pawn=1
[nebula] [nebula-probe] t=74.3 pos=61.9,2.5,-26.5 cell=0,0,0 origin=0,0,0 replicas=41 dmin=2.9 dmax=130.0 limit=162.0 speed=1.3 beyond=0 dup=0 chunks=0 orphans=0 carrierless=0 spawns=46 despawns=4 pawn=1
[nebula] [nebula-probe] t=75.3 pos=61.9,2.5,-26.5 cell=0,0,0 origin=0,0,0 replicas=41 dmin=2.9 dmax=130.2 limit=160.0 speed=0.0 beyond=0 dup=0 chunks=0 orphans=0 carrierless=0 spawns=46 despawns=4 pawn=1
[nebula] client 2076 fps replicas 42 (+0.0/s -0.0/s) entities 42 in 205 pkt/s 19.4 KB/s 195 states/s (msgs: state 122 rpc 16 vars 10) rtt 0ms lead 3 (adj 0, worker saw 6) corrections 0 | full-rate interp: depth 3.5 ticks, starved 0.0% worst +1.1 | frame max 4.4ms fixed/frame max 1 | gaps>3t 2 worst 101t | render delay 5t (stream lag 2t) | snapshot age ms min 3.0 avg 9.1 max 48.8
[nebula] [nebula-probe] t=76.3 pos=61.9,2.5,-26.5 cell=0,0,0 origin=0,0,0 replicas=41 dmin=2.9 dmax=128.2 limit=160.0 speed=0.0 beyond=0 dup=0 chunks=0 orphans=0 carrierless=0 spawns=46 despawns=4 pawn=1
[nebula] [nebula-probe] t=77.3 pos=61.9,2.5,-26.5 cell=0,0,0 origin=0,0,0 replicas=41 dmin=2.9 dmax=128.2 limit=160.0 speed=0.0 beyond=0 dup=0 chunks=0 orphans=0 carrierless=0 spawns=46 despawns=4 pawn=1
[nebula] [nebula-probe] t=78.3 pos=62.3,2.5,-27.3 cell=0,0,0 origin=0,0,0 replicas=41 dmin=3.0 dmax=129.0 limit=161.5 speed=0.9 beyond=0 dup=0 chunks=0 orphans=0 carrierless=0 spawns=46 despawns=4 pawn=1
[nebula] [nebula-probe] t=79.3 pos=62.0,2.5,-29.0 cell=0,0,0 origin=0,0,0 replicas=41 dmin=2.9 dmax=125.5 limit=162.8 speed=1.7 beyond=0 dup=0 chunks=0 orphans=0 carrierless=0 spawns=46 despawns=4 pawn=1
[nebula] [nebula-probe] t=80.3 pos=62.0,2.5,-29.0 cell=0,0,0 origin=0,0,0 replicas=41 dmin=2.9 dmax=124.4 limit=160.0 speed=0.0 beyond=0 dup=0 chunks=0 orphans=0 carrierless=0 spawns=46 despawns=4 pawn=1
[nebula] client 2125 fps replicas 42 (+0.0/s -0.0/s) entities 42 in 196 pkt/s 17.5 KB/s 149 states/s (msgs: state 115 rpc 12 vars 9) rtt 0ms lead 3 (adj 0, worker saw 6) corrections 0 | full-rate interp: depth 3.0 ticks, starved 0.0% worst +0.0 | frame max 3.7ms fixed/frame max 1 | gaps>3t 2 worst 85t | render delay 5t (stream lag 2t) | snapshot age ms min 5.4 avg 9.9 max 39.1
[nebula] [nebula-probe] t=81.3 pos=62.0,2.5,-29.0 cell=0,0,0 origin=0,0,0 replicas=41 dmin=2.9 dmax=127.3 limit=160.0 speed=0.0 beyond=0 dup=0 chunks=0 orphans=0 carrierless=0 spawns=46 despawns=4 pawn=1
[nebula] [nebula-probe] t=82.3 pos=62.0,2.5,-29.0 cell=0,0,0 origin=0,0,0 replicas=41 dmin=2.9 dmax=124.0 limit=160.0 speed=0.0 beyond=0 dup=0 chunks=0 orphans=0 carrierless=0 spawns=46 despawns=4 pawn=1
[nebula] [nebula-probe] t=83.3 pos=62.0,2.5,-26.5 cell=0,0,0 origin=0,0,0 replicas=41 dmin=2.9 dmax=123.3 limit=164.0 speed=2.5 beyond=0 dup=0 chunks=0 orphans=0 carrierless=0 spawns=46 despawns=4 pawn=1
[nebula] [nebula-probe] t=84.3 pos=62.0,2.5,-26.5 cell=0,0,0 origin=0,0,0 replicas=41 dmin=2.9 dmax=124.0 limit=160.0 speed=0.0 beyond=0 dup=0 chunks=0 orphans=0 carrierless=0 spawns=46 despawns=4 pawn=1
[nebula] [nebula-probe] t=85.3 pos=62.0,2.5,-26.5 cell=0,0,0 origin=0,0,0 replicas=41 dmin=2.9 dmax=124.1 limit=160.0 speed=0.0 beyond=0 dup=0 chunks=0 orphans=0 carrierless=0 spawns=46 despawns=4 pawn=1
[nebula] client 2094 fps replicas 42 (+0.0/s -0.0/s) entities 42 in 200 pkt/s 18.8 KB/s 188 states/s (msgs: state 120 rpc 12 vars 7) rtt 0ms lead 3 (adj 0, worker saw 6) corrections 0 | full-rate interp: depth 3.5 ticks, starved 0.0% worst +0.0 | frame max 3.5ms fixed/frame max 1 | gaps>3t 2 worst 85t | render delay 3t (stream lag 0t) | snapshot age ms min 6.0 avg 10.1 max 44.1
[nebula] [nebula-probe] t=86.3 pos=62.0,2.5,-26.5 cell=0,0,0 origin=0,0,0 replicas=41 dmin=2.9 dmax=124.2 limit=160.0 speed=0.0 beyond=0 dup=0 chunks=0 orphans=0 carrierless=0 spawns=46 despawns=4 pawn=1
[nebula] [nebula-probe] t=87.3 pos=62.0,2.5,-26.5 cell=0,0,0 origin=0,0,0 replicas=41 dmin=2.9 dmax=124.3 limit=160.0 speed=0.0 beyond=0 dup=0 chunks=0 orphans=0 carrierless=0 spawns=46 despawns=4 pawn=1
[nebula] [nebula-probe] t=88.3 pos=62.0,2.5,-26.5 cell=0,0,0 origin=0,0,0 replicas=41 dmin=2.9 dmax=124.0 limit=160.0 speed=0.0 beyond=0 dup=0 chunks=0 orphans=0 carrierless=0 spawns=46 despawns=4 pawn=1
[nebula] [nebula-probe] t=89.3 pos=62.0,2.5,-26.5 cell=0,0,0 origin=0,0,0 replicas=41 dmin=2.9 dmax=123.8 limit=160.0 speed=0.0 beyond=0 dup=0 chunks=0 orphans=0 carrierless=0 spawns=46 despawns=4 pawn=1
[nebula] [nebula-probe] t=90.3 pos=62.0,2.5,-26.5 cell=0,0,0 origin=0,0,0 replicas=41 dmin=2.9 dmax=123.7 limit=160.0 speed=0.0 beyond=0 dup=0 chunks=0 orphans=0 carrierless=0 spawns=46 despawns=4 pawn=1
[nebula] client 2097 fps replicas 42 (+0.0/s -0.0/s) entities 42 in 200 pkt/s 20.3 KB/s 234 states/s (msgs: state 122 rpc 10 vars 7) rtt 0ms lead 3 (adj 0, worker saw 6) corrections 0 | full-rate interp: depth 2.7 ticks, starved 0.0% worst +0.0 | frame max 4.8ms fixed/frame max 1 | gaps>3t 2 worst 54t | render delay 4t (stream lag 1t) | snapshot age ms min 5.8 avg 9.8 max 42.9
[nebula] [nebula-probe] t=91.3 pos=62.0,2.5,-26.5 cell=0,0,0 origin=0,0,0 replicas=41 dmin=2.9 dmax=124.1 limit=160.0 speed=0.0 beyond=0 dup=0 chunks=0 orphans=0 carrierless=0 spawns=46 despawns=4 pawn=1
[nebula] [nebula-probe] t=92.3 pos=62.0,2.5,-26.5 cell=0,0,0 origin=0,0,0 replicas=41 dmin=2.9 dmax=126.1 limit=160.0 speed=0.0 beyond=0 dup=0 chunks=0 orphans=0 carrierless=0 spawns=46 despawns=4 pawn=1
[nebula] [nebula-probe] t=93.3 pos=62.1,2.5,-26.8 cell=0,0,0 origin=0,0,0 replicas=41 dmin=2.9 dmax=131.3 limit=160.6 speed=0.4 beyond=0 dup=0 chunks=0 orphans=0 carrierless=0 spawns=46 despawns=4 pawn=1
[nebula] [nebula-probe] t=94.3 pos=62.0,2.5,-29.0 cell=0,0,0 origin=0,0,0 replicas=41 dmin=2.9 dmax=127.4 limit=163.5 speed=2.2 beyond=0 dup=0 chunks=0 orphans=0 carrierless=0 spawns=46 despawns=4 pawn=1
[nebula] [nebula-probe] t=95.3 pos=62.0,2.5,-29.0 cell=0,0,0 origin=0,0,0 replicas=41 dmin=2.9 dmax=123.4 limit=160.0 speed=0.0 beyond=0 dup=0 chunks=0 orphans=0 carrierless=0 spawns=46 despawns=4 pawn=1
[nebula] client 2046 fps replicas 42 (+0.0/s -0.0/s) entities 42 in 209 pkt/s 21.1 KB/s 254 states/s (msgs: state 132 rpc 10 vars 6) rtt 0ms lead 3 (adj 0, worker saw 6) corrections 0 | full-rate interp: depth 3.0 ticks, starved 0.0% worst +0.0 | frame max 3.0ms fixed/frame max 1 | gaps>3t 2 worst 82t | render delay 3t (stream lag 0t) | snapshot age ms min 6.1 avg 10.2 max 47.9
[nebula] [nebula-probe] t=96.3 pos=62.0,2.5,-29.0 cell=0,0,0 origin=0,0,0 replicas=41 dmin=2.9 dmax=119.2 limit=160.0 speed=0.0 beyond=0 dup=0 chunks=0 orphans=0 carrierless=0 spawns=46 despawns=4 pawn=1
[nebula] [nebula-probe] t=97.3 pos=61.9,2.5,-29.0 cell=0,0,0 origin=0,0,0 replicas=41 dmin=2.9 dmax=118.6 limit=160.0 speed=0.0 beyond=0 dup=0 chunks=0 orphans=0 carrierless=0 spawns=46 despawns=4 pawn=1
[nebula] [nebula-probe] t=98.3 pos=62.0,2.5,-26.5 cell=0,0,0 origin=0,0,0 replicas=41 dmin=2.9 dmax=115.4 limit=164.0 speed=2.5 beyond=0 dup=0 chunks=0 orphans=0 carrierless=0 spawns=46 despawns=4 pawn=1
[nebula] [nebula-probe] t=99.3 pos=62.0,2.5,-26.5 cell=0,0,0 origin=0,0,0 replicas=41 dmin=2.9 dmax=115.4 limit=160.0 speed=0.0 beyond=0 dup=0 chunks=0 orphans=0 carrierless=0 spawns=46 despawns=4 pawn=1
[nebula] [nebula-probe] t=100.3 pos=62.0,2.5,-26.5 cell=0,0,0 origin=0,0,0 replicas=41 dmin=2.9 dmax=115.4 limit=160.0 speed=0.0 beyond=0 dup=0 chunks=0 orphans=0 carrierless=0 spawns=46 despawns=4 pawn=1
[nebula] client 2076 fps replicas 42 (+0.0/s -0.0/s) entities 42 in 210 pkt/s 22.9 KB/s 239 states/s (msgs: state 139 rpc 11 vars 6) rtt 0ms lead 4 (adj 1, worker saw 7) corrections 0 | full-rate interp: depth 2.9 ticks, starved 0.0% worst +1.0 | frame max 7.0ms fixed/frame max 1 | gaps>3t 3 worst 85t | render delay 4t (stream lag 1t) | snapshot age ms min 6.2 avg 14.1 max 44.5
[nebula] [nebula-probe] t=101.3 pos=62.0,2.5,-26.5 cell=0,0,0 origin=0,0,0 replicas=41 dmin=2.9 dmax=119.0 limit=160.0 speed=0.0 beyond=0 dup=0 chunks=0 orphans=0 carrierless=0 spawns=46 despawns=4 pawn=1
[nebula] [nebula-probe] t=102.3 pos=62.0,2.5,-26.5 cell=0,0,0 origin=0,0,0 replicas=41 dmin=2.9 dmax=124.8 limit=160.0 speed=0.0 beyond=0 dup=0 chunks=0 orphans=0 carrierless=0 spawns=46 despawns=4 pawn=1
[nebula] [nebula-probe] t=103.3 pos=62.0,2.5,-26.5 cell=0,0,0 origin=0,0,0 replicas=41 dmin=2.9 dmax=130.6 limit=160.0 speed=0.0 beyond=0 dup=0 chunks=0 orphans=0 carrierless=0 spawns=46 despawns=4 pawn=1
[nebula] [nebula-probe] t=104.3 pos=62.0,2.6,-26.5 cell=0,0,0 origin=0,0,0 replicas=41 dmin=2.9 dmax=135.3 limit=160.1 speed=0.0 beyond=0 dup=0 chunks=0 orphans=0 carrierless=0 spawns=46 despawns=4 pawn=1
[nebula] [nebula-probe] t=105.3 pos=62.0,2.5,-26.5 cell=0,0,0 origin=0,0,0 replicas=41 dmin=2.9 dmax=137.2 limit=160.1 speed=0.0 beyond=0 dup=0 chunks=0 orphans=0 carrierless=0 spawns=46 despawns=4 pawn=1
[nebula] client 2075 fps replicas 42 (+0.0/s -0.0/s) entities 42 in 179 pkt/s 27.4 KB/s 271 states/s (msgs: state 125 rpc 10 vars 5) rtt 0ms lead 3 (adj 0, worker saw 6) corrections 2 last 0.11m | full-rate interp: depth 2.8 ticks, starved 0.0% worst +0.0 | frame max 4.2ms fixed/frame max 1 | gaps>3t 2 worst 31t | render delay 3t (stream lag 0t) | snapshot age ms min 3.0 avg 13.6 max 43.8
[nebula] [nebula-probe] t=106.3 pos=62.0,2.5,-26.5 cell=0,0,0 origin=0,0,0 replicas=41 dmin=2.9 dmax=136.0 limit=160.0 speed=0.0 beyond=0 dup=0 chunks=0 orphans=0 carrierless=0 spawns=46 despawns=4 pawn=1
[nebula] [nebula-probe] t=107.3 pos=62.0,2.5,-26.5 cell=0,0,0 origin=0,0,0 replicas=41 dmin=2.9 dmax=136.2 limit=160.0 speed=0.0 beyond=0 dup=0 chunks=0 orphans=0 carrierless=0 spawns=46 despawns=4 pawn=1
[nebula] [nebula-probe] t=108.3 pos=62.1,2.5,-26.7 cell=0,0,0 origin=0,0,0 replicas=41 dmin=2.9 dmax=135.7 limit=160.3 speed=0.2 beyond=0 dup=0 chunks=0 orphans=0 carrierless=0 spawns=46 despawns=4 pawn=1
[nebula] [nebula-probe] t=109.3 pos=62.0,2.5,-29.0 cell=0,0,0 origin=0,0,0 replicas=41 dmin=2.9 dmax=136.5 limit=163.8 speed=2.3 beyond=0 dup=0 chunks=0 orphans=0 carrierless=0 spawns=46 despawns=4 pawn=1
[nebula] [nebula-probe] t=110.3 pos=62.0,2.5,-29.0 cell=0,0,0 origin=0,0,0 replicas=41 dmin=2.9 dmax=138.7 limit=160.0 speed=0.0 beyond=0 dup=0 chunks=0 orphans=0 carrierless=0 spawns=46 despawns=4 pawn=1
[nebula] client 2082 fps replicas 42 (+0.0/s -0.0/s) entities 42 in 181 pkt/s 18.9 KB/s 220 states/s (msgs: state 110 rpc 9 vars 7) rtt 0ms lead 3 (adj 0, worker saw 6) corrections 0 | full-rate interp: depth 2.3 ticks, starved 0.2% worst +1.5 | frame max 3.7ms fixed/frame max 1 | gaps>3t 2 worst 66t | render delay 5t (stream lag 2t) | snapshot age ms min 5.7 avg 9.5 max 46.3
[nebula] [nebula-probe] t=111.3 pos=62.0,2.5,-29.0 cell=0,0,0 origin=0,0,0 replicas=41 dmin=2.9 dmax=135.3 limit=160.0 speed=0.0 beyond=0 dup=0 chunks=0 orphans=0 carrierless=0 spawns=46 despawns=4 pawn=1
[nebula] [nebula-probe] t=112.3 pos=62.0,2.5,-29.0 cell=0,0,0 origin=0,0,0 replicas=41 dmin=2.9 dmax=129.6 limit=160.0 speed=0.0 beyond=0 dup=0 chunks=0 orphans=0 carrierless=0 spawns=46 despawns=4 pawn=1
[nebula] [nebula-probe] t=113.3 pos=62.5,2.5,-27.9 cell=0,0,0 origin=0,0,0 replicas=41 dmin=3.1 dmax=123.8 limit=162.0 speed=1.2 beyond=0 dup=0 chunks=0 orphans=0 carrierless=0 spawns=46 despawns=4 pawn=1
[nebula] [nebula-probe] t=114.3 pos=62.0,2.5,-26.5 cell=0,0,0 origin=0,0,0 replicas=41 dmin=2.9 dmax=117.2 limit=162.3 speed=1.5 beyond=0 dup=0 chunks=0 orphans=0 carrierless=0 spawns=46 despawns=4 pawn=1
[nebula] [nebula-probe] t=115.3 pos=62.0,2.5,-26.5 cell=0,0,0 origin=0,0,0 replicas=41 dmin=2.9 dmax=115.4 limit=160.0 speed=0.0 beyond=0 dup=0 chunks=0 orphans=0 carrierless=0 spawns=46 despawns=4 pawn=1
[nebula] client 2121 fps replicas 42 (+0.0/s -0.0/s) entities 42 in 178 pkt/s 18.1 KB/s 195 states/s (msgs: state 102 rpc 12 vars 8) rtt 0ms lead 3 (adj 0, worker saw 6) corrections 0 | full-rate interp: depth 2.5 ticks, starved 0.7% worst +2.0 | frame max 4.5ms fixed/frame max 1 | gaps>3t 2 worst 54t | render delay 4t (stream lag 1t) | snapshot age ms min 5.9 avg 8.7 max 29.4
[nebula] [nebula-probe] t=116.3 pos=62.0,2.5,-26.5 cell=0,0,0 origin=0,0,0 replicas=41 dmin=2.9 dmax=115.4 limit=160.0 speed=0.0 beyond=0 dup=0 chunks=0 orphans=0 carrierless=0 spawns=46 despawns=4 pawn=1
[nebula] [nebula-probe] t=117.3 pos=62.6,2.5,-26.5 cell=0,0,0 origin=0,0,0 replicas=41 dmin=3.5 dmax=116.0 limit=161.0 speed=0.6 beyond=0 dup=0 chunks=0 orphans=0 carrierless=0 spawns=46 despawns=4 pawn=1
[nebula] [nebula-probe] t=118.3 pos=62.6,2.5,-27.7 cell=0,0,0 origin=0,0,0 replicas=41 dmin=3.2 dmax=116.4 limit=161.9 speed=1.2 beyond=0 dup=0 chunks=0 orphans=0 carrierless=0 spawns=46 despawns=4 pawn=1
[nebula] [nebula-probe] t=119.3 pos=62.6,2.5,-27.9 cell=0,0,0 origin=0,0,0 replicas=41 dmin=3.2 dmax=118.4 limit=160.4 speed=0.3 beyond=0 dup=0 chunks=0 orphans=0 carrierless=0 spawns=46 despawns=4 pawn=1
[nebula] [nebula-probe] t=120.3 pos=62.6,2.5,-28.0 cell=0,0,0 origin=0,0,0 replicas=41 dmin=3.2 dmax=119.5 limit=160.1 speed=0.0 beyond=0 dup=0 chunks=0 orphans=0 carrierless=0 spawns=46 despawns=4 pawn=1
[nebula] client 2127 fps replicas 42 (+0.0/s -0.0/s) entities 42 in 192 pkt/s 20.3 KB/s 246 states/s (msgs: state 116 rpc 11 vars 6) rtt 0ms lead 3 (adj 0, worker saw 7) corrections 0 | full-rate interp: depth 3.3 ticks, starved 0.0% worst +0.0 | frame max 4.6ms fixed/frame max 1 | gaps>3t 0 worst 0t | render delay 4t (stream lag 1t) | snapshot age ms min 5.8 avg 11.0 max 49.8
[nebula] [nebula-probe] t=121.3 pos=62.6,2.5,-27.5 cell=0,0,0 origin=0,0,0 replicas=41 dmin=3.3 dmax=119.2 limit=160.8 speed=0.5 beyond=0 dup=0 chunks=0 orphans=0 carrierless=0 spawns=46 despawns=4 pawn=1
[nebula] [nebula-probe] t=122.3 pos=62.0,2.5,-26.5 cell=0,0,0 origin=0,0,0 replicas=41 dmin=2.9 dmax=115.4 limit=161.9 speed=1.2 beyond=0 dup=0 chunks=0 orphans=0 carrierless=0 spawns=46 despawns=4 pawn=1
[nebula] [nebula-probe] t=123.3 pos=62.0,2.5,-26.5 cell=0,0,0 origin=0,0,0 replicas=41 dmin=2.9 dmax=115.4 limit=160.0 speed=0.0 beyond=0 dup=0 chunks=0 orphans=0 carrierless=0 spawns=46 despawns=4 pawn=1
[nebula] [nebula-probe] t=124.3 pos=62.0,2.5,-26.5 cell=0,0,0 origin=0,0,0 replicas=41 dmin=2.9 dmax=115.4 limit=160.0 speed=0.0 beyond=0 dup=0 chunks=0 orphans=0 carrierless=0 spawns=46 despawns=4 pawn=1
[nebula] [nebula-probe] t=125.3 pos=62.0,2.5,-26.5 cell=0,0,0 origin=0,0,0 replicas=41 dmin=2.9 dmax=115.4 limit=160.0 speed=0.0 beyond=0 dup=0 chunks=0 orphans=0 carrierless=0 spawns=46 despawns=4 pawn=1
[nebula] client 2125 fps replicas 42 (+0.0/s -0.0/s) entities 42 in 188 pkt/s 19.9 KB/s 246 states/s (msgs: state 117 rpc 7 vars 6) rtt 0ms lead 3 (adj 0, worker saw 7) corrections 0 | full-rate interp: depth 2.9 ticks, starved 0.1% worst +1.5 | frame max 3.7ms fixed/frame max 1 | gaps>3t 2 worst 30t | render delay 4t (stream lag 1t) | snapshot age ms min 5.8 avg 12.2 max 48.6
[nebula] [nebula-probe] t=126.3 pos=62.0,2.5,-26.5 cell=0,0,0 origin=0,0,0 replicas=41 dmin=2.9 dmax=115.4 limit=160.0 speed=0.0 beyond=0 dup=0 chunks=0 orphans=0 carrierless=0 spawns=46 despawns=4 pawn=1
[nebula] [nebula-probe] t=127.3 pos=62.0,2.5,-26.5 cell=0,0,0 origin=0,0,0 replicas=41 dmin=2.9 dmax=115.4 limit=160.0 speed=0.0 beyond=0 dup=0 chunks=0 orphans=0 carrierless=0 spawns=46 despawns=4 pawn=1
[nebula] [nebula-probe] t=128.3 pos=62.0,2.5,-26.5 cell=0,0,0 origin=0,0,0 replicas=41 dmin=2.9 dmax=115.4 limit=160.0 speed=0.0 beyond=0 dup=0 chunks=0 orphans=0 carrierless=0 spawns=46 despawns=4 pawn=1
[nebula] [nebula-probe] t=129.3 pos=62.0,2.5,-26.5 cell=0,0,0 origin=0,0,0 replicas=41 dmin=2.9 dmax=115.4 limit=160.0 speed=0.0 beyond=0 dup=0 chunks=0 orphans=0 carrierless=0 spawns=46 despawns=4 pawn=1
[nebula] [nebula-probe] t=130.3 pos=56.9,2.8,-28.1 cell=0,0,0 origin=0,0,0 replicas=41 dmin=2.5 dmax=111.0 limit=168.6 speed=5.3 beyond=0 dup=0 chunks=0 orphans=0 carrierless=0 spawns=46 despawns=4 pawn=1
[nebula] client 2069 fps replicas 42 (+0.0/s -0.0/s) entities 42 in 188 pkt/s 24.3 KB/s 272 states/s (msgs: state 120 rpc 10 vars 9) rtt 0ms lead 3 (adj 0, worker saw 7) corrections 15 last 0.10m | full-rate interp: depth 2.9 ticks, starved 0.0% worst +0.0 | frame max 4.6ms fixed/frame max 1 | gaps>3t 1 worst 14t | render delay 4t (stream lag 1t) | snapshot age ms min 4.7 avg 14.1 max 42.0
[nebula] [nebula-probe] t=131.3 pos=56.5,2.8,-30.7 cell=0,0,0 origin=0,0,0 replicas=41 dmin=4.1 dmax=111.5 limit=164.2 speed=2.6 beyond=0 dup=0 chunks=0 orphans=0 carrierless=0 spawns=46 despawns=4 pawn=1
[nebula] [nebula-probe] t=132.3 pos=56.5,2.8,-30.7 cell=0,0,0 origin=0,0,0 replicas=41 dmin=4.1 dmax=111.5 limit=160.0 speed=0.0 beyond=0 dup=0 chunks=0 orphans=0 carrierless=0 spawns=46 despawns=4 pawn=1
[nebula] [nebula-probe] t=133.3 pos=56.5,2.8,-30.7 cell=0,0,0 origin=0,0,0 replicas=42 dmin=4.1 dmax=111.5 limit=160.0 speed=0.0 beyond=0 dup=0 chunks=0 orphans=0 carrierless=0 spawns=47 despawns=4 pawn=1
[nebula] [nebula-probe] t=134.3 pos=62.3,2.6,-28.8 cell=0,0,0 origin=0,0,0 replicas=42 dmin=3.1 dmax=116.4 limit=169.7 speed=6.1 beyond=0 dup=0 chunks=0 orphans=0 carrierless=0 spawns=47 despawns=4 pawn=1
[nebula] [nebula-probe] t=135.3 pos=62.0,2.6,-29.0 cell=0,0,0 origin=0,0,0 replicas=42 dmin=2.9 dmax=116.1 limit=160.7 speed=0.4 beyond=0 dup=0 chunks=0 orphans=0 carrierless=0 spawns=47 despawns=4 pawn=1
[nebula] client 2119 fps replicas 43 (+0.2/s -0.0/s) entities 43 in 202 pkt/s 20.9 KB/s 171 states/s (msgs: state 127 rpc 13 vars 11) rtt 0ms lead 3 (adj 0, worker saw 6) corrections 5 last 0.05m | full-rate interp: depth 3.0 ticks, starved 0.0% worst +0.0 | frame max 3.3ms fixed/frame max 1 | gaps>3t 2 worst 176t | render delay 4t (stream lag 1t) | snapshot age ms min 2.0 avg 13.1 max 39.3
[nebula] [nebula-probe] t=136.3 pos=62.0,2.6,-29.0 cell=0,0,0 origin=0,0,0 replicas=42 dmin=2.9 dmax=116.1 limit=160.0 speed=0.0 beyond=0 dup=0 chunks=0 orphans=0 carrierless=0 spawns=47 despawns=4 pawn=1
[nebula] [nebula-probe] t=137.3 pos=62.0,3.3,-29.0 cell=0,0,0 origin=0,0,0 replicas=42 dmin=2.9 dmax=116.1 limit=161.1 speed=0.7 beyond=0 dup=0 chunks=0 orphans=0 carrierless=0 spawns=47 despawns=4 pawn=1
[nebula] [nebula-probe] t=138.3 pos=62.0,2.6,-29.0 cell=0,0,0 origin=0,0,0 replicas=42 dmin=2.9 dmax=116.1 limit=161.1 speed=0.7 beyond=0 dup=0 chunks=0 orphans=0 carrierless=0 spawns=47 despawns=4 pawn=1
[nebula] [nebula-probe] t=139.3 pos=62.0,2.6,-29.0 cell=0,0,0 origin=0,0,0 replicas=42 dmin=2.9 dmax=116.1 limit=160.0 speed=0.0 beyond=0 dup=0 chunks=0 orphans=0 carrierless=0 spawns=47 despawns=4 pawn=1
[nebula] [nebula-probe] t=140.3 pos=62.0,2.6,-29.0 cell=0,0,0 origin=0,0,0 replicas=42 dmin=2.9 dmax=116.1 limit=160.0 speed=0.0 beyond=0 dup=0 chunks=0 orphans=0 carrierless=0 spawns=47 despawns=4 pawn=1
[nebula] client 2075 fps replicas 43 (+0.0/s -0.0/s) entities 43 in 226 pkt/s 20.1 KB/s 212 states/s (msgs: state 150 rpc 10 vars 7) rtt 0ms lead 3 (adj 0, worker saw 6) corrections 0 | full-rate interp: depth 3.4 ticks, starved 0.0% worst +0.0 | frame max 6.0ms fixed/frame max 1 | gaps>3t 4 worst 129t | render delay 4t (stream lag 1t) | snapshot age ms min 1.9 avg 9.9 max 46.2
[nebula] [nebula-probe] t=141.3 pos=62.0,2.6,-29.0 cell=0,0,0 origin=0,0,0 replicas=42 dmin=2.9 dmax=116.1 limit=160.0 speed=0.0 beyond=0 dup=0 chunks=0 orphans=0 carrierless=0 spawns=47 despawns=4 pawn=1
[nebula] [nebula-probe] t=142.3 pos=62.0,2.6,-29.0 cell=0,0,0 origin=0,0,0 replicas=42 dmin=2.9 dmax=116.1 limit=160.0 speed=0.0 beyond=0 dup=0 chunks=0 orphans=0 carrierless=0 spawns=47 despawns=4 pawn=1
[nebula] [nebula-probe] t=143.3 pos=62.0,3.3,-29.0 cell=0,0,0 origin=0,0,0 replicas=42 dmin=2.9 dmax=116.2 limit=161.1 speed=0.7 beyond=0 dup=0 chunks=0 orphans=0 carrierless=0 spawns=47 despawns=4 pawn=1
[nebula] [nebula-probe] t=144.3 pos=62.1,2.5,-26.5 cell=0,0,0 origin=0,0,0 replicas=42 dmin=3.0 dmax=115.5 limit=164.1 speed=2.6 beyond=0 dup=0 chunks=0 orphans=0 carrierless=0 spawns=47 despawns=4 pawn=1
[nebula] [nebula-probe] t=145.3 pos=62.0,2.5,-26.5 cell=0,0,0 origin=0,0,0 replicas=42 dmin=2.9 dmax=115.4 limit=160.1 speed=0.1 beyond=0 dup=0 chunks=0 orphans=0 carrierless=0 spawns=47 despawns=4 pawn=1
[nebula] client 2121 fps replicas 43 (+0.0/s -0.0/s) entities 43 in 223 pkt/s 21.6 KB/s 248 states/s (msgs: state 141 rpc 13 vars 10) rtt 0ms lead 3 (adj 0, worker saw 6) corrections 0 | full-rate interp: depth 2.8 ticks, starved 0.0% worst +0.0 | frame max 3.1ms fixed/frame max 1 | gaps>3t 3 worst 131t | render delay 5t (stream lag 2t) | snapshot age ms min 2.0 avg 8.8 max 41.4
[nebula] [nebula-probe] t=146.3 pos=62.0,2.5,-26.5 cell=0,0,0 origin=0,0,0 replicas=42 dmin=2.9 dmax=115.4 limit=160.0 speed=0.0 beyond=0 dup=0 chunks=0 orphans=0 carrierless=0 spawns=47 despawns=4 pawn=1
[nebula] [nebula-probe] t=147.3 pos=62.0,2.5,-26.5 cell=0,0,0 origin=0,0,0 replicas=42 dmin=2.9 dmax=115.4 limit=160.0 speed=0.0 beyond=0 dup=0 chunks=0 orphans=0 carrierless=0 spawns=47 despawns=4 pawn=1
[nebula] [nebula-probe] t=148.3 pos=62.6,2.5,-26.9 cell=0,0,0 origin=0,0,0 replicas=42 dmin=3.3 dmax=116.2 limit=161.2 speed=0.8 beyond=0 dup=0 chunks=0 orphans=0 carrierless=0 spawns=47 despawns=4 pawn=1
[nebula] [nebula-probe] t=149.3 pos=62.6,2.5,-27.8 cell=0,0,0 origin=0,0,0 replicas=42 dmin=3.2 dmax=116.4 limit=161.4 speed=0.9 beyond=0 dup=0 chunks=0 orphans=0 carrierless=0 spawns=47 despawns=4 pawn=1
[nebula] [nebula-probe] t=150.3 pos=62.6,2.5,-28.0 cell=0,0,0 origin=0,0,0 replicas=42 dmin=3.2 dmax=116.4 limit=160.2 speed=0.2 beyond=0 dup=0 chunks=0 orphans=0 carrierless=0 spawns=47 despawns=4 pawn=1
[nebula] client 2144 fps replicas 43 (+0.0/s -0.0/s) entities 43 in 231 pkt/s 21.7 KB/s 253 states/s (msgs: state 152 rpc 12 vars 10) rtt 0ms lead 3 (adj 0, worker saw 6) corrections 0 | full-rate interp: depth 3.2 ticks, starved 0.0% worst +0.0 | frame max 3.2ms fixed/frame max 1 | gaps>3t 0 worst 0t | render delay 5t (stream lag 2t) | snapshot age ms min 2.6 avg 10.3 max 47.1
[nebula] [nebula-probe] t=151.3 pos=62.6,2.5,-28.0 cell=0,0,0 origin=0,0,0 replicas=42 dmin=3.2 dmax=116.4 limit=160.0 speed=0.0 beyond=0 dup=0 chunks=0 orphans=0 carrierless=0 spawns=47 despawns=4 pawn=1
[nebula] [nebula-probe] t=152.3 pos=62.6,2.5,-28.7 cell=0,0,0 origin=0,0,0 replicas=42 dmin=3.4 dmax=116.7 limit=161.2 speed=0.7 beyond=0 dup=0 chunks=0 orphans=0 carrierless=0 spawns=47 despawns=4 pawn=1
[nebula] [nebula-probe] t=153.3 pos=62.0,2.5,-29.0 cell=0,0,0 origin=0,0,0 replicas=42 dmin=2.9 dmax=116.1 limit=161.1 speed=0.7 beyond=0 dup=0 chunks=0 orphans=0 carrierless=0 spawns=47 despawns=4 pawn=1
[nebula] [nebula-probe] t=154.3 pos=62.0,2.5,-29.0 cell=0,0,0 origin=0,0,0 replicas=42 dmin=2.9 dmax=116.1 limit=160.0 speed=0.0 beyond=0 dup=0 chunks=0 orphans=0 carrierless=0 spawns=47 despawns=4 pawn=1
[nebula] [nebula-probe] t=155.3 pos=62.0,2.5,-29.0 cell=0,0,0 origin=0,0,0 replicas=42 dmin=2.9 dmax=116.1 limit=160.0 speed=0.0 beyond=0 dup=0 chunks=0 orphans=0 carrierless=0 spawns=47 despawns=4 pawn=1
[nebula] client 2131 fps replicas 43 (+0.0/s -0.0/s) entities 43 in 208 pkt/s 24.2 KB/s 274 states/s (msgs: state 137 rpc 11 vars 8) rtt 0ms lead 3 (adj 0, worker saw 7) corrections 0 | full-rate interp: depth 3.1 ticks, starved 0.0% worst +0.0 | frame max 3.5ms fixed/frame max 1 | gaps>3t 0 worst 0t | render delay 4t (stream lag 1t) | snapshot age ms min 2.3 avg 13.8 max 45.1
[nebula] [nebula-probe] t=156.3 pos=62.0,2.5,-29.0 cell=0,0,0 origin=0,0,0 replicas=42 dmin=2.9 dmax=116.1 limit=160.0 speed=0.0 beyond=0 dup=0 chunks=0 orphans=0 carrierless=0 spawns=47 despawns=4 pawn=1
[nebula] [nebula-probe] t=157.3 pos=62.6,2.6,-26.5 cell=0,0,0 origin=0,0,0 replicas=42 dmin=3.5 dmax=116.0 limit=164.1 speed=2.6 beyond=0 dup=0 chunks=0 orphans=0 carrierless=0 spawns=47 despawns=4 pawn=1
[nebula] [nebula-probe] t=158.3 pos=62.6,2.6,-27.6 cell=0,0,0 origin=0,0,0 replicas=42 dmin=3.2 dmax=116.3 limit=161.7 speed=1.1 beyond=0 dup=0 chunks=0 orphans=0 carrierless=0 spawns=47 despawns=4 pawn=1
[nebula] [nebula-probe] t=159.3 pos=62.6,2.6,-27.9 cell=0,0,0 origin=0,0,0 replicas=41 dmin=3.2 dmax=116.4 limit=160.5 speed=0.3 beyond=0 dup=0 chunks=0 orphans=0 carrierless=0 spawns=47 despawns=5 pawn=1
[nebula] [nebula-probe] t=160.3 pos=62.6,2.6,-28.0 cell=0,0,0 origin=0,0,0 replicas=41 dmin=3.2 dmax=116.4 limit=160.1 speed=0.1 beyond=0 dup=0 chunks=0 orphans=0 carrierless=0 spawns=47 despawns=5 pawn=1
[nebula] client 2099 fps replicas 42 (+0.0/s -0.2/s) entities 42 in 190 pkt/s 27.5 KB/s 266 states/s (msgs: state 132 rpc 9 vars 9) rtt 0ms lead 3 (adj 0, worker saw 6) corrections 2 last 0.12m | full-rate interp: depth 3.3 ticks, starved 0.0% worst +0.0 | frame max 5.3ms fixed/frame max 1 | gaps>3t 1 worst 5t | render delay 5t (stream lag 2t) | snapshot age ms min 3.9 avg 14.2 max 68.0
[nebula] [nebula-probe] t=161.3 pos=62.6,2.5,-28.0 cell=0,0,0 origin=0,0,0 replicas=41 dmin=3.2 dmax=116.4 limit=160.1 speed=0.0 beyond=0 dup=0 chunks=0 orphans=0 carrierless=0 spawns=47 despawns=5 pawn=1
[nebula] [nebula-probe] t=162.3 pos=62.6,2.5,-28.0 cell=0,0,0 origin=0,0,0 replicas=41 dmin=3.2 dmax=116.4 limit=160.0 speed=0.0 beyond=0 dup=0 chunks=0 orphans=0 carrierless=0 spawns=47 despawns=5 pawn=1
[nebula] [nebula-probe] t=163.3 pos=62.0,2.5,-29.0 cell=0,0,0 origin=0,0,0 replicas=41 dmin=2.9 dmax=116.1 limit=161.9 speed=1.2 beyond=0 dup=0 chunks=0 orphans=0 carrierless=0 spawns=47 despawns=5 pawn=1
[nebula] [nebula-probe] t=164.3 pos=62.0,2.5,-29.0 cell=0,0,0 origin=0,0,0 replicas=41 dmin=2.9 dmax=116.1 limit=160.0 speed=0.0 beyond=0 dup=0 chunks=0 orphans=0 carrierless=0 spawns=47 despawns=5 pawn=1
[nebula] [nebula-probe] t=165.3 pos=62.0,2.5,-29.0 cell=0,0,0 origin=0,0,0 replicas=41 dmin=2.9 dmax=116.1 limit=160.0 speed=0.0 beyond=0 dup=0 chunks=0 orphans=0 carrierless=0 spawns=47 despawns=5 pawn=1
[nebula] client 2079 fps replicas 42 (+0.0/s -0.0/s) entities 42 in 200 pkt/s 22.3 KB/s 264 states/s (msgs: state 121 rpc 14 vars 10) rtt 0ms lead 3 (adj 0, worker saw 6) corrections 0 | full-rate interp: depth 3.9 ticks, starved 0.0% worst +0.0 | frame max 5.6ms fixed/frame max 1 | gaps>3t 0 worst 0t | render delay 6t (stream lag 3t) | snapshot age ms min 2.3 avg 13.4 max 62.4
[nebula] [nebula-probe] t=166.3 pos=62.0,2.5,-29.0 cell=0,0,0 origin=0,0,0 replicas=41 dmin=2.9 dmax=116.1 limit=160.0 speed=0.0 beyond=0 dup=0 chunks=0 orphans=0 carrierless=0 spawns=47 despawns=5 pawn=1
[nebula] [nebula-probe] t=167.3 pos=62.0,2.5,-29.0 cell=0,0,0 origin=0,0,0 replicas=41 dmin=2.9 dmax=116.1 limit=160.0 speed=0.0 beyond=0 dup=0 chunks=0 orphans=0 carrierless=0 spawns=47 despawns=5 pawn=1
[nebula] [nebula-probe] t=168.3 pos=62.0,2.5,-26.5 cell=0,0,0 origin=0,0,0 replicas=41 dmin=2.9 dmax=115.4 limit=164.0 speed=2.5 beyond=0 dup=0 chunks=0 orphans=0 carrierless=0 spawns=47 despawns=5 pawn=1
[nebula] [nebula-probe] t=169.3 pos=62.0,2.5,-26.5 cell=0,0,0 origin=0,0,0 replicas=41 dmin=2.9 dmax=115.4 limit=160.0 speed=0.0 beyond=0 dup=0 chunks=0 orphans=0 carrierless=0 spawns=47 despawns=5 pawn=1
[nebula] [nebula-probe] t=170.3 pos=62.0,2.5,-26.5 cell=0,0,0 origin=0,0,0 replicas=41 dmin=2.9 dmax=115.4 limit=160.0 speed=0.0 beyond=0 dup=0 chunks=0 orphans=0 carrierless=0 spawns=47 despawns=5 pawn=1
[nebula] client 2124 fps replicas 42 (+0.0/s -0.0/s) entities 42 in 183 pkt/s 20.6 KB/s 237 states/s (msgs: state 102 rpc 11 vars 11) rtt 0ms lead 3 (adj 0, worker saw 6) corrections 0 | full-rate interp: depth 2.8 ticks, starved 0.0% worst +0.0 | frame max 3.7ms fixed/frame max 1 | gaps>3t 0 worst 0t | render delay 4t (stream lag 1t) | snapshot age ms min 2.6 avg 9.1 max 50.5
[nebula] [nebula-probe] t=171.3 pos=62.0,2.5,-26.5 cell=0,0,0 origin=0,0,0 replicas=41 dmin=2.9 dmax=120.3 limit=160.0 speed=0.0 beyond=0 dup=0 chunks=0 orphans=0 carrierless=0 spawns=47 despawns=5 pawn=1
[nebula] [nebula-probe] t=172.4 pos=62.0,2.5,-26.5 cell=0,0,0 origin=0,0,0 replicas=41 dmin=2.9 dmax=120.6 limit=160.0 speed=0.0 beyond=0 dup=0 chunks=0 orphans=0 carrierless=0 spawns=47 despawns=5 pawn=1
[nebula] [nebula-probe] t=173.4 pos=62.0,2.5,-26.5 cell=0,0,0 origin=0,0,0 replicas=41 dmin=2.9 dmax=120.6 limit=160.0 speed=0.0 beyond=0 dup=0 chunks=0 orphans=0 carrierless=0 spawns=47 despawns=5 pawn=1
[nebula] [nebula-probe] t=174.4 pos=62.0,2.5,-26.5 cell=0,0,0 origin=0,0,0 replicas=41 dmin=2.9 dmax=120.7 limit=160.0 speed=0.0 beyond=0 dup=0 chunks=0 orphans=0 carrierless=0 spawns=47 despawns=5 pawn=1
[nebula] [nebula-probe] t=175.4 pos=62.0,2.5,-26.5 cell=0,0,0 origin=0,0,0 replicas=41 dmin=2.9 dmax=120.7 limit=160.0 speed=0.0 beyond=0 dup=0 chunks=0 orphans=0 carrierless=0 spawns=47 despawns=5 pawn=1
[nebula] client 2162 fps replicas 43 (+0.2/s -0.0/s) entities 43 in 180 pkt/s 30.7 KB/s 257 states/s (msgs: state 134 rpc 8 vars 7) rtt 0ms lead 8 (adj 5, worker saw 9) corrections 4 last 0.06m | full-rate interp: depth 2.8 ticks, starved 0.0% worst +0.0 | frame max 6.7ms fixed/frame max 1 | gaps>3t 5 worst 20t | render delay 4t (stream lag 1t) | snapshot age ms min 2.2 avg 16.9 max 50.2
[nebula] [nebula-probe] t=176.4 pos=62.0,2.5,-26.5 cell=0,0,0 origin=0,0,0 replicas=42 dmin=2.9 dmax=120.7 limit=160.0 speed=0.0 beyond=0 dup=0 chunks=0 orphans=0 carrierless=0 spawns=48 despawns=5 pawn=1
[nebula] [nebula-probe] t=177.4 pos=62.0,2.5,-26.5 cell=0,0,0 origin=0,0,0 replicas=42 dmin=2.9 dmax=120.7 limit=160.0 speed=0.0 beyond=0 dup=0 chunks=0 orphans=0 carrierless=0 spawns=48 despawns=5 pawn=1
[nebula] [nebula-probe] t=178.4 pos=62.0,2.5,-26.5 cell=0,0,0 origin=0,0,0 replicas=42 dmin=2.9 dmax=120.7 limit=160.0 speed=0.0 beyond=0 dup=0 chunks=0 orphans=0 carrierless=0 spawns=48 despawns=5 pawn=1
[nebula] [nebula-probe] t=179.4 pos=62.0,2.5,-26.5 cell=0,0,0 origin=0,0,0 replicas=42 dmin=2.9 dmax=120.7 limit=160.0 speed=0.0 beyond=0 dup=0 chunks=0 orphans=0 carrierless=0 spawns=48 despawns=5 pawn=1
[nebula] [nebula-probe] t=180.4 pos=62.0,2.5,-26.5 cell=0,0,0 origin=0,0,0 replicas=42 dmin=2.9 dmax=122.2 limit=160.0 speed=0.0 beyond=0 dup=0 chunks=0 orphans=0 carrierless=0 spawns=48 despawns=5 pawn=1
[nebula] client 2092 fps replicas 43 (+0.0/s -0.0/s) entities 43 in 185 pkt/s 26.2 KB/s 234 states/s (msgs: state 120 rpc 11 vars 13) rtt 0ms lead 3 (adj 0, worker saw 7) corrections 0 | full-rate interp: depth 2.9 ticks, starved 0.0% worst +0.0 | frame max 3.7ms fixed/frame max 1 | gaps>3t 5 worst 72t | render delay 5t (stream lag 2t) | snapshot age ms min 1.9 avg 11.0 max 44.4
[nebula] [nebula-probe] t=181.4 pos=62.0,2.5,-26.5 cell=0,0,0 origin=0,0,0 replicas=42 dmin=2.9 dmax=122.1 limit=160.0 speed=0.0 beyond=0 dup=0 chunks=0 orphans=0 carrierless=0 spawns=48 despawns=5 pawn=1
[nebula] [nebula-probe] t=182.4 pos=62.0,2.5,-26.5 cell=0,0,0 origin=0,0,0 replicas=42 dmin=2.9 dmax=122.1 limit=160.0 speed=0.0 beyond=0 dup=0 chunks=0 orphans=0 carrierless=0 spawns=48 despawns=5 pawn=1
[nebula] [nebula-probe] t=183.4 pos=62.0,2.5,-26.5 cell=0,0,0 origin=0,0,0 replicas=42 dmin=2.9 dmax=121.4 limit=160.0 speed=0.0 beyond=0 dup=0 chunks=0 orphans=0 carrierless=0 spawns=48 despawns=5 pawn=1
[nebula] [nebula-probe] t=184.4 pos=62.0,2.6,-26.5 cell=0,0,0 origin=0,0,0 replicas=42 dmin=2.9 dmax=116.2 limit=160.1 speed=0.0 beyond=0 dup=0 chunks=0 orphans=0 carrierless=0 spawns=48 despawns=5 pawn=1
[nebula] [nebula-probe] t=185.4 pos=62.0,2.6,-26.5 cell=0,0,0 origin=0,0,0 replicas=42 dmin=2.9 dmax=115.4 limit=160.0 speed=0.0 beyond=0 dup=0 chunks=0 orphans=0 carrierless=0 spawns=48 despawns=5 pawn=1
[nebula] client 2093 fps replicas 43 (+0.0/s -0.0/s) entities 43 in 204 pkt/s 20.5 KB/s 193 states/s (msgs: state 125 rpc 15 vars 12) rtt 0ms lead 3 (adj 0, worker saw 8) corrections 1 last 0.11m | full-rate interp: depth 3.8 ticks, starved 0.0% worst +0.0 | frame max 3.9ms fixed/frame max 1 | gaps>3t 4 worst 65t | render delay 4t (stream lag 1t) | snapshot age ms min 2.6 avg 13.8 max 45.7
[nebula] [nebula-probe] t=186.4 pos=62.0,2.6,-26.5 cell=0,0,0 origin=0,0,0 replicas=42 dmin=2.9 dmax=115.4 limit=160.0 speed=0.0 beyond=0 dup=0 chunks=0 orphans=0 carrierless=0 spawns=48 despawns=5 pawn=1
[nebula] [nebula-probe] t=187.4 pos=62.0,2.6,-26.5 cell=0,0,0 origin=0,0,0 replicas=42 dmin=2.9 dmax=115.4 limit=160.0 speed=0.0 beyond=0 dup=0 chunks=0 orphans=0 carrierless=0 spawns=48 despawns=5 pawn=1
[nebula] [nebula-probe] t=188.4 pos=62.0,3.2,-26.5 cell=0,0,0 origin=0,0,0 replicas=42 dmin=2.9 dmax=115.4 limit=161.1 speed=0.7 beyond=0 dup=0 chunks=0 orphans=0 carrierless=0 spawns=48 despawns=5 pawn=1
[nebula] [nebula-probe] t=189.4 pos=62.0,2.5,-26.5 cell=0,0,0 origin=0,0,0 replicas=42 dmin=2.9 dmax=115.4 limit=161.2 speed=0.7 beyond=0 dup=0 chunks=0 orphans=0 carrierless=0 spawns=48 despawns=5 pawn=1
[nebula] [nebula-probe] t=190.4 pos=62.0,2.5,-26.5 cell=0,0,0 origin=0,0,0 replicas=43 dmin=2.9 dmax=115.4 limit=160.0 speed=0.0 beyond=0 dup=0 chunks=0 orphans=0 carrierless=0 spawns=49 despawns=5 pawn=1
[nebula] client 2100 fps replicas 44 (+0.2/s -0.0/s) entities 44 in 232 pkt/s 20.0 KB/s 208 states/s (msgs: state 153 rpc 12 vars 10) rtt 0ms lead 3 (adj 0, worker saw 8) corrections 0 | full-rate interp: depth 3.1 ticks, starved 0.0% worst +0.0 | frame max 3.5ms fixed/frame max 1 | gaps>3t 3 worst 131t | render delay 4t (stream lag 1t) | snapshot age ms min 3.8 avg 13.1 max 45.1
[nebula] [nebula-probe] t=191.4 pos=62.0,2.5,-26.5 cell=0,0,0 origin=0,0,0 replicas=43 dmin=2.9 dmax=115.4 limit=160.0 speed=0.0 beyond=0 dup=0 chunks=0 orphans=0 carrierless=0 spawns=49 despawns=5 pawn=1
[nebula] [nebula-probe] t=192.4 pos=62.0,2.5,-26.5 cell=0,0,0 origin=0,0,0 replicas=43 dmin=2.9 dmax=115.4 limit=160.0 speed=0.0 beyond=0 dup=0 chunks=0 orphans=0 carrierless=0 spawns=49 despawns=5 pawn=1
[nebula] [nebula-probe] t=193.4 pos=62.0,2.5,-26.5 cell=0,0,0 origin=0,0,0 replicas=43 dmin=2.9 dmax=115.4 limit=160.0 speed=0.0 beyond=0 dup=0 chunks=0 orphans=0 carrierless=0 spawns=49 despawns=5 pawn=1
[nebula] [nebula-probe] t=194.4 pos=62.0,2.5,-26.5 cell=0,0,0 origin=0,0,0 replicas=43 dmin=2.9 dmax=115.4 limit=160.0 speed=0.0 beyond=0 dup=0 chunks=0 orphans=0 carrierless=0 spawns=49 despawns=5 pawn=1
[nebula] [nebula-probe] t=195.4 pos=62.0,2.5,-26.5 cell=0,0,0 origin=0,0,0 replicas=43 dmin=2.9 dmax=115.4 limit=160.0 speed=0.0 beyond=0 dup=0 chunks=0 orphans=0 carrierless=0 spawns=49 despawns=5 pawn=1
[nebula] client 2099 fps replicas 44 (+0.0/s -0.0/s) entities 44 in 260 pkt/s 22.7 KB/s 273 states/s (msgs: state 181 rpc 13 vars 10) rtt 0ms lead 3 (adj 0, worker saw 7) corrections 0 | full-rate interp: depth 2.5 ticks, starved 0.0% worst +0.0 | frame max 3.2ms fixed/frame max 1 | gaps>3t 0 worst 0t | render delay 4t (stream lag 1t) | snapshot age ms min 3.8 avg 9.9 max 44.5
[nebula] [nebula-probe] t=196.4 pos=62.0,2.5,-26.5 cell=0,0,0 origin=0,0,0 replicas=43 dmin=2.9 dmax=115.4 limit=160.0 speed=0.0 beyond=0 dup=0 chunks=0 orphans=0 carrierless=0 spawns=49 despawns=5 pawn=1
[nebula] [nebula-probe] t=197.4 pos=61.9,2.5,-26.5 cell=0,0,0 origin=0,0,0 replicas=43 dmin=2.9 dmax=115.4 limit=160.1 speed=0.0 beyond=0 dup=0 chunks=0 orphans=0 carrierless=0 spawns=49 despawns=5 pawn=1
[nebula] [nebula-probe] t=198.4 pos=61.9,2.5,-26.5 cell=0,0,0 origin=0,0,0 replicas=43 dmin=2.9 dmax=115.4 limit=160.0 speed=0.0 beyond=0 dup=0 chunks=0 orphans=0 carrierless=0 spawns=49 despawns=5 pawn=1
[nebula] [nebula-probe] t=199.4 pos=61.9,2.5,-26.5 cell=0,0,0 origin=0,0,0 replicas=44 dmin=2.9 dmax=116.9 limit=160.0 speed=0.0 beyond=0 dup=0 chunks=0 orphans=0 carrierless=0 spawns=50 despawns=5 pawn=1
[nebula] [nebula-probe] t=200.4 pos=62.0,2.5,-26.5 cell=0,0,0 origin=0,0,0 replicas=44 dmin=2.9 dmax=119.1 limit=160.1 speed=0.1 beyond=0 dup=0 chunks=0 orphans=0 carrierless=0 spawns=50 despawns=5 pawn=1
[nebula] client 2030 fps replicas 45 (+0.2/s -0.0/s) entities 45 in 262 pkt/s 23.7 KB/s 297 states/s (msgs: state 182 rpc 14 vars 10) rtt 0ms lead 3 (adj 0, worker saw 8) corrections 0 | full-rate interp: depth 2.9 ticks, starved 0.2% worst +2.1 | frame max 4.5ms fixed/frame max 1 | gaps>3t 0 worst 0t | render delay 5t (stream lag 2t) | snapshot age ms min 5.4 avg 11.1 max 45.1
[nebula] [nebula-probe] t=201.4 pos=62.0,2.5,-29.0 cell=0,0,0 origin=0,0,0 replicas=44 dmin=2.9 dmax=120.5 limit=164.0 speed=2.5 beyond=0 dup=0 chunks=0 orphans=0 carrierless=0 spawns=50 despawns=5 pawn=1
[nebula] [nebula-probe] t=202.4 pos=62.0,2.5,-29.0 cell=0,0,0 origin=0,0,0 replicas=44 dmin=2.9 dmax=120.3 limit=160.0 speed=0.0 beyond=0 dup=0 chunks=0 orphans=0 carrierless=0 spawns=50 despawns=5 pawn=1
[nebula] [nebula-probe] t=203.4 pos=62.0,2.5,-29.0 cell=0,0,0 origin=0,0,0 replicas=44 dmin=2.9 dmax=120.2 limit=160.0 speed=0.0 beyond=0 dup=0 chunks=0 orphans=0 carrierless=0 spawns=50 despawns=5 pawn=1
[nebula] [nebula-probe] t=204.4 pos=62.0,2.5,-29.0 cell=0,0,0 origin=0,0,0 replicas=44 dmin=2.9 dmax=120.1 limit=160.0 speed=0.0 beyond=0 dup=0 chunks=0 orphans=0 carrierless=0 spawns=50 despawns=5 pawn=1
[nebula] [nebula-probe] t=205.4 pos=62.0,2.5,-29.0 cell=0,0,0 origin=0,0,0 replicas=44 dmin=2.9 dmax=119.5 limit=160.0 speed=0.0 beyond=0 dup=0 chunks=0 orphans=0 carrierless=0 spawns=50 despawns=5 pawn=1
[nebula] client 2105 fps replicas 45 (+0.0/s -0.0/s) entities 45 in 215 pkt/s 22.1 KB/s 260 states/s (msgs: state 135 rpc 13 vars 12) rtt 0ms lead 3 (adj 0, worker saw 8) corrections 0 | full-rate interp: depth 3.1 ticks, starved 0.0% worst +0.0 | frame max 4.1ms fixed/frame max 1 | gaps>3t 0 worst 0t | render delay 4t (stream lag 1t) | snapshot age ms min 6.1 avg 11.7 max 36.5
[nebula] [nebula-probe] t=206.4 pos=62.0,2.5,-29.0 cell=0,0,0 origin=0,0,0 replicas=44 dmin=2.9 dmax=118.8 limit=160.0 speed=0.0 beyond=0 dup=0 chunks=0 orphans=0 carrierless=0 spawns=50 despawns=5 pawn=1
[nebula] [nebula-probe] t=207.4 pos=62.0,2.5,-29.0 cell=0,0,0 origin=0,0,0 replicas=44 dmin=2.9 dmax=118.8 limit=160.0 speed=0.0 beyond=0 dup=0 chunks=0 orphans=0 carrierless=0 spawns=50 despawns=5 pawn=1
[nebula] [nebula-probe] t=208.4 pos=62.6,2.5,-26.6 cell=0,0,0 origin=0,0,0 replicas=44 dmin=3.4 dmax=119.5 limit=163.9 speed=2.5 beyond=0 dup=0 chunks=0 orphans=0 carrierless=0 spawns=50 despawns=5 pawn=1
[nebula] [nebula-probe] t=209.4 pos=62.6,2.5,-27.5 cell=0,0,0 origin=0,0,0 replicas=44 dmin=3.2 dmax=119.4 limit=161.5 speed=0.9 beyond=0 dup=0 chunks=0 orphans=0 carrierless=0 spawns=50 despawns=5 pawn=1
