Mono path[0] = 'C:/Dev/nebula-shootergame/Builds/Win64/Nebula_Data/Managed'
Mono config path = 'C:/Dev/nebula-shootergame/Builds/Win64/MonoBleedingEdge/etc'
CodeReloadManager initialized
Found 1 interfaces on host : 0) 192.168.4.54
Player connection [62220]  Target information:

Player connection [62220]  * "[IP] 192.168.4.54 [Port] 55005 [Flags] 2 [Guid] 3578612534 [EditorId] 251666685 [Version] 1048832 [Id] WindowsPlayer(2,Atlas) [Debug] 0 [PackageName] WindowsPlayer [ProjectName] nebula" 

Player connection [62220] Started UDP target info broadcast (1) on [225.0.0.222:54997].

Input System module state changed to: Initialized.
[Physics::Module] Initialized fallback backend.
[Physics::Module] Id: 0xdecafbad
Initialize engine version: 6000.6.0f1 (f7f8ed4d1e24)
[EntityIdStore] init: VM path (explicit commit), pageSize=4096, blockCount=1048576, entitiesPerBlock=256, slots reserved=4294967296 bytes
[Subsystems] Discovering subsystems at path C:/Dev/nebula-shootergame/Builds/Win64/Nebula_Data/UnitySubsystems
Forcing GfxDevice: Null
GfxDevice: creating device client; kGfxThreadingModeNonThreaded
NullGfxDevice:
    Version:  NULL 1.0 [1.0]
    Renderer: Null Device
    Vendor:   Unity Technologies
Begin MonoManager ReloadAssembly
- Finished resetting the current domain, in  0.008 seconds
[Physics::Module] Selected backend.
[Physics::Module] Name: PhysX
[Physics::Module] Id: 0xf2b8ea05
[Physics::Module] SDK Version: 4.1.2
[Physics::Module] Integration Version: 1.0.0
[Physics::Module] Threading Mode: Multi-Threaded
Microsoft Media Foundation video decoding to texture disabled: graphics device is Null, only Direct3D 11 and Direct3D 12 (only on desktop) are supported for hardware-accelerated video decoding.
Couldn't create a Convex Mesh from source mesh, within the maximum polygons limit (256). The partial hull will be used. Consider simplifying your mesh. Source mesh name: PilotSeat
HDR Render Texture not supported, disabling HDR on reflection probe.
HDR Render Texture not supported, disabling HDR on reflection probe.
HDR Render Texture not supported, disabling HDR on reflection probe.
HDR Render Texture not supported, disabling HDR on reflection probe.
UnloadTime: 0.447100 ms
[nebula] boot roles=Client scene=Corporation tickRate=60
Unloading 6 Unused Serialized files (Serialized files now loaded: 0)
UnloadTime: 4.931100 ms
[nebula] world 'Corporation': 20 cells, 77 containers, cell size (2048.00, 2048.00, 2048.00)
[nebula] containers: 77 (partitioned world)
[nebula] connecting to gateway 127.0.0.1:7000 as 'bot6'
Unloading 6 unused Assets / (5.3 KB). Loaded Objects now: 4174.
Memory consumption went from 172.7 MB to 172.7 MB.
Total: 2.228900 ms (FindLiveObjects: 0.446000 ms CreateObjectMapping: 0.047200 ms MarkObjects: 1.681400 ms  DeleteObjects: 0.031400 ms)

[nebula] client 0 fps replicas 0 (+0.0/s -0.0/s) entities 0 in 0 pkt/s 0.0 KB/s 0 states/s (msgs: state 0 rpc 0 vars 0) rtt -1ms lead 0 (adj 0, worker saw 0) corrections 0 | full-rate interp: depth 0.0 ticks, starved 0.0% worst +0.0 | frame max 353.9ms fixed/frame max 1 | gaps>3t 0 worst 0t | render delay 0t (stream lag 0t) | snapshot age ms min 0.0 avg 0.0 max 0.0
[nebula] [nebula-probe] t=1.3 pos=0.0,0.0,0.0 cell=0,0,0 origin=0,0,0 replicas=0 dmin=0.0 dmax=0.0 limit=160.0 speed=0.0 beyond=0 dup=0 chunks=0 orphans=0 carrierless=0 spawns=0 despawns=0 pawn=0
[nebula] welcome: clientId=14810711738298662916 identity=b048de2ee9e9 serverTick=1364989984
[nebula] world starting, about 3 s: no worker is running yet; holding the join
[nebula] [nebula-probe] t=2.3 pos=0.0,0.0,0.0 cell=0,0,0 origin=0,0,0 replicas=0 dmin=0.0 dmax=0.0 limit=160.0 speed=0.0 beyond=0 dup=0 chunks=0 orphans=0 carrierless=0 spawns=0 despawns=0 pawn=0
[nebula] cell (0, 0, 0) loaded (Corporation_0_0_0); 1 cell(s) resident
[nebula] cell (-1, 0, -1) loaded (Corporation_n1_0_n1); 2 cell(s) resident
[nebula] cell (-1, 0, 0) loaded (Corporation_n1_0_0); 3 cell(s) resident
[nebula] cell (-1, 0, 1) loaded (Corporation_n1_0_1); 4 cell(s) resident
[nebula] cell (0, 0, -1) loaded (Corporation_0_0_n1); 5 cell(s) resident
[nebula] cell (0, 0, 1) loaded (Corporation_0_0_1); 6 cell(s) resident
[nebula] cell (1, 0, -1) loaded (Corporation_1_0_n1); 7 cell(s) resident
[nebula] cell (1, 0, 0) loaded (Corporation_1_0_0); 8 cell(s) resident
[nebula] cell (1, 0, 1) loaded (Corporation_1_0_1); 9 cell(s) resident
[nebula] [nebula-probe] t=3.3 pos=0.0,0.0,0.0 cell=0,0,0 origin=0,0,0 replicas=0 dmin=0.0 dmax=0.0 limit=160.0 speed=0.0 beyond=0 dup=0 chunks=0 orphans=0 carrierless=0 spawns=0 despawns=0 pawn=0
[nebula] [nebula-probe] t=4.3 pos=0.0,0.0,0.0 cell=0,0,0 origin=0,0,0 replicas=0 dmin=0.0 dmax=0.0 limit=160.0 speed=0.0 beyond=0 dup=0 chunks=0 orphans=0 carrierless=0 spawns=0 despawns=0 pawn=0
[nebula] joined the world
[nebula] local player spawned: Player(Clone)#281474976710704(e1,explorer-labs-west,local)
[nebula] cell (0, 0, -2) loaded (Corporation_0_0_n2); 10 cell(s) resident
[nebula] cell (-1, 0, -2) loaded (Corporation_n1_0_n2); 11 cell(s) resident
[nebula] cell (1, 0, -2) loaded (Corporation_1_0_n2); 12 cell(s) resident
[nebula] [nebula-probe] t=5.3 pos=-28.0,2.0,-4079.9 cell=0,0,0 origin=0,0,0 replicas=48 dmin=2.6 dmax=116.1 limit=160.0 speed=0.0 beyond=0 dup=0 chunks=0 orphans=0 carrierless=0 spawns=49 despawns=0 pawn=1
[nebula] client 8211 fps replicas 49 (+9.8/s -0.0/s) entities 49 in 63 pkt/s 11.7 KB/s 131 states/s (msgs: state 41 rpc 1 vars 1) rtt 0ms lead 6 (adj 3, worker saw 6) corrections 7 last 0.06m | full-rate interp: depth 3.6 ticks, starved 0.1% worst +1.3 | frame max 196.4ms fixed/frame max 2 | gaps>3t 0 worst 0t | render delay 5t (stream lag 2t) | snapshot age ms min 3.3 avg 15.4 max 71.4
[nebula] [nebula-probe] t=6.3 pos=-26.4,2.2,-4079.2 cell=0,0,0 origin=0,0,0 replicas=48 dmin=2.0 dmax=114.7 limit=162.8 speed=1.7 beyond=0 dup=0 chunks=0 orphans=0 carrierless=0 spawns=49 despawns=0 pawn=1
[nebula] [nebula-probe] t=7.3 pos=-26.4,2.2,-4079.2 cell=0,0,0 origin=0,0,0 replicas=48 dmin=2.0 dmax=112.6 limit=160.0 speed=0.0 beyond=0 dup=0 chunks=0 orphans=0 carrierless=0 spawns=49 despawns=0 pawn=1
[nebula] cell (-1, 0, 0) unloaded; 6 cell(s) resident
[nebula] cell (-1, 0, 1) unloaded; 6 cell(s) resident
[nebula] cell (0, 0, 0) unloaded; 6 cell(s) resident
[nebula] cell (0, 0, 1) unloaded; 6 cell(s) resident
[nebula] cell (1, 0, 0) unloaded; 6 cell(s) resident
[nebula] cell (1, 0, 1) unloaded; 6 cell(s) resident
[nebula] [nebula-probe] t=8.3 pos=-26.2,2.2,-4079.7 cell=0,0,0 origin=0,0,0 replicas=48 dmin=1.4 dmax=109.0 limit=160.9 speed=0.5 beyond=0 dup=0 chunks=0 orphans=0 carrierless=0 spawns=49 despawns=0 pawn=1
[nebula] [nebula-probe] t=9.3 pos=-22.6,2.0,-4080.1 cell=0,0,0 origin=0,0,0 replicas=46 dmin=3.1 dmax=102.7 limit=165.8 speed=3.6 beyond=0 dup=0 chunks=0 orphans=0 carrierless=0 spawns=49 despawns=2 pawn=1
[nebula] [nebula-probe] t=10.3 pos=-21.7,2.6,-4083.4 cell=0,0,0 origin=0,0,0 replicas=46 dmin=2.9 dmax=106.9 limit=165.6 speed=3.5 beyond=0 dup=0 chunks=0 orphans=0 carrierless=0 spawns=49 despawns=2 pawn=1
[nebula] client 2808 fps replicas 47 (+0.0/s -0.4/s) entities 47 in 187 pkt/s 21.2 KB/s 279 states/s (msgs: state 126 rpc 8 vars 5) rtt 0ms lead 6 (adj 3, worker saw 6) corrections 0 | full-rate interp: depth 3.4 ticks, starved 0.0% worst +0.0 | frame max 42.3ms fixed/frame max 3 | gaps>3t 2 worst 57t | render delay 3t (stream lag 0t) | snapshot age ms min 5.8 avg 10.0 max 44.5
[nebula] [nebula-probe] t=11.3 pos=-21.5,2.6,-4083.4 cell=0,0,0 origin=0,0,0 replicas=46 dmin=2.9 dmax=112.1 limit=160.2 speed=0.1 beyond=0 dup=0 chunks=0 orphans=0 carrierless=0 spawns=49 despawns=2 pawn=1
[nebula] [nebula-probe] t=12.3 pos=-20.8,2.7,-4083.5 cell=0,0,0 origin=0,0,0 replicas=46 dmin=3.0 dmax=112.5 limit=161.1 speed=0.7 beyond=0 dup=0 chunks=0 orphans=0 carrierless=0 spawns=49 despawns=2 pawn=1
[nebula] [nebula-probe] t=13.3 pos=-20.8,2.7,-4083.5 cell=0,0,0 origin=0,0,0 replicas=46 dmin=3.0 dmax=113.5 limit=160.0 speed=0.0 beyond=0 dup=0 chunks=0 orphans=0 carrierless=0 spawns=49 despawns=2 pawn=1
[nebula] [nebula-probe] t=14.3 pos=-20.9,2.9,-4083.5 cell=0,0,0 origin=0,0,0 replicas=46 dmin=3.1 dmax=118.3 limit=160.3 speed=0.2 beyond=0 dup=0 chunks=0 orphans=0 carrierless=0 spawns=49 despawns=2 pawn=1
[nebula] [nebula-probe] t=15.3 pos=-20.8,2.7,-4083.5 cell=0,0,0 origin=0,0,0 replicas=46 dmin=5.4 dmax=118.5 limit=160.3 speed=0.2 beyond=0 dup=0 chunks=0 orphans=0 carrierless=0 spawns=49 despawns=2 pawn=1
[nebula] client 3390 fps replicas 47 (+0.0/s -0.0/s) entities 47 in 181 pkt/s 18.9 KB/s 229 states/s (msgs: state 121 rpc 1 vars 2) rtt 0ms lead 6 (adj 3, worker saw 6) corrections 0 | full-rate interp: depth 2.7 ticks, starved 0.2% worst +2.0 | frame max 5.7ms fixed/frame max 1 | gaps>3t 6 worst 75t | render delay 3t (stream lag 0t) | snapshot age ms min 6.7 avg 12.0 max 44.0
[nebula] [nebula-probe] t=16.3 pos=-20.8,2.2,-4083.2 cell=0,0,0 origin=0,0,0 replicas=46 dmin=5.3 dmax=118.2 limit=160.9 speed=0.6 beyond=0 dup=0 chunks=0 orphans=0 carrierless=0 spawns=49 despawns=2 pawn=1
[nebula] [nebula-probe] t=17.3 pos=-23.0,2.7,-4083.5 cell=0,0,0 origin=0,0,0 replicas=46 dmin=3.7 dmax=119.5 limit=163.6 speed=2.2 beyond=0 dup=0 chunks=0 orphans=0 carrierless=0 spawns=49 despawns=2 pawn=1
[nebula] [nebula-probe] t=18.3 pos=-23.0,2.7,-4083.5 cell=0,0,0 origin=0,0,0 replicas=46 dmin=3.7 dmax=119.5 limit=160.1 speed=0.0 beyond=0 dup=0 chunks=0 orphans=0 carrierless=0 spawns=49 despawns=2 pawn=1
[nebula] [nebula-probe] t=19.3 pos=-23.0,2.7,-4083.5 cell=0,0,0 origin=0,0,0 replicas=46 dmin=3.7 dmax=118.2 limit=160.0 speed=0.0 beyond=0 dup=0 chunks=0 orphans=0 carrierless=0 spawns=49 despawns=2 pawn=1
[nebula] [nebula-probe] t=20.3 pos=-23.0,2.7,-4083.5 cell=0,0,0 origin=0,0,0 replicas=46 dmin=3.7 dmax=117.8 limit=160.0 speed=0.0 beyond=0 dup=0 chunks=0 orphans=0 carrierless=0 spawns=49 despawns=2 pawn=1
[nebula] client 3412 fps replicas 47 (+0.0/s -0.0/s) entities 47 in 182 pkt/s 19.4 KB/s 199 states/s (msgs: state 113 rpc 4 vars 5) rtt 0ms lead 4 (adj 1, worker saw 7) corrections 0 | full-rate interp: depth 2.8 ticks, starved 0.0% worst +1.2 | frame max 2.8ms fixed/frame max 1 | gaps>3t 5 worst 60t | render delay 4t (stream lag 1t) | snapshot age ms min 10.1 avg 13.8 max 57.2
[nebula] [nebula-probe] t=21.3 pos=-20.9,2.0,-4080.9 cell=0,0,0 origin=0,0,0 replicas=46 dmin=4.8 dmax=114.8 limit=165.5 speed=3.4 beyond=0 dup=0 chunks=0 orphans=0 carrierless=0 spawns=49 despawns=2 pawn=1
[nebula] [nebula-probe] t=22.3 pos=-20.8,2.7,-4078.5 cell=0,0,0 origin=0,0,0 replicas=46 dmin=5.4 dmax=112.6 limit=164.1 speed=2.5 beyond=0 dup=0 chunks=0 orphans=0 carrierless=0 spawns=49 despawns=2 pawn=1
[nebula] [nebula-probe] t=23.3 pos=-23.6,2.0,-4079.4 cell=0,0,0 origin=0,0,0 replicas=46 dmin=2.6 dmax=114.6 limit=164.8 speed=3.0 beyond=0 dup=0 chunks=0 orphans=0 carrierless=0 spawns=49 despawns=2 pawn=1
[nebula] [nebula-probe] t=24.3 pos=-24.8,2.2,-4082.8 cell=0,0,0 origin=0,0,0 replicas=49 dmin=2.0 dmax=118.2 limit=165.8 speed=3.6 beyond=0 dup=0 chunks=0 orphans=0 carrierless=0 spawns=52 despawns=2 pawn=1
[nebula] [nebula-probe] t=25.3 pos=-24.8,2.2,-4082.8 cell=0,0,0 origin=0,0,0 replicas=49 dmin=2.0 dmax=119.6 limit=160.0 speed=0.0 beyond=0 dup=0 chunks=0 orphans=0 carrierless=0 spawns=52 despawns=2 pawn=1
[nebula] client 3376 fps replicas 50 (+0.6/s -0.0/s) entities 50 in 190 pkt/s 21.0 KB/s 203 states/s (msgs: state 122 rpc 1 vars 3) rtt 0ms lead 3 (adj 0, worker saw 6) corrections 0 | full-rate interp: depth 3.0 ticks, starved 0.0% worst +0.0 | frame max 2.8ms fixed/frame max 1 | gaps>3t 1 worst 91t | render delay 4t (stream lag 1t) | snapshot age ms min 6.0 avg 16.0 max 57.2
[nebula] [nebula-probe] t=26.3 pos=-24.8,2.2,-4082.8 cell=0,0,0 origin=0,0,0 replicas=49 dmin=2.0 dmax=119.6 limit=160.0 speed=0.0 beyond=0 dup=0 chunks=0 orphans=0 carrierless=0 spawns=52 despawns=2 pawn=1
[nebula] [nebula-probe] t=27.3 pos=-24.6,2.9,-4082.8 cell=0,0,0 origin=0,0,0 replicas=49 dmin=2.2 dmax=122.7 limit=161.2 speed=0.7 beyond=0 dup=0 chunks=0 orphans=0 carrierless=0 spawns=52 despawns=2 pawn=1
[nebula] [nebula-probe] t=28.3 pos=-20.4,2.0,-4080.4 cell=0,0,0 origin=0,0,0 replicas=49 dmin=5.2 dmax=114.3 limit=167.9 speed=4.9 beyond=0 dup=0 chunks=0 orphans=0 carrierless=0 spawns=52 despawns=2 pawn=1
[nebula] [nebula-probe] t=29.3 pos=-19.2,2.7,-4078.5 cell=0,0,0 origin=0,0,0 replicas=49 dmin=5.0 dmax=111.9 limit=163.8 speed=2.4 beyond=0 dup=0 chunks=0 orphans=0 carrierless=0 spawns=52 despawns=2 pawn=1
[nebula] [nebula-probe] t=30.3 pos=-19.2,2.7,-4078.5 cell=0,0,0 origin=0,0,0 replicas=49 dmin=5.0 dmax=112.3 limit=160.0 speed=0.0 beyond=0 dup=0 chunks=0 orphans=0 carrierless=0 spawns=52 despawns=2 pawn=1
[nebula] client 3265 fps replicas 50 (+0.0/s -0.0/s) entities 50 in 187 pkt/s 20.5 KB/s 223 states/s (msgs: state 117 rpc 4 vars 7) rtt 0ms lead 3 (adj 0, worker saw 6) corrections 0 | full-rate interp: depth 2.6 ticks, starved 0.2% worst +1.7 | frame max 3.4ms fixed/frame max 1 | gaps>3t 3 worst 29t | render delay 3t (stream lag 0t) | snapshot age ms min 6.1 avg 13.1 max 49.5
[nebula] [nebula-probe] t=31.3 pos=-19.2,2.7,-4078.5 cell=0,0,0 origin=0,0,0 replicas=49 dmin=5.0 dmax=106.9 limit=160.0 speed=0.0 beyond=0 dup=0 chunks=0 orphans=0 carrierless=0 spawns=52 despawns=2 pawn=1
[nebula] [nebula-probe] t=32.3 pos=-18.0,2.0,-4079.7 cell=0,0,0 origin=0,0,0 replicas=49 dmin=3.4 dmax=104.0 limit=162.9 speed=1.8 beyond=0 dup=0 chunks=0 orphans=0 carrierless=0 spawns=52 despawns=2 pawn=1
[nebula] [nebula-probe] t=33.3 pos=-15.4,2.1,-4079.2 cell=0,0,0 origin=0,0,0 replicas=49 dmin=1.9 dmax=101.5 limit=164.3 speed=2.7 beyond=0 dup=0 chunks=0 orphans=0 carrierless=0 spawns=52 despawns=2 pawn=1
[nebula] [nebula-probe] t=34.3 pos=-15.4,2.1,-4079.2 cell=0,0,0 origin=0,0,0 replicas=49 dmin=1.4 dmax=101.6 limit=160.0 speed=0.0 beyond=0 dup=0 chunks=0 orphans=0 carrierless=0 spawns=52 despawns=2 pawn=1
[nebula] [nebula-probe] t=35.3 pos=-16.0,2.1,-4078.9 cell=0,0,0 origin=0,0,0 replicas=49 dmin=2.4 dmax=100.4 limit=161.1 speed=0.7 beyond=0 dup=0 chunks=0 orphans=0 carrierless=0 spawns=52 despawns=2 pawn=1
[nebula] client 3271 fps replicas 50 (+0.0/s -0.0/s) entities 50 in 186 pkt/s 22.1 KB/s 263 states/s (msgs: state 113 rpc 7 vars 7) rtt 0ms lead 3 (adj 0, worker saw 6) corrections 0 | full-rate interp: depth 2.7 ticks, starved 0.0% worst +1.1 | frame max 3.4ms fixed/frame max 1 | gaps>3t 2 worst 147t | render delay 3t (stream lag 0t) | snapshot age ms min 10.4 avg 14.0 max 41.9
[nebula] [nebula-probe] t=36.3 pos=-16.0,2.1,-4078.9 cell=0,0,0 origin=0,0,0 replicas=49 dmin=2.4 dmax=97.7 limit=160.1 speed=0.0 beyond=0 dup=0 chunks=0 orphans=0 carrierless=0 spawns=52 despawns=2 pawn=1
[nebula] [nebula-probe] t=37.3 pos=-16.0,2.9,-4078.9 cell=0,0,0 origin=0,0,0 replicas=49 dmin=2.5 dmax=103.7 limit=161.1 speed=0.7 beyond=0 dup=0 chunks=0 orphans=0 carrierless=0 spawns=52 despawns=2 pawn=1
[nebula] [nebula-probe] t=38.3 pos=-16.0,2.4,-4078.9 cell=0,0,0 origin=0,0,0 replicas=49 dmin=2.4 dmax=104.5 limit=160.8 speed=0.5 beyond=0 dup=0 chunks=0 orphans=0 carrierless=0 spawns=52 despawns=2 pawn=1
[nebula] [nebula-probe] t=39.3 pos=-16.0,2.1,-4078.9 cell=0,0,0 origin=0,0,0 replicas=49 dmin=2.4 dmax=105.1 limit=160.4 speed=0.3 beyond=0 dup=0 chunks=0 orphans=0 carrierless=0 spawns=52 despawns=2 pawn=1
[nebula] [nebula-probe] t=40.3 pos=-16.0,2.1,-4078.9 cell=0,0,0 origin=0,0,0 replicas=49 dmin=2.4 dmax=105.4 limit=160.1 speed=0.0 beyond=0 dup=0 chunks=0 orphans=0 carrierless=0 spawns=52 despawns=2 pawn=1
[nebula] client 3261 fps replicas 50 (+0.0/s -0.0/s) entities 50 in 189 pkt/s 22.0 KB/s 283 states/s (msgs: state 123 rpc 3 vars 3) rtt 0ms lead 8 (adj 5, worker saw 10) corrections 1 last 0.05m | full-rate interp: depth 3.9 ticks, starved 2.7% worst +8.4 | frame max 2.5ms fixed/frame max 1 | gaps>3t 0 worst 0t | render delay 4t (stream lag 1t) | snapshot age ms min 10.4 avg 18.0 max 185.9
[nebula] [nebula-probe] t=41.3 pos=-16.0,2.1,-4078.9 cell=0,0,0 origin=0,0,0 replicas=49 dmin=2.4 dmax=105.7 limit=160.0 speed=0.0 beyond=0 dup=0 chunks=0 orphans=0 carrierless=0 spawns=52 despawns=2 pawn=1
[nebula] [nebula-probe] t=42.3 pos=-16.0,2.1,-4078.9 cell=0,0,0 origin=0,0,0 replicas=49 dmin=2.4 dmax=110.2 limit=160.0 speed=0.0 beyond=0 dup=0 chunks=0 orphans=0 carrierless=0 spawns=52 despawns=2 pawn=1
[nebula] [nebula-probe] t=43.3 pos=-16.5,2.8,-4078.8 cell=0,0,0 origin=0,0,0 replicas=49 dmin=2.9 dmax=111.5 limit=161.4 speed=0.9 beyond=0 dup=0 chunks=0 orphans=0 carrierless=0 spawns=52 despawns=2 pawn=1
[nebula] [nebula-probe] t=44.3 pos=-19.2,2.7,-4078.5 cell=0,0,0 origin=0,0,0 replicas=49 dmin=5.0 dmax=113.5 limit=164.2 speed=2.6 beyond=0 dup=0 chunks=0 orphans=0 carrierless=0 spawns=52 despawns=2 pawn=1
[nebula] [nebula-probe] t=45.3 pos=-16.9,2.4,-4078.8 cell=0,0,0 origin=0,0,0 replicas=49 dmin=3.0 dmax=114.4 limit=163.6 speed=2.3 beyond=0 dup=0 chunks=0 orphans=0 carrierless=0 spawns=52 despawns=2 pawn=1
[nebula] client 3117 fps replicas 50 (+0.0/s -0.0/s) entities 50 in 201 pkt/s 22.8 KB/s 271 states/s (msgs: state 128 rpc 8 vars 6) rtt 0ms lead 3 (adj 0, worker saw 7) corrections 0 | full-rate interp: depth 2.2 ticks, starved 0.0% worst +0.0 | frame max 3.0ms fixed/frame max 1 | gaps>3t 2 worst 21t | render delay 3t (stream lag 0t) | snapshot age ms min 10.8 avg 14.8 max 46.7
[nebula] [nebula-probe] t=46.3 pos=-16.0,2.1,-4078.9 cell=0,0,0 origin=0,0,0 replicas=49 dmin=2.4 dmax=119.3 limit=161.6 speed=1.0 beyond=0 dup=0 chunks=0 orphans=0 carrierless=0 spawns=52 despawns=2 pawn=1
[nebula] [nebula-probe] t=47.3 pos=-16.0,2.1,-4078.9 cell=0,0,0 origin=0,0,0 replicas=49 dmin=2.4 dmax=120.8 limit=160.1 speed=0.1 beyond=0 dup=0 chunks=0 orphans=0 carrierless=0 spawns=52 despawns=2 pawn=1
[nebula] [nebula-probe] t=48.3 pos=-18.0,2.6,-4078.6 cell=0,0,0 origin=0,0,0 replicas=49 dmin=4.0 dmax=120.8 limit=163.3 speed=2.1 beyond=0 dup=0 chunks=0 orphans=0 carrierless=0 spawns=52 despawns=2 pawn=1
[nebula] [nebula-probe] t=49.3 pos=-19.2,2.7,-4078.5 cell=0,0,0 origin=0,0,0 replicas=49 dmin=5.0 dmax=118.9 limit=161.8 speed=1.2 beyond=0 dup=0 chunks=0 orphans=0 carrierless=0 spawns=52 despawns=2 pawn=1
[nebula] [nebula-probe] t=50.3 pos=-19.1,3.0,-4078.5 cell=0,0,0 origin=0,0,0 replicas=49 dmin=5.1 dmax=113.1 limit=160.5 speed=0.3 beyond=0 dup=0 chunks=0 orphans=0 carrierless=0 spawns=52 despawns=2 pawn=1
[nebula] client 3209 fps replicas 50 (+0.0/s -0.0/s) entities 50 in 192 pkt/s 22.2 KB/s 233 states/s (msgs: state 125 rpc 4 vars 5) rtt 0ms lead 3 (adj 0, worker saw 7) corrections 0 | full-rate interp: depth 2.1 ticks, starved 0.1% worst +1.8 | frame max 2.7ms fixed/frame max 1 | gaps>3t 3 worst 83t | render delay 3t (stream lag 0t) | snapshot age ms min 7.3 avg 14.5 max 46.9
[nebula] [nebula-probe] t=51.3 pos=-19.2,2.7,-4078.5 cell=0,0,0 origin=0,0,0 replicas=49 dmin=5.0 dmax=111.7 limit=160.5 speed=0.3 beyond=0 dup=0 chunks=0 orphans=0 carrierless=0 spawns=52 despawns=2 pawn=1
[nebula] [nebula-probe] t=52.3 pos=-18.5,2.6,-4078.6 cell=0,0,0 origin=0,0,0 replicas=49 dmin=4.4 dmax=112.0 limit=161.0 speed=0.6 beyond=0 dup=0 chunks=0 orphans=0 carrierless=0 spawns=52 despawns=2 pawn=1
[nebula] [nebula-probe] t=53.3 pos=-15.4,2.2,-4079.2 cell=0,0,0 origin=0,0,0 replicas=49 dmin=1.9 dmax=111.3 limit=165.1 speed=3.2 beyond=0 dup=0 chunks=0 orphans=0 carrierless=0 spawns=52 despawns=2 pawn=1
[nebula] [nebula-probe] t=54.3 pos=-15.4,2.2,-4079.2 cell=0,0,0 origin=0,0,0 replicas=49 dmin=1.9 dmax=112.9 limit=160.0 speed=0.0 beyond=0 dup=0 chunks=0 orphans=0 carrierless=0 spawns=52 despawns=2 pawn=1
[nebula] [nebula-probe] t=55.3 pos=-15.4,2.2,-4079.2 cell=0,0,0 origin=0,0,0 replicas=49 dmin=1.9 dmax=118.5 limit=160.0 speed=0.0 beyond=0 dup=0 chunks=0 orphans=0 carrierless=0 spawns=52 despawns=2 pawn=1
[nebula] client 3220 fps replicas 50 (+0.0/s -0.0/s) entities 50 in 187 pkt/s 20.6 KB/s 219 states/s (msgs: state 117 rpc 7 vars 7) rtt 0ms lead 3 (adj 0, worker saw 7) corrections 0 | full-rate interp: depth 2.9 ticks, starved 0.0% worst +1.2 | frame max 3.0ms fixed/frame max 1 | gaps>3t 4 worst 60t | render delay 3t (stream lag 0t) | snapshot age ms min 4.7 avg 12.8 max 47.1
[nebula] [nebula-probe] t=56.3 pos=-15.4,2.5,-4079.2 cell=0,0,0 origin=0,0,0 replicas=49 dmin=2.0 dmax=115.3 limit=160.5 speed=0.3 beyond=0 dup=0 chunks=0 orphans=0 carrierless=0 spawns=52 despawns=2 pawn=1
[nebula] [nebula-probe] t=57.3 pos=-14.8,2.0,-4081.4 cell=0,0,0 origin=0,0,0 replicas=49 dmin=0.4 dmax=117.3 limit=163.8 speed=2.4 beyond=0 dup=0 chunks=0 orphans=0 carrierless=0 spawns=52 despawns=2 pawn=1
[nebula] [nebula-probe] t=58.3 pos=-12.2,2.0,-4086.1 cell=0,0,0 origin=0,0,0 replicas=49 dmin=5.3 dmax=117.8 limit=168.6 speed=5.4 beyond=0 dup=0 chunks=0 orphans=0 carrierless=0 spawns=52 despawns=2 pawn=1
[nebula] [nebula-probe] t=59.3 pos=-9.9,2.0,-4091.7 cell=0,0,0 origin=0,0,0 replicas=49 dmin=0.8 dmax=119.8 limit=169.6 speed=6.0 beyond=0 dup=0 chunks=0 orphans=0 carrierless=0 spawns=52 despawns=2 pawn=1
[nebula] [nebula-probe] t=60.3 pos=-8.5,2.3,-4097.1 cell=0,0,0 origin=0,0,0 replicas=49 dmin=4.3 dmax=121.5 limit=168.9 speed=5.6 beyond=0 dup=0 chunks=0 orphans=0 carrierless=0 spawns=52 despawns=2 pawn=1
[nebula] client 3268 fps replicas 50 (+0.0/s -0.0/s) entities 50 in 205 pkt/s 23.6 KB/s 298 states/s (msgs: state 137 rpc 5 vars 5) rtt 0ms lead 3 (adj 0, worker saw 7) corrections 0 | full-rate interp: depth 2.9 ticks, starved 0.0% worst +0.0 | frame max 3.4ms fixed/frame max 1 | gaps>3t 1 worst 29t | render delay 3t (stream lag 0t) | snapshot age ms min 4.0 avg 10.1 max 45.1
[nebula] [nebula-probe] t=61.3 pos=-8.5,2.3,-4100.6 cell=0,0,0 origin=0,0,0 replicas=49 dmin=1.7 dmax=119.1 limit=165.7 speed=3.5 beyond=0 dup=0 chunks=0 orphans=0 carrierless=0 spawns=52 despawns=2 pawn=1
[nebula] [nebula-probe] t=62.3 pos=-8.5,2.3,-4100.6 cell=0,0,0 origin=0,0,0 replicas=49 dmin=1.7 dmax=119.5 limit=160.0 speed=0.0 beyond=0 dup=0 chunks=0 orphans=0 carrierless=0 spawns=52 despawns=2 pawn=1
[nebula] [nebula-probe] t=63.3 pos=-8.5,2.3,-4100.6 cell=0,0,0 origin=0,0,0 replicas=49 dmin=1.7 dmax=122.3 limit=160.0 speed=0.0 beyond=0 dup=0 chunks=0 orphans=0 carrierless=0 spawns=52 despawns=2 pawn=1
[nebula] [nebula-probe] t=64.3 pos=-8.5,2.3,-4100.6 cell=0,0,0 origin=0,0,0 replicas=49 dmin=1.7 dmax=121.8 limit=160.1 speed=0.0 beyond=0 dup=0 chunks=0 orphans=0 carrierless=0 spawns=52 despawns=2 pawn=1
[nebula] [nebula-probe] t=65.3 pos=-8.4,2.7,-4100.6 cell=0,0,0 origin=0,0,0 replicas=49 dmin=1.8 dmax=116.1 limit=160.5 speed=0.3 beyond=0 dup=0 chunks=0 orphans=0 carrierless=0 spawns=52 despawns=2 pawn=1
[nebula] client 3068 fps replicas 50 (+0.0/s -0.0/s) entities 50 in 201 pkt/s 25.4 KB/s 346 states/s (msgs: state 128 rpc 10 vars 4) rtt 0ms lead 3 (adj 0, worker saw 7) corrections 0 | full-rate interp: depth 2.2 ticks, starved 0.0% worst +0.0 | frame max 2.7ms fixed/frame max 1 | gaps>3t 0 worst 0t | render delay 5t (stream lag 2t) | snapshot age ms min 4.5 avg 10.1 max 43.1
[nebula] [nebula-probe] t=66.3 pos=-8.7,2.0,-4100.6 cell=0,0,0 origin=0,0,0 replicas=49 dmin=1.4 dmax=110.5 limit=161.1 speed=0.7 beyond=0 dup=0 chunks=0 orphans=0 carrierless=0 spawns=52 despawns=2 pawn=1
[nebula] [nebula-probe] t=67.3 pos=-8.7,2.0,-4100.6 cell=0,0,0 origin=0,0,0 replicas=49 dmin=1.4 dmax=105.0 limit=160.0 speed=0.0 beyond=0 dup=0 chunks=0 orphans=0 carrierless=0 spawns=52 despawns=2 pawn=1
[nebula] [nebula-probe] t=68.3 pos=-8.7,2.4,-4100.6 cell=0,0,0 origin=0,0,0 replicas=49 dmin=1.4 dmax=99.7 limit=160.5 speed=0.3 beyond=0 dup=0 chunks=0 orphans=0 carrierless=0 spawns=52 despawns=2 pawn=1
[nebula] [nebula-probe] t=69.3 pos=-11.8,2.0,-4102.4 cell=0,0,0 origin=0,0,0 replicas=49 dmin=2.2 dmax=97.5 limit=165.8 speed=3.6 beyond=0 dup=0 chunks=0 orphans=0 carrierless=0 spawns=52 despawns=2 pawn=1
[nebula] [nebula-probe] t=70.3 pos=-15.4,2.3,-4101.7 cell=0,0,0 origin=0,0,0 replicas=49 dmin=5.4 dmax=94.3 limit=165.8 speed=3.6 beyond=0 dup=0 chunks=0 orphans=0 carrierless=0 spawns=52 despawns=2 pawn=1
[nebula] client 3296 fps replicas 50 (+0.0/s -0.0/s) entities 50 in 214 pkt/s 22.9 KB/s 274 states/s (msgs: state 145 rpc 6 vars 3) rtt 0ms lead 3 (adj 0, worker saw 7) corrections 0 | full-rate interp: depth 3.6 ticks, starved 0.0% worst +0.0 | frame max 2.2ms fixed/frame max 1 | gaps>3t 0 worst 0t | render delay 4t (stream lag 1t) | snapshot age ms min 6.0 avg 9.9 max 43.4
[nebula] [nebula-probe] t=71.3 pos=-14.1,2.3,-4101.7 cell=0,0,0 origin=0,0,0 replicas=49 dmin=4.1 dmax=99.9 limit=162.1 speed=1.3 beyond=0 dup=0 chunks=0 orphans=0 carrierless=0 spawns=52 despawns=2 pawn=1
[nebula] [nebula-probe] t=72.3 pos=-13.1,2.3,-4101.7 cell=0,0,0 origin=0,0,0 replicas=49 dmin=3.2 dmax=102.3 limit=161.6 speed=1.0 beyond=0 dup=0 chunks=0 orphans=0 carrierless=0 spawns=52 despawns=2 pawn=1
[nebula] [nebula-probe] t=73.3 pos=-12.4,2.3,-4101.7 cell=0,0,0 origin=0,0,0 replicas=49 dmin=2.4 dmax=102.2 limit=161.2 speed=0.7 beyond=0 dup=0 chunks=0 orphans=0 carrierless=0 spawns=52 despawns=2 pawn=1
[nebula] [nebula-probe] t=74.3 pos=-11.8,2.3,-4101.7 cell=0,0,0 origin=0,0,0 replicas=49 dmin=1.9 dmax=102.3 limit=160.9 speed=0.6 beyond=0 dup=0 chunks=0 orphans=0 carrierless=0 spawns=52 despawns=2 pawn=1
[nebula] [nebula-probe] t=75.3 pos=-11.4,2.3,-4101.7 cell=0,0,0 origin=0,0,0 replicas=49 dmin=1.5 dmax=102.2 limit=160.7 speed=0.4 beyond=0 dup=0 chunks=0 orphans=0 carrierless=0 spawns=52 despawns=2 pawn=1
[nebula] client 3244 fps replicas 50 (+0.0/s -0.0/s) entities 50 in 203 pkt/s 20.7 KB/s 214 states/s (msgs: state 132 rpc 10 vars 6) rtt 0ms lead 3 (adj 0, worker saw 7) corrections 0 | full-rate interp: depth 3.5 ticks, starved 0.0% worst +0.0 | frame max 2.3ms fixed/frame max 1 | gaps>3t 0 worst 0t | render delay 5t (stream lag 2t) | snapshot age ms min 5.9 avg 10.6 max 49.3
[nebula] [nebula-probe] t=76.3 pos=-11.3,2.3,-4101.7 cell=0,0,0 origin=0,0,0 replicas=49 dmin=1.4 dmax=101.9 limit=160.2 speed=0.1 beyond=0 dup=0 chunks=0 orphans=0 carrierless=0 spawns=52 despawns=2 pawn=1
[nebula] [nebula-probe] t=77.3 pos=-11.3,2.6,-4101.7 cell=0,0,0 origin=0,0,0 replicas=49 dmin=1.5 dmax=105.5 limit=160.6 speed=0.3 beyond=0 dup=0 chunks=0 orphans=0 carrierless=0 spawns=52 despawns=2 pawn=1
[nebula] [nebula-probe] t=78.3 pos=-11.2,2.3,-4101.7 cell=0,0,0 origin=0,0,0 replicas=49 dmin=1.4 dmax=103.7 limit=160.6 speed=0.3 beyond=0 dup=0 chunks=0 orphans=0 carrierless=0 spawns=52 despawns=2 pawn=1
[nebula] [nebula-probe] t=79.3 pos=-11.3,2.3,-4101.7 cell=0,0,0 origin=0,0,0 replicas=49 dmin=1.4 dmax=102.5 limit=160.0 speed=0.0 beyond=0 dup=0 chunks=0 orphans=0 carrierless=0 spawns=52 despawns=2 pawn=1
[nebula] [nebula-probe] t=80.3 pos=-11.2,2.6,-4101.7 cell=0,0,0 origin=0,0,0 replicas=49 dmin=1.5 dmax=103.7 limit=160.5 speed=0.3 beyond=0 dup=0 chunks=0 orphans=0 carrierless=0 spawns=52 despawns=2 pawn=1
[nebula] client 3168 fps replicas 50 (+0.0/s -0.0/s) entities 50 in 191 pkt/s 20.9 KB/s 227 states/s (msgs: state 121 rpc 8 vars 8) rtt 0ms lead 3 (adj 0, worker saw 7) corrections 0 | full-rate interp: depth 3.9 ticks, starved 0.0% worst +0.0 | frame max 3.2ms fixed/frame max 1 | gaps>3t 0 worst 0t | render delay 5t (stream lag 2t) | snapshot age ms min 6.4 avg 11.4 max 45.5
[nebula] [nebula-probe] t=81.3 pos=-11.3,2.3,-4101.7 cell=0,0,0 origin=0,0,0 replicas=49 dmin=1.4 dmax=105.9 limit=160.5 speed=0.3 beyond=0 dup=0 chunks=0 orphans=0 carrierless=0 spawns=52 despawns=2 pawn=1
[nebula] [nebula-probe] t=82.3 pos=-10.5,2.1,-4101.6 cell=0,0,0 origin=0,0,0 replicas=49 dmin=0.7 dmax=110.0 limit=161.2 speed=0.8 beyond=0 dup=0 chunks=0 orphans=0 carrierless=0 spawns=52 despawns=2 pawn=1
[nebula] [nebula-probe] t=83.3 pos=-8.4,2.5,-4097.2 cell=0,0,0 origin=0,0,0 replicas=49 dmin=4.3 dmax=108.5 limit=167.9 speed=5.0 beyond=0 dup=0 chunks=0 orphans=0 carrierless=0 spawns=52 despawns=2 pawn=1
[nebula] [nebula-probe] t=84.3 pos=-8.4,2.5,-4094.8 cell=0,0,0 origin=0,0,0 replicas=49 dmin=4.3 dmax=111.5 limit=163.8 speed=2.4 beyond=0 dup=0 chunks=0 orphans=0 carrierless=0 spawns=52 despawns=2 pawn=1
[nebula] [nebula-probe] t=85.3 pos=-8.5,2.3,-4092.2 cell=0,0,0 origin=0,0,0 replicas=49 dmin=2.0 dmax=114.4 limit=164.1 speed=2.6 beyond=0 dup=0 chunks=0 orphans=0 carrierless=0 spawns=52 despawns=2 pawn=1
[nebula] client 3199 fps replicas 50 (+0.0/s -0.0/s) entities 50 in 207 pkt/s 23.3 KB/s 296 states/s (msgs: state 140 rpc 4 vars 6) rtt 0ms lead 3 (adj 0, worker saw 7) corrections 0 | full-rate interp: depth 3.4 ticks, starved 0.0% worst +0.0 | frame max 3.4ms fixed/frame max 1 | gaps>3t 0 worst 0t | render delay 3t (stream lag 0t) | snapshot age ms min 7.1 avg 11.7 max 43.5
[nebula] [nebula-probe] t=86.3 pos=-8.6,2.3,-4091.6 cell=0,0,0 origin=0,0,0 replicas=49 dmin=1.6 dmax=119.0 limit=161.0 speed=0.6 beyond=0 dup=0 chunks=0 orphans=0 carrierless=0 spawns=52 despawns=2 pawn=1
[nebula] [nebula-probe] t=87.3 pos=-8.6,2.3,-4091.6 cell=0,0,0 origin=0,0,0 replicas=49 dmin=1.6 dmax=120.1 limit=160.1 speed=0.0 beyond=0 dup=0 chunks=0 orphans=0 carrierless=0 spawns=52 despawns=2 pawn=1
[nebula] [nebula-probe] t=88.3 pos=-8.6,2.2,-4091.6 cell=0,0,0 origin=0,0,0 replicas=49 dmin=1.6 dmax=125.4 limit=160.1 speed=0.1 beyond=0 dup=0 chunks=0 orphans=0 carrierless=0 spawns=52 despawns=2 pawn=1
[nebula] [nebula-probe] t=89.3 pos=-8.5,2.6,-4091.7 cell=0,0,0 origin=0,0,0 replicas=49 dmin=1.8 dmax=129.0 limit=160.7 speed=0.4 beyond=0 dup=0 chunks=0 orphans=0 carrierless=0 spawns=52 despawns=2 pawn=1
[nebula] [nebula-probe] t=90.3 pos=-11.9,2.0,-4089.7 cell=0,0,0 origin=0,0,0 replicas=49 dmin=2.3 dmax=127.7 limit=166.3 speed=4.0 beyond=0 dup=0 chunks=0 orphans=0 carrierless=0 spawns=52 despawns=2 pawn=1
[nebula] client 3252 fps replicas 50 (+0.0/s -0.0/s) entities 50 in 202 pkt/s 24.2 KB/s 329 states/s (msgs: state 137 rpc 2 vars 3) rtt 0ms lead 3 (adj 0, worker saw 7) corrections 1 last 0.06m | full-rate interp: depth 3.0 ticks, starved 0.0% worst +0.0 | frame max 2.8ms fixed/frame max 1 | gaps>3t 0 worst 0t | render delay 3t (stream lag 0t) | snapshot age ms min 8.2 avg 12.2 max 42.9
[nebula] [nebula-probe] t=91.3 pos=-14.3,2.3,-4090.3 cell=0,0,0 origin=0,0,0 replicas=49 dmin=4.3 dmax=127.7 limit=163.9 speed=2.5 beyond=0 dup=0 chunks=0 orphans=0 carrierless=0 spawns=52 despawns=2 pawn=1
[nebula] [nebula-probe] t=92.3 pos=-14.3,2.3,-4090.3 cell=0,0,0 origin=0,0,0 replicas=49 dmin=4.3 dmax=132.2 limit=160.0 speed=0.0 beyond=0 dup=0 chunks=0 orphans=0 carrierless=0 spawns=52 despawns=2 pawn=1
[nebula] [nebula-probe] t=93.3 pos=-14.3,2.3,-4090.3 cell=0,0,0 origin=0,0,0 replicas=49 dmin=4.3 dmax=133.2 limit=160.0 speed=0.0 beyond=0 dup=0 chunks=0 orphans=0 carrierless=0 spawns=52 despawns=2 pawn=1
[nebula] [nebula-probe] t=94.3 pos=-14.3,2.3,-4090.3 cell=0,0,0 origin=0,0,0 replicas=49 dmin=4.3 dmax=135.1 limit=160.0 speed=0.0 beyond=0 dup=0 chunks=0 orphans=0 carrierless=0 spawns=52 despawns=2 pawn=1
[nebula] [nebula-probe] t=95.3 pos=-14.3,2.6,-4090.3 cell=0,0,0 origin=0,0,0 replicas=49 dmin=4.4 dmax=138.6 limit=160.5 speed=0.3 beyond=0 dup=0 chunks=0 orphans=0 carrierless=0 spawns=52 despawns=2 pawn=1
[nebula] client 3248 fps replicas 50 (+0.0/s -0.0/s) entities 50 in 205 pkt/s 23.7 KB/s 299 states/s (msgs: state 136 rpc 5 vars 6) rtt 0ms lead 3 (adj 0, worker saw 7) corrections 0 | full-rate interp: depth 2.8 ticks, starved 0.3% worst +2.2 | frame max 3.2ms fixed/frame max 1 | gaps>3t 4 worst 117t | render delay 4t (stream lag 1t) | snapshot age ms min 9.9 avg 12.7 max 46.9
[nebula] [nebula-probe] t=96.3 pos=-10.9,2.0,-4088.5 cell=0,0,0 origin=0,0,0 replicas=49 dmin=2.6 dmax=134.3 limit=166.2 speed=3.9 beyond=0 dup=0 chunks=0 orphans=0 carrierless=0 spawns=52 despawns=2 pawn=1
[nebula] [nebula-probe] t=97.3 pos=-5.6,2.7,-4086.0 cell=0,0,0 origin=0,0,0 replicas=49 dmin=5.1 dmax=130.0 limit=169.5 speed=5.9 beyond=0 dup=0 chunks=0 orphans=0 carrierless=0 spawns=52 despawns=2 pawn=1
[nebula] [nebula-probe] t=98.3 pos=-3.8,0.0,-4086.0 cell=0,0,0 origin=0,0,0 replicas=49 dmin=5.6 dmax=128.4 limit=165.1 speed=3.2 beyond=0 dup=0 chunks=0 orphans=0 carrierless=0 spawns=52 despawns=2 pawn=1
[nebula] [nebula-probe] t=99.3 pos=-3.6,0.0,-4086.7 cell=0,0,0 origin=0,0,0 replicas=49 dmin=6.3 dmax=126.0 limit=161.2 speed=0.7 beyond=0 dup=0 chunks=0 orphans=0 carrierless=0 spawns=52 despawns=2 pawn=1
[nebula] [nebula-probe] t=100.3 pos=-3.6,0.0,-4086.7 cell=0,0,0 origin=0,0,0 replicas=49 dmin=4.5 dmax=120.9 limit=160.0 speed=0.0 beyond=0 dup=0 chunks=0 orphans=0 carrierless=0 spawns=52 despawns=2 pawn=1
[nebula] client 3119 fps replicas 50 (+0.0/s -0.0/s) entities 50 in 221 pkt/s 28.8 KB/s 389 states/s (msgs: state 145 rpc 10 vars 8) rtt 0ms lead 3 (adj 0, worker saw 7) corrections 0 | full-rate interp: depth 2.8 ticks, starved 0.0% worst +0.0 | frame max 2.8ms fixed/frame max 1 | gaps>3t 0 worst 0t | render delay 4t (stream lag 1t) | snapshot age ms min 10.0 avg 13.6 max 47.4
[nebula] [nebula-probe] t=101.3 pos=-4.5,0.0,-4084.9 cell=0,0,0 origin=0,0,0 replicas=49 dmin=3.2 dmax=116.5 limit=163.3 speed=2.0 beyond=0 dup=0 chunks=0 orphans=0 carrierless=0 spawns=52 despawns=2 pawn=1
[nebula] [nebula-probe] t=102.3 pos=-4.6,0.0,-4083.9 cell=0,0,0 origin=0,0,0 replicas=49 dmin=3.3 dmax=110.3 limit=161.6 speed=1.0 beyond=0 dup=0 chunks=0 orphans=0 carrierless=0 spawns=52 despawns=2 pawn=1
[nebula] [nebula-probe] t=103.3 pos=-4.6,0.0,-4083.9 cell=0,0,0 origin=0,0,0 replicas=49 dmin=3.3 dmax=106.4 limit=160.0 speed=0.0 beyond=0 dup=0 chunks=0 orphans=0 carrierless=0 spawns=52 despawns=2 pawn=1
[nebula] [nebula-probe] t=104.3 pos=-4.6,0.0,-4083.9 cell=0,0,0 origin=0,0,0 replicas=49 dmin=3.6 dmax=102.9 limit=160.0 speed=0.0 beyond=0 dup=0 chunks=0 orphans=0 carrierless=0 spawns=52 despawns=2 pawn=1
[nebula] [nebula-probe] t=105.3 pos=-4.6,0.0,-4083.9 cell=0,0,0 origin=0,0,0 replicas=49 dmin=3.6 dmax=103.6 limit=160.0 speed=0.0 beyond=0 dup=0 chunks=0 orphans=0 carrierless=0 spawns=52 despawns=2 pawn=1
[nebula] client 3139 fps replicas 50 (+0.0/s -0.0/s) entities 50 in 219 pkt/s 29.8 KB/s 368 states/s (msgs: state 146 rpc 6 vars 8) rtt 0ms lead 3 (adj 0, worker saw 7) corrections 0 | full-rate interp: depth 3.2 ticks, starved 0.0% worst +0.0 | frame max 4.3ms fixed/frame max 1 | gaps>3t 7 worst 82t | render delay 4t (stream lag 1t) | snapshot age ms min 10.4 avg 14.7 max 46.3
[nebula] [nebula-probe] t=106.3 pos=-4.6,0.0,-4083.9 cell=0,0,0 origin=0,0,0 replicas=49 dmin=3.6 dmax=107.4 limit=160.0 speed=0.0 beyond=0 dup=0 chunks=0 orphans=0 carrierless=0 spawns=52 despawns=2 pawn=1
[nebula] [nebula-probe] t=107.3 pos=-4.6,0.0,-4083.9 cell=0,0,0 origin=0,0,0 replicas=49 dmin=3.6 dmax=103.2 limit=160.0 speed=0.0 beyond=0 dup=0 chunks=0 orphans=0 carrierless=0 spawns=52 despawns=2 pawn=1
[nebula] [nebula-probe] t=108.3 pos=-4.6,0.0,-4083.9 cell=0,0,0 origin=0,0,0 replicas=49 dmin=3.6 dmax=102.4 limit=160.0 speed=0.0 beyond=0 dup=0 chunks=0 orphans=0 carrierless=0 spawns=52 despawns=2 pawn=1
[nebula] [nebula-probe] t=109.3 pos=-4.6,0.0,-4085.0 cell=0,0,0 origin=0,0,0 replicas=49 dmin=4.5 dmax=108.8 limit=161.7 speed=1.1 beyond=0 dup=0 chunks=0 orphans=0 carrierless=0 spawns=52 despawns=2 pawn=1
[nebula] [nebula-probe] t=110.3 pos=-4.6,0.0,-4087.2 cell=0,0,0 origin=0,0,0 replicas=49 dmin=6.5 dmax=116.1 limit=163.5 speed=2.2 beyond=0 dup=0 chunks=0 orphans=0 carrierless=0 spawns=52 despawns=2 pawn=1
[nebula] client 3210 fps replicas 50 (+0.0/s -0.0/s) entities 50 in 213 pkt/s 24.1 KB/s 334 states/s (msgs: state 143 rpc 7 vars 10) rtt 0ms lead 3 (adj 0, worker saw 7) corrections 0 | full-rate interp: depth 3.2 ticks, starved 0.0% worst +0.0 | frame max 2.7ms fixed/frame max 1 | gaps>3t 3 worst 60t | render delay 4t (stream lag 1t) | snapshot age ms min 10.1 avg 13.8 max 46.3
[nebula] [nebula-probe] t=111.3 pos=-4.6,0.0,-4089.0 cell=0,0,0 origin=0,0,0 replicas=49 dmin=6.1 dmax=123.2 limit=162.9 speed=1.8 beyond=0 dup=0 chunks=0 orphans=0 carrierless=0 spawns=52 despawns=2 pawn=1
[nebula] [nebula-probe] t=112.3 pos=-4.6,0.0,-4090.4 cell=0,0,0 origin=0,0,0 replicas=49 dmin=5.8 dmax=127.9 limit=162.3 speed=1.5 beyond=0 dup=0 chunks=0 orphans=0 carrierless=0 spawns=52 despawns=2 pawn=1
[nebula] [nebula-probe] t=113.3 pos=-4.6,0.0,-4091.0 cell=0,0,0 origin=0,0,0 replicas=49 dmin=5.8 dmax=122.9 limit=160.9 speed=0.5 beyond=0 dup=0 chunks=0 orphans=0 carrierless=0 spawns=52 despawns=2 pawn=1
[nebula] [nebula-probe] t=114.3 pos=-4.6,0.0,-4091.0 cell=0,0,0 origin=0,0,0 replicas=49 dmin=5.8 dmax=118.9 limit=160.0 speed=0.0 beyond=0 dup=0 chunks=0 orphans=0 carrierless=0 spawns=52 despawns=2 pawn=1
[nebula] [nebula-probe] t=115.3 pos=-4.6,0.0,-4091.0 cell=0,0,0 origin=0,0,0 replicas=49 dmin=5.8 dmax=117.4 limit=160.0 speed=0.0 beyond=0 dup=0 chunks=0 orphans=0 carrierless=0 spawns=52 despawns=2 pawn=1
[nebula] client 3264 fps replicas 50 (+0.0/s -0.0/s) entities 50 in 213 pkt/s 22.3 KB/s 291 states/s (msgs: state 142 rpc 5 vars 8) rtt 0ms lead 3 (adj 0, worker saw 7) corrections 3 last 0.10m | full-rate interp: depth 2.9 ticks, starved 0.0% worst +0.0 | frame max 4.2ms fixed/frame max 1 | gaps>3t 2 worst 168t | render delay 4t (stream lag 1t) | snapshot age ms min 10.7 avg 14.8 max 45.5
[nebula] [nebula-probe] t=116.3 pos=-10.7,2.0,-4076.0 cell=0,0,0 origin=0,0,0 replicas=49 dmin=4.9 dmax=106.3 limit=186.1 speed=16.3 beyond=0 dup=0 chunks=0 orphans=0 carrierless=0 spawns=52 despawns=2 pawn=1
[nebula] [nebula-probe] t=117.3 pos=-14.2,2.4,-4080.3 cell=0,0,0 origin=0,0,0 replicas=49 dmin=1.0 dmax=114.6 limit=169.0 speed=5.6 beyond=0 dup=0 chunks=0 orphans=0 carrierless=0 spawns=52 despawns=2 pawn=1
[nebula] [nebula-probe] t=118.3 pos=-18.4,2.7,-4083.4 cell=0,0,0 origin=0,0,0 replicas=49 dmin=3.2 dmax=121.9 limit=168.3 speed=5.2 beyond=0 dup=0 chunks=0 orphans=0 carrierless=0 spawns=52 despawns=2 pawn=1
[nebula] [nebula-probe] t=119.3 pos=-19.2,2.7,-4083.5 cell=0,0,0 origin=0,0,0 replicas=49 dmin=3.5 dmax=127.4 limit=161.3 speed=0.8 beyond=0 dup=0 chunks=0 orphans=0 carrierless=0 spawns=52 despawns=2 pawn=1
[nebula] [nebula-probe] t=120.3 pos=-19.2,2.7,-4083.4 cell=0,0,0 origin=0,0,0 replicas=49 dmin=3.0 dmax=133.2 limit=160.0 speed=0.0 beyond=0 dup=0 chunks=0 orphans=0 carrierless=0 spawns=52 despawns=2 pawn=1
[nebula] client 3155 fps replicas 50 (+0.0/s -0.0/s) entities 50 in 212 pkt/s 24.4 KB/s 325 states/s (msgs: state 147 rpc 5 vars 5) rtt 0ms lead 3 (adj 0, worker saw 7) corrections 1 last 0.16m | full-rate interp: depth 2.6 ticks, starved 0.2% worst +1.7 | frame max 2.6ms fixed/frame max 1 | gaps>3t 0 worst 0t | render delay 4t (stream lag 1t) | snapshot age ms min 11.1 avg 15.9 max 49.3
[nebula] [nebula-probe] t=121.3 pos=-19.2,2.7,-4083.4 cell=0,0,0 origin=0,0,0 replicas=49 dmin=4.4 dmax=139.0 limit=160.0 speed=0.0 beyond=0 dup=0 chunks=0 orphans=0 carrierless=0 spawns=52 despawns=2 pawn=1
[nebula] [nebula-probe] t=122.3 pos=-20.0,3.4,-4083.1 cell=0,0,0 origin=0,0,0 replicas=48 dmin=5.7 dmax=99.6 limit=161.7 speed=1.1 beyond=0 dup=0 chunks=0 orphans=0 carrierless=0 spawns=52 despawns=3 pawn=1
[nebula] [nebula-probe] t=123.3 pos=-20.9,2.8,-4078.5 cell=0,0,0 origin=0,0,0 replicas=48 dmin=5.4 dmax=97.0 limit=167.6 speed=4.7 beyond=0 dup=0 chunks=0 orphans=0 carrierless=0 spawns=52 despawns=3 pawn=1
[nebula] [nebula-probe] t=124.3 pos=-20.8,2.7,-4078.5 cell=0,0,0 origin=0,0,0 replicas=48 dmin=5.4 dmax=97.0 limit=160.1 speed=0.1 beyond=0 dup=0 chunks=0 orphans=0 carrierless=0 spawns=52 despawns=3 pawn=1
[nebula] [nebula-probe] t=125.3 pos=-20.8,2.7,-4078.5 cell=0,0,0 origin=0,0,0 replicas=48 dmin=5.4 dmax=97.0 limit=160.0 speed=0.0 beyond=0 dup=0 chunks=0 orphans=0 carrierless=0 spawns=52 despawns=3 pawn=1
[nebula] client 3140 fps replicas 49 (+0.0/s -0.2/s) entities 49 in 196 pkt/s 20.8 KB/s 240 states/s (msgs: state 126 rpc 7 vars 6) rtt 0ms lead 3 (adj 0, worker saw 7) corrections 0 | full-rate interp: depth 2.6 ticks, starved 0.3% worst +1.9 | frame max 2.6ms fixed/frame max 1 | gaps>3t 3 worst 63t | render delay 3t (stream lag 0t) | snapshot age ms min 11.8 avg 15.8 max 51.5
[nebula] [nebula-probe] t=126.3 pos=-20.8,2.7,-4078.5 cell=0,0,0 origin=0,0,0 replicas=48 dmin=5.4 dmax=141.1 limit=160.0 speed=0.0 beyond=0 dup=0 chunks=0 orphans=0 carrierless=0 spawns=52 despawns=3 pawn=1
[nebula] [nebula-probe] t=127.3 pos=-18.0,2.1,-4078.9 cell=0,0,0 origin=0,0,0 replicas=47 dmin=3.7 dmax=90.3 limit=164.8 speed=3.0 beyond=0 dup=0 chunks=0 orphans=0 carrierless=0 spawns=52 despawns=4 pawn=1
[nebula] [nebula-probe] t=128.3 pos=-15.4,2.1,-4079.3 cell=0,0,0 origin=0,0,0 replicas=47 dmin=1.8 dmax=94.2 limit=164.1 speed=2.6 beyond=0 dup=0 chunks=0 orphans=0 carrierless=0 spawns=52 despawns=4 pawn=1
[nebula] [nebula-probe] t=129.3 pos=-15.4,2.0,-4079.3 cell=0,0,0 origin=0,0,0 replicas=47 dmin=1.8 dmax=99.3 limit=160.2 speed=0.1 beyond=0 dup=0 chunks=0 orphans=0 carrierless=0 spawns=52 despawns=4 pawn=1
[nebula] [nebula-probe] t=130.3 pos=-15.4,2.1,-4079.3 cell=0,0,0 origin=0,0,0 replicas=48 dmin=1.8 dmax=118.2 limit=160.1 speed=0.1 beyond=0 dup=0 chunks=0 orphans=0 carrierless=0 spawns=53 despawns=4 pawn=1
[nebula] client 3279 fps replicas 50 (+0.4/s -0.2/s) entities 50 in 196 pkt/s 27.4 KB/s 329 states/s (msgs: state 137 rpc 5 vars 6) rtt 0ms lead 3 (adj 0, worker saw 7) corrections 1 last 0.05m | full-rate interp: depth 3.0 ticks, starved 0.0% worst +1.2 | frame max 3.8ms fixed/frame max 1 | gaps>3t 3 worst 60t | render delay 4t (stream lag 1t) | snapshot age ms min 4.2 avg 16.0 max 42.0
[nebula] [nebula-probe] t=131.3 pos=-15.4,2.7,-4079.7 cell=0,0,0 origin=0,0,0 replicas=49 dmin=1.6 dmax=115.1 limit=161.2 speed=0.8 beyond=0 dup=0 chunks=0 orphans=0 carrierless=0 spawns=54 despawns=4 pawn=1
[nebula] [nebula-probe] t=132.3 pos=-13.4,2.6,-4082.9 cell=0,0,0 origin=0,0,0 replicas=49 dmin=2.5 dmax=113.3 limit=166.1 speed=3.8 beyond=0 dup=0 chunks=0 orphans=0 carrierless=0 spawns=54 despawns=4 pawn=1
[nebula] [nebula-probe] t=133.3 pos=-10.6,2.1,-4088.2 cell=0,0,0 origin=0,0,0 replicas=49 dmin=2.7 dmax=111.1 limit=169.7 speed=6.0 beyond=0 dup=0 chunks=0 orphans=0 carrierless=0 spawns=54 despawns=4 pawn=1
[nebula] [nebula-probe] t=134.3 pos=-8.4,2.3,-4093.6 cell=0,0,0 origin=0,0,0 replicas=49 dmin=3.2 dmax=109.4 limit=169.3 speed=5.8 beyond=0 dup=0 chunks=0 orphans=0 carrierless=0 spawns=54 despawns=4 pawn=1
[nebula] [nebula-probe] t=135.3 pos=-8.4,2.3,-4098.3 cell=0,0,0 origin=0,0,0 replicas=49 dmin=3.3 dmax=108.9 limit=167.5 speed=4.7 beyond=0 dup=0 chunks=0 orphans=0 carrierless=0 spawns=54 despawns=4 pawn=1
[nebula] client 3221 fps replicas 50 (+0.0/s -0.0/s) entities 50 in 207 pkt/s 27.5 KB/s 347 states/s (msgs: state 148 rpc 5 vars 6) rtt 0ms lead 3 (adj 0, worker saw 7) corrections 1 last 0.05m | full-rate interp: depth 2.7 ticks, starved 0.1% worst +1.4 | frame max 3.6ms fixed/frame max 1 | gaps>3t 0 worst 0t | render delay 4t (stream lag 1t) | snapshot age ms min 10.1 avg 14.4 max 39.3
[nebula] [nebula-probe] t=136.3 pos=-8.5,2.3,-4100.6 cell=0,0,0 origin=0,0,0 replicas=49 dmin=1.7 dmax=107.1 limit=163.7 speed=2.3 beyond=0 dup=0 chunks=0 orphans=0 carrierless=0 spawns=54 despawns=4 pawn=1
[nebula] [nebula-probe] t=137.3 pos=-8.5,2.3,-4100.6 cell=0,0,0 origin=0,0,0 replicas=49 dmin=1.7 dmax=104.1 limit=160.0 speed=0.0 beyond=0 dup=0 chunks=0 orphans=0 carrierless=0 spawns=54 despawns=4 pawn=1
[nebula] [nebula-probe] t=138.3 pos=-8.5,2.4,-4100.6 cell=0,0,0 origin=0,0,0 replicas=49 dmin=1.7 dmax=101.4 limit=160.1 speed=0.1 beyond=0 dup=0 chunks=0 orphans=0 carrierless=0 spawns=54 despawns=4 pawn=1
[nebula] [nebula-probe] t=139.3 pos=-8.5,2.3,-4100.6 cell=0,0,0 origin=0,0,0 replicas=49 dmin=1.7 dmax=98.8 limit=160.2 speed=0.1 beyond=0 dup=0 chunks=0 orphans=0 carrierless=0 spawns=54 despawns=4 pawn=1
[nebula] [nebula-probe] t=140.3 pos=-8.5,2.3,-4100.6 cell=0,0,0 origin=0,0,0 replicas=49 dmin=1.7 dmax=96.7 limit=160.0 speed=0.0 beyond=0 dup=0 chunks=0 orphans=0 carrierless=0 spawns=54 despawns=4 pawn=1
[nebula] client 3105 fps replicas 50 (+0.0/s -0.0/s) entities 50 in 188 pkt/s 26.5 KB/s 383 states/s (msgs: state 121 rpc 4 vars 6) rtt 0ms lead 3 (adj 0, worker saw 7) corrections 0 | full-rate interp: depth 3.1 ticks, starved 0.0% worst +0.0 | frame max 5.3ms fixed/frame max 1 | gaps>3t 0 worst 0t | render delay 4t (stream lag 1t) | snapshot age ms min 10.3 avg 15.0 max 62.6
[nebula] [nebula-probe] t=141.3 pos=-8.5,2.3,-4100.6 cell=0,0,0 origin=0,0,0 replicas=49 dmin=1.7 dmax=95.8 limit=160.0 speed=0.0 beyond=0 dup=0 chunks=0 orphans=0 carrierless=0 spawns=54 despawns=4 pawn=1
[nebula] [nebula-probe] t=142.3 pos=-8.5,2.3,-4100.6 cell=0,0,0 origin=0,0,0 replicas=49 dmin=1.7 dmax=95.3 limit=160.1 speed=0.0 beyond=0 dup=0 chunks=0 orphans=0 carrierless=0 spawns=54 despawns=4 pawn=1
[nebula] [nebula-probe] t=143.3 pos=-8.5,2.9,-4100.6 cell=0,0,0 origin=0,0,0 replicas=49 dmin=1.9 dmax=95.0 limit=161.0 speed=0.6 beyond=0 dup=0 chunks=0 orphans=0 carrierless=0 spawns=54 despawns=4 pawn=1
[nebula] [nebula-probe] t=144.3 pos=-8.4,2.3,-4099.8 cell=0,0,0 origin=0,0,0 replicas=49 dmin=2.1 dmax=93.8 limit=161.6 speed=1.0 beyond=0 dup=0 chunks=0 orphans=0 carrierless=0 spawns=54 despawns=4 pawn=1
[nebula] [nebula-probe] t=145.3 pos=-8.4,2.4,-4099.8 cell=0,0,0 origin=0,0,0 replicas=49 dmin=2.1 dmax=92.6 limit=160.1 speed=0.0 beyond=0 dup=0 chunks=0 orphans=0 carrierless=0 spawns=54 despawns=4 pawn=1
[nebula] client 3160 fps replicas 50 (+0.0/s -0.0/s) entities 50 in 180 pkt/s 25.9 KB/s 375 states/s (msgs: state 112 rpc 4 vars 5) rtt 0ms lead 3 (adj 0, worker saw 8) corrections 0 | full-rate interp: depth 3.0 ticks, starved 0.0% worst +0.0 | frame max 2.5ms fixed/frame max 1 | gaps>3t 0 worst 0t | render delay 4t (stream lag 1t) | snapshot age ms min 10.2 avg 16.9 max 41.4
[nebula] [nebula-probe] t=146.3 pos=-8.4,2.3,-4099.7 cell=0,0,0 origin=0,0,0 replicas=49 dmin=2.1 dmax=91.9 limit=160.2 speed=0.1 beyond=0 dup=0 chunks=0 orphans=0 carrierless=0 spawns=54 despawns=4 pawn=1
[nebula] [nebula-probe] t=147.3 pos=-8.4,2.3,-4099.5 cell=0,0,0 origin=0,0,0 replicas=49 dmin=2.3 dmax=91.9 limit=160.4 speed=0.2 beyond=0 dup=0 chunks=0 orphans=0 carrierless=0 spawns=54 despawns=4 pawn=1
[nebula] [nebula-probe] t=148.3 pos=-8.8,2.3,-4095.8 cell=0,0,0 origin=0,0,0 replicas=49 dmin=5.1 dmax=90.8 limit=165.9 speed=3.7 beyond=0 dup=0 chunks=0 orphans=0 carrierless=0 spawns=54 despawns=4 pawn=1
[nebula] [nebula-probe] t=149.3 pos=-9.4,2.0,-4089.8 cell=0,0,0 origin=0,0,0 replicas=49 dmin=1.2 dmax=90.5 limit=169.6 speed=6.0 beyond=0 dup=0 chunks=0 orphans=0 carrierless=0 spawns=54 despawns=4 pawn=1
[nebula] [nebula-probe] t=150.3 pos=-10.0,2.0,-4083.9 cell=0,0,0 origin=0,0,0 replicas=49 dmin=5.5 dmax=90.9 limit=169.6 speed=6.0 beyond=0 dup=0 chunks=0 orphans=0 carrierless=0 spawns=54 despawns=4 pawn=1
[nebula] client 3312 fps replicas 50 (+0.0/s -0.0/s) entities 50 in 195 pkt/s 25.7 KB/s 373 states/s (msgs: state 128 rpc 2 vars 6) rtt 0ms lead 3 (adj 0, worker saw 8) corrections 0 | full-rate interp: depth 3.1 ticks, starved 0.0% worst +0.0 | frame max 2.8ms fixed/frame max 1 | gaps>3t 0 worst 0t | render delay 4t (stream lag 1t) | snapshot age ms min 10.1 avg 17.7 max 48.2
[nebula] [nebula-probe] t=151.3 pos=-10.2,2.0,-4083.1 cell=0,0,0 origin=0,0,0 replicas=49 dmin=5.1 dmax=92.8 limit=161.2 speed=0.8 beyond=0 dup=0 chunks=0 orphans=0 carrierless=0 spawns=54 despawns=4 pawn=1
[nebula] [nebula-probe] t=152.3 pos=-10.2,2.7,-4083.1 cell=0,0,0 origin=0,0,0 replicas=49 dmin=5.1 dmax=98.3 limit=161.1 speed=0.7 beyond=0 dup=0 chunks=0 orphans=0 carrierless=0 spawns=54 despawns=4 pawn=1
[nebula] [nebula-probe] t=153.3 pos=-10.3,2.1,-4083.1 cell=0,0,0 origin=0,0,0 replicas=49 dmin=5.1 dmax=103.5 limit=161.0 speed=0.6 beyond=0 dup=0 chunks=0 orphans=0 carrierless=0 spawns=54 despawns=4 pawn=1
[nebula] [nebula-probe] t=154.3 pos=-10.3,2.0,-4083.1 cell=0,0,0 origin=0,0,0 replicas=49 dmin=5.1 dmax=108.9 limit=160.1 speed=0.1 beyond=0 dup=0 chunks=0 orphans=0 carrierless=0 spawns=54 despawns=4 pawn=1
[nebula] [nebula-probe] t=155.3 pos=-10.3,2.0,-4083.1 cell=0,0,0 origin=0,0,0 replicas=50 dmin=5.1 dmax=114.8 limit=160.0 speed=0.0 beyond=0 dup=0 chunks=0 orphans=0 carrierless=0 spawns=55 despawns=4 pawn=1
[nebula] client 3226 fps replicas 51 (+0.2/s -0.0/s) entities 51 in 188 pkt/s 30.3 KB/s 438 states/s (msgs: state 124 rpc 1 vars 6) rtt 0ms lead 3 (adj 0, worker saw 7) corrections 0 | full-rate interp: depth 3.2 ticks, starved 0.0% worst +0.0 | frame max 2.2ms fixed/frame max 1 | gaps>3t 3 worst 13t | render delay 4t (stream lag 1t) | snapshot age ms min 6.0 avg 14.2 max 48.1
[nebula] [nebula-probe] t=156.3 pos=-10.3,2.0,-4083.1 cell=0,0,0 origin=0,0,0 replicas=50 dmin=5.1 dmax=120.8 limit=160.0 speed=0.0 beyond=0 dup=0 chunks=0 orphans=0 carrierless=0 spawns=55 despawns=4 pawn=1
[nebula] [nebula-probe] t=157.3 pos=-10.2,2.0,-4083.1 cell=0,0,0 origin=0,0,0 replicas=50 dmin=5.1 dmax=126.6 limit=160.0 speed=0.0 beyond=0 dup=0 chunks=0 orphans=0 carrierless=0 spawns=55 despawns=4 pawn=1
[nebula] [nebula-probe] t=158.3 pos=-10.2,2.0,-4083.1 cell=0,0,0 origin=0,0,0 replicas=50 dmin=2.6 dmax=132.4 limit=160.0 speed=0.0 beyond=0 dup=0 chunks=0 orphans=0 carrierless=0 spawns=55 despawns=4 pawn=1
[nebula] [nebula-probe] t=159.3 pos=-10.2,2.0,-4083.1 cell=0,0,0 origin=0,0,0 replicas=50 dmin=4.9 dmax=138.2 limit=160.0 speed=0.0 beyond=0 dup=0 chunks=0 orphans=0 carrierless=0 spawns=55 despawns=4 pawn=1
[nebula] [nebula-probe] t=160.3 pos=-8.6,2.0,-4073.2 cell=0,0,0 origin=0,0,0 replicas=46 dmin=2.5 dmax=98.6 limit=176.1 speed=10.1 beyond=0 dup=0 chunks=0 orphans=0 carrierless=0 spawns=55 despawns=8 pawn=1
[nebula] client 3373 fps replicas 47 (+0.0/s -0.8/s) entities 47 in 180 pkt/s 28.7 KB/s 312 states/s (msgs: state 118 rpc 2 vars 6) rtt 0ms lead 3 (adj 0, worker saw 7) corrections 2 last 0.10m | full-rate interp: depth 3.1 ticks, starved 0.1% worst +1.6 | frame max 2.7ms fixed/frame max 1 | gaps>3t 3 worst 153t | render delay 5t (stream lag 2t) | snapshot age ms min 4.1 avg 11.8 max 52.4
[nebula] [nebula-probe] t=161.3 pos=-11.9,2.0,-4071.9 cell=0,0,0 origin=0,0,0 replicas=46 dmin=2.0 dmax=102.0 limit=165.7 speed=3.5 beyond=0 dup=0 chunks=0 orphans=0 carrierless=0 spawns=55 despawns=8 pawn=1
[nebula] [nebula-probe] t=162.3 pos=-11.9,2.0,-4071.9 cell=0,0,0 origin=0,0,0 replicas=46 dmin=2.0 dmax=101.9 limit=160.0 speed=0.0 beyond=0 dup=0 chunks=0 orphans=0 carrierless=0 spawns=55 despawns=8 pawn=1
[nebula] [nebula-probe] t=163.3 pos=-13.8,2.1,-4075.1 cell=0,0,0 origin=0,0,0 replicas=46 dmin=5.5 dmax=103.6 limit=165.9 speed=3.7 beyond=0 dup=0 chunks=0 orphans=0 carrierless=0 spawns=55 despawns=8 pawn=1
[nebula] [nebula-probe] t=164.3 pos=-17.3,0.0,-4070.9 cell=0,0,0 origin=0,0,0 replicas=46 dmin=7.5 dmax=105.9 limit=169.4 speed=5.9 beyond=0 dup=0 chunks=0 orphans=0 carrierless=0 spawns=55 despawns=8 pawn=1
[nebula] [nebula-probe] t=165.3 pos=-14.9,0.0,-4067.0 cell=0,0,0 origin=0,0,0 replicas=46 dmin=6.6 dmax=103.4 limit=167.3 speed=4.5 beyond=0 dup=0 chunks=0 orphans=0 carrierless=0 spawns=55 despawns=8 pawn=1
[nebula] client 3321 fps replicas 47 (+0.0/s -0.0/s) entities 47 in 196 pkt/s 24.2 KB/s 314 states/s (msgs: state 125 rpc 5 vars 5) rtt 0ms lead 3 (adj 0, worker saw 7) corrections 0 | full-rate interp: depth 3.5 ticks, starved 0.0% worst +1.4 | frame max 3.6ms fixed/frame max 1 | gaps>3t 3 worst 6t | render delay 5t (stream lag 2t) | snapshot age ms min 2.1 avg 11.9 max 49.1
[nebula] [nebula-probe] t=166.3 pos=-13.0,0.0,-4063.8 cell=0,0,0 origin=0,0,0 replicas=46 dmin=4.6 dmax=102.8 limit=166.1 speed=3.8 beyond=0 dup=0 chunks=0 orphans=0 carrierless=0 spawns=55 despawns=8 pawn=1
[nebula] [nebula-probe] t=167.3 pos=-13.0,0.0,-4061.7 cell=0,0,0 origin=0,0,0 replicas=46 dmin=3.7 dmax=104.6 limit=163.4 speed=2.1 beyond=0 dup=0 chunks=0 orphans=0 carrierless=0 spawns=55 despawns=8 pawn=1
[nebula] [nebula-probe] t=168.4 pos=-14.0,0.0,-4061.5 cell=0,0,0 origin=0,0,0 replicas=46 dmin=3.8 dmax=105.6 limit=161.6 speed=1.0 beyond=0 dup=0 chunks=0 orphans=0 carrierless=0 spawns=55 despawns=8 pawn=1
[nebula] [nebula-probe] t=169.4 pos=-14.7,0.2,-4061.3 cell=0,0,0 origin=0,0,0 replicas=46 dmin=1.9 dmax=106.1 limit=161.1 speed=0.7 beyond=0 dup=0 chunks=0 orphans=0 carrierless=0 spawns=55 despawns=8 pawn=1
[nebula] [nebula-probe] t=170.4 pos=-18.7,0.0,-4058.1 cell=0,0,0 origin=0,0,0 replicas=46 dmin=3.2 dmax=110.0 limit=168.2 speed=5.1 beyond=0 dup=0 chunks=0 orphans=0 carrierless=0 spawns=55 despawns=8 pawn=1
[nebula] client 3289 fps replicas 47 (+0.0/s -0.0/s) entities 47 in 211 pkt/s 27.2 KB/s 396 states/s (msgs: state 139 rpc 7 vars 6) rtt 0ms lead 3 (adj 0, worker saw 7) corrections 0 | full-rate interp: depth 3.0 ticks, starved 0.0% worst +0.0 | frame max 3.4ms fixed/frame max 1 | gaps>3t 0 worst 0t | render delay 3t (stream lag 0t) | snapshot age ms min 2.4 avg 9.3 max 50.0
[nebula] [nebula-probe] t=171.4 pos=-23.1,0.0,-4054.1 cell=0,0,0 origin=0,0,0 replicas=46 dmin=9.2 dmax=114.7 limit=169.6 speed=6.0 beyond=0 dup=0 chunks=0 orphans=0 carrierless=0 spawns=55 despawns=8 pawn=1
[nebula] [nebula-probe] t=172.4 pos=-27.5,0.0,-4050.0 cell=0,0,0 origin=0,0,0 replicas=46 dmin=15.2 dmax=118.9 limit=169.6 speed=6.0 beyond=0 dup=0 chunks=0 orphans=0 carrierless=0 spawns=55 despawns=8 pawn=1
[nebula] [nebula-probe] t=173.4 pos=-32.2,0.5,-4047.1 cell=0,0,0 origin=0,0,0 replicas=46 dmin=22.6 dmax=120.0 limit=168.8 speed=5.5 beyond=0 dup=0 chunks=0 orphans=0 carrierless=0 spawns=55 despawns=8 pawn=1
[nebula] [nebula-probe] t=174.4 pos=-38.1,0.0,-4048.1 cell=0,0,0 origin=0,0,0 replicas=46 dmin=28.2 dmax=122.2 limit=169.7 speed=6.0 beyond=0 dup=0 chunks=0 orphans=0 carrierless=0 spawns=55 despawns=8 pawn=1
[nebula] [nebula-probe] t=175.4 pos=-40.9,0.0,-4052.7 cell=0,0,0 origin=0,0,0 replicas=46 dmin=25.3 dmax=135.3 limit=168.5 speed=5.3 beyond=0 dup=0 chunks=0 orphans=0 carrierless=0 spawns=55 despawns=8 pawn=1
[nebula] client 3356 fps replicas 47 (+0.0/s -0.0/s) entities 47 in 178 pkt/s 28.3 KB/s 252 states/s (msgs: state 115 rpc 2 vars 5) rtt 0ms lead 3 (adj 0, worker saw 7) corrections 0 | full-rate interp: depth 2.4 ticks, starved 0.1% worst +1.3 | frame max 2.7ms fixed/frame max 1 | gaps>3t 0 worst 0t | render delay 3t (stream lag 0t) | snapshot age ms min 3.4 avg 14.6 max 48.2
[nebula] [nebula-probe] t=176.4 pos=-43.8,0.0,-4057.0 cell=0,0,0 origin=0,0,0 replicas=46 dmin=20.2 dmax=133.8 limit=168.4 speed=5.3 beyond=0 dup=0 chunks=0 orphans=0 carrierless=0 spawns=55 despawns=8 pawn=1
[nebula] [nebula-probe] t=177.4 pos=-45.3,0.0,-4062.9 cell=0,0,0 origin=0,0,0 replicas=46 dmin=14.9 dmax=130.6 limit=169.6 speed=6.0 beyond=0 dup=0 chunks=0 orphans=0 carrierless=0 spawns=55 despawns=8 pawn=1
[nebula] [nebula-probe] t=178.4 pos=-44.8,0.0,-4067.3 cell=0,0,0 origin=0,0,0 replicas=46 dmin=12.6 dmax=127.8 limit=167.1 speed=4.5 beyond=0 dup=0 chunks=0 orphans=0 carrierless=0 spawns=55 despawns=8 pawn=1
[nebula] [nebula-probe] t=179.4 pos=-44.3,0.0,-4071.4 cell=0,0,0 origin=0,0,0 replicas=46 dmin=11.7 dmax=139.9 limit=166.5 speed=4.1 beyond=0 dup=0 chunks=0 orphans=0 carrierless=0 spawns=55 despawns=8 pawn=1
[nebula] [nebula-probe] t=180.4 pos=-44.1,0.0,-4071.6 cell=0,0,0 origin=0,0,0 replicas=45 dmin=11.9 dmax=124.8 limit=160.5 speed=0.3 beyond=0 dup=0 chunks=0 orphans=0 carrierless=0 spawns=55 despawns=9 pawn=1
[nebula] client 3272 fps replicas 46 (+0.0/s -0.2/s) entities 46 in 175 pkt/s 28.0 KB/s 279 states/s (msgs: state 109 rpc 8 vars 6) rtt 0ms lead 3 (adj 0, worker saw 7) corrections 0 | full-rate interp: depth 2.4 ticks, starved 0.1% worst +1.8 | frame max 3.5ms fixed/frame max 1 | gaps>3t 8 worst 14t | render delay 3t (stream lag 0t) | snapshot age ms min 2.0 avg 14.5 max 45.9
[nebula] [nebula-probe] t=181.4 pos=-47.8,0.0,-4070.2 cell=0,0,0 origin=0,0,0 replicas=45 dmin=8.7 dmax=128.5 limit=166.4 speed=4.0 beyond=0 dup=0 chunks=0 orphans=0 carrierless=0 spawns=55 despawns=9 pawn=1
[nebula] [nebula-probe] t=182.4 pos=-46.7,0.0,-4072.5 cell=0,0,0 origin=0,0,0 replicas=45 dmin=9.2 dmax=127.5 limit=164.0 speed=2.5 beyond=0 dup=0 chunks=0 orphans=0 carrierless=0 spawns=55 despawns=9 pawn=1
[nebula] [nebula-probe] t=183.4 pos=-44.2,0.0,-4074.2 cell=0,0,0 origin=0,0,0 replicas=45 dmin=11.6 dmax=127.6 limit=164.9 speed=3.0 beyond=0 dup=0 chunks=0 orphans=0 carrierless=0 spawns=55 despawns=9 pawn=1
[nebula] [nebula-probe] t=184.4 pos=-39.0,0.1,-4077.2 cell=0,0,0 origin=0,0,0 replicas=45 dmin=9.4 dmax=121.8 limit=169.6 speed=6.0 beyond=0 dup=0 chunks=0 orphans=0 carrierless=0 spawns=55 despawns=9 pawn=1
[nebula] [nebula-probe] t=185.4 pos=-36.1,1.0,-4078.5 cell=0,0,0 origin=0,0,0 replicas=45 dmin=6.9 dmax=117.0 limit=165.4 speed=3.4 beyond=0 dup=0 chunks=0 orphans=0 carrierless=0 spawns=55 despawns=9 pawn=1
[nebula] client 3340 fps replicas 46 (+0.0/s -0.0/s) entities 46 in 167 pkt/s 21.9 KB/s 250 states/s (msgs: state 98 rpc 4 vars 5) rtt 0ms lead 3 (adj 0, worker saw 7) corrections 0 | full-rate interp: depth 2.9 ticks, starved 0.2% worst +2.7 | frame max 3.2ms fixed/frame max 1 | gaps>3t 0 worst 0t | render delay 4t (stream lag 1t) | snapshot age ms min 7.5 avg 16.6 max 58.7
[nebula] [nebula-probe] t=186.4 pos=-36.6,0.9,-4075.8 cell=0,0,0 origin=0,0,0 replicas=45 dmin=6.7 dmax=116.7 limit=164.5 speed=2.8 beyond=0 dup=0 chunks=0 orphans=0 carrierless=0 spawns=55 despawns=9 pawn=1
[nebula] [nebula-probe] t=187.4 pos=-38.0,0.0,-4069.9 cell=0,0,0 origin=0,0,0 replicas=45 dmin=9.9 dmax=118.3 limit=169.8 speed=6.1 beyond=0 dup=0 chunks=0 orphans=0 carrierless=0 spawns=55 despawns=9 pawn=1
[nebula] [nebula-probe] t=188.4 pos=-37.2,0.1,-4065.8 cell=0,0,0 origin=0,0,0 replicas=45 dmin=12.2 dmax=117.7 limit=166.8 speed=4.2 beyond=0 dup=0 chunks=0 orphans=0 carrierless=0 spawns=55 despawns=9 pawn=1
[nebula] [nebula-probe] t=189.4 pos=-38.0,0.4,-4060.9 cell=0,0,0 origin=0,0,0 replicas=45 dmin=16.7 dmax=118.8 limit=167.9 speed=4.9 beyond=0 dup=0 chunks=0 orphans=0 carrierless=0 spawns=55 despawns=9 pawn=1
[nebula] [nebula-probe] t=190.4 pos=-40.4,0.0,-4058.2 cell=0,0,0 origin=0,0,0 replicas=45 dmin=20.2 dmax=121.0 limit=165.8 speed=3.6 beyond=0 dup=0 chunks=0 orphans=0 carrierless=0 spawns=55 despawns=9 pawn=1
[nebula] client 3319 fps replicas 46 (+0.0/s -0.0/s) entities 46 in 183 pkt/s 22.1 KB/s 274 states/s (msgs: state 112 rpc 2 vars 4) rtt 0ms lead 3 (adj 0, worker saw 7) corrections 0 | full-rate interp: depth 3.2 ticks, starved 0.0% worst +0.0 | frame max 2.5ms fixed/frame max 1 | gaps>3t 0 worst 0t | render delay 4t (stream lag 1t) | snapshot age ms min 6.1 avg 16.5 max 44.6
[nebula] [nebula-probe] t=191.4 pos=-41.7,0.0,-4052.4 cell=0,0,0 origin=0,0,0 replicas=45 dmin=25.3 dmax=122.8 limit=169.6 speed=6.0 beyond=0 dup=0 chunks=0 orphans=0 carrierless=0 spawns=55 despawns=9 pawn=1
[nebula] [nebula-probe] t=192.4 pos=-43.0,0.0,-4046.5 cell=0,0,0 origin=0,0,0 replicas=45 dmin=29.7 dmax=124.6 limit=169.6 speed=6.0 beyond=0 dup=0 chunks=0 orphans=0 carrierless=0 spawns=55 despawns=9 pawn=1
[nebula] [nebula-probe] t=193.4 pos=-44.3,0.8,-4040.7 cell=0,0,0 origin=0,0,0 replicas=45 dmin=34.4 dmax=128.5 limit=169.7 speed=6.0 beyond=0 dup=0 chunks=0 orphans=0 carrierless=0 spawns=55 despawns=9 pawn=1
[nebula] [nebula-probe] t=194.4 pos=-45.6,1.8,-4034.8 cell=0,0,0 origin=0,0,0 replicas=45 dmin=36.5 dmax=134.3 limit=169.7 speed=6.1 beyond=0 dup=0 chunks=0 orphans=0 carrierless=0 spawns=55 despawns=9 pawn=1
[nebula] [nebula-probe] t=195.4 pos=-41.9,1.6,-4031.9 cell=0,0,0 origin=0,0,0 replicas=45 dmin=33.9 dmax=135.6 limit=167.5 speed=4.7 beyond=0 dup=0 chunks=0 orphans=0 carrierless=0 spawns=55 despawns=9 pawn=1
[nebula] client 3363 fps replicas 46 (+0.0/s -0.0/s) entities 46 in 178 pkt/s 17.9 KB/s 162 states/s (msgs: state 106 rpc 4 vars 4) rtt 0ms lead 3 (adj 0, worker saw 7) corrections 0 | full-rate interp: depth 2.2 ticks, starved 0.0% worst +0.0 | frame max 4.6ms fixed/frame max 1 | gaps>3t 0 worst 0t | render delay 3t (stream lag 0t) | snapshot age ms min 6.4 avg 13.5 max 46.6
[nebula] [nebula-probe] t=196.4 pos=-36.2,1.5,-4031.5 cell=0,0,0 origin=0,0,0 replicas=45 dmin=28.7 dmax=133.8 limit=169.2 speed=5.8 beyond=0 dup=0 chunks=0 orphans=0 carrierless=0 spawns=55 despawns=9 pawn=1
[nebula] [nebula-probe] t=197.4 pos=-30.2,0.0,-4031.5 cell=0,0,0 origin=0,0,0 replicas=45 dmin=23.4 dmax=131.9 limit=169.9 speed=6.2 beyond=0 dup=0 chunks=0 orphans=0 carrierless=0 spawns=55 despawns=9 pawn=1
[nebula] [nebula-probe] t=198.4 pos=-24.2,0.2,-4031.5 cell=0,0,0 origin=0,0,0 replicas=46 dmin=18.4 dmax=130.1 limit=169.6 speed=6.0 beyond=0 dup=0 chunks=0 orphans=0 carrierless=0 spawns=56 despawns=9 pawn=1
[nebula] [nebula-probe] t=199.4 pos=-18.2,0.2,-4031.6 cell=0,0,0 origin=0,0,0 replicas=46 dmin=14.2 dmax=130.5 limit=169.6 speed=6.0 beyond=0 dup=0 chunks=0 orphans=0 carrierless=0 spawns=56 despawns=9 pawn=1
[nebula] [nebula-probe] t=200.4 pos=-12.2,0.4,-4031.7 cell=0,0,0 origin=0,0,0 replicas=46 dmin=11.8 dmax=139.1 limit=169.6 speed=6.0 beyond=0 dup=0 chunks=0 orphans=0 carrierless=0 spawns=56 despawns=9 pawn=1
[nebula] client 3293 fps replicas 46 (+0.2/s -0.2/s) entities 46 in 178 pkt/s 19.2 KB/s 196 states/s (msgs: state 108 rpc 5 vars 2) rtt 0ms lead 3 (adj 0, worker saw 8) corrections 0 | full-rate interp: depth 2.8 ticks, starved 0.0% worst +0.0 | frame max 2.7ms fixed/frame max 1 | gaps>3t 0 worst 0t | render delay 5t (stream lag 2t) | snapshot age ms min 7.2 avg 17.0 max 61.8
[nebula] [nebula-probe] t=201.4 pos=-7.5,0.0,-4032.5 cell=0,0,0 origin=0,0,0 replicas=45 dmin=11.1 dmax=125.8 limit=167.6 speed=4.7 beyond=0 dup=0 chunks=0 orphans=0 carrierless=0 spawns=56 despawns=10 pawn=1
[nebula] [nebula-probe] t=202.4 pos=-1.6,0.0,-4032.6 cell=0,0,0 origin=0,0,0 replicas=45 dmin=13.6 dmax=125.0 limit=169.5 speed=6.0 beyond=0 dup=0 chunks=0 orphans=0 carrierless=0 spawns=56 despawns=10 pawn=1
[nebula] [nebula-probe] t=203.4 pos=3.0,0.0,-4031.7 cell=0,0,0 origin=0,0,0 replicas=45 dmin=17.4 dmax=125.6 limit=167.4 speed=4.7 beyond=0 dup=0 chunks=0 orphans=0 carrierless=0 spawns=56 despawns=10 pawn=1
[nebula] [nebula-probe] t=204.4 pos=4.9,0.5,-4026.7 cell=0,0,0 origin=0,0,0 replicas=45 dmin=18.2 dmax=130.5 limit=168.7 speed=5.4 beyond=0 dup=0 chunks=0 orphans=0 carrierless=0 spawns=56 despawns=10 pawn=1
[nebula] [nebula-probe] t=205.4 pos=10.5,0.0,-4028.6 cell=0,0,0 origin=0,0,0 replicas=45 dmin=12.4 dmax=128.5 limit=169.6 speed=6.0 beyond=0 dup=0 chunks=0 orphans=0 carrierless=0 spawns=56 despawns=10 pawn=1
[nebula] client 3313 fps replicas 46 (+0.0/s -0.0/s) entities 46 in 198 pkt/s 20.5 KB/s 223 states/s (msgs: state 126 rpc 6 vars 5) rtt 0ms lead 3 (adj 0, worker saw 7) corrections 1 last 0.10m | full-rate interp: depth 3.7 ticks, starved 0.0% worst +0.0 | frame max 2.4ms fixed/frame max 1 | gaps>3t 0 worst 0t | render delay 4t (stream lag 1t) | snapshot age ms min 2.0 avg 13.2 max 50.2
[nebula] [nebula-probe] t=206.4 pos=16.3,0.0,-4030.2 cell=0,0,0 origin=0,0,0 replicas=45 dmin=6.6 dmax=127.0 limit=169.6 speed=6.0 beyond=0 dup=0 chunks=0 orphans=0 carrierless=0 spawns=56 despawns=10 pawn=1
[nebula] [nebula-probe] t=207.4 pos=22.0,2.0,-4031.2 cell=0,0,0 origin=0,0,0 replicas=45 dmin=0.5 dmax=126.4 limit=169.8 speed=6.1 beyond=0 dup=0 chunks=0 orphans=0 carrierless=0 spawns=56 despawns=10 pawn=1
[nebula] [nebula-probe] t=208.4 pos=27.5,2.2,-4030.8 cell=0,0,0 origin=0,0,0 replicas=45 dmin=5.1 dmax=127.4 limit=168.9 speed=5.5 beyond=0 dup=0 chunks=0 orphans=0 carrierless=0 spawns=56 despawns=10 pawn=1
[nebula] [nebula-probe] t=209.4 pos=33.0,2.0,-4028.3 cell=0,0,0 origin=0,0,0 replicas=45 dmin=5.4 dmax=132.5 limit=169.6 speed=6.0 beyond=0 dup=0 chunks=0 orphans=0 carrierless=0 spawns=56 despawns=10 pawn=1
