2026-09-21T07:23:46.7008240Z [nebula] timer resolution 1 ms requested; background throttling opt-out ok
2026-09-21T07:23:46.7823086Z [nebula] control plane: hosted by this orchestrator, stored in sqlite
2026-09-21T07:23:46.7832785Z [nebula] persistence: sqlite store at sqlite:C:\Dev\nebula-shootergame\Library\Nebula\nebula.db
2026-09-21T07:23:46.7870924Z [nebula] orchestrator orch1: desired workers = 4, host=process, spawnGateway=True
2026-09-21T07:23:46.8436406Z [nebula] dashboard at http://localhost:7080/ (bind localhost); World map at http://localhost:7080/map; workers post telemetry to http://127.0.0.1:7080/api/telemetry; artifacts from C:\Dev\nebula-shootergame\Builds\Win64
2026-09-21T07:23:46.8441835Z [nebula] control plane hosted at http://127.0.0.1:7080/ (stored in sqlite)
2026-09-21T07:23:46.8442603Z [nebula] standalone orchestrator started; 77 baked containers
2026-09-21T07:23:46.8465465Z [nebula] setting npcs = 60
2026-09-21T07:23:46.8793706Z [nebula] launched gateway pid=53076
2026-09-21T07:23:47.9028107Z [nebula] scaling up: launching worker w1
2026-09-21T07:23:47.9072195Z [nebula] launched worker w1 pid=27060
2026-09-21T07:23:47.9072828Z [nebula] Nebula.exe -batchmode -nographics -nebula-role worker -nebula-worker-id w1 -nebula-worker-index 1 -nebula-port 7101 -nebula-advertise 127.0.0.1 -nebula-control-plane http://127.0.0.1:7080/ -nebula-gateway 127.0.0.1:7000 -nebula-telemetry http://127.0.0.1:7080/api/telemetry -nebula-persistence-mode remote -nebula-verbose -logFile "C:\Dev\nebula-shootergame\Builds\Win64\Logs\w1.log"
2026-09-21T07:23:47.9074560Z [nebula] launched worker w1 on process: pid 27060
2026-09-21T07:23:47.9079737Z [nebula] scaling up: launching worker w2
2026-09-21T07:23:47.9112667Z [nebula] launched worker w2 pid=66320
2026-09-21T07:23:47.9112778Z [nebula] Nebula.exe -batchmode -nographics -nebula-role worker -nebula-worker-id w2 -nebula-worker-index 2 -nebula-port 7102 -nebula-advertise 127.0.0.1 -nebula-control-plane http://127.0.0.1:7080/ -nebula-gateway 127.0.0.1:7000 -nebula-telemetry http://127.0.0.1:7080/api/telemetry -nebula-persistence-mode remote -nebula-verbose -logFile "C:\Dev\nebula-shootergame\Builds\Win64\Logs\w2.log"
2026-09-21T07:23:47.9112962Z [nebula] launched worker w2 on process: pid 66320
2026-09-21T07:23:47.9113224Z [nebula] scaling up: launching worker w3
2026-09-21T07:23:47.9143966Z [nebula] launched worker w3 pid=21972
2026-09-21T07:23:47.9144223Z [nebula] Nebula.exe -batchmode -nographics -nebula-role worker -nebula-worker-id w3 -nebula-worker-index 3 -nebula-port 7103 -nebula-advertise 127.0.0.1 -nebula-control-plane http://127.0.0.1:7080/ -nebula-gateway 127.0.0.1:7000 -nebula-telemetry http://127.0.0.1:7080/api/telemetry -nebula-persistence-mode remote -nebula-verbose -logFile "C:\Dev\nebula-shootergame\Builds\Win64\Logs\w3.log"
2026-09-21T07:23:47.9144317Z [nebula] launched worker w3 on process: pid 21972
2026-09-21T07:23:47.9144681Z [nebula] scaling up: launching worker w4
2026-09-21T07:23:47.9177165Z [nebula] launched worker w4 pid=3876
2026-09-21T07:23:47.9177411Z [nebula] Nebula.exe -batchmode -nographics -nebula-role worker -nebula-worker-id w4 -nebula-worker-index 4 -nebula-port 7104 -nebula-advertise 127.0.0.1 -nebula-control-plane http://127.0.0.1:7080/ -nebula-gateway 127.0.0.1:7000 -nebula-telemetry http://127.0.0.1:7080/api/telemetry -nebula-persistence-mode remote -nebula-verbose -logFile "C:\Dev\nebula-shootergame\Builds\Win64\Logs\w4.log"
2026-09-21T07:23:47.9177497Z [nebula] launched worker w4 on process: pid 3876
2026-09-21T07:23:48.7949676Z [nebula] persistence: sqlite store ready (137 record(s))
2026-09-21T07:23:51.8608265Z [nebula] loop 60 Hz, period max 44.2 ms, tick avg 0.33 ms max 44.2 ms
2026-09-21T07:23:53.0195014Z [nebula] assign explorer-outdoor-sw -> w1
2026-09-21T07:23:53.0195395Z [nebula] assign explorer-hex-lab -> w1
2026-09-21T07:23:53.0195444Z [nebula] assign explorer-hab-south -> w1
2026-09-21T07:23:53.0195485Z [nebula] assign market-outdoor-sw -> w1
2026-09-21T07:23:53.0195523Z [nebula] assign market-crates-south -> w1
2026-09-21T07:23:53.0195980Z [nebula] assign cell_n2_0_n2 -> w1
2026-09-21T07:23:53.0196026Z [nebula] assign cell_n1_0_n2 -> w1
2026-09-21T07:23:53.0196063Z [nebula] assign explorer-hab-far-west -> w1
2026-09-21T07:23:53.0196188Z [nebula] assign explorer-labs-west -> w1
2026-09-21T07:23:53.0196232Z [nebula] assign explorer-hab-west -> w1
2026-09-21T07:23:53.0196266Z [nebula] assign explorer-outdoor-nw -> w1
2026-09-21T07:23:53.0196304Z [nebula] assign explorer-hab-northwest -> w1
2026-09-21T07:23:53.0196441Z [nebula] assign cell_n2_0_n1 -> w1
2026-09-21T07:23:53.0196477Z [nebula] assign market-outdoor-se -> w1
2026-09-21T07:23:53.0196517Z [nebula] assign market-docks -> w1
2026-09-21T07:23:53.0196564Z [nebula] assign market-hab -> w1
2026-09-21T07:23:53.0196606Z [nebula] assign cell_n1_0_n1 -> w1
2026-09-21T07:23:53.0196650Z [nebula] assign garage -> w1
2026-09-21T07:23:53.0196698Z [nebula] assign outdoor-west-south -> w1
2026-09-21T07:23:53.0196795Z [nebula] assign barracks-row -> w2
2026-09-21T07:23:53.0196832Z [nebula] assign explorer-pods-south -> w2
2026-09-21T07:23:53.0196870Z [nebula] assign explorer-labs-southeast -> w2
2026-09-21T07:23:53.0196899Z [nebula] assign explorer-outdoor-se -> w2
2026-09-21T07:23:53.0196929Z [nebula] assign cell_0_0_n2 -> w2
2026-09-21T07:23:53.0196956Z [nebula] assign explorer-dome -> w2
2026-09-21T07:23:53.0196988Z [nebula] assign explorer-hab-north -> w2
2026-09-21T07:23:53.0197014Z [nebula] assign explorer-roundhouse -> w2
2026-09-21T07:23:53.0197045Z [nebula] assign explorer-outdoor-ne -> w2
2026-09-21T07:23:53.0197097Z [nebula] assign explorer-lab-north -> w2
2026-09-21T07:23:53.0197127Z [nebula] assign explorer-landing-pad -> w2
2026-09-21T07:23:53.0197166Z [nebula] assign cell_1_0_n2 -> w2
2026-09-21T07:23:53.0197204Z [nebula] assign cell_0_0_n1 -> w2
2026-09-21T07:23:53.0197245Z [nebula] assign outdoor-east-south -> w2
2026-09-21T07:23:53.0197287Z [nebula] assign landing-pad-south -> w2
2026-09-21T07:23:53.0197328Z [nebula] assign radar -> w2
2026-09-21T07:23:53.0197368Z [nebula] assign landing-tower -> w2
2026-09-21T07:23:53.0197405Z [nebula] assign cell_1_0_n1 -> w2
2026-09-21T07:23:53.0197442Z [nebula] assign market-crates-west -> w2
2026-09-21T07:23:53.0197479Z [nebula] assign market-crates-overhang -> w3
2026-09-21T07:23:53.0197515Z [nebula] assign market-outdoor-nw -> w3
2026-09-21T07:23:53.0197550Z [nebula] assign market-crates-north -> w3
2026-09-21T07:23:53.0197586Z [nebula] assign market-landing-pad-west -> w3
2026-09-21T07:23:53.0197623Z [nebula] assign cell_n2_0_0 -> w3
2026-09-21T07:23:53.0197659Z [nebula] assign market-vendor-hall -> w3
2026-09-21T07:23:53.0197694Z [nebula] assign market-outdoor-ne -> w3
2026-09-21T07:23:53.0197728Z [nebula] assign market-landing-pad-east -> w3
2026-09-21T07:23:53.0197769Z [nebula] assign cell_n1_0_0 -> w3
2026-09-21T07:23:53.0197816Z [nebula] assign comms -> w3
2026-09-21T07:23:53.0197937Z [nebula] assign outdoor-west-north -> w3
2026-09-21T07:23:53.0197981Z [nebula] assign cell_n2_0_1 -> w3
2026-09-21T07:23:53.0198024Z [nebula] assign cell_n1_0_1 -> w3
2026-09-21T07:23:53.0198069Z [nebula] assign cell_n2_0_2 -> w3
2026-09-21T07:23:53.0198113Z [nebula] assign cell_n1_0_2 -> w3
2026-09-21T07:23:53.0198166Z [nebula] assign scav-outdoor-sw -> w3
2026-09-21T07:23:53.0198223Z [nebula] assign scav-outdoor-w -> w3
2026-09-21T07:23:53.0198272Z [nebula] assign scav-outdoor-nw -> w3
2026-09-21T07:23:53.0198321Z [nebula] assign cell_0_0_0 -> w3
2026-09-21T07:23:53.0198368Z [nebula] assign control-tower -> w3
2026-09-21T07:23:53.0198412Z [nebula] assign outdoor-east-north -> w4
2026-09-21T07:23:53.0198458Z [nebula] assign loading-bay -> w4
2026-09-21T07:23:53.0198505Z [nebula] assign cell_1_0_0 -> w4
2026-09-21T07:23:53.0198552Z [nebula] assign cell_0_0_1 -> w4
2026-09-21T07:23:53.0198602Z [nebula] assign cell_1_0_1 -> w4
2026-09-21T07:23:53.0198648Z [nebula] assign cell_0_0_2 -> w4
2026-09-21T07:23:53.0198701Z [nebula] assign scav-outdoor-s -> w4
2026-09-21T07:23:53.0198751Z [nebula] assign scav-landing-pads -> w4
2026-09-21T07:23:53.0198985Z [nebula] assign scav-garage -> w4
2026-09-21T07:23:53.0199099Z [nebula] assign scav-refinery-hall -> w4
2026-09-21T07:23:53.0199151Z [nebula] assign scav-refinery-south -> w4
2026-09-21T07:23:53.0199205Z [nebula] assign scav-refinery-north -> w4
2026-09-21T07:23:53.0199255Z [nebula] assign scav-control-room -> w4
2026-09-21T07:23:53.0199304Z [nebula] assign scav-outdoor-se -> w4
2026-09-21T07:23:53.0199351Z [nebula] assign scav-outdoor-center -> w4
2026-09-21T07:23:53.0199403Z [nebula] assign scav-outdoor-e -> w4
2026-09-21T07:23:53.0199452Z [nebula] assign scav-outdoor-n -> w4
2026-09-21T07:23:53.0199499Z [nebula] assign scav-outdoor-ne -> w4
2026-09-21T07:23:53.0199553Z [nebula] assign cell_1_0_2 -> w4
2026-09-21T07:23:56.8639519Z [nebula] loop 60 Hz, period max 26.0 ms, tick avg 0.53 ms max 17.1 ms
2026-09-21T07:24:01.8789475Z [nebula] loop 60 Hz, period max 18.3 ms, tick avg 0.35 ms max 4.6 ms
2026-09-21T07:24:06.8948759Z [nebula] loop 60 Hz, period max 18.5 ms, tick avg 0.32 ms max 3.5 ms
2026-09-21T07:24:11.9121127Z [nebula] loop 60 Hz, period max 18.5 ms, tick avg 0.38 ms max 16.3 ms
2026-09-21T07:24:14.9319430Z [nebula] assign market-docks -> w2
2026-09-21T07:24:14.9320508Z [nebula] assign market-hab -> w2
2026-09-21T07:24:14.9320623Z [nebula] assign cell_n1_0_n1 -> w2
2026-09-21T07:24:14.9320672Z [nebula] assign garage -> w2
2026-09-21T07:24:14.9320704Z [nebula] assign outdoor-west-south -> w2
2026-09-21T07:24:14.9320747Z [nebula] assign rt_11480587698224255915 -> w2
2026-09-21T07:24:14.9320780Z [nebula] assign landing-tower -> w3
2026-09-21T07:24:14.9320811Z [nebula] assign cell_1_0_n1 -> w3
2026-09-21T07:24:14.9320842Z [nebula] assign market-crates-west -> w3
2026-09-21T07:24:14.9321332Z [nebula] assign cell_0_0_0 -> w4
2026-09-21T07:24:14.9321450Z [nebula] assign control-tower -> w4
2026-09-21T07:24:16.9289229Z [nebula] loop 60 Hz, period max 23.7 ms, tick avg 0.42 ms max 23.7 ms
2026-09-21T07:24:21.9275517Z [nebula] loop 60 Hz, period max 18.6 ms, tick avg 0.38 ms max 4.6 ms
2026-09-21T07:24:26.9438985Z [nebula] loop 60 Hz, period max 18.0 ms, tick avg 0.41 ms max 7.6 ms
2026-09-21T07:24:31.9441954Z [nebula] loop 60 Hz, period max 18.3 ms, tick avg 0.36 ms max 2.2 ms
2026-09-21T07:24:36.9446664Z [nebula] loop 60 Hz, period max 18.6 ms, tick avg 0.34 ms max 3.7 ms
2026-09-21T07:24:39.8793503Z [nebula] assign market-docks -> w1
2026-09-21T07:24:39.8794155Z [nebula] assign market-hab -> w1
2026-09-21T07:24:39.8794203Z [nebula] assign cell_n1_0_n1 -> w1
2026-09-21T07:24:39.8794244Z [nebula] assign garage -> w1
2026-09-21T07:24:39.8794803Z [nebula] assign outdoor-west-south -> w1
2026-09-21T07:24:39.8794851Z [nebula] assign barracks-row -> w1
2026-09-21T07:24:39.8794889Z [nebula] assign rt_11480587698224255915 -> w1
2026-09-21T07:24:39.8794950Z [nebula] assign rt_14438663297801732062 -> w1
2026-09-21T07:24:39.8794982Z [nebula] assign explorer-pods-south -> w1
2026-09-21T07:24:39.8795443Z [nebula] assign explorer-labs-southeast -> w1
2026-09-21T07:24:39.8795624Z [nebula] assign explorer-outdoor-se -> w1
2026-09-21T07:24:39.8795669Z [nebula] assign landing-tower -> w2
2026-09-21T07:24:39.8795703Z [nebula] assign cell_1_0_n1 -> w2
2026-09-21T07:24:40.3776736Z [nebula] assign market-hab -> w2
2026-09-21T07:24:40.3777062Z [nebula] assign cell_n1_0_n1 -> w2
2026-09-21T07:24:40.3777104Z [nebula] assign garage -> w2
2026-09-21T07:24:40.3777135Z [nebula] assign outdoor-west-south -> w2
2026-09-21T07:24:40.3777170Z [nebula] assign barracks-row -> w2
2026-09-21T07:24:40.3777202Z [nebula] assign rt_11480587698224255915 -> w2
2026-09-21T07:24:40.3777235Z [nebula] assign rt_14438663297801732062 -> w2
2026-09-21T07:24:40.3777262Z [nebula] assign explorer-pods-south -> w2
2026-09-21T07:24:40.3777290Z [nebula] assign explorer-labs-southeast -> w2
2026-09-21T07:24:40.3777318Z [nebula] assign explorer-outdoor-se -> w2
2026-09-21T07:24:40.3777347Z [nebula] assign radar -> w3
2026-09-21T07:24:40.3777407Z [nebula] assign landing-tower -> w3
2026-09-21T07:24:40.3777510Z [nebula] assign cell_1_0_n1 -> w3
2026-09-21T07:24:40.3777561Z [nebula] assign scav-outdoor-sw -> w4
2026-09-21T07:24:40.3777590Z [nebula] assign scav-outdoor-w -> w4
2026-09-21T07:24:40.3777619Z [nebula] assign scav-outdoor-nw -> w4
2026-09-21T07:24:41.9605634Z [nebula] loop 60 Hz, period max 18.6 ms, tick avg 0.36 ms max 4.9 ms
2026-09-21T07:24:46.9613432Z [nebula] loop 60 Hz, period max 18.2 ms, tick avg 0.30 ms max 3.3 ms
2026-09-21T07:24:51.9777493Z [nebula] loop 60 Hz, period max 19.5 ms, tick avg 0.27 ms max 2.0 ms
2026-09-21T07:24:56.9946829Z [nebula] loop 60 Hz, period max 18.5 ms, tick avg 0.27 ms max 3.9 ms
2026-09-21T07:25:02.0101379Z [nebula] loop 60 Hz, period max 18.5 ms, tick avg 0.30 ms max 1.8 ms
2026-09-21T07:25:07.0108442Z [nebula] loop 60 Hz, period max 18.5 ms, tick avg 0.30 ms max 4.7 ms
2026-09-21T07:25:12.0266983Z [nebula] loop 60 Hz, period max 18.4 ms, tick avg 0.29 ms max 5.1 ms
2026-09-21T07:25:17.0280955Z [nebula] loop 60 Hz, period max 19.0 ms, tick avg 0.28 ms max 2.2 ms
2026-09-21T07:25:22.0447764Z [nebula] loop 60 Hz, period max 18.4 ms, tick avg 0.28 ms max 4.1 ms
2026-09-21T07:25:27.0616281Z [nebula] loop 60 Hz, period max 18.5 ms, tick avg 0.33 ms max 4.5 ms
2026-09-21T07:25:31.8785030Z [nebula] assign market-hab -> w1
2026-09-21T07:25:31.8785229Z [nebula] assign cell_n1_0_n1 -> w1
2026-09-21T07:25:31.8785275Z [nebula] assign garage -> w1
2026-09-21T07:25:31.8785320Z [nebula] assign outdoor-west-south -> w1
2026-09-21T07:25:31.8785354Z [nebula] assign barracks-row -> w1
2026-09-21T07:25:31.8785387Z [nebula] assign rt_11480587698224255915 -> w1
2026-09-21T07:25:31.8785423Z [nebula] assign rt_14438663297801732062 -> w1
2026-09-21T07:25:31.8785451Z [nebula] assign explorer-pods-south -> w1
2026-09-21T07:25:31.8785477Z [nebula] assign explorer-labs-southeast -> w1
2026-09-21T07:25:31.8785506Z [nebula] assign explorer-outdoor-se -> w1
2026-09-21T07:25:31.8785534Z [nebula] assign radar -> w2
2026-09-21T07:25:31.8785568Z [nebula] assign landing-tower -> w2
2026-09-21T07:25:31.8785600Z [nebula] assign scav-outdoor-sw -> w3
2026-09-21T07:25:31.8785633Z [nebula] assign scav-outdoor-w -> w3
2026-09-21T07:25:31.8785665Z [nebula] assign scav-outdoor-nw -> w3
2026-09-21T07:25:31.8786623Z [nebula] assign cell_0_0_0 -> w3
2026-09-21T07:25:32.0607670Z [nebula] loop 60 Hz, period max 18.6 ms, tick avg 0.35 ms max 2.9 ms
2026-09-21T07:25:32.3786882Z [nebula] assign market-docks -> w2
2026-09-21T07:25:32.3787694Z [nebula] assign market-hab -> w2
2026-09-21T07:25:32.3787739Z [nebula] assign cell_n1_0_n1 -> w2
2026-09-21T07:25:32.3787772Z [nebula] assign garage -> w2
2026-09-21T07:25:32.3787814Z [nebula] assign outdoor-west-south -> w2
2026-09-21T07:25:32.3787851Z [nebula] assign barracks-row -> w2
2026-09-21T07:25:32.3787882Z [nebula] assign rt_11480587698224255915 -> w2
2026-09-21T07:25:32.3787908Z [nebula] assign rt_14438663297801732062 -> w2
2026-09-21T07:25:32.3787930Z [nebula] assign explorer-pods-south -> w2
2026-09-21T07:25:32.3787957Z [nebula] assign explorer-labs-southeast -> w2
2026-09-21T07:25:32.3787976Z [nebula] assign explorer-outdoor-se -> w2
2026-09-21T07:25:32.3787997Z [nebula] assign landing-pad-south -> w3
2026-09-21T07:25:32.3788016Z [nebula] assign radar -> w3
2026-09-21T07:25:32.3788038Z [nebula] assign landing-tower -> w3
2026-09-21T07:25:32.3788058Z [nebula] assign scav-outdoor-w -> w4
2026-09-21T07:25:32.3788078Z [nebula] assign scav-outdoor-nw -> w4
2026-09-21T07:25:32.3788099Z [nebula] assign cell_0_0_0 -> w4
2026-09-21T07:25:32.8794029Z [nebula] assign market-docks -> w1
2026-09-21T07:25:32.8794803Z [nebula] assign market-hab -> w1
2026-09-21T07:25:32.8795539Z [nebula] assign cell_n1_0_n1 -> w1
2026-09-21T07:25:32.8796512Z [nebula] assign garage -> w1
2026-09-21T07:25:32.8796724Z [nebula] assign outdoor-west-south -> w1
2026-09-21T07:25:32.8796869Z [nebula] assign scav-outdoor-sw -> w4
2026-09-21T07:25:33.3949792Z [nebula] assign explorer-hab-northwest -> w2
2026-09-21T07:25:33.3952184Z [nebula] assign cell_n2_0_n1 -> w2
2026-09-21T07:25:33.3952550Z [nebula] assign market-outdoor-se -> w2
2026-09-21T07:25:33.3952628Z [nebula] assign market-docks -> w2
2026-09-21T07:25:33.3952672Z [nebula] assign market-hab -> w2
2026-09-21T07:25:33.3952951Z [nebula] assign cell_n1_0_n1 -> w2
2026-09-21T07:25:33.3953002Z [nebula] assign garage -> w2
2026-09-21T07:25:33.3953038Z [nebula] assign outdoor-west-south -> w2
2026-09-21T07:25:33.3953082Z [nebula] assign scav-outdoor-sw -> w3
2026-09-21T07:25:33.8959938Z [nebula] assign explorer-hab-northwest -> w1
2026-09-21T07:25:33.8960176Z [nebula] assign cell_n2_0_n1 -> w1
2026-09-21T07:25:33.8960211Z [nebula] assign market-outdoor-se -> w1
2026-09-21T07:25:33.8960242Z [nebula] assign market-docks -> w1
2026-09-21T07:25:33.8960271Z [nebula] assign market-hab -> w1
2026-09-21T07:25:33.8960302Z [nebula] assign cell_n1_0_n1 -> w1
2026-09-21T07:25:33.8960333Z [nebula] assign garage -> w1
2026-09-21T07:25:33.8960364Z [nebula] assign outdoor-west-south -> w1
2026-09-21T07:25:33.8960392Z [nebula] assign barracks-row -> w1
2026-09-21T07:25:33.8960423Z [nebula] assign landing-pad-south -> w2
2026-09-21T07:25:33.8960452Z [nebula] assign radar -> w2
2026-09-21T07:25:33.8960478Z [nebula] assign landing-tower -> w2
2026-09-21T07:25:33.8960504Z [nebula] assign cell_1_0_n1 -> w2
2026-09-21T07:25:33.8960532Z [nebula] assign scav-outdoor-w -> w3
2026-09-21T07:25:33.8960561Z [nebula] assign scav-outdoor-nw -> w3
2026-09-21T07:25:34.4112158Z [nebula] assign explorer-outdoor-nw -> w2
2026-09-21T07:25:34.4112366Z [nebula] assign explorer-hab-northwest -> w2
2026-09-21T07:25:34.4112407Z [nebula] assign cell_n2_0_n1 -> w2
2026-09-21T07:25:34.4112447Z [nebula] assign market-outdoor-se -> w2
2026-09-21T07:25:34.4119288Z [nebula] assign market-docks -> w2
2026-09-21T07:25:34.4119389Z [nebula] assign market-hab -> w2
2026-09-21T07:25:34.4119426Z [nebula] assign cell_n1_0_n1 -> w2
2026-09-21T07:25:34.4119458Z [nebula] assign garage -> w2
2026-09-21T07:25:34.4120133Z [nebula] assign outdoor-west-south -> w2
2026-09-21T07:25:34.4120179Z [nebula] assign barracks-row -> w2
2026-09-21T07:25:34.4120218Z [nebula] assign outdoor-east-south -> w3
2026-09-21T07:25:34.4120259Z [nebula] assign landing-pad-south -> w3
2026-09-21T07:25:34.4120291Z [nebula] assign radar -> w3
2026-09-21T07:25:34.4120314Z [nebula] assign landing-tower -> w3
2026-09-21T07:25:34.4120344Z [nebula] assign cell_1_0_n1 -> w3
2026-09-21T07:25:34.4120366Z [nebula] assign scav-outdoor-w -> w4
2026-09-21T07:25:34.4120390Z [nebula] assign scav-outdoor-nw -> w4
2026-09-21T07:25:34.9132338Z [nebula] assign explorer-outdoor-nw -> w1
2026-09-21T07:25:34.9134053Z [nebula] assign explorer-hab-northwest -> w1
2026-09-21T07:25:34.9134120Z [nebula] assign cell_n2_0_n1 -> w1
2026-09-21T07:25:34.9134148Z [nebula] assign market-outdoor-se -> w1
2026-09-21T07:25:34.9134172Z [nebula] assign market-docks -> w1
2026-09-21T07:25:34.9134199Z [nebula] assign market-hab -> w1
2026-09-21T07:25:34.9134221Z [nebula] assign cell_n1_0_n1 -> w1
2026-09-21T07:25:34.9134246Z [nebula] assign garage -> w1
2026-09-21T07:25:34.9134269Z [nebula] assign outdoor-west-south -> w1
2026-09-21T07:25:34.9134298Z [nebula] assign outdoor-east-south -> w2
2026-09-21T07:25:34.9134322Z [nebula] assign landing-pad-south -> w2
2026-09-21T07:25:34.9134345Z [nebula] assign radar -> w2
2026-09-21T07:25:34.9134368Z [nebula] assign landing-tower -> w2
2026-09-21T07:25:34.9134391Z [nebula] assign scav-outdoor-w -> w3
2026-09-21T07:25:34.9134421Z [nebula] assign scav-outdoor-nw -> w3
2026-09-21T07:25:34.9134442Z [nebula] assign cell_0_0_0 -> w3
2026-09-21T07:25:35.9286449Z [nebula] assign market-outdoor-se -> w2
2026-09-21T07:25:35.9286639Z [nebula] assign market-docks -> w2
2026-09-21T07:25:35.9286696Z [nebula] assign market-hab -> w2
2026-09-21T07:25:35.9286734Z [nebula] assign cell_n1_0_n1 -> w2
2026-09-21T07:25:35.9286771Z [nebula] assign garage -> w2
2026-09-21T07:25:35.9286805Z [nebula] assign outdoor-west-south -> w2
2026-09-21T07:25:35.9286924Z [nebula] assign cell_0_0_n1 -> w3
2026-09-21T07:25:35.9287149Z [nebula] assign outdoor-east-south -> w3
2026-09-21T07:25:35.9287196Z [nebula] assign landing-pad-south -> w3
2026-09-21T07:25:35.9287227Z [nebula] assign radar -> w3
2026-09-21T07:25:35.9287256Z [nebula] assign landing-tower -> w3
2026-09-21T07:25:35.9287285Z [nebula] assign scav-outdoor-sw -> w4
2026-09-21T07:25:35.9287531Z [nebula] assign scav-outdoor-w -> w4
2026-09-21T07:25:35.9287581Z [nebula] assign scav-outdoor-nw -> w4
2026-09-21T07:25:35.9287626Z [nebula] assign cell_0_0_0 -> w4
2026-09-21T07:25:37.0607671Z [nebula] loop 60 Hz, period max 19.1 ms, tick avg 0.40 ms max 5.3 ms
2026-09-21T07:25:42.0609724Z [nebula] loop 60 Hz, period max 18.5 ms, tick avg 0.38 ms max 6.5 ms
2026-09-21T07:25:47.0611143Z [nebula] loop 60 Hz, period max 18.5 ms, tick avg 0.28 ms max 3.0 ms
2026-09-21T07:25:52.0612665Z [nebula] loop 60 Hz, period max 18.3 ms, tick avg 0.31 ms max 3.2 ms
2026-09-21T07:25:57.0780538Z [nebula] loop 60 Hz, period max 18.5 ms, tick avg 0.34 ms max 3.4 ms
2026-09-21T07:26:00.8942797Z [nebula] assign explorer-outdoor-sw -> w2
2026-09-21T07:26:00.8943029Z [nebula] assign explorer-hex-lab -> w2
2026-09-21T07:26:00.8943075Z [nebula] assign explorer-hab-south -> w2
2026-09-21T07:26:00.8943112Z [nebula] assign market-outdoor-sw -> w2
2026-09-21T07:26:00.8943143Z [nebula] assign market-crates-south -> w2
2026-09-21T07:26:00.8943176Z [nebula] assign cell_n2_0_n2 -> w2
2026-09-21T07:26:00.8943205Z [nebula] assign cell_n1_0_n2 -> w2
2026-09-21T07:26:00.8943240Z [nebula] assign explorer-hab-far-west -> w2
2026-09-21T07:26:00.8943273Z [nebula] assign explorer-labs-west -> w2
2026-09-21T07:26:00.8943309Z [nebula] assign explorer-hab-west -> w2
2026-09-21T07:26:00.8943341Z [nebula] assign explorer-outdoor-nw -> w2
2026-09-21T07:26:00.8943370Z [nebula] assign explorer-hab-northwest -> w2
2026-09-21T07:26:00.8943409Z [nebula] assign cell_n2_0_n1 -> w2
2026-09-21T07:26:00.8943442Z [nebula] assign explorer-dome -> w1
2026-09-21T07:26:00.8943481Z [nebula] assign explorer-hab-north -> w1
2026-09-21T07:26:00.8943515Z [nebula] assign explorer-roundhouse -> w1
2026-09-21T07:26:00.8943552Z [nebula] assign explorer-outdoor-ne -> w1
2026-09-21T07:26:00.8943585Z [nebula] assign explorer-lab-north -> w1
2026-09-21T07:26:00.8943617Z [nebula] assign explorer-landing-pad -> w1
2026-09-21T07:26:00.8943654Z [nebula] assign cell_1_0_n2 -> w1
2026-09-21T07:26:00.8943688Z [nebula] assign cell_0_0_n1 -> w1
2026-09-21T07:26:00.8943730Z [nebula] assign outdoor-east-south -> w1
2026-09-21T07:26:00.8943767Z [nebula] assign landing-pad-south -> w1
2026-09-21T07:26:00.8943802Z [nebula] assign radar -> w1
2026-09-21T07:26:00.8943832Z [nebula] assign landing-tower -> w1
2026-09-21T07:26:00.8943861Z [nebula] assign cell_1_0_n1 -> w1
2026-09-21T07:26:00.8943889Z [nebula] assign scav-outdoor-sw -> w3
2026-09-21T07:26:00.8943918Z [nebula] assign scav-outdoor-w -> w3
2026-09-21T07:26:00.8943948Z [nebula] assign scav-outdoor-nw -> w3
2026-09-21T07:26:01.9123334Z [nebula] assign cell_n1_0_n1 -> w1
2026-09-21T07:26:01.9124341Z [nebula] assign garage -> w1
2026-09-21T07:26:01.9124464Z [nebula] assign outdoor-west-south -> w1
2026-09-21T07:26:01.9124511Z [nebula] assign barracks-row -> w1
2026-09-21T07:26:01.9124559Z [nebula] assign rt_11480587698224255915 -> w1
2026-09-21T07:26:01.9124597Z [nebula] assign rt_14438663297801732062 -> w1
2026-09-21T07:26:01.9124629Z [nebula] assign explorer-pods-south -> w1
2026-09-21T07:26:01.9124659Z [nebula] assign explorer-labs-southeast -> w1
2026-09-21T07:26:01.9124689Z [nebula] assign explorer-outdoor-se -> w1
2026-09-21T07:26:01.9124718Z [nebula] assign cell_0_0_n2 -> w1
2026-09-21T07:26:01.9124751Z [nebula] assign market-crates-west -> w1
2026-09-21T07:26:01.9124782Z [nebula] assign cell_0_0_0 -> w3
2026-09-21T07:26:02.0936916Z [nebula] loop 60 Hz, period max 18.5 ms, tick avg 0.34 ms max 2.8 ms
2026-09-21T07:26:02.4277929Z [nebula] assign cell_n1_0_n1 -> w2
2026-09-21T07:26:02.4278225Z [nebula] assign garage -> w2
2026-09-21T07:26:02.4278299Z [nebula] assign outdoor-west-south -> w2
2026-09-21T07:26:02.4278332Z [nebula] assign barracks-row -> w2
2026-09-21T07:26:02.4278364Z [nebula] assign rt_11480587698224255915 -> w2
2026-09-21T07:26:02.4278397Z [nebula] assign rt_14438663297801732062 -> w2
2026-09-21T07:26:02.4278430Z [nebula] assign explorer-pods-south -> w2
2026-09-21T07:26:02.4278457Z [nebula] assign explorer-labs-southeast -> w2
2026-09-21T07:26:02.4278484Z [nebula] assign explorer-outdoor-se -> w2
2026-09-21T07:26:02.4278512Z [nebula] assign cell_0_0_n2 -> w2
2026-09-21T07:26:02.4278547Z [nebula] assign market-crates-west -> w3
2026-09-21T07:26:02.4278577Z [nebula] assign cell_0_0_0 -> w4
2026-09-21T07:26:02.9283361Z [nebula] assign market-docks -> w1
2026-09-21T07:26:02.9284424Z [nebula] assign market-hab -> w1
2026-09-21T07:26:02.9284488Z [nebula] assign cell_n1_0_n1 -> w1
2026-09-21T07:26:02.9284517Z [nebula] assign garage -> w1
2026-09-21T07:26:02.9284554Z [nebula] assign outdoor-west-south -> w1
2026-09-21T07:26:02.9284582Z [nebula] assign barracks-row -> w1
2026-09-21T07:26:02.9284613Z [nebula] assign rt_11480587698224255915 -> w1
2026-09-21T07:26:02.9284641Z [nebula] assign rt_14438663297801732062 -> w1
2026-09-21T07:26:02.9284669Z [nebula] assign explorer-pods-south -> w1
2026-09-21T07:26:02.9284695Z [nebula] assign explorer-labs-southeast -> w1
2026-09-21T07:26:02.9284720Z [nebula] assign explorer-outdoor-se -> w1
2026-09-21T07:26:02.9284746Z [nebula] assign cell_0_0_n2 -> w1
2026-09-21T07:26:02.9284775Z [nebula] assign scav-outdoor-w -> w4
2026-09-21T07:26:02.9284803Z [nebula] assign scav-outdoor-nw -> w4
2026-09-21T07:26:03.4451749Z [nebula] assign market-docks -> w2
2026-09-21T07:26:03.4451975Z [nebula] assign market-hab -> w2
2026-09-21T07:26:03.4452013Z [nebula] assign cell_n1_0_n1 -> w2
2026-09-21T07:26:03.4452042Z [nebula] assign garage -> w2
2026-09-21T07:26:03.4452075Z [nebula] assign outdoor-west-south -> w2
2026-09-21T07:26:03.4452104Z [nebula] assign barracks-row -> w2
2026-09-21T07:26:03.4452132Z [nebula] assign rt_11480587698224255915 -> w2
2026-09-21T07:26:03.4452162Z [nebula] assign rt_14438663297801732062 -> w2
2026-09-21T07:26:03.4452189Z [nebula] assign explorer-pods-south -> w2
2026-09-21T07:26:03.4452217Z [nebula] assign explorer-labs-southeast -> w2
2026-09-21T07:26:03.4452244Z [nebula] assign explorer-outdoor-se -> w2
2026-09-21T07:26:03.4452285Z [nebula] assign cell_0_0_n2 -> w2
2026-09-21T07:26:03.4452315Z [nebula] assign explorer-dome -> w2
2026-09-21T07:26:03.4452341Z [nebula] assign cell_1_0_n1 -> w3
2026-09-21T07:26:03.4452371Z [nebula] assign scav-outdoor-w -> w3
2026-09-21T07:26:05.9786152Z [nebula] assign barracks-row -> w1
2026-09-21T07:26:05.9786841Z [nebula] assign rt_11480587698224255915 -> w1
2026-09-21T07:26:05.9786948Z [nebula] assign rt_14438663297801732062 -> w1
2026-09-21T07:26:05.9787224Z [nebula] assign explorer-pods-south -> w1
2026-09-21T07:26:05.9787270Z [nebula] assign explorer-labs-southeast -> w1
2026-09-21T07:26:05.9787308Z [nebula] assign explorer-outdoor-se -> w1
2026-09-21T07:26:05.9787342Z [nebula] assign cell_0_0_n2 -> w1
2026-09-21T07:26:05.9787372Z [nebula] assign explorer-dome -> w1
2026-09-21T07:26:05.9787411Z [nebula] assign radar -> w3
2026-09-21T07:26:05.9787446Z [nebula] assign landing-tower -> w3
2026-09-21T07:26:05.9787484Z [nebula] assign scav-outdoor-sw -> w4
2026-09-21T07:26:05.9787519Z [nebula] assign scav-outdoor-w -> w4
2026-09-21T07:26:07.0945836Z [nebula] loop 60 Hz, period max 18.8 ms, tick avg 0.36 ms max 3.3 ms
2026-09-21T07:26:12.1106844Z [nebula] loop 60 Hz, period max 18.0 ms, tick avg 0.34 ms max 3.7 ms
2026-09-21T07:26:17.1107079Z [nebula] loop 60 Hz, period max 18.1 ms, tick avg 0.35 ms max 2.8 ms
2026-09-21T07:26:22.1276252Z [nebula] loop 60 Hz, period max 18.5 ms, tick avg 0.31 ms max 5.6 ms
2026-09-21T07:26:24.8448158Z [nebula] assign barracks-row -> w2
2026-09-21T07:26:24.8449729Z [nebula] assign rt_11480587698224255915 -> w2
2026-09-21T07:26:24.8449844Z [nebula] assign rt_14438663297801732062 -> w2
2026-09-21T07:26:24.8449907Z [nebula] assign explorer-pods-south -> w2
2026-09-21T07:26:24.8449941Z [nebula] assign explorer-labs-southeast -> w2
2026-09-21T07:26:24.8449979Z [nebula] assign explorer-outdoor-se -> w2
2026-09-21T07:26:24.8451388Z [nebula] assign cell_0_0_n2 -> w2
2026-09-21T07:26:24.8451484Z [nebula] assign explorer-dome -> w2
2026-09-21T07:26:24.8451513Z [nebula] assign explorer-hab-north -> w3
2026-09-21T07:26:24.8451538Z [nebula] assign explorer-roundhouse -> w3
2026-09-21T07:26:24.8451559Z [nebula] assign explorer-outdoor-ne -> w3
2026-09-21T07:26:24.8451595Z [nebula] assign explorer-lab-north -> w3
2026-09-21T07:26:24.8451627Z [nebula] assign explorer-landing-pad -> w3
2026-09-21T07:26:24.8451659Z [nebula] assign cell_1_0_n2 -> w3
2026-09-21T07:26:24.8452120Z [nebula] assign cell_0_0_n1 -> w3
2026-09-21T07:26:24.8452440Z [nebula] assign outdoor-east-south -> w3
2026-09-21T07:26:24.8452482Z [nebula] assign landing-pad-south -> w3
2026-09-21T07:26:24.8452514Z [nebula] assign market-landing-pad-west -> w1
2026-09-21T07:26:24.8452546Z [nebula] assign cell_n2_0_0 -> w1
2026-09-21T07:26:24.8452577Z [nebula] assign market-vendor-hall -> w1
2026-09-21T07:26:24.8452609Z [nebula] assign market-outdoor-ne -> w1
2026-09-21T07:26:24.8454096Z [nebula] assign market-landing-pad-east -> w1
2026-09-21T07:26:24.8454321Z [nebula] assign cell_n1_0_0 -> w1
2026-09-21T07:26:24.8454358Z [nebula] assign comms -> w1
2026-09-21T07:26:24.8454402Z [nebula] assign outdoor-west-north -> w1
2026-09-21T07:26:24.8454426Z [nebula] assign cell_n2_0_1 -> w1
2026-09-21T07:26:24.8454448Z [nebula] assign cell_n1_0_1 -> w1
2026-09-21T07:26:24.8454469Z [nebula] assign cell_n2_0_2 -> w1
2026-09-21T07:26:24.8454491Z [nebula] assign cell_n1_0_2 -> w1
2026-09-21T07:26:24.8454512Z [nebula] assign scav-outdoor-sw -> w1
2026-09-21T07:26:24.8454719Z [nebula] assign scav-outdoor-w -> w1
2026-09-21T07:26:24.8454752Z [nebula] assign scav-outdoor-nw -> w1
2026-09-21T07:26:24.8454784Z [nebula] assign cell_0_0_0 -> w1
2026-09-21T07:26:24.8454814Z [nebula] assign control-tower -> w1
2026-09-21T07:26:27.1280528Z [nebula] loop 60 Hz, period max 18.1 ms, tick avg 0.39 ms max 4.4 ms
2026-09-21T07:26:27.8956623Z [nebula] assign explorer-hab-northwest -> w3
2026-09-21T07:26:27.8956869Z [nebula] assign cell_n2_0_n1 -> w3
2026-09-21T07:26:27.8956912Z [nebula] assign market-outdoor-se -> w3
2026-09-21T07:26:27.8956945Z [nebula] assign market-docks -> w3
2026-09-21T07:26:27.8956985Z [nebula] assign market-hab -> w3
2026-09-21T07:26:27.8957017Z [nebula] assign cell_n1_0_n1 -> w3
2026-09-21T07:26:27.8957049Z [nebula] assign garage -> w3
2026-09-21T07:26:27.8957090Z [nebula] assign outdoor-west-south -> w3
2026-09-21T07:26:27.8957123Z [nebula] assign barracks-row -> w3
2026-09-21T07:26:27.8957323Z [nebula] assign rt_11480587698224255915 -> w3
2026-09-21T07:26:27.8958098Z [nebula] assign rt_14438663297801732062 -> w3
2026-09-21T07:26:27.8958161Z [nebula] assign explorer-pods-south -> w3
2026-09-21T07:26:27.8958202Z [nebula] assign explorer-labs-southeast -> w3
2026-09-21T07:26:27.8958485Z [nebula] assign explorer-outdoor-se -> w3
2026-09-21T07:26:27.8958547Z [nebula] assign cell_0_0_n2 -> w3
2026-09-21T07:26:27.8958583Z [nebula] assign explorer-dome -> w3
2026-09-21T07:26:27.8958619Z [nebula] assign explorer-landing-pad -> w1
2026-09-21T07:26:27.8958654Z [nebula] assign cell_1_0_n2 -> w1
2026-09-21T07:26:27.8958691Z [nebula] assign cell_0_0_n1 -> w1
2026-09-21T07:26:27.8958732Z [nebula] assign outdoor-east-south -> w1
2026-09-21T07:26:27.8958774Z [nebula] assign landing-pad-south -> w1
2026-09-21T07:26:27.8958809Z [nebula] assign radar -> w1
2026-09-21T07:26:27.8958846Z [nebula] assign landing-tower -> w1
2026-09-21T07:26:27.8958877Z [nebula] assign cell_1_0_n1 -> w1
2026-09-21T07:26:27.8958904Z [nebula] assign market-crates-west -> w1
2026-09-21T07:26:27.8958938Z [nebula] assign market-crates-overhang -> w1
2026-09-21T07:26:27.8958974Z [nebula] assign market-outdoor-nw -> w1
2026-09-21T07:26:27.8959794Z [nebula] assign market-crates-north -> w1
2026-09-21T07:26:27.8959878Z [nebula] assign cell_0_0_0 -> w4
2026-09-21T07:26:27.8959911Z [nebula] assign control-tower -> w4
2026-09-21T07:26:28.4110922Z [nebula] assign explorer-hab-northwest -> w2
2026-09-21T07:26:28.4111882Z [nebula] assign cell_n2_0_n1 -> w2
2026-09-21T07:26:28.4111960Z [nebula] assign market-outdoor-se -> w2
2026-09-21T07:26:28.4112000Z [nebula] assign market-docks -> w2
2026-09-21T07:26:28.4112037Z [nebula] assign market-hab -> w2
2026-09-21T07:26:28.4112076Z [nebula] assign cell_n1_0_n1 -> w2
2026-09-21T07:26:28.4112806Z [nebula] assign garage -> w2
2026-09-21T07:26:28.4112985Z [nebula] assign outdoor-west-south -> w2
2026-09-21T07:26:28.4113036Z [nebula] assign barracks-row -> w2
2026-09-21T07:26:28.4113079Z [nebula] assign rt_11480587698224255915 -> w2
2026-09-21T07:26:28.4113115Z [nebula] assign explorer-landing-pad -> w3
2026-09-21T07:26:28.4113154Z [nebula] assign cell_1_0_n2 -> w3
2026-09-21T07:26:28.4113193Z [nebula] assign cell_0_0_n1 -> w3
2026-09-21T07:26:28.4113233Z [nebula] assign outdoor-east-south -> w3
2026-09-21T07:26:28.4113263Z [nebula] assign landing-pad-south -> w3
2026-09-21T07:26:28.4113294Z [nebula] assign radar -> w3
2026-09-21T07:26:28.4114502Z [nebula] assign cell_n2_0_2 -> w4
2026-09-21T07:26:28.4114554Z [nebula] assign cell_n1_0_2 -> w4
2026-09-21T07:26:28.4114594Z [nebula] assign scav-outdoor-sw -> w4
2026-09-21T07:26:28.4114634Z [nebula] assign scav-outdoor-w -> w4
2026-09-21T07:26:28.4114674Z [nebula] assign scav-outdoor-nw -> w4
2026-09-21T07:26:28.9120015Z [nebula] assign rt_14438663297801732062 -> w2
2026-09-21T07:26:28.9120242Z [nebula] assign explorer-pods-south -> w2
2026-09-21T07:26:28.9120284Z [nebula] assign explorer-labs-southeast -> w2
2026-09-21T07:26:28.9120960Z [nebula] assign explorer-outdoor-se -> w2
2026-09-21T07:26:28.9121531Z [nebula] assign cell_0_0_n2 -> w2
2026-09-21T07:26:28.9121589Z [nebula] assign radar -> w1
2026-09-21T07:26:28.9121626Z [nebula] assign cell_n2_0_2 -> w1
2026-09-21T07:26:28.9121656Z [nebula] assign cell_n1_0_2 -> w1
2026-09-21T07:26:28.9121679Z [nebula] assign scav-outdoor-sw -> w1
2026-09-21T07:26:28.9121714Z [nebula] assign scav-outdoor-w -> w1
2026-09-21T07:26:28.9121879Z [nebula] assign scav-outdoor-nw -> w1
2026-09-21T07:26:28.9121932Z [nebula] assign cell_0_0_0 -> w1
2026-09-21T07:26:28.9121965Z [nebula] assign control-tower -> w1
2026-09-21T07:26:29.4281229Z [nebula] assign radar -> w3
2026-09-21T07:26:29.4281918Z [nebula] assign landing-tower -> w3
2026-09-21T07:26:29.4281969Z [nebula] assign cell_1_0_n1 -> w3
2026-09-21T07:26:29.4281998Z [nebula] assign market-crates-west -> w3
2026-09-21T07:26:29.4282026Z [nebula] assign market-crates-overhang -> w3
2026-09-21T07:26:29.4282056Z [nebula] assign market-outdoor-nw -> w3
2026-09-21T07:26:29.4282086Z [nebula] assign control-tower -> w4
2026-09-21T07:26:29.9282289Z [nebula] assign explorer-dome -> w2
2026-09-21T07:26:29.9282525Z [nebula] assign cell_1_0_n1 -> w1
2026-09-21T07:26:29.9282570Z [nebula] assign market-crates-west -> w1
2026-09-21T07:26:29.9282608Z [nebula] assign market-crates-overhang -> w1
2026-09-21T07:26:29.9282641Z [nebula] assign market-outdoor-nw -> w1
2026-09-21T07:26:29.9282675Z [nebula] assign control-tower -> w1
2026-09-21T07:26:30.4450615Z [nebula] assign cell_1_0_n1 -> w3
2026-09-21T07:26:30.4450842Z [nebula] assign market-crates-west -> w3
2026-09-21T07:26:30.4450876Z [nebula] assign market-crates-overhang -> w3
2026-09-21T07:26:30.4450905Z [nebula] assign market-outdoor-nw -> w3
2026-09-21T07:26:30.4452080Z [nebula] assign market-crates-north -> w3
2026-09-21T07:26:30.4452158Z [nebula] assign market-landing-pad-west -> w3
2026-09-21T07:26:30.4452190Z [nebula] assign cell_n2_0_0 -> w3
2026-09-21T07:26:30.4452228Z [nebula] assign control-tower -> w4
2026-09-21T07:26:30.9454282Z [nebula] assign explorer-hab-north -> w2
2026-09-21T07:26:30.9456872Z [nebula] assign market-crates-west -> w1
2026-09-21T07:26:30.9457173Z [nebula] assign market-crates-overhang -> w1
2026-09-21T07:26:30.9457253Z [nebula] assign market-outdoor-nw -> w1
2026-09-21T07:26:30.9457294Z [nebula] assign market-crates-north -> w1
2026-09-21T07:26:30.9457334Z [nebula] assign market-landing-pad-west -> w1
2026-09-21T07:26:30.9457376Z [nebula] assign cell_n2_0_0 -> w1
2026-09-21T07:26:31.4612985Z [nebula] assign market-crates-west -> w3
2026-09-21T07:26:31.4614264Z [nebula] assign market-crates-overhang -> w3
2026-09-21T07:26:32.1280316Z [nebula] loop 60 Hz, period max 18.4 ms, tick avg 0.31 ms max 4.7 ms
2026-09-21T07:26:32.4783862Z [nebula] assign rt_11480587698224255915 -> w3
2026-09-21T07:26:32.4784207Z [nebula] assign rt_14438663297801732062 -> w3
2026-09-21T07:26:32.4784234Z [nebula] assign explorer-pods-south -> w3
2026-09-21T07:26:32.4784255Z [nebula] assign explorer-labs-southeast -> w3
2026-09-21T07:26:32.4784282Z [nebula] assign explorer-outdoor-se -> w3
2026-09-21T07:26:32.4784316Z [nebula] assign cell_0_0_n2 -> w3
2026-09-21T07:26:32.4784343Z [nebula] assign explorer-dome -> w3
2026-09-21T07:26:32.4784998Z [nebula] assign explorer-hab-north -> w3
2026-09-21T07:26:32.4785337Z [nebula] assign landing-tower -> w1
2026-09-21T07:26:32.4785391Z [nebula] assign cell_1_0_n1 -> w1
2026-09-21T07:26:32.4785681Z [nebula] assign market-crates-west -> w1
2026-09-21T07:26:32.4785720Z [nebula] assign market-crates-overhang -> w1
2026-09-21T07:26:32.4785751Z [nebula] assign cell_0_0_0 -> w4
2026-09-21T07:26:33.6629958Z [nebula] assign rt_11480587698224255915 -> w2
2026-09-21T07:26:33.6630188Z [nebula] assign rt_14438663297801732062 -> w2
2026-09-21T07:26:33.6630231Z [nebula] assign explorer-pods-south -> w2
2026-09-21T07:26:33.6630264Z [nebula] assign explorer-labs-southeast -> w2
2026-09-21T07:26:33.6630294Z [nebula] assign explorer-outdoor-se -> w2
2026-09-21T07:26:33.6630324Z [nebula] assign cell_0_0_n2 -> w2
2026-09-21T07:26:33.6630352Z [nebula] assign landing-tower -> w3
2026-09-21T07:26:33.6630384Z [nebula] assign scav-outdoor-sw -> w4
2026-09-21T07:26:33.6630415Z [nebula] assign scav-outdoor-w -> w4
2026-09-21T07:26:33.6630779Z [nebula] assign scav-outdoor-nw -> w4
2026-09-21T07:26:37.1448647Z [nebula] loop 60 Hz, period max 184.8 ms, tick avg 0.31 ms max 2.9 ms
2026-09-21T07:26:42.1604733Z [nebula] loop 60 Hz, period max 19.0 ms, tick avg 0.33 ms max 3.4 ms
2026-09-21T07:26:43.8955495Z [nebula] assign market-docks -> w3
2026-09-21T07:26:43.8955910Z [nebula] assign market-hab -> w3
2026-09-21T07:26:43.8955943Z [nebula] assign cell_n1_0_n1 -> w3
2026-09-21T07:26:43.8955966Z [nebula] assign garage -> w3
2026-09-21T07:26:43.8955991Z [nebula] assign outdoor-west-south -> w3
2026-09-21T07:26:43.8956016Z [nebula] assign barracks-row -> w3
2026-09-21T07:26:43.8956051Z [nebula] assign rt_11480587698224255915 -> w3
2026-09-21T07:26:43.8956706Z [nebula] assign rt_14438663297801732062 -> w3
2026-09-21T07:26:43.8956933Z [nebula] assign explorer-pods-south -> w3
2026-09-21T07:26:43.8956982Z [nebula] assign explorer-labs-southeast -> w3
2026-09-21T07:26:43.8957014Z [nebula] assign explorer-outdoor-se -> w3
2026-09-21T07:26:43.8957044Z [nebula] assign cell_0_0_n2 -> w3
2026-09-21T07:26:43.8957076Z [nebula] assign radar -> w1
2026-09-21T07:26:43.8957107Z [nebula] assign landing-tower -> w1
2026-09-21T07:26:43.8957138Z [nebula] assign scav-outdoor-sw -> w1
2026-09-21T07:26:43.8957428Z [nebula] assign scav-outdoor-w -> w1
2026-09-21T07:26:43.8957464Z [nebula] assign scav-outdoor-nw -> w1
2026-09-21T07:26:43.8957911Z [nebula] assign cell_0_0_0 -> w1
2026-09-21T07:26:44.3946339Z [nebula] assign market-docks -> w2
2026-09-21T07:26:44.3946550Z [nebula] assign market-hab -> w2
2026-09-21T07:26:44.3946587Z [nebula] assign cell_n1_0_n1 -> w2
2026-09-21T07:26:44.3946619Z [nebula] assign garage -> w2
2026-09-21T07:26:44.3946649Z [nebula] assign outdoor-west-south -> w2
2026-09-21T07:26:44.3946679Z [nebula] assign barracks-row -> w2
2026-09-21T07:26:44.3946712Z [nebula] assign rt_11480587698224255915 -> w2
2026-09-21T07:26:44.3946801Z [nebula] assign rt_14438663297801732062 -> w2
2026-09-21T07:26:44.3946845Z [nebula] assign explorer-pods-south -> w2
2026-09-21T07:26:44.3946876Z [nebula] assign explorer-labs-southeast -> w2
2026-09-21T07:26:44.3946906Z [nebula] assign explorer-outdoor-se -> w2
2026-09-21T07:26:44.3946928Z [nebula] assign radar -> w3
2026-09-21T07:26:44.3946950Z [nebula] assign landing-tower -> w3
2026-09-21T07:26:44.3946971Z [nebula] assign cell_0_0_0 -> w4
2026-09-21T07:26:44.8943004Z [nebula] assign market-outdoor-se -> w3
2026-09-21T07:26:44.8943221Z [nebula] assign market-docks -> w3
2026-09-21T07:26:44.8943263Z [nebula] assign market-hab -> w3
2026-09-21T07:26:44.8943297Z [nebula] assign cell_n1_0_n1 -> w3
2026-09-21T07:26:44.8943327Z [nebula] assign garage -> w3
2026-09-21T07:26:44.8943358Z [nebula] assign outdoor-west-south -> w3
2026-09-21T07:26:44.8943387Z [nebula] assign barracks-row -> w3
2026-09-21T07:26:44.8943416Z [nebula] assign rt_11480587698224255915 -> w3
2026-09-21T07:26:44.8943446Z [nebula] assign rt_14438663297801732062 -> w3
2026-09-21T07:26:44.8943475Z [nebula] assign explorer-pods-south -> w3
2026-09-21T07:26:44.8943502Z [nebula] assign explorer-labs-southeast -> w3
2026-09-21T07:26:44.8943543Z [nebula] assign explorer-outdoor-se -> w3
2026-09-21T07:26:44.8943571Z [nebula] assign radar -> w1
2026-09-21T07:26:44.8943599Z [nebula] assign landing-tower -> w1
2026-09-21T07:26:44.8943628Z [nebula] assign cell_0_0_0 -> w1
2026-09-21T07:26:45.3952314Z [nebula] assign market-outdoor-se -> w2
2026-09-21T07:26:45.3952820Z [nebula] assign market-docks -> w2
2026-09-21T07:26:45.3953137Z [nebula] assign market-hab -> w2
2026-09-21T07:26:45.3953183Z [nebula] assign cell_n1_0_n1 -> w2
2026-09-21T07:26:45.3953217Z [nebula] assign garage -> w2
2026-09-21T07:26:45.3953247Z [nebula] assign outdoor-west-south -> w2
2026-09-21T07:26:45.3953282Z [nebula] assign barracks-row -> w2
2026-09-21T07:26:45.3953313Z [nebula] assign rt_11480587698224255915 -> w2
2026-09-21T07:26:45.3954114Z [nebula] assign rt_14438663297801732062 -> w2
2026-09-21T07:26:45.3954161Z [nebula] assign explorer-pods-south -> w2
2026-09-21T07:26:45.3954192Z [nebula] assign explorer-labs-southeast -> w2
2026-09-21T07:26:45.3954221Z [nebula] assign explorer-outdoor-se -> w2
2026-09-21T07:26:45.3954252Z [nebula] assign cell_0_0_n2 -> w2
2026-09-21T07:26:45.3954283Z [nebula] assign explorer-dome -> w2
2026-09-21T07:26:45.3954319Z [nebula] assign radar -> w3
2026-09-21T07:26:45.3954354Z [nebula] assign landing-tower -> w3
2026-09-21T07:26:45.3954389Z [nebula] assign cell_1_0_n1 -> w3
2026-09-21T07:26:45.3954420Z [nebula] assign cell_0_0_0 -> w4
2026-09-21T07:26:45.9123981Z [nebula] assign market-docks -> w3
2026-09-21T07:26:45.9124280Z [nebula] assign market-hab -> w3
2026-09-21T07:26:45.9124428Z [nebula] assign cell_n1_0_n1 -> w3
2026-09-21T07:26:45.9124481Z [nebula] assign garage -> w3
2026-09-21T07:26:45.9124521Z [nebula] assign outdoor-west-south -> w3
2026-09-21T07:26:45.9124562Z [nebula] assign barracks-row -> w3
2026-09-21T07:26:45.9124593Z [nebula] assign rt_11480587698224255915 -> w3
2026-09-21T07:26:45.9124624Z [nebula] assign rt_14438663297801732062 -> w3
2026-09-21T07:26:45.9124653Z [nebula] assign explorer-pods-south -> w3
2026-09-21T07:26:45.9124682Z [nebula] assign explorer-labs-southeast -> w3
2026-09-21T07:26:45.9124711Z [nebula] assign explorer-outdoor-se -> w3
2026-09-21T07:26:45.9124740Z [nebula] assign cell_0_0_n2 -> w3
2026-09-21T07:26:45.9125242Z [nebula] assign explorer-dome -> w3
2026-09-21T07:26:45.9125289Z [nebula] assign landing-pad-south -> w1
2026-09-21T07:26:45.9125679Z [nebula] assign radar -> w1
2026-09-21T07:26:45.9126031Z [nebula] assign landing-tower -> w1
2026-09-21T07:26:45.9126103Z [nebula] assign cell_1_0_n1 -> w1
2026-09-21T07:26:46.4277148Z [nebula] assign market-docks -> w2
2026-09-21T07:26:46.4277420Z [nebula] assign market-hab -> w2
2026-09-21T07:26:46.4277456Z [nebula] assign cell_n1_0_n1 -> w2
2026-09-21T07:26:46.4277488Z [nebula] assign garage -> w2
2026-09-21T07:26:46.4277602Z [nebula] assign outdoor-west-south -> w2
2026-09-21T07:26:46.4277997Z [nebula] assign barracks-row -> w2
2026-09-21T07:26:46.4278063Z [nebula] assign rt_11480587698224255915 -> w2
2026-09-21T07:26:46.4278094Z [nebula] assign rt_14438663297801732062 -> w2
2026-09-21T07:26:46.4278121Z [nebula] assign explorer-pods-south -> w2
2026-09-21T07:26:46.4278413Z [nebula] assign explorer-labs-southeast -> w2
2026-09-21T07:26:46.4278452Z [nebula] assign explorer-outdoor-se -> w2
2026-09-21T07:26:46.4278479Z [nebula] assign cell_0_0_n2 -> w2
2026-09-21T07:26:46.4278527Z [nebula] assign explorer-dome -> w2
2026-09-21T07:26:46.4278548Z [nebula] assign explorer-hab-north -> w2
2026-09-21T07:26:46.4278569Z [nebula] assign landing-pad-south -> w3
2026-09-21T07:26:46.4278590Z [nebula] assign radar -> w3
2026-09-21T07:26:46.4278611Z [nebula] assign landing-tower -> w3
2026-09-21T07:26:46.4278632Z [nebula] assign cell_1_0_n1 -> w3
2026-09-21T07:26:46.4278653Z [nebula] assign scav-outdoor-sw -> w4
2026-09-21T07:26:46.4278677Z [nebula] assign scav-outdoor-w -> w4
2026-09-21T07:26:46.4278706Z [nebula] assign scav-outdoor-nw -> w4
2026-09-21T07:26:46.9280478Z [nebula] assign market-hab -> w3
2026-09-21T07:26:46.9280693Z [nebula] assign cell_n1_0_n1 -> w3
2026-09-21T07:26:46.9280740Z [nebula] assign garage -> w3
2026-09-21T07:26:46.9280777Z [nebula] assign outdoor-west-south -> w3
2026-09-21T07:26:46.9281164Z [nebula] assign barracks-row -> w3
2026-09-21T07:26:46.9281293Z [nebula] assign rt_11480587698224255915 -> w3
2026-09-21T07:26:46.9281337Z [nebula] assign rt_14438663297801732062 -> w3
2026-09-21T07:26:46.9281367Z [nebula] assign explorer-pods-south -> w3
2026-09-21T07:26:46.9281399Z [nebula] assign explorer-labs-southeast -> w3
2026-09-21T07:26:46.9281429Z [nebula] assign explorer-outdoor-se -> w3
2026-09-21T07:26:46.9281456Z [nebula] assign cell_0_0_n2 -> w3
2026-09-21T07:26:46.9281486Z [nebula] assign explorer-dome -> w3
2026-09-21T07:26:46.9281516Z [nebula] assign explorer-hab-north -> w3
2026-09-21T07:26:46.9281546Z [nebula] assign landing-pad-south -> w1
2026-09-21T07:26:46.9281574Z [nebula] assign radar -> w1
2026-09-21T07:26:46.9281604Z [nebula] assign landing-tower -> w1
2026-09-21T07:26:46.9281632Z [nebula] assign cell_1_0_n1 -> w1
2026-09-21T07:26:46.9281660Z [nebula] assign scav-outdoor-sw -> w1
2026-09-21T07:26:47.1613723Z [nebula] loop 60 Hz, period max 18.5 ms, tick avg 0.37 ms max 4.0 ms
2026-09-21T07:26:47.4441068Z [nebula] assign market-hab -> w2
2026-09-21T07:26:47.4442219Z [nebula] assign cell_n1_0_n1 -> w2
2026-09-21T07:26:47.4442394Z [nebula] assign garage -> w2
2026-09-21T07:26:47.4442524Z [nebula] assign outdoor-west-south -> w2
2026-09-21T07:26:47.4442577Z [nebula] assign barracks-row -> w2
2026-09-21T07:26:47.4443064Z [nebula] assign rt_11480587698224255915 -> w2
2026-09-21T07:26:47.4443131Z [nebula] assign rt_14438663297801732062 -> w2
2026-09-21T07:26:47.4443165Z [nebula] assign explorer-pods-south -> w2
2026-09-21T07:26:47.4443343Z [nebula] assign explorer-labs-southeast -> w2
2026-09-21T07:26:47.4443382Z [nebula] assign explorer-outdoor-se -> w2
2026-09-21T07:26:47.4443407Z [nebula] assign cell_0_0_n2 -> w2
2026-09-21T07:26:47.4443428Z [nebula] assign explorer-dome -> w2
2026-09-21T07:26:47.4443450Z [nebula] assign explorer-hab-north -> w2
2026-09-21T07:26:47.4443471Z [nebula] assign explorer-roundhouse -> w2
2026-09-21T07:26:47.4443492Z [nebula] assign landing-pad-south -> w3
2026-09-21T07:26:47.4443513Z [nebula] assign radar -> w3
2026-09-21T07:26:47.4443534Z [nebula] assign landing-tower -> w3
2026-09-21T07:26:47.4443555Z [nebula] assign cell_1_0_n1 -> w3
2026-09-21T07:26:47.4443583Z [nebula] assign market-crates-west -> w3
2026-09-21T07:26:47.4443615Z [nebula] assign scav-outdoor-w -> w1
2026-09-21T07:26:47.4443645Z [nebula] assign scav-outdoor-nw -> w1
2026-09-21T07:26:48.4449810Z [nebula] assign explorer-dome -> w3
2026-09-21T07:26:48.4451197Z [nebula] assign explorer-hab-north -> w3
2026-09-21T07:26:48.4451323Z [nebula] assign explorer-roundhouse -> w3
2026-09-21T07:26:48.4451386Z [nebula] assign market-crates-overhang -> w3
2026-09-21T07:26:48.4451417Z [nebula] assign market-outdoor-nw -> w3
2026-09-21T07:26:48.4451447Z [nebula] assign market-crates-north -> w3
2026-09-21T07:26:48.4451480Z [nebula] assign market-landing-pad-west -> w3
2026-09-21T07:26:48.4451512Z [nebula] assign cell_n2_0_0 -> w3
2026-09-21T07:26:48.4451543Z [nebula] assign market-vendor-hall -> w3
2026-09-21T07:26:48.4451576Z [nebula] assign cell_0_0_0 -> w1
2026-09-21T07:26:48.4451608Z [nebula] assign control-tower -> w1
2026-09-21T07:26:48.9608033Z [nebula] assign explorer-dome -> w2
2026-09-21T07:26:48.9608323Z [nebula] assign cell_1_0_n1 -> w1
2026-09-21T07:26:48.9608366Z [nebula] assign market-crates-west -> w1
2026-09-21T07:26:48.9608399Z [nebula] assign market-crates-overhang -> w1
2026-09-21T07:26:48.9608438Z [nebula] assign market-outdoor-nw -> w1
2026-09-21T07:26:48.9608472Z [nebula] assign market-crates-north -> w1
2026-09-21T07:26:48.9608501Z [nebula] assign market-landing-pad-west -> w1
2026-09-21T07:26:48.9608533Z [nebula] assign cell_n2_0_0 -> w1
2026-09-21T07:26:48.9608569Z [nebula] assign market-vendor-hall -> w1
2026-09-21T07:26:48.9608605Z [nebula] assign cell_0_0_0 -> w4
2026-09-21T07:26:48.9608635Z [nebula] assign control-tower -> w4
2026-09-21T07:26:49.9950131Z [nebula] assign barracks-row -> w3
2026-09-21T07:26:49.9950509Z [nebula] assign rt_11480587698224255915 -> w3
2026-09-21T07:26:49.9950568Z [nebula] assign rt_14438663297801732062 -> w3
2026-09-21T07:26:49.9950598Z [nebula] assign explorer-pods-south -> w3
2026-09-21T07:26:49.9950626Z [nebula] assign explorer-labs-southeast -> w3
2026-09-21T07:26:49.9950654Z [nebula] assign explorer-outdoor-se -> w3
2026-09-21T07:26:49.9951331Z [nebula] assign cell_0_0_n2 -> w3
2026-09-21T07:26:49.9951364Z [nebula] assign explorer-dome -> w3
2026-09-21T07:26:49.9951669Z [nebula] assign radar -> w1
2026-09-21T07:26:49.9951699Z [nebula] assign landing-tower -> w1
2026-09-21T07:26:49.9951729Z [nebula] assign cell_0_0_0 -> w1
2026-09-21T07:26:50.5116168Z [nebula] assign barracks-row -> w2
2026-09-21T07:26:50.5116871Z [nebula] assign rt_11480587698224255915 -> w2
2026-09-21T07:26:50.5116977Z [nebula] assign rt_14438663297801732062 -> w2
2026-09-21T07:26:50.5117013Z [nebula] assign radar -> w3
2026-09-21T07:26:50.5117045Z [nebula] assign landing-tower -> w3
2026-09-21T07:26:50.5117077Z [nebula] assign cell_0_0_0 -> w4
2026-09-21T07:26:51.0279508Z [nebula] assign explorer-pods-south -> w2
2026-09-21T07:26:51.0279945Z [nebula] assign explorer-labs-southeast -> w2
2026-09-21T07:26:51.0280044Z [nebula] assign explorer-outdoor-se -> w2
2026-09-21T07:26:51.0280079Z [nebula] assign cell_0_0_n2 -> w2
2026-09-21T07:26:51.0280351Z [nebula] assign landing-tower -> w1
2026-09-21T07:26:51.0280384Z [nebula] assign cell_0_0_0 -> w1
2026-09-21T07:26:51.5283452Z [nebula] assign landing-tower -> w3
2026-09-21T07:26:51.5283649Z [nebula] assign cell_0_0_0 -> w4
2026-09-21T07:26:52.1781259Z [nebula] loop 60 Hz, period max 18.6 ms, tick avg 0.34 ms max 3.6 ms
2026-09-21T07:26:54.0617539Z [nebula] assign outdoor-west-south -> w3
2026-09-21T07:26:54.0618553Z [nebula] assign barracks-row -> w3
2026-09-21T07:26:54.0618633Z [nebula] assign rt_11480587698224255915 -> w3
2026-09-21T07:26:54.0618673Z [nebula] assign rt_14438663297801732062 -> w3
2026-09-21T07:26:54.0618709Z [nebula] assign explorer-pods-south -> w3
2026-09-21T07:26:54.0618747Z [nebula] assign explorer-labs-southeast -> w3
2026-09-21T07:26:54.0618780Z [nebula] assign explorer-outdoor-se -> w3
2026-09-21T07:26:54.0618814Z [nebula] assign cell_0_0_n2 -> w3
2026-09-21T07:26:54.0618851Z [nebula] assign radar -> w1
2026-09-21T07:26:54.0618890Z [nebula] assign landing-tower -> w1
2026-09-21T07:26:54.0618923Z [nebula] assign scav-outdoor-w -> w4
2026-09-21T07:26:54.0618959Z [nebula] assign scav-outdoor-nw -> w4
2026-09-21T07:26:57.1942925Z [nebula] loop 60 Hz, period max 18.5 ms, tick avg 0.26 ms max 2.9 ms
2026-09-21T07:27:02.2102641Z [nebula] loop 60 Hz, period max 18.2 ms, tick avg 0.26 ms max 3.5 ms
2026-09-21T07:27:07.2111082Z [nebula] loop 60 Hz, period max 18.3 ms, tick avg 0.27 ms max 2.6 ms
2026-09-21T07:27:12.2280472Z [nebula] loop 60 Hz, period max 19.0 ms, tick avg 0.33 ms max 3.9 ms
2026-09-21T07:27:17.2443026Z [nebula] loop 60 Hz, period max 18.5 ms, tick avg 0.27 ms max 3.8 ms
