Mono path[0] = 'C:/Dev/nebula-shootergame/Builds/Win64/Nebula_Data/Managed'
Mono config path = 'C:/Dev/nebula-shootergame/Builds/Win64/MonoBleedingEdge/etc'
CodeReloadManager initialized
Found 1 interfaces on host : 0) 192.168.4.54
Player connection [2276]  Target information:

Player connection [2276]  * "[IP] 192.168.4.54 [Port] 55005 [Flags] 2 [Guid] 2593041788 [EditorId] 2289861010 [Version] 1048832 [Id] WindowsPlayer(2,Atlas) [Debug] 0 [PackageName] WindowsPlayer [ProjectName] nebula" 

Player connection [2276] Started UDP target info broadcast (1) on [225.0.0.222:54997].

Input System module state changed to: Initialized.
[Physics::Module] Initialized fallback backend.
[Physics::Module] Id: 0xdecafbad
Initialize engine version: 6000.6.0f1 (f7f8ed4d1e24)
[EntityIdStore] init: VM path (explicit commit), pageSize=4096, blockCount=1048576, entitiesPerBlock=256, slots reserved=4294967296 bytes
[Subsystems] Discovering subsystems at path C:/Dev/nebula-shootergame/Builds/Win64/Nebula_Data/UnitySubsystems
Forcing GfxDevice: Null
GfxDevice: creating device client; kGfxThreadingModeNonThreaded
NullGfxDevice:
    Version:  NULL 1.0 [1.0]
    Renderer: Null Device
    Vendor:   Unity Technologies
Begin MonoManager ReloadAssembly
- Finished resetting the current domain, in  0.008 seconds
[Physics::Module] Selected backend.
[Physics::Module] Name: PhysX
[Physics::Module] Id: 0xf2b8ea05
[Physics::Module] SDK Version: 4.1.2
[Physics::Module] Integration Version: 1.0.0
[Physics::Module] Threading Mode: Multi-Threaded
Microsoft Media Foundation video decoding to texture disabled: graphics device is Null, only Direct3D 11 and Direct3D 12 (only on desktop) are supported for hardware-accelerated video decoding.
Couldn't create a Convex Mesh from source mesh, within the maximum polygons limit (256). The partial hull will be used. Consider simplifying your mesh. Source mesh name: PilotSeat
HDR Render Texture not supported, disabling HDR on reflection probe.
HDR Render Texture not supported, disabling HDR on reflection probe.
HDR Render Texture not supported, disabling HDR on reflection probe.
HDR Render Texture not supported, disabling HDR on reflection probe.
UnloadTime: 3.056300 ms
[nebula] boot roles=Client scene=Corporation tickRate=60
Unloading 6 Unused Serialized files (Serialized files now loaded: 0)
UnloadTime: 5.809800 ms
[nebula] world 'Corporation': 20 cells, 77 containers, cell size (2048.00, 2048.00, 2048.00)
[nebula] containers: 77 (partitioned world)
[nebula] connecting to gateway 127.0.0.1:7000 as 'bot4'
Unloading 6 unused Assets / (5.9 KB). Loaded Objects now: 4114.
Memory consumption went from 171.4 MB to 171.4 MB.
Total: 3.035700 ms (FindLiveObjects: 0.508500 ms CreateObjectMapping: 0.055700 ms MarkObjects: 2.411000 ms  DeleteObjects: 0.036300 ms)

[nebula] client 0 fps entities 0 in 0 pkt/s 0.0 KB/s 0 states/s (msgs: state 0 rpc 0 vars 0) rtt -1ms lead 0 (adj 0, worker saw 0) corrections 0 | full-rate interp: depth 0.0 ticks, starved 0.0% worst +0.0 | frame max 351.4ms fixed/frame max 1 | gaps>3t 0 worst 0t | render delay 0t (stream lag 0t) | snapshot age ms min 0.0 avg 0.0 max 0.0
[nebula] welcome: clientId=15706508737898348550 identity=13f5db11250e serverTick=1364110094
[nebula] world starting, about 3 s: no worker is running yet; holding the join
[nebula] cell (0, 0, 0) loaded (Corporation_0_0_0); 1 cell(s) resident
[nebula] cell (-1, 0, -1) loaded (Corporation_n1_0_n1); 2 cell(s) resident
[nebula] cell (-1, 0, 0) loaded (Corporation_n1_0_0); 3 cell(s) resident
[nebula] cell (-1, 0, 1) loaded (Corporation_n1_0_1); 4 cell(s) resident
[nebula] cell (0, 0, -1) loaded (Corporation_0_0_n1); 5 cell(s) resident
[nebula] cell (0, 0, 1) loaded (Corporation_0_0_1); 6 cell(s) resident
[nebula] cell (1, 0, -1) loaded (Corporation_1_0_n1); 7 cell(s) resident
[nebula] cell (1, 0, 0) loaded (Corporation_1_0_0); 8 cell(s) resident
[nebula] cell (1, 0, 1) loaded (Corporation_1_0_1); 9 cell(s) resident
[nebula] joined the world
[nebula] local player spawned: Player(Clone)#844424930132006(e1,outdoor-west-north,local)
color=#FF0000>VattalusAssets: Interactable object did not find reference to the VattalusSceneController. Make sure to include it in the scene</color>
color=#FF0000>VattalusAssets: Interactable object did not find reference to the VattalusSceneController. Make sure to include it in the scene</color>
color=#FF0000>VattalusAssets: Interactable object did not find reference to the VattalusSceneController. Make sure to include it in the scene</color>
color=#FF0000>VattalusAssets: Interactable object did not find reference to the VattalusSceneController. Make sure to include it in the scene</color>
color=#FF0000>VattalusAssets: Interactable object did not find reference to the VattalusSceneController. Make sure to include it in the scene</color>
color=#FF0000>VattalusAssets: Interactable object did not find reference to the VattalusSceneController. Make sure to include it in the scene</color>
color=#FF0000>VattalusAssets: Interactable object did not find reference to the VattalusSceneController. Make sure to include it in the scene</color>
color=#FF0000>VattalusAssets: Interactable object did not find reference to the VattalusSceneController. Make sure to include it in the scene</color>
color=#FF0000>VattalusAssets: Interactable object did not find reference to the VattalusSceneController. Make sure to include it in the scene</color>
color=#FF0000>VattalusAssets: Interactable object did not find reference to the VattalusSceneController. Make sure to include it in the scene</color>
color=#FF0000>VattalusAssets: Interactable object did not find reference to the VattalusSceneController. Make sure to include it in the scene</color>
color=#FF0000>VattalusAssets: Interactable object did not find reference to the VattalusSceneController. Make sure to include it in the scene</color>
color=#FF0000>VattalusAssets: Interactable object did not find reference to the VattalusSceneController. Make sure to include it in the scene</color>
color=#FF0000>VattalusAssets: Interactable object did not find reference to the VattalusSceneController. Make sure to include it in the scene</color>
color=#FF0000>VattalusAssets: Interactable object did not find reference to the VattalusSceneController. Make sure to include it in the scene</color>
color=#FF0000>VattalusAssets: Interactable object did not find reference to the VattalusSceneController. Make sure to include it in the scene</color>
color=#FF0000>VattalusAssets: Interactable object did not find reference to the VattalusSceneController. Make sure to include it in the scene</color>
color=#FF0000>VattalusAssets: Interactable object did not find reference to the VattalusSceneController. Make sure to include it in the scene</color>
color=#FF0000>VattalusAssets: Interactable object did not find reference to the VattalusSceneController. Make sure to include it in the scene</color>
color=#FF0000>VattalusAssets: Interactable object did not find reference to the VattalusSceneController. Make sure to include it in the scene</color>
color=#FF0000>VattalusAssets: Interactable object did not find reference to the VattalusSceneController. Make sure to include it in the scene</color>
color=#FF0000>VattalusAssets: Interactable object did not find reference to the VattalusSceneController. Make sure to include it in the scene</color>
color=#FF0000>VattalusAssets: Interactable object did not find reference to the VattalusSceneController. Make sure to include it in the scene</color>
color=#FF0000>VattalusAssets: Interactable object did not find reference to the VattalusSceneController. Make sure to include it in the scene</color>
color=#FF0000>VattalusAssets: Interactable object did not find reference to the VattalusSceneController. Make sure to include it in the scene</color>
color=#FF0000>VattalusAssets: Interactable object did not find reference to the VattalusSceneController. Make sure to include it in the scene</color>
color=#FF0000>VattalusAssets: Interactable object did not find reference to the VattalusSceneController. Make sure to include it in the scene</color>
color=#FF0000>VattalusAssets: Interactable object did not find reference to the VattalusSceneController. Make sure to include it in the scene</color>
color=#FF0000>VattalusAssets: Interactable object did not find reference to the VattalusSceneController. Make sure to include it in the scene</color>
BoxCollider does not support negative scale or size.
The effective box size has been forced positive and is likely to give unexpected collision geometry.
If you absolutely need to use negative scaling you can use the convex MeshCollider. Scene hierarchy path "Nebula World/cell_n1_0_0/Starhopper(Clone)/Phobos_Starhopper_Interior/WardrobeDoor_Slot/Phobos_Starhopper_BathroomDoor/Phobos_Starhopper_BathroomDoor/DoorParent/BathroomDoor"
BoxCollider does not support negative scale or size.
The effective box size has been forced positive and is likely to give unexpected collision geometry.
If you absolutely need to use negative scaling you can use the convex MeshCollider. Scene hierarchy path "Nebula World/cell_n1_0_0/Starhopper(Clone)/Phobos_Starhopper_Interior/WardrobeDoor_Slot/Phobos_Starhopper_BathroomDoor/Console"
color=#FF0000>VattalusAssets: Interactable object did not find reference to the VattalusSceneController. Make sure to include it in the scene</color>
color=#FF0000>VattalusAssets: Interactable object did not find reference to the VattalusSceneController. Make sure to include it in the scene</color>
color=#FF0000>VattalusAssets: Interactable object did not find reference to the VattalusSceneController. Make sure to include it in the scene</color>
color=#FF0000>VattalusAssets: Interactable object did not find reference to the VattalusSceneController. Make sure to include it in the scene</color>
color=#FF0000>VattalusAssets: Interactable object did not find reference to the VattalusSceneController. Make sure to include it in the scene</color>
color=#FF0000>VattalusAssets: Interactable object did not find reference to the VattalusSceneController. Make sure to include it in the scene</color>
color=#FF0000>VattalusAssets: Interactable object did not find reference to the VattalusSceneController. Make sure to include it in the scene</color>
color=#FF0000>VattalusAssets: Interactable object did not find reference to the VattalusSceneController. Make sure to include it in the scene</color>
color=#FF0000>VattalusAssets: Interactable object did not find reference to the VattalusSceneController. Make sure to include it in the scene</color>
color=#FF0000>VattalusAssets: Interactable object did not find reference to the VattalusSceneController. Make sure to include it in the scene</color>
color=#FF0000>VattalusAssets: Interactable object did not find reference to the VattalusSceneController. Make sure to include it in the scene</color>
color=#FF0000>VattalusAssets: Interactable object did not find reference to the VattalusSceneController. Make sure to include it in the scene</color>
color=#FF0000>VattalusAssets: Interactable object did not find reference to the VattalusSceneController. Make sure to include it in the scene</color>
color=#FF0000>VattalusAssets: Interactable object did not find reference to the VattalusSceneController. Make sure to include it in the scene</color>
color=#FF0000>VattalusAssets: Interactable object did not find reference to the VattalusSceneController. Make sure to include it in the scene</color>
color=#FF0000>VattalusAssets: Interactable object did not find reference to the VattalusSceneController. Make sure to include it in the scene</color>
color=#FF0000>VattalusAssets: Interactable object did not find reference to the VattalusSceneController. Make sure to include it in the scene</color>
color=#FF0000>VattalusAssets: Interactable object did not find reference to the VattalusSceneController. Make sure to include it in the scene</color>
color=#FF0000>VattalusAssets: Interactable object did not find reference to the VattalusSceneController. Make sure to include it in the scene</color>
color=#FF0000>VattalusAssets: Interactable object did not find reference to the VattalusSceneController. Make sure to include it in the scene</color>
color=#FF0000>VattalusAssets: Interactable object did not find reference to the VattalusSceneController. Make sure to include it in the scene</color>
color=#FF0000>VattalusAssets: Interactable object did not find reference to the VattalusSceneController. Make sure to include it in the scene</color>
color=#FF0000>VattalusAssets: Interactable object did not find reference to the VattalusSceneController. Make sure to include it in the scene</color>
color=#FF0000>VattalusAssets: Interactable object did not find reference to the VattalusSceneController. Make sure to include it in the scene</color>
color=#FF0000>VattalusAssets: Interactable object did not find reference to the VattalusSceneController. Make sure to include it in the scene</color>
color=#FF0000>VattalusAssets: Interactable object did not find reference to the VattalusSceneController. Make sure to include it in the scene</color>
color=#FF0000>VattalusAssets: Interactable object did not find reference to the VattalusSceneController. Make sure to include it in the scene</color>
color=#FF0000>VattalusAssets: Interactable object did not find reference to the VattalusSceneController. Make sure to include it in the scene</color>
color=#FF0000>VattalusAssets: Interactable object did not find reference to the VattalusSceneController. Make sure to include it in the scene</color>
BoxCollider does not support negative scale or size.
The effective box size has been forced positive and is likely to give unexpected collision geometry.
If you absolutely need to use negative scaling you can use the convex MeshCollider. Scene hierarchy path "Nebula World/cell_n2_0_1/Starhopper(Clone)/Phobos_Starhopper_Interior/WardrobeDoor_Slot/Phobos_Starhopper_BathroomDoor/Phobos_Starhopper_BathroomDoor/DoorParent/BathroomDoor"
BoxCollider does not support negative scale or size.
The effective box size has been forced positive and is likely to give unexpected collision geometry.
If you absolutely need to use negative scaling you can use the convex MeshCollider. Scene hierarchy path "Nebula World/cell_n2_0_1/Starhopper(Clone)/Phobos_Starhopper_Interior/WardrobeDoor_Slot/Phobos_Starhopper_BathroomDoor/Console"
color=#FF0000>VattalusAssets: Interactable object did not find reference to the VattalusSceneController. Make sure to include it in the scene</color>
color=#FF0000>VattalusAssets: Interactable object did not find reference to the VattalusSceneController. Make sure to include it in the scene</color>
color=#FF0000>VattalusAssets: Interactable object did not find reference to the VattalusSceneController. Make sure to include it in the scene</color>
color=#FF0000>VattalusAssets: Interactable object did not find reference to the VattalusSceneController. Make sure to include it in the scene</color>
color=#FF0000>VattalusAssets: Interactable object did not find reference to the VattalusSceneController. Make sure to include it in the scene</color>
color=#FF0000>VattalusAssets: Interactable object did not find reference to the VattalusSceneController. Make sure to include it in the scene</color>
color=#FF0000>VattalusAssets: Interactable object did not find reference to the VattalusSceneController. Make sure to include it in the scene</color>
color=#FF0000>VattalusAssets: Interactable object did not find reference to the VattalusSceneController. Make sure to include it in the scene</color>
color=#FF0000>VattalusAssets: Interactable object did not find reference to the VattalusSceneController. Make sure to include it in the scene</color>
color=#FF0000>VattalusAssets: Interactable object did not find reference to the VattalusSceneController. Make sure to include it in the scene</color>
color=#FF0000>VattalusAssets: Interactable object did not find reference to the VattalusSceneController. Make sure to include it in the scene</color>
color=#FF0000>VattalusAssets: Interactable object did not find reference to the VattalusSceneController. Make sure to include it in the scene</color>
color=#FF0000>VattalusAssets: Interactable object did not find reference to the VattalusSceneController. Make sure to include it in the scene</color>
color=#FF0000>VattalusAssets: Interactable object did not find reference to the VattalusSceneController. Make sure to include it in the scene</color>
color=#FF0000>VattalusAssets: Interactable object did not find reference to the VattalusSceneController. Make sure to include it in the scene</color>
color=#FF0000>VattalusAssets: Interactable object did not find reference to the VattalusSceneController. Make sure to include it in the scene</color>
color=#FF0000>VattalusAssets: Interactable object did not find reference to the VattalusSceneController. Make sure to include it in the scene</color>
color=#FF0000>VattalusAssets: Interactable object did not find reference to the VattalusSceneController. Make sure to include it in the scene</color>
color=#FF0000>VattalusAssets: Interactable object did not find reference to the VattalusSceneController. Make sure to include it in the scene</color>
color=#FF0000>VattalusAssets: Interactable object did not find reference to the VattalusSceneController. Make sure to include it in the scene</color>
color=#FF0000>VattalusAssets: Interactable object did not find reference to the VattalusSceneController. Make sure to include it in the scene</color>
color=#FF0000>VattalusAssets: Interactable object did not find reference to the VattalusSceneController. Make sure to include it in the scene</color>
color=#FF0000>VattalusAssets: Interactable object did not find reference to the VattalusSceneController. Make sure to include it in the scene</color>
color=#FF0000>VattalusAssets: Interactable object did not find reference to the VattalusSceneController. Make sure to include it in the scene</color>
color=#FF0000>VattalusAssets: Interactable object did not find reference to the VattalusSceneController. Make sure to include it in the scene</color>
color=#FF0000>VattalusAssets: Interactable object did not find reference to the VattalusSceneController. Make sure to include it in the scene</color>
color=#FF0000>VattalusAssets: Interactable object did not find reference to the VattalusSceneController. Make sure to include it in the scene</color>
color=#FF0000>VattalusAssets: Interactable object did not find reference to the VattalusSceneController. Make sure to include it in the scene</color>
color=#FF0000>VattalusAssets: Interactable object did not find reference to the VattalusSceneController. Make sure to include it in the scene</color>
BoxCollider does not support negative scale or size.
The effective box size has been forced positive and is likely to give unexpected collision geometry.
If you absolutely need to use negative scaling you can use the convex MeshCollider. Scene hierarchy path "Nebula World/cell_0_0_n1/Starhopper(Clone)/Phobos_Starhopper_Interior/WardrobeDoor_Slot/Phobos_Starhopper_BathroomDoor/Phobos_Starhopper_BathroomDoor/DoorParent/BathroomDoor"
BoxCollider does not support negative scale or size.
The effective box size has been forced positive and is likely to give unexpected collision geometry.
If you absolutely need to use negative scaling you can use the convex MeshCollider. Scene hierarchy path "Nebula World/cell_0_0_n1/Starhopper(Clone)/Phobos_Starhopper_Interior/WardrobeDoor_Slot/Phobos_Starhopper_BathroomDoor/Console"
color=#FF0000>VattalusAssets: Interactable object did not find reference to the VattalusSceneController. Make sure to include it in the scene</color>
color=#FF0000>VattalusAssets: Interactable object did not find reference to the VattalusSceneController. Make sure to include it in the scene</color>
color=#FF0000>VattalusAssets: Interactable object did not find reference to the VattalusSceneController. Make sure to include it in the scene</color>
color=#FF0000>VattalusAssets: Interactable object did not find reference to the VattalusSceneController. Make sure to include it in the scene</color>
color=#FF0000>VattalusAssets: Interactable object did not find reference to the VattalusSceneController. Make sure to include it in the scene</color>
color=#FF0000>VattalusAssets: Interactable object did not find reference to the VattalusSceneController. Make sure to include it in the scene</color>
color=#FF0000>VattalusAssets: Interactable object did not find reference to the VattalusSceneController. Make sure to include it in the scene</color>
color=#FF0000>VattalusAssets: Interactable object did not find reference to the VattalusSceneController. Make sure to include it in the scene</color>
color=#FF0000>VattalusAssets: Interactable object did not find reference to the VattalusSceneController. Make sure to include it in the scene</color>
color=#FF0000>VattalusAssets: Interactable object did not find reference to the VattalusSceneController. Make sure to include it in the scene</color>
color=#FF0000>VattalusAssets: Interactable object did not find reference to the VattalusSceneController. Make sure to include it in the scene</color>
color=#FF0000>VattalusAssets: Interactable object did not find reference to the VattalusSceneController. Make sure to include it in the scene</color>
color=#FF0000>VattalusAssets: Interactable object did not find reference to the VattalusSceneController. Make sure to include it in the scene</color>
color=#FF0000>VattalusAssets: Interactable object did not find reference to the VattalusSceneController. Make sure to include it in the scene</color>
color=#FF0000>VattalusAssets: Interactable object did not find reference to the VattalusSceneController. Make sure to include it in the scene</color>
color=#FF0000>VattalusAssets: Interactable object did not find reference to the VattalusSceneController. Make sure to include it in the scene</color>
color=#FF0000>VattalusAssets: Interactable object did not find reference to the VattalusSceneController. Make sure to include it in the scene</color>
color=#FF0000>VattalusAssets: Interactable object did not find reference to the VattalusSceneController. Make sure to include it in the scene</color>
color=#FF0000>VattalusAssets: Interactable object did not find reference to the VattalusSceneController. Make sure to include it in the scene</color>
color=#FF0000>VattalusAssets: Interactable object did not find reference to the VattalusSceneController. Make sure to include it in the scene</color>
color=#FF0000>VattalusAssets: Interactable object did not find reference to the VattalusSceneController. Make sure to include it in the scene</color>
color=#FF0000>VattalusAssets: Interactable object did not find reference to the VattalusSceneController. Make sure to include it in the scene</color>
color=#FF0000>VattalusAssets: Interactable object did not find reference to the VattalusSceneController. Make sure to include it in the scene</color>
color=#FF0000>VattalusAssets: Interactable object did not find reference to the VattalusSceneController. Make sure to include it in the scene</color>
color=#FF0000>VattalusAssets: Interactable object did not find reference to the VattalusSceneController. Make sure to include it in the scene</color>
color=#FF0000>VattalusAssets: Interactable object did not find reference to the VattalusSceneController. Make sure to include it in the scene</color>
color=#FF0000>VattalusAssets: Interactable object did not find reference to the VattalusSceneController. Make sure to include it in the scene</color>
color=#FF0000>VattalusAssets: Interactable object did not find reference to the VattalusSceneController. Make sure to include it in the scene</color>
color=#FF0000>VattalusAssets: Interactable object did not find reference to the VattalusSceneController. Make sure to include it in the scene</color>
BoxCollider does not support negative scale or size.
The effective box size has been forced positive and is likely to give unexpected collision geometry.
If you absolutely need to use negative scaling you can use the convex MeshCollider. Scene hierarchy path "Nebula World/cell_0_0_0/Starhopper(Clone)/Phobos_Starhopper_Interior/WardrobeDoor_Slot/Phobos_Starhopper_BathroomDoor/Phobos_Starhopper_BathroomDoor/DoorParent/BathroomDoor"
BoxCollider does not support negative scale or size.
The effective box size has been forced positive and is likely to give unexpected collision geometry.
If you absolutely need to use negative scaling you can use the convex MeshCollider. Scene hierarchy path "Nebula World/cell_0_0_0/Starhopper(Clone)/Phobos_Starhopper_Interior/WardrobeDoor_Slot/Phobos_Starhopper_BathroomDoor/Console"
color=#FF0000>VattalusAssets: Interactable object did not find reference to the VattalusSceneController. Make sure to include it in the scene</color>
color=#FF0000>VattalusAssets: Interactable object did not find reference to the VattalusSceneController. Make sure to include it in the scene</color>
color=#FF0000>VattalusAssets: Interactable object did not find reference to the VattalusSceneController. Make sure to include it in the scene</color>
color=#FF0000>VattalusAssets: Interactable object did not find reference to the VattalusSceneController. Make sure to include it in the scene</color>
color=#FF0000>VattalusAssets: Interactable object did not find reference to the VattalusSceneController. Make sure to include it in the scene</color>
color=#FF0000>VattalusAssets: Interactable object did not find reference to the VattalusSceneController. Make sure to include it in the scene</color>
color=#FF0000>VattalusAssets: Interactable object did not find reference to the VattalusSceneController. Make sure to include it in the scene</color>
color=#FF0000>VattalusAssets: Interactable object did not find reference to the VattalusSceneController. Make sure to include it in the scene</color>
color=#FF0000>VattalusAssets: Interactable object did not find reference to the VattalusSceneController. Make sure to include it in the scene</color>
color=#FF0000>VattalusAssets: Interactable object did not find reference to the VattalusSceneController. Make sure to include it in the scene</color>
color=#FF0000>VattalusAssets: Interactable object did not find reference to the VattalusSceneController. Make sure to include it in the scene</color>
color=#FF0000>VattalusAssets: Interactable object did not find reference to the VattalusSceneController. Make sure to include it in the scene</color>
color=#FF0000>VattalusAssets: Interactable object did not find reference to the VattalusSceneController. Make sure to include it in the scene</color>
color=#FF0000>VattalusAssets: Interactable object did not find reference to the VattalusSceneController. Make sure to include it in the scene</color>
color=#FF0000>VattalusAssets: Interactable object did not find reference to the VattalusSceneController. Make sure to include it in the scene</color>
color=#FF0000>VattalusAssets: Interactable object did not find reference to the VattalusSceneController. Make sure to include it in the scene</color>
color=#FF0000>VattalusAssets: Interactable object did not find reference to the VattalusSceneController. Make sure to include it in the scene</color>
color=#FF0000>VattalusAssets: Interactable object did not find reference to the VattalusSceneController. Make sure to include it in the scene</color>
color=#FF0000>VattalusAssets: Interactable object did not find reference to the VattalusSceneController. Make sure to include it in the scene</color>
color=#FF0000>VattalusAssets: Interactable object did not find reference to the VattalusSceneController. Make sure to include it in the scene</color>
color=#FF0000>VattalusAssets: Interactable object did not find reference to the VattalusSceneController. Make sure to include it in the scene</color>
color=#FF0000>VattalusAssets: Interactable object did not find reference to the VattalusSceneController. Make sure to include it in the scene</color>
color=#FF0000>VattalusAssets: Interactable object did not find reference to the VattalusSceneController. Make sure to include it in the scene</color>
color=#FF0000>VattalusAssets: Interactable object did not find reference to the VattalusSceneController. Make sure to include it in the scene</color>
color=#FF0000>VattalusAssets: Interactable object did not find reference to the VattalusSceneController. Make sure to include it in the scene</color>
color=#FF0000>VattalusAssets: Interactable object did not find reference to the VattalusSceneController. Make sure to include it in the scene</color>
color=#FF0000>VattalusAssets: Interactable object did not find reference to the VattalusSceneController. Make sure to include it in the scene</color>
color=#FF0000>VattalusAssets: Interactable object did not find reference to the VattalusSceneController. Make sure to include it in the scene</color>
color=#FF0000>VattalusAssets: Interactable object did not find reference to the VattalusSceneController. Make sure to include it in the scene</color>
color=#FF0000>VattalusAssets: Interactable object did not find reference to the VattalusSceneController. Make sure to include it in the scene</color>
color=#FF0000>VattalusAssets: Interactable object did not find reference to the VattalusSceneController. Make sure to include it in the scene</color>
color=#FF0000>VattalusAssets: Interactable object did not find reference to the VattalusSceneController. Make sure to include it in the scene</color>
color=#FF0000>VattalusAssets: Interactable object did not find reference to the VattalusSceneController. Make sure to include it in the scene</color>
color=#FF0000>VattalusAssets: Interactable object did not find reference to the VattalusSceneController. Make sure to include it in the scene</color>
color=#FF0000>VattalusAssets: Interactable object did not find reference to the VattalusSceneController. Make sure to include it in the scene</color>
color=#FF0000>VattalusAssets: Interactable object did not find reference to the VattalusSceneController. Make sure to include it in the scene</color>
color=#FF0000>VattalusAssets: Interactable object did not find reference to the VattalusSceneController. Make sure to include it in the scene</color>
color=#FF0000>VattalusAssets: Interactable object did not find reference to the VattalusSceneController. Make sure to include it in the scene</color>
color=#FF0000>VattalusAssets: Interactable object did not find reference to the VattalusSceneController. Make sure to include it in the scene</color>
color=#FF0000>VattalusAssets: Interactable object did not find reference to the VattalusSceneController. Make sure to include it in the scene</color>
color=#FF0000>VattalusAssets: Interactable object did not find reference to the VattalusSceneController. Make sure to include it in the scene</color>
color=#FF0000>VattalusAssets: Interactable object did not find reference to the VattalusSceneController. Make sure to include it in the scene</color>
color=#FF0000>VattalusAssets: Interactable object did not find reference to the VattalusSceneController. Make sure to include it in the scene</color>
color=#FF0000>VattalusAssets: Interactable object did not find reference to the VattalusSceneController. Make sure to include it in the scene</color>
color=#FF0000>VattalusAssets: Interactable object did not find reference to the VattalusSceneController. Make sure to include it in the scene</color>
color=#FF0000>VattalusAssets: Interactable object did not find reference to the VattalusSceneController. Make sure to include it in the scene</color>
color=#FF0000>VattalusAssets: Interactable object did not find reference to the VattalusSceneController. Make sure to include it in the scene</color>
color=#FF0000>VattalusAssets: Interactable object did not find reference to the VattalusSceneController. Make sure to include it in the scene</color>
color=#FF0000>VattalusAssets: Interactable object did not find reference to the VattalusSceneController. Make sure to include it in the scene</color>
color=#FF0000>VattalusAssets: Interactable object did not find reference to the VattalusSceneController. Make sure to include it in the scene</color>
color=#FF0000>VattalusAssets: Interactable object did not find reference to the VattalusSceneController. Make sure to include it in the scene</color>
color=#FF0000>VattalusAssets: Interactable object did not find reference to the VattalusSceneController. Make sure to include it in the scene</color>
color=#FF0000>VattalusAssets: Interactable object did not find reference to the VattalusSceneController. Make sure to include it in the scene</color>
color=#FF0000>VattalusAssets: Interactable object did not find reference to the VattalusSceneController. Make sure to include it in the scene</color>
color=#FF0000>VattalusAssets: Interactable object did not find reference to the VattalusSceneController. Make sure to include it in the scene</color>
color=#FF0000>VattalusAssets: Interactable object did not find reference to the VattalusSceneController. Make sure to include it in the scene</color>
color=#FF0000>VattalusAssets: Interactable object did not find reference to the VattalusSceneController. Make sure to include it in the scene</color>
color=#FF0000>VattalusAssets: Interactable object did not find reference to the VattalusSceneController. Make sure to include it in the scene</color>
BoxCollider does not support negative scale or size.
The effective box size has been forced positive and is likely to give unexpected collision geometry.
If you absolutely need to use negative scaling you can use the convex MeshCollider. Scene hierarchy path "Nebula World/cell_0_0_0/Starhopper(Clone)/Phobos_Starhopper_Interior/WardrobeDoor_Slot/Phobos_Starhopper_BathroomDoor/Phobos_Starhopper_BathroomDoor/DoorParent/BathroomDoor"
BoxCollider does not support negative scale or size.
The effective box size has been forced positive and is likely to give unexpected collision geometry.
If you absolutely need to use negative scaling you can use the convex MeshCollider. Scene hierarchy path "Nebula World/cell_0_0_0/Starhopper(Clone)/Phobos_Starhopper_Interior/WardrobeDoor_Slot/Phobos_Starhopper_BathroomDoor/Console"
BoxCollider does not support negative scale or size.
The effective box size has been forced positive and is likely to give unexpected collision geometry.
If you absolutely need to use negative scaling you can use the convex MeshCollider. Scene hierarchy path "Nebula World/cell_0_0_0/Starhopper(Clone)/Phobos_Starhopper_Interior/WardrobeDoor_Slot/Phobos_Starhopper_BathroomDoor/Phobos_Starhopper_BathroomDoor/DoorParent/BathroomDoor"
BoxCollider does not support negative scale or size.
The effective box size has been forced positive and is likely to give unexpected collision geometry.
If you absolutely need to use negative scaling you can use the convex MeshCollider. Scene hierarchy path "Nebula World/cell_0_0_0/Starhopper(Clone)/Phobos_Starhopper_Interior/WardrobeDoor_Slot/Phobos_Starhopper_BathroomDoor/Console"
color=#FF0000>VattalusAssets: Interactable object did not find reference to the VattalusSceneController. Make sure to include it in the scene</color>
color=#FF0000>VattalusAssets: Interactable object did not find reference to the VattalusSceneController. Make sure to include it in the scene</color>
color=#FF0000>VattalusAssets: Interactable object did not find reference to the VattalusSceneController. Make sure to include it in the scene</color>
color=#FF0000>VattalusAssets: Interactable object did not find reference to the VattalusSceneController. Make sure to include it in the scene</color>
color=#FF0000>VattalusAssets: Interactable object did not find reference to the VattalusSceneController. Make sure to include it in the scene</color>
color=#FF0000>VattalusAssets: Interactable object did not find reference to the VattalusSceneController. Make sure to include it in the scene</color>
color=#FF0000>VattalusAssets: Interactable object did not find reference to the VattalusSceneController. Make sure to include it in the scene</color>
color=#FF0000>VattalusAssets: Interactable object did not find reference to the VattalusSceneController. Make sure to include it in the scene</color>
color=#FF0000>VattalusAssets: Interactable object did not find reference to the VattalusSceneController. Make sure to include it in the scene</color>
color=#FF0000>VattalusAssets: Interactable object did not find reference to the VattalusSceneController. Make sure to include it in the scene</color>
color=#FF0000>VattalusAssets: Interactable object did not find reference to the VattalusSceneController. Make sure to include it in the scene</color>
color=#FF0000>VattalusAssets: Interactable object did not find reference to the VattalusSceneController. Make sure to include it in the scene</color>
color=#FF0000>VattalusAssets: Interactable object did not find reference to the VattalusSceneController. Make sure to include it in the scene</color>
color=#FF0000>VattalusAssets: Interactable object did not find reference to the VattalusSceneController. Make sure to include it in the scene</color>
color=#FF0000>VattalusAssets: Interactable object did not find reference to the VattalusSceneController. Make sure to include it in the scene</color>
color=#FF0000>VattalusAssets: Interactable object did not find reference to the VattalusSceneController. Make sure to include it in the scene</color>
color=#FF0000>VattalusAssets: Interactable object did not find reference to the VattalusSceneController. Make sure to include it in the scene</color>
color=#FF0000>VattalusAssets: Interactable object did not find reference to the VattalusSceneController. Make sure to include it in the scene</color>
color=#FF0000>VattalusAssets: Interactable object did not find reference to the VattalusSceneController. Make sure to include it in the scene</color>
color=#FF0000>VattalusAssets: Interactable object did not find reference to the VattalusSceneController. Make sure to include it in the scene</color>
color=#FF0000>VattalusAssets: Interactable object did not find reference to the VattalusSceneController. Make sure to include it in the scene</color>
color=#FF0000>VattalusAssets: Interactable object did not find reference to the VattalusSceneController. Make sure to include it in the scene</color>
color=#FF0000>VattalusAssets: Interactable object did not find reference to the VattalusSceneController. Make sure to include it in the scene</color>
color=#FF0000>VattalusAssets: Interactable object did not find reference to the VattalusSceneController. Make sure to include it in the scene</color>
color=#FF0000>VattalusAssets: Interactable object did not find reference to the VattalusSceneController. Make sure to include it in the scene</color>
color=#FF0000>VattalusAssets: Interactable object did not find reference to the VattalusSceneController. Make sure to include it in the scene</color>
color=#FF0000>VattalusAssets: Interactable object did not find reference to the VattalusSceneController. Make sure to include it in the scene</color>
color=#FF0000>VattalusAssets: Interactable object did not find reference to the VattalusSceneController. Make sure to include it in the scene</color>
color=#FF0000>VattalusAssets: Interactable object did not find reference to the VattalusSceneController. Make sure to include it in the scene</color>
BoxCollider does not support negative scale or size.
The effective box size has been forced positive and is likely to give unexpected collision geometry.
If you absolutely need to use negative scaling you can use the convex MeshCollider. Scene hierarchy path "Nebula World/cell_0_0_0/Starhopper(Clone)/Phobos_Starhopper_Interior/WardrobeDoor_Slot/Phobos_Starhopper_BathroomDoor/Phobos_Starhopper_BathroomDoor/DoorParent/BathroomDoor"
BoxCollider does not support negative scale or size.
The effective box size has been forced positive and is likely to give unexpected collision geometry.
If you absolutely need to use negative scaling you can use the convex MeshCollider. Scene hierarchy path "Nebula World/cell_0_0_0/Starhopper(Clone)/Phobos_Starhopper_Interior/WardrobeDoor_Slot/Phobos_Starhopper_BathroomDoor/Console"
color=#FF0000>VattalusAssets: Interactable object did not find reference to the VattalusSceneController. Make sure to include it in the scene</color>
color=#FF0000>VattalusAssets: Interactable object did not find reference to the VattalusSceneController. Make sure to include it in the scene</color>
color=#FF0000>VattalusAssets: Interactable object did not find reference to the VattalusSceneController. Make sure to include it in the scene</color>
color=#FF0000>VattalusAssets: Interactable object did not find reference to the VattalusSceneController. Make sure to include it in the scene</color>
color=#FF0000>VattalusAssets: Interactable object did not find reference to the VattalusSceneController. Make sure to include it in the scene</color>
color=#FF0000>VattalusAssets: Interactable object did not find reference to the VattalusSceneController. Make sure to include it in the scene</color>
color=#FF0000>VattalusAssets: Interactable object did not find reference to the VattalusSceneController. Make sure to include it in the scene</color>
color=#FF0000>VattalusAssets: Interactable object did not find reference to the VattalusSceneController. Make sure to include it in the scene</color>
color=#FF0000>VattalusAssets: Interactable object did not find reference to the VattalusSceneController. Make sure to include it in the scene</color>
color=#FF0000>VattalusAssets: Interactable object did not find reference to the VattalusSceneController. Make sure to include it in the scene</color>
color=#FF0000>VattalusAssets: Interactable object did not find reference to the VattalusSceneController. Make sure to include it in the scene</color>
color=#FF0000>VattalusAssets: Interactable object did not find reference to the VattalusSceneController. Make sure to include it in the scene</color>
color=#FF0000>VattalusAssets: Interactable object did not find reference to the VattalusSceneController. Make sure to include it in the scene</color>
color=#FF0000>VattalusAssets: Interactable object did not find reference to the VattalusSceneController. Make sure to include it in the scene</color>
color=#FF0000>VattalusAssets: Interactable object did not find reference to the VattalusSceneController. Make sure to include it in the scene</color>
color=#FF0000>VattalusAssets: Interactable object did not find reference to the VattalusSceneController. Make sure to include it in the scene</color>
color=#FF0000>VattalusAssets: Interactable object did not find reference to the VattalusSceneController. Make sure to include it in the scene</color>
color=#FF0000>VattalusAssets: Interactable object did not find reference to the VattalusSceneController. Make sure to include it in the scene</color>
color=#FF0000>VattalusAssets: Interactable object did not find reference to the VattalusSceneController. Make sure to include it in the scene</color>
color=#FF0000>VattalusAssets: Interactable object did not find reference to the VattalusSceneController. Make sure to include it in the scene</color>
color=#FF0000>VattalusAssets: Interactable object did not find reference to the VattalusSceneController. Make sure to include it in the scene</color>
color=#FF0000>VattalusAssets: Interactable object did not find reference to the VattalusSceneController. Make sure to include it in the scene</color>
color=#FF0000>VattalusAssets: Interactable object did not find reference to the VattalusSceneController. Make sure to include it in the scene</color>
color=#FF0000>VattalusAssets: Interactable object did not find reference to the VattalusSceneController. Make sure to include it in the scene</color>
color=#FF0000>VattalusAssets: Interactable object did not find reference to the VattalusSceneController. Make sure to include it in the scene</color>
color=#FF0000>VattalusAssets: Interactable object did not find reference to the VattalusSceneController. Make sure to include it in the scene</color>
color=#FF0000>VattalusAssets: Interactable object did not find reference to the VattalusSceneController. Make sure to include it in the scene</color>
color=#FF0000>VattalusAssets: Interactable object did not find reference to the VattalusSceneController. Make sure to include it in the scene</color>
color=#FF0000>VattalusAssets: Interactable object did not find reference to the VattalusSceneController. Make sure to include it in the scene</color>
BoxCollider does not support negative scale or size.
The effective box size has been forced positive and is likely to give unexpected collision geometry.
If you absolutely need to use negative scaling you can use the convex MeshCollider. Scene hierarchy path "Nebula World/cell_0_0_0/outdoor-west-south/Starhopper(Clone)/Phobos_Starhopper_Interior/WardrobeDoor_Slot/Phobos_Starhopper_BathroomDoor/Phobos_Starhopper_BathroomDoor/DoorParent/BathroomDoor"
BoxCollider does not support negative scale or size.
The effective box size has been forced positive and is likely to give unexpected collision geometry.
If you absolutely need to use negative scaling you can use the convex MeshCollider. Scene hierarchy path "Nebula World/cell_0_0_0/outdoor-west-south/Starhopper(Clone)/Phobos_Starhopper_Interior/WardrobeDoor_Slot/Phobos_Starhopper_BathroomDoor/Console"
[nebula] client 6877 fps entities 110 in 183 pkt/s 38.3 KB/s 292 states/s (msgs: state 221 rpc 4 vars 28) rtt 0ms lead 4 (adj 1, worker saw 4) corrections 2 last 0.11m | full-rate interp: depth 2.5 ticks, starved 0.6% worst +27.9 | frame max 215.4ms fixed/frame max 2 | gaps>3t 0 worst 0t | render delay 5t (stream lag 2t) | snapshot age ms min 2.0 avg 15.6 max 60.1
[nebula] client 1025 fps entities 99 in 322 pkt/s 37.9 KB/s 414 states/s (msgs: state 303 rpc 6 vars 19) rtt 0ms lead 4 (adj 1, worker saw 4) corrections 0 | full-rate interp: depth 2.6 ticks, starved 0.0% worst +0.0 | frame max 4.5ms fixed/frame max 1 | gaps>3t 0 worst 0t | render delay 3t (stream lag 0t) | snapshot age ms min 4.1 avg 10.7 max 38.2
[nebula] client 1051 fps entities 100 in 332 pkt/s 36.4 KB/s 441 states/s (msgs: state 300 rpc 4 vars 15) rtt 0ms lead 4 (adj 1, worker saw 4) corrections 1 last 0.10m | full-rate interp: depth 2.8 ticks, starved 0.0% worst +0.0 | frame max 5.4ms fixed/frame max 1 | gaps>3t 1 worst 7t | render delay 4t (stream lag 1t) | snapshot age ms min 6.2 avg 11.2 max 32.3
[nebula] client 1045 fps entities 100 in 336 pkt/s 38.1 KB/s 453 states/s (msgs: state 294 rpc 5 vars 17) rtt 0ms lead 5 (adj 2, worker saw 5) corrections 1 last 12.08m | full-rate interp: depth 3.3 ticks, starved 0.0% worst +0.0 | frame max 6.4ms fixed/frame max 1 | gaps>3t 2 worst 173t | render delay 4t (stream lag 1t) | snapshot age ms min 6.3 avg 12.3 max 43.7
[nebula] client 1031 fps entities 100 in 338 pkt/s 39.5 KB/s 476 states/s (msgs: state 301 rpc 2 vars 14) rtt 0ms lead 5 (adj 2, worker saw 5) corrections 0 | full-rate interp: depth 2.4 ticks, starved 0.0% worst +1.0 | frame max 5.6ms fixed/frame max 1 | gaps>3t 0 worst 0t | render delay 4t (stream lag 1t) | snapshot age ms min 6.3 avg 12.6 max 39.2
[nebula] client 1018 fps entities 100 in 348 pkt/s 42.2 KB/s 505 states/s (msgs: state 317 rpc 4 vars 13) rtt 0ms lead 5 (adj 2, worker saw 6) corrections 1 last 0.09m | full-rate interp: depth 2.9 ticks, starved 0.0% worst +0.0 | frame max 5.9ms fixed/frame max 1 | gaps>3t 0 worst 0t | render delay 4t (stream lag 1t) | snapshot age ms min 6.8 avg 13.6 max 36.5
[nebula] client 1057 fps entities 100 in 327 pkt/s 44.6 KB/s 447 states/s (msgs: state 296 rpc 5 vars 16) rtt 0ms lead 8 (adj 5, worker saw 8) corrections 2 last 0.10m | full-rate interp: depth 3.2 ticks, starved 0.7% worst +2.9 | frame max 4.3ms fixed/frame max 1 | gaps>3t 3 worst 50t | render delay 8t (stream lag 5t) | snapshot age ms min 6.2 avg 16.9 max 111.3
[nebula] client 1063 fps entities 100 in 317 pkt/s 43.2 KB/s 438 states/s (msgs: state 282 rpc 6 vars 17) rtt 0ms lead 5 (adj 2, worker saw 9) corrections 4 last 0.10m | full-rate interp: depth 3.6 ticks, starved 0.0% worst +0.0 | frame max 7.1ms fixed/frame max 1 | gaps>3t 2 worst 87t | render delay 5t (stream lag 2t) | snapshot age ms min 3.2 avg 13.9 max 41.8
[nebula] client 1064 fps entities 100 in 324 pkt/s 43.2 KB/s 508 states/s (msgs: state 288 rpc 2 vars 12) rtt 0ms lead 3 (adj 0, worker saw 8) corrections 2 last 0.10m | full-rate interp: depth 2.5 ticks, starved 0.0% worst +1.1 | frame max 3.7ms fixed/frame max 1 | gaps>3t 1 worst 149t | render delay 5t (stream lag 2t) | snapshot age ms min 6.1 avg 15.6 max 46.2
[nebula] client 1045 fps entities 100 in 317 pkt/s 41.8 KB/s 465 states/s (msgs: state 278 rpc 5 vars 13) rtt 0ms lead 3 (adj 0, worker saw 8) corrections 2 last 0.10m | full-rate interp: depth 3.4 ticks, starved 0.0% worst +0.0 | frame max 4.5ms fixed/frame max 1 | gaps>3t 4 worst 158t | render delay 4t (stream lag 1t) | snapshot age ms min 6.1 avg 16.0 max 46.8
[nebula] client 1065 fps entities 100 in 307 pkt/s 40.3 KB/s 421 states/s (msgs: state 275 rpc 5 vars 10) rtt 0ms lead 3 (adj 0, worker saw 8) corrections 0 | full-rate interp: depth 3.0 ticks, starved 0.0% worst +0.0 | frame max 4.4ms fixed/frame max 1 | gaps>3t 11 worst 28t | render delay 4t (stream lag 1t) | snapshot age ms min 3.8 avg 14.9 max 43.9
[nebula] client 1078 fps entities 100 in 308 pkt/s 39.5 KB/s 407 states/s (msgs: state 276 rpc 3 vars 16) rtt 0ms lead 3 (adj 0, worker saw 8) corrections 0 | full-rate interp: depth 2.7 ticks, starved 0.0% worst +0.0 | frame max 4.8ms fixed/frame max 1 | gaps>3t 14 worst 11t | render delay 4t (stream lag 1t) | snapshot age ms min 2.0 avg 13.8 max 42.4
[nebula] client 1040 fps entities 100 in 317 pkt/s 44.7 KB/s 424 states/s (msgs: state 294 rpc 3 vars 10) rtt 0ms lead 3 (adj 0, worker saw 8) corrections 2 last 0.07m | full-rate interp: depth 2.5 ticks, starved 0.0% worst +0.0 | frame max 5.3ms fixed/frame max 1 | gaps>3t 4 worst 159t | render delay 4t (stream lag 1t) | snapshot age ms min 2.8 avg 12.8 max 33.8
[nebula] client 1071 fps entities 100 in 316 pkt/s 38.2 KB/s 442 states/s (msgs: state 297 rpc 1 vars 10) rtt 0ms lead 3 (adj 0, worker saw 8) corrections 1 last 0.09m | full-rate interp: depth 2.2 ticks, starved 0.1% worst +1.3 | frame max 4.0ms fixed/frame max 1 | gaps>3t 3 worst 93t | render delay 5t (stream lag 2t) | snapshot age ms min 2.1 avg 13.5 max 42.5
[nebula] client 1057 fps entities 100 in 329 pkt/s 38.8 KB/s 426 states/s (msgs: state 301 rpc 1 vars 13) rtt 0ms lead 3 (adj 0, worker saw 8) corrections 0 | full-rate interp: depth 2.5 ticks, starved 0.0% worst +0.0 | frame max 3.8ms fixed/frame max 1 | gaps>3t 1 worst 20t | render delay 3t (stream lag 0t) | snapshot age ms min 2.2 avg 15.2 max 39.5
[nebula] client 1053 fps entities 100 in 318 pkt/s 39.4 KB/s 405 states/s (msgs: state 283 rpc 2 vars 12) rtt 0ms lead 3 (adj 0, worker saw 8) corrections 1 last 0.09m | full-rate interp: depth 2.2 ticks, starved 0.0% worst +0.0 | frame max 4.9ms fixed/frame max 1 | gaps>3t 3 worst 138t | render delay 3t (stream lag 0t) | snapshot age ms min 6.3 avg 16.1 max 43.6
[nebula] client 1035 fps entities 100 in 325 pkt/s 39.3 KB/s 397 states/s (msgs: state 289 rpc 2 vars 15) rtt 0ms lead 3 (adj 0, worker saw 8) corrections 0 | full-rate interp: depth 3.3 ticks, starved 0.0% worst +0.0 | frame max 4.3ms fixed/frame max 1 | gaps>3t 4 worst 69t | render delay 4t (stream lag 1t) | snapshot age ms min 7.2 avg 18.0 max 47.1
[nebula] client 1057 fps entities 100 in 333 pkt/s 40.4 KB/s 413 states/s (msgs: state 301 rpc 3 vars 16) rtt 0ms lead 3 (adj 0, worker saw 8) corrections 0 | full-rate interp: depth 3.0 ticks, starved 0.0% worst +0.0 | frame max 4.1ms fixed/frame max 1 | gaps>3t 4 worst 29t | render delay 4t (stream lag 1t) | snapshot age ms min 8.8 avg 18.4 max 44.4
[nebula] client 1043 fps entities 100 in 330 pkt/s 40.9 KB/s 434 states/s (msgs: state 294 rpc 6 vars 14) rtt 0ms lead 3 (adj 0, worker saw 8) corrections 0 | full-rate interp: depth 2.6 ticks, starved 0.0% worst +0.0 | frame max 5.6ms fixed/frame max 1 | gaps>3t 3 worst 147t | render delay 5t (stream lag 2t) | snapshot age ms min 6.8 avg 18.5 max 45.1
[nebula] client 1034 fps entities 100 in 323 pkt/s 39.8 KB/s 416 states/s (msgs: state 280 rpc 4 vars 8) rtt 0ms lead 3 (adj 0, worker saw 7) corrections 1 last 0.11m | full-rate interp: depth 3.0 ticks, starved 0.0% worst +0.0 | frame max 4.0ms fixed/frame max 1 | gaps>3t 1 worst 13t | render delay 4t (stream lag 1t) | snapshot age ms min 3.5 avg 14.5 max 45.6
[nebula] client 1050 fps entities 100 in 334 pkt/s 39.1 KB/s 394 states/s (msgs: state 290 rpc 4 vars 11) rtt 0ms lead 3 (adj 0, worker saw 7) corrections 0 | full-rate interp: depth 2.9 ticks, starved 0.0% worst +0.0 | frame max 4.3ms fixed/frame max 1 | gaps>3t 3 worst 138t | render delay 4t (stream lag 1t) | snapshot age ms min 6.0 avg 13.4 max 44.0
[nebula] client 1048 fps entities 100 in 348 pkt/s 40.1 KB/s 410 states/s (msgs: state 301 rpc 7 vars 13) rtt 0ms lead 3 (adj 0, worker saw 7) corrections 0 | full-rate interp: depth 3.0 ticks, starved 0.0% worst +0.0 | frame max 4.7ms fixed/frame max 1 | gaps>3t 4 worst 95t | render delay 4t (stream lag 1t) | snapshot age ms min 6.2 avg 14.0 max 46.5
[nebula] client 1018 fps entities 100 in 327 pkt/s 38.5 KB/s 368 states/s (msgs: state 277 rpc 7 vars 17) rtt 0ms lead 3 (adj 0, worker saw 7) corrections 0 | full-rate interp: depth 2.7 ticks, starved 0.0% worst +0.0 | frame max 4.2ms fixed/frame max 1 | gaps>3t 6 worst 150t | render delay 5t (stream lag 2t) | snapshot age ms min 4.0 avg 15.0 max 46.8
[nebula] client 1017 fps entities 100 in 325 pkt/s 38.4 KB/s 369 states/s (msgs: state 281 rpc 5 vars 14) rtt 0ms lead 3 (adj 0, worker saw 7) corrections 0 | full-rate interp: depth 2.6 ticks, starved 0.0% worst +0.0 | frame max 4.2ms fixed/frame max 1 | gaps>3t 4 worst 119t | render delay 4t (stream lag 1t) | snapshot age ms min 2.7 avg 12.6 max 45.3
[nebula] client 1018 fps entities 100 in 330 pkt/s 39.1 KB/s 383 states/s (msgs: state 289 rpc 8 vars 15) rtt 0ms lead 3 (adj 0, worker saw 7) corrections 0 | full-rate interp: depth 2.1 ticks, starved 0.1% worst +1.4 | frame max 4.4ms fixed/frame max 1 | gaps>3t 3 worst 129t | render delay 5t (stream lag 2t) | snapshot age ms min 6.2 avg 12.1 max 42.2
[nebula] client 1030 fps entities 100 in 337 pkt/s 39.8 KB/s 382 states/s (msgs: state 288 rpc 7 vars 15) rtt 0ms lead 3 (adj 0, worker saw 7) corrections 2 last 0.05m | full-rate interp: depth 2.2 ticks, starved 0.1% worst +1.3 | frame max 4.4ms fixed/frame max 1 | gaps>3t 0 worst 0t | render delay 4t (stream lag 1t) | snapshot age ms min 6.3 avg 12.1 max 39.2
[nebula] client 1022 fps entities 100 in 311 pkt/s 37.5 KB/s 345 states/s (msgs: state 273 rpc 5 vars 16) rtt 0ms lead 3 (adj 0, worker saw 7) corrections 1 last 0.08m | full-rate interp: depth 2.1 ticks, starved 0.0% worst +0.0 | frame max 5.3ms fixed/frame max 1 | gaps>3t 4 worst 70t | render delay 3t (stream lag 0t) | snapshot age ms min 6.9 avg 13.1 max 45.5
[nebula] client 1025 fps entities 100 in 321 pkt/s 38.6 KB/s 348 states/s (msgs: state 281 rpc 8 vars 15) rtt 0ms lead 3 (adj 0, worker saw 7) corrections 0 | full-rate interp: depth 1.8 ticks, starved 0.0% worst +0.0 | frame max 4.3ms fixed/frame max 1 | gaps>3t 5 worst 119t | render delay 4t (stream lag 1t) | snapshot age ms min 7.0 avg 14.0 max 43.1
[nebula] client 1026 fps entities 100 in 324 pkt/s 39.3 KB/s 349 states/s (msgs: state 277 rpc 9 vars 15) rtt 0ms lead 3 (adj 0, worker saw 7) corrections 0 | full-rate interp: depth 2.6 ticks, starved 0.0% worst +0.0 | frame max 4.3ms fixed/frame max 1 | gaps>3t 5 worst 88t | render delay 4t (stream lag 1t) | snapshot age ms min 7.3 avg 14.7 max 46.0
[nebula] client 1012 fps entities 100 in 340 pkt/s 42.7 KB/s 406 states/s (msgs: state 297 rpc 7 vars 10) rtt 0ms lead 3 (adj 0, worker saw 7) corrections 1 last 0.06m | full-rate interp: depth 2.5 ticks, starved 0.0% worst +0.0 | frame max 4.0ms fixed/frame max 1 | gaps>3t 2 worst 29t | render delay 4t (stream lag 1t) | snapshot age ms min 10.4 avg 14.7 max 41.9
[nebula] client 1008 fps entities 100 in 346 pkt/s 44.9 KB/s 433 states/s (msgs: state 306 rpc 6 vars 14) rtt 0ms lead 3 (adj 0, worker saw 7) corrections 0 | full-rate interp: depth 2.4 ticks, starved 0.1% worst +1.4 | frame max 4.9ms fixed/frame max 1 | gaps>3t 0 worst 0t | render delay 4t (stream lag 1t) | snapshot age ms min 10.5 avg 14.9 max 45.8
[nebula] client 991 fps entities 100 in 349 pkt/s 46.1 KB/s 479 states/s (msgs: state 303 rpc 12 vars 13) rtt 0ms lead 3 (adj 0, worker saw 7) corrections 3 last 0.05m | full-rate interp: depth 3.3 ticks, starved 0.0% worst +0.0 | frame max 3.9ms fixed/frame max 1 | gaps>3t 2 worst 165t | render delay 4t (stream lag 1t) | snapshot age ms min 4.7 avg 13.5 max 46.1
[nebula] client 1028 fps entities 100 in 350 pkt/s 48.1 KB/s 516 states/s (msgs: state 301 rpc 10 vars 15) rtt 0ms lead 3 (adj 0, worker saw 8) corrections 0 | full-rate interp: depth 2.8 ticks, starved 0.0% worst +0.0 | frame max 4.0ms fixed/frame max 1 | gaps>3t 0 worst 0t | render delay 4t (stream lag 1t) | snapshot age ms min 6.3 avg 13.5 max 40.5
[nebula] client 1038 fps entities 100 in 332 pkt/s 44.5 KB/s 446 states/s (msgs: state 284 rpc 9 vars 12) rtt 0ms lead 3 (adj 0, worker saw 7) corrections 1 last 56.33m | full-rate interp: depth 2.6 ticks, starved 0.0% worst +1.1 | frame max 4.4ms fixed/frame max 1 | gaps>3t 2 worst 173t | render delay 4t (stream lag 1t) | snapshot age ms min 6.4 avg 13.9 max 42.4
[nebula] client 1009 fps entities 100 in 351 pkt/s 49.0 KB/s 427 states/s (msgs: state 305 rpc 10 vars 12) rtt 0ms lead 3 (adj 0, worker saw 8) corrections 1 last 0.07m | full-rate interp: depth 2.8 ticks, starved 0.0% worst +0.0 | frame max 4.1ms fixed/frame max 1 | gaps>3t 0 worst 0t | render delay 4t (stream lag 1t) | snapshot age ms min 6.2 avg 15.2 max 47.4
[nebula] client 1031 fps entities 100 in 320 pkt/s 42.8 KB/s 386 states/s (msgs: state 284 rpc 8 vars 12) rtt 0ms lead 3 (adj 0, worker saw 8) corrections 0 | full-rate interp: depth 2.3 ticks, starved 0.0% worst +0.0 | frame max 4.4ms fixed/frame max 1 | gaps>3t 3 worst 109t | render delay 5t (stream lag 2t) | snapshot age ms min 2.8 avg 17.9 max 44.8
[nebula] client 1032 fps entities 100 in 325 pkt/s 42.4 KB/s 376 states/s (msgs: state 282 rpc 7 vars 11) rtt 0ms lead 3 (adj 0, worker saw 8) corrections 0 | full-rate interp: depth 3.0 ticks, starved 0.0% worst +0.0 | frame max 4.0ms fixed/frame max 1 | gaps>3t 20 worst 6t | render delay 4t (stream lag 1t) | snapshot age ms min 2.5 avg 14.8 max 47.8
[nebula] client 1058 fps entities 100 in 312 pkt/s 38.6 KB/s 351 states/s (msgs: state 270 rpc 8 vars 13) rtt 0ms lead 3 (adj 0, worker saw 8) corrections 0 | full-rate interp: depth 2.6 ticks, starved 0.0% worst +0.0 | frame max 3.9ms fixed/frame max 1 | gaps>3t 14 worst 95t | render delay 4t (stream lag 1t) | snapshot age ms min 2.6 avg 13.1 max 42.0
[nebula] client 1086 fps entities 100 in 328 pkt/s 39.7 KB/s 376 states/s (msgs: state 290 rpc 7 vars 14) rtt 0ms lead 3 (adj 0, worker saw 8) corrections 0 | full-rate interp: depth 2.2 ticks, starved 0.0% worst +0.0 | frame max 4.0ms fixed/frame max 1 | gaps>3t 2 worst 29t | render delay 3t (stream lag 0t) | snapshot age ms min 2.1 avg 11.9 max 38.0
[nebula] client 1022 fps entities 101 in 309 pkt/s 51.1 KB/s 415 states/s (msgs: state 295 rpc 7 vars 12) rtt 0ms lead 3 (adj 0, worker saw 8) corrections 1 last 0.07m | full-rate interp: depth 2.3 ticks, starved 0.0% worst +0.0 | frame max 5.1ms fixed/frame max 1 | gaps>3t 0 worst 0t | render delay 4t (stream lag 1t) | snapshot age ms min 2.4 avg 13.6 max 45.8
[nebula] client 1013 fps entities 101 in 325 pkt/s 49.6 KB/s 455 states/s (msgs: state 297 rpc 9 vars 10) rtt 0ms lead 3 (adj 0, worker saw 7) corrections 1 last 0.10m | full-rate interp: depth 2.6 ticks, starved 0.0% worst +0.0 | frame max 3.7ms fixed/frame max 1 | gaps>3t 0 worst 0t | render delay 4t (stream lag 1t) | snapshot age ms min 7.1 avg 17.3 max 44.0
[nebula] client 1017 fps entities 101 in 340 pkt/s 46.0 KB/s 457 states/s (msgs: state 303 rpc 11 vars 12) rtt 0ms lead 3 (adj 0, worker saw 8) corrections 0 | full-rate interp: depth 2.4 ticks, starved 0.0% worst +0.0 | frame max 4.4ms fixed/frame max 1 | gaps>3t 0 worst 0t | render delay 3t (stream lag 0t) | snapshot age ms min 3.8 avg 15.1 max 43.5
[nebula] client 1046 fps entities 101 in 321 pkt/s 42.6 KB/s 385 states/s (msgs: state 281 rpc 6 vars 13) rtt 0ms lead 3 (adj 0, worker saw 8) corrections 0 | full-rate interp: depth 2.6 ticks, starved 0.0% worst +0.0 | frame max 4.8ms fixed/frame max 1 | gaps>3t 2 worst 98t | render delay 4t (stream lag 1t) | snapshot age ms min 5.3 avg 12.4 max 38.7
[nebula] client 1027 fps entities 101 in 336 pkt/s 44.4 KB/s 423 states/s (msgs: state 295 rpc 6 vars 15) rtt 0ms lead 3 (adj 0, worker saw 7) corrections 1 last 0.10m | full-rate interp: depth 2.3 ticks, starved 0.0% worst +0.0 | frame max 4.4ms fixed/frame max 1 | gaps>3t 0 worst 0t | render delay 4t (stream lag 1t) | snapshot age ms min 6.3 avg 12.6 max 39.7
[nebula] client 1015 fps entities 101 in 323 pkt/s 42.5 KB/s 379 states/s (msgs: state 281 rpc 7 vars 13) rtt 0ms lead 3 (adj 0, worker saw 7) corrections 0 | full-rate interp: depth 2.3 ticks, starved 0.2% worst +1.4 | frame max 4.5ms fixed/frame max 1 | gaps>3t 0 worst 0t | render delay 5t (stream lag 2t) | snapshot age ms min 6.2 avg 13.3 max 42.6
[nebula] client 1079 fps entities 101 in 314 pkt/s 42.6 KB/s 389 states/s (msgs: state 274 rpc 5 vars 11) rtt 0ms lead 3 (adj 0, worker saw 8) corrections 0 | full-rate interp: depth 2.6 ticks, starved 0.0% worst +0.0 | frame max 4.2ms fixed/frame max 1 | gaps>3t 0 worst 0t | render delay 4t (stream lag 1t) | snapshot age ms min 6.3 avg 13.3 max 43.3
[nebula] client 1007 fps entities 101 in 330 pkt/s 46.0 KB/s 472 states/s (msgs: state 287 rpc 10 vars 10) rtt 0ms lead 3 (adj 0, worker saw 8) corrections 0 | full-rate interp: depth 3.1 ticks, starved 0.0% worst +0.0 | frame max 4.1ms fixed/frame max 1 | gaps>3t 0 worst 0t | render delay 4t (stream lag 1t) | snapshot age ms min 6.6 avg 14.5 max 46.0
[nebula] client 1008 fps entities 101 in 328 pkt/s 48.3 KB/s 524 states/s (msgs: state 279 rpc 8 vars 18) rtt 0ms lead 3 (adj 0, worker saw 7) corrections 1 last 0.11m | full-rate interp: depth 3.1 ticks, starved 0.0% worst +0.0 | frame max 4.5ms fixed/frame max 1 | gaps>3t 5 worst 30t | render delay 4t (stream lag 1t) | snapshot age ms min 6.7 avg 14.7 max 44.5
[nebula] client 1053 fps entities 101 in 326 pkt/s 47.1 KB/s 502 states/s (msgs: state 282 rpc 4 vars 17) rtt 0ms lead 3 (adj 0, worker saw 7) corrections 2 last 0.10m | full-rate interp: depth 3.3 ticks, starved 0.0% worst +0.0 | frame max 4.1ms fixed/frame max 1 | gaps>3t 1 worst 154t | render delay 4t (stream lag 1t) | snapshot age ms min 6.9 avg 15.8 max 46.4
[nebula] client 997 fps entities 101 in 341 pkt/s 50.3 KB/s 582 states/s (msgs: state 297 rpc 8 vars 12) rtt 0ms lead 3 (adj 0, worker saw 8) corrections 0 | full-rate interp: depth 3.0 ticks, starved 0.0% worst +0.0 | frame max 4.7ms fixed/frame max 1 | gaps>3t 0 worst 0t | render delay 4t (stream lag 1t) | snapshot age ms min 7.8 avg 16.6 max 45.0
[nebula] client 969 fps entities 101 in 335 pkt/s 47.1 KB/s 498 states/s (msgs: state 288 rpc 6 vars 15) rtt 0ms lead 3 (adj 0, worker saw 8) corrections 0 | full-rate interp: depth 3.0 ticks, starved 0.0% worst +0.0 | frame max 5.1ms fixed/frame max 1 | gaps>3t 12 worst 14t | render delay 4t (stream lag 1t) | snapshot age ms min 7.7 avg 16.8 max 48.4
[nebula] client 1053 fps entities 101 in 347 pkt/s 48.4 KB/s 536 states/s (msgs: state 301 rpc 3 vars 11) rtt 0ms lead 3 (adj 0, worker saw 7) corrections 1 last 0.10m | full-rate interp: depth 3.0 ticks, starved 0.0% worst +0.0 | frame max 3.7ms fixed/frame max 1 | gaps>3t 0 worst 0t | render delay 4t (stream lag 1t) | snapshot age ms min 2.7 avg 15.4 max 38.4
[nebula] client 1042 fps entities 101 in 340 pkt/s 44.9 KB/s 450 states/s (msgs: state 294 rpc 2 vars 10) rtt 0ms lead 3 (adj 0, worker saw 8) corrections 0 | full-rate interp: depth 2.6 ticks, starved 0.0% worst +0.0 | frame max 4.0ms fixed/frame max 1 | gaps>3t 0 worst 0t | render delay 4t (stream lag 1t) | snapshot age ms min 6.3 avg 13.0 max 42.5
[nebula] client 1050 fps entities 101 in 342 pkt/s 44.5 KB/s 430 states/s (msgs: state 299 rpc 4 vars 15) rtt 0ms lead 3 (adj 0, worker saw 8) corrections 0 | full-rate interp: depth 2.1 ticks, starved 0.0% worst +0.0 | frame max 6.1ms fixed/frame max 1 | gaps>3t 0 worst 0t | render delay 4t (stream lag 1t) | snapshot age ms min 6.3 avg 12.3 max 40.2
