Mono path[0] = 'C:/Dev/nebula-virtualworld/Builds/Win64/Nebula_Data/Managed'
Mono config path = 'C:/Dev/nebula-virtualworld/Builds/Win64/MonoBleedingEdge/etc'
CodeReloadManager initialized
Found 1 interfaces on host : 0) 192.168.4.54
Player connection [49012]  Target information:

Player connection [49012]  * "[IP] 192.168.4.54 [Port] 55006 [Flags] 2 [Guid] 3046008502 [EditorId] 3301648937 [Version] 1048832 [Id] WindowsPlayer(2,Atlas) [Debug] 0 [PackageName] WindowsPlayer [ProjectName] nebula-virtualworld" 

Player connection [49012] Started UDP target info broadcast (1) on [225.0.0.222:54997].

Input System module state changed to: Initialized.
[Physics::Module] Initialized fallback backend.
[Physics::Module] Id: 0xdecafbad
Initialize engine version: 6000.6.0f1 (f7f8ed4d1e24)
[EntityIdStore] init: VM path (explicit commit), pageSize=4096, blockCount=1048576, entitiesPerBlock=256, slots reserved=4294967296 bytes
[Subsystems] Discovering subsystems at path C:/Dev/nebula-virtualworld/Builds/Win64/Nebula_Data/UnitySubsystems
Forcing GfxDevice: Null
GfxDevice: creating device client; kGfxThreadingModeNonThreaded
NullGfxDevice:
    Version:  NULL 1.0 [1.0]
    Renderer: Null Device
    Vendor:   Unity Technologies
Begin MonoManager ReloadAssembly
- Finished resetting the current domain, in  0.007 seconds
[Physics::Module] Selected backend.
[Physics::Module] Name: PhysX
[Physics::Module] Id: 0xf2b8ea05
[Physics::Module] SDK Version: 4.1.2
[Physics::Module] Integration Version: 1.0.0
[Physics::Module] Threading Mode: Multi-Threaded
Microsoft Media Foundation video decoding to texture disabled: graphics device is Null, only Direct3D 11 and Direct3D 12 (only on desktop) are supported for hardware-accelerated video decoding.
UnloadTime: 0.526500 ms
[nebula] boot roles=Client scene=World tickRate=60
[nebula] containers: 0 (runtime world)
[nebula] connecting to gateway 127.0.0.1:7200 as 'bot1'
[nebula] chunked world: cell (64.00, 512.00, 64.00) (planar), near 2 cell(s), allocator ring 3, retire after 30s
[nebula] client 0 fps replicas 0 (+0.0/s -0.0/s) entities 0 in 0 pkt/s 0.0 KB/s 0 states/s (msgs: state 0 rpc 0 vars 0) rtt -1ms lead 0 (adj 0, worker saw 0) corrections 0 | full-rate interp: depth 0.0 ticks, starved 0.0% worst +0.0 | frame max 78.5ms fixed/frame max 1 | gaps>3t 0 worst 0t | render delay 0t (stream lag 0t) | snapshot age ms min 0.0 avg 0.0 max 0.0
[nebula] [nebula-probe] t=0.1 pos=0.0,0.0,0.0 cell=0,0,0 origin=0,0,0 replicas=0 dmin=0.0 dmax=0.0 limit=88.0 speed=0.0 beyond=0 dup=0 chunks=0 orphans=0 carrierless=0 spawns=0 despawns=0 pawn=0
[nebula] welcome: clientId=2739580370478432262 identity=fb645aa8351f serverTick=1365037333
[nebula] world starting, about 3 s: no worker is running yet; holding the join
[nebula] [nebula-probe] t=1.1 pos=0.0,0.0,0.0 cell=0,0,0 origin=0,0,0 replicas=0 dmin=0.0 dmax=0.0 limit=88.0 speed=0.0 beyond=0 dup=0 chunks=0 orphans=0 carrierless=0 spawns=0 despawns=0 pawn=0
[nebula] [nebula-probe] t=2.1 pos=0.0,0.0,0.0 cell=0,0,0 origin=0,0,0 replicas=0 dmin=0.0 dmax=0.0 limit=88.0 speed=0.0 beyond=0 dup=0 chunks=0 orphans=0 carrierless=0 spawns=0 despawns=0 pawn=0
[nebula] [nebula-probe] t=3.1 pos=0.0,0.0,0.0 cell=0,0,0 origin=0,0,0 replicas=0 dmin=0.0 dmax=0.0 limit=88.0 speed=0.0 beyond=0 dup=0 chunks=0 orphans=0 carrierless=0 spawns=0 despawns=0 pawn=0
[nebula] joined the world
[nebula] [vw-bot] mode=Idle
[nebula] local player spawned: Player(Clone)#1125899906842625(e1,rt_8796093022209,local)
[nebula] [nebula-probe] t=4.1 pos=151.4,0.0,114.8 cell=2,0,1 origin=0,0,0 replicas=0 dmin=0.0 dmax=0.0 limit=88.0 speed=0.0 beyond=0 dup=0 chunks=9 orphans=0 carrierless=0 spawns=1 despawns=0 pawn=1
[nebula] client 62631 fps replicas 1 (+0.2/s -0.0/s) entities 1 in 24 pkt/s 2.8 KB/s 0 states/s (msgs: state 0 rpc 0 vars 0) rtt 0ms lead 3 (adj 0, worker saw 3) corrections 0 | full-rate interp: depth 0.0 ticks, starved 0.0% worst +0.0 | frame max 300.0ms fixed/frame max 1 | gaps>3t 1 worst 30t | render delay 3t (stream lag 0t) | snapshot age ms min 5.4 avg 21.0 max 36.5
[nebula] [nebula-probe] t=5.1 pos=151.4,0.0,114.8 cell=2,0,1 origin=0,0,0 replicas=0 dmin=0.0 dmax=0.0 limit=88.0 speed=0.0 beyond=0 dup=0 chunks=9 orphans=0 carrierless=0 spawns=1 despawns=0 pawn=1
[nebula] [nebula-probe] t=6.1 pos=151.4,0.0,114.8 cell=2,0,1 origin=0,0,0 replicas=0 dmin=0.0 dmax=0.0 limit=88.0 speed=0.0 beyond=0 dup=0 chunks=9 orphans=0 carrierless=0 spawns=1 despawns=0 pawn=1
[nebula] [nebula-probe] t=7.1 pos=151.4,0.0,114.8 cell=2,0,1 origin=0,0,0 replicas=0 dmin=0.0 dmax=0.0 limit=88.0 speed=0.0 beyond=0 dup=0 chunks=9 orphans=0 carrierless=0 spawns=1 despawns=0 pawn=1
[nebula] [nebula-probe] t=8.1 pos=151.4,0.0,114.8 cell=2,0,1 origin=0,0,0 replicas=0 dmin=0.0 dmax=0.0 limit=88.0 speed=0.0 beyond=0 dup=0 chunks=9 orphans=0 carrierless=0 spawns=1 despawns=0 pawn=1
[nebula] [nebula-probe] t=9.1 pos=151.4,0.0,114.8 cell=2,0,1 origin=0,0,0 replicas=0 dmin=0.0 dmax=0.0 limit=88.0 speed=0.0 beyond=0 dup=0 chunks=9 orphans=0 carrierless=0 spawns=1 despawns=0 pawn=1
[nebula] client 62217 fps replicas 1 (+0.0/s -0.0/s) entities 1 in 66 pkt/s 7.2 KB/s 0 states/s (msgs: state 0 rpc 0 vars 0) rtt 0ms lead 3 (adj 0, worker saw 3) corrections 0 | full-rate interp: depth 0.0 ticks, starved 0.0% worst +0.0 | frame max 0.8ms fixed/frame max 1 | gaps>3t 0 worst 0t | render delay 3t (stream lag 0t) | snapshot age ms min 0.0 avg 0.0 max 0.0
[nebula] [nebula-probe] t=10.1 pos=151.4,0.0,114.8 cell=2,0,1 origin=0,0,0 replicas=0 dmin=0.0 dmax=0.0 limit=88.0 speed=0.0 beyond=0 dup=0 chunks=9 orphans=0 carrierless=0 spawns=1 despawns=0 pawn=1
[nebula] [nebula-probe] t=11.1 pos=151.4,0.0,114.8 cell=2,0,1 origin=0,0,0 replicas=0 dmin=0.0 dmax=0.0 limit=88.0 speed=0.0 beyond=0 dup=0 chunks=9 orphans=0 carrierless=0 spawns=1 despawns=0 pawn=1
[nebula] [nebula-probe] t=12.1 pos=151.4,0.0,114.8 cell=2,0,1 origin=0,0,0 replicas=0 dmin=0.0 dmax=0.0 limit=88.0 speed=0.0 beyond=0 dup=0 chunks=9 orphans=0 carrierless=0 spawns=1 despawns=0 pawn=1
[nebula] [nebula-probe] t=13.1 pos=151.4,0.0,114.8 cell=2,0,1 origin=0,0,0 replicas=0 dmin=0.0 dmax=0.0 limit=88.0 speed=0.0 beyond=0 dup=0 chunks=9 orphans=0 carrierless=0 spawns=1 despawns=0 pawn=1
[nebula] [nebula-probe] t=14.1 pos=151.4,0.0,114.8 cell=2,0,1 origin=0,0,0 replicas=0 dmin=0.0 dmax=0.0 limit=88.0 speed=0.0 beyond=0 dup=0 chunks=9 orphans=0 carrierless=0 spawns=1 despawns=0 pawn=1
[nebula] client 61967 fps replicas 1 (+0.0/s -0.0/s) entities 1 in 66 pkt/s 7.0 KB/s 0 states/s (msgs: state 0 rpc 0 vars 0) rtt 0ms lead 3 (adj 0, worker saw 3) corrections 0 | full-rate interp: depth 0.0 ticks, starved 0.0% worst +0.0 | frame max 0.9ms fixed/frame max 1 | gaps>3t 0 worst 0t | render delay 3t (stream lag 0t) | snapshot age ms min 0.0 avg 0.0 max 0.0
[nebula] [nebula-probe] t=15.1 pos=151.4,0.0,114.8 cell=2,0,1 origin=0,0,0 replicas=0 dmin=0.0 dmax=0.0 limit=88.0 speed=0.0 beyond=0 dup=0 chunks=9 orphans=0 carrierless=0 spawns=1 despawns=0 pawn=1
[nebula] [nebula-probe] t=16.1 pos=151.4,0.0,114.8 cell=2,0,1 origin=0,0,0 replicas=0 dmin=0.0 dmax=0.0 limit=88.0 speed=0.0 beyond=0 dup=0 chunks=9 orphans=0 carrierless=0 spawns=1 despawns=0 pawn=1
[nebula] [nebula-probe] t=17.1 pos=151.4,0.0,114.8 cell=2,0,1 origin=0,0,0 replicas=0 dmin=0.0 dmax=0.0 limit=88.0 speed=0.0 beyond=0 dup=0 chunks=9 orphans=0 carrierless=0 spawns=1 despawns=0 pawn=1
[nebula] [nebula-probe] t=18.1 pos=151.4,0.0,114.8 cell=2,0,1 origin=0,0,0 replicas=0 dmin=0.0 dmax=0.0 limit=88.0 speed=0.0 beyond=0 dup=0 chunks=9 orphans=0 carrierless=0 spawns=1 despawns=0 pawn=1
[nebula] [nebula-probe] t=19.1 pos=151.4,0.0,114.8 cell=2,0,1 origin=0,0,0 replicas=0 dmin=0.0 dmax=0.0 limit=88.0 speed=0.0 beyond=0 dup=0 chunks=9 orphans=0 carrierless=0 spawns=1 despawns=0 pawn=1
[nebula] client 62222 fps replicas 1 (+0.0/s -0.0/s) entities 1 in 67 pkt/s 8.0 KB/s 0 states/s (msgs: state 0 rpc 0 vars 0) rtt 0ms lead 3 (adj 0, worker saw 3) corrections 0 | full-rate interp: depth 0.0 ticks, starved 0.0% worst +0.0 | frame max 0.9ms fixed/frame max 1 | gaps>3t 0 worst 0t | render delay 3t (stream lag 0t) | snapshot age ms min 0.0 avg 0.0 max 0.0
[nebula] [nebula-probe] t=20.1 pos=151.4,0.0,114.8 cell=2,0,1 origin=0,0,0 replicas=0 dmin=0.0 dmax=0.0 limit=88.0 speed=0.0 beyond=0 dup=0 chunks=9 orphans=0 carrierless=0 spawns=1 despawns=0 pawn=1
[nebula] [nebula-probe] t=21.1 pos=151.4,0.0,114.8 cell=2,0,1 origin=0,0,0 replicas=0 dmin=0.0 dmax=0.0 limit=88.0 speed=0.0 beyond=0 dup=0 chunks=9 orphans=0 carrierless=0 spawns=1 despawns=0 pawn=1
[nebula] [nebula-probe] t=22.1 pos=151.4,0.0,114.8 cell=2,0,1 origin=0,0,0 replicas=0 dmin=0.0 dmax=0.0 limit=88.0 speed=0.0 beyond=0 dup=0 chunks=9 orphans=0 carrierless=0 spawns=1 despawns=0 pawn=1
[nebula] [nebula-probe] t=23.1 pos=151.4,0.0,114.8 cell=2,0,1 origin=0,0,0 replicas=0 dmin=0.0 dmax=0.0 limit=88.0 speed=0.0 beyond=0 dup=0 chunks=9 orphans=0 carrierless=0 spawns=1 despawns=0 pawn=1
[nebula] [nebula-probe] t=24.1 pos=151.4,0.0,114.8 cell=2,0,1 origin=0,0,0 replicas=0 dmin=0.0 dmax=0.0 limit=88.0 speed=0.0 beyond=0 dup=0 chunks=9 orphans=0 carrierless=0 spawns=1 despawns=0 pawn=1
[nebula] client 62819 fps replicas 1 (+0.0/s -0.0/s) entities 1 in 66 pkt/s 7.4 KB/s 0 states/s (msgs: state 0 rpc 0 vars 0) rtt 0ms lead 3 (adj 0, worker saw 3) corrections 0 | full-rate interp: depth 0.0 ticks, starved 0.0% worst +0.0 | frame max 0.9ms fixed/frame max 1 | gaps>3t 0 worst 0t | render delay 3t (stream lag 0t) | snapshot age ms min 0.0 avg 0.0 max 0.0
[nebula] [nebula-probe] t=25.1 pos=151.4,0.0,114.8 cell=2,0,1 origin=0,0,0 replicas=0 dmin=0.0 dmax=0.0 limit=88.0 speed=0.0 beyond=0 dup=0 chunks=9 orphans=0 carrierless=0 spawns=1 despawns=0 pawn=1
[nebula] [nebula-probe] t=26.1 pos=151.4,0.0,114.8 cell=2,0,1 origin=0,0,0 replicas=0 dmin=0.0 dmax=0.0 limit=88.0 speed=0.0 beyond=0 dup=0 chunks=9 orphans=0 carrierless=0 spawns=1 despawns=0 pawn=1
[nebula] [nebula-probe] t=27.1 pos=151.4,0.0,114.8 cell=2,0,1 origin=0,0,0 replicas=0 dmin=0.0 dmax=0.0 limit=88.0 speed=0.0 beyond=0 dup=0 chunks=9 orphans=0 carrierless=0 spawns=1 despawns=0 pawn=1
[nebula] [nebula-probe] t=28.1 pos=151.4,0.0,114.8 cell=2,0,1 origin=0,0,0 replicas=0 dmin=0.0 dmax=0.0 limit=88.0 speed=0.0 beyond=0 dup=0 chunks=9 orphans=0 carrierless=0 spawns=1 despawns=0 pawn=1
[nebula] [nebula-probe] t=29.1 pos=151.4,0.0,114.8 cell=2,0,1 origin=0,0,0 replicas=0 dmin=0.0 dmax=0.0 limit=88.0 speed=0.0 beyond=0 dup=0 chunks=9 orphans=0 carrierless=0 spawns=1 despawns=0 pawn=1
[nebula] client 62710 fps replicas 1 (+0.0/s -0.0/s) entities 1 in 69 pkt/s 9.2 KB/s 0 states/s (msgs: state 0 rpc 0 vars 0) rtt 0ms lead 3 (adj 0, worker saw 3) corrections 0 | full-rate interp: depth 0.0 ticks, starved 0.0% worst +0.0 | frame max 0.8ms fixed/frame max 1 | gaps>3t 0 worst 0t | render delay 3t (stream lag 0t) | snapshot age ms min 0.0 avg 0.0 max 0.0
[nebula] [nebula-probe] t=30.1 pos=151.4,0.0,114.8 cell=2,0,1 origin=0,0,0 replicas=0 dmin=0.0 dmax=0.0 limit=88.0 speed=0.0 beyond=0 dup=0 chunks=9 orphans=0 carrierless=0 spawns=1 despawns=0 pawn=1
[nebula] [nebula-probe] t=31.1 pos=151.4,0.0,114.8 cell=2,0,1 origin=0,0,0 replicas=0 dmin=0.0 dmax=0.0 limit=88.0 speed=0.0 beyond=0 dup=0 chunks=9 orphans=0 carrierless=0 spawns=1 despawns=0 pawn=1
[nebula] [nebula-probe] t=32.1 pos=151.4,0.0,114.8 cell=2,0,1 origin=0,0,0 replicas=0 dmin=0.0 dmax=0.0 limit=88.0 speed=0.0 beyond=0 dup=0 chunks=9 orphans=0 carrierless=0 spawns=1 despawns=0 pawn=1
[nebula] [nebula-probe] t=33.1 pos=151.4,0.0,114.8 cell=2,0,1 origin=0,0,0 replicas=0 dmin=0.0 dmax=0.0 limit=88.0 speed=0.0 beyond=0 dup=0 chunks=9 orphans=0 carrierless=0 spawns=1 despawns=0 pawn=1
[nebula] [nebula-probe] t=34.1 pos=151.4,0.0,114.8 cell=2,0,1 origin=0,0,0 replicas=0 dmin=0.0 dmax=0.0 limit=88.0 speed=0.0 beyond=0 dup=0 chunks=9 orphans=0 carrierless=0 spawns=1 despawns=0 pawn=1
[nebula] client 63251 fps replicas 1 (+0.0/s -0.0/s) entities 1 in 67 pkt/s 7.9 KB/s 0 states/s (msgs: state 0 rpc 0 vars 0) rtt 0ms lead 3 (adj 0, worker saw 3) corrections 0 | full-rate interp: depth 0.0 ticks, starved 0.0% worst +0.0 | frame max 0.9ms fixed/frame max 1 | gaps>3t 0 worst 0t | render delay 3t (stream lag 0t) | snapshot age ms min 0.0 avg 0.0 max 0.0
[nebula] [nebula-probe] t=35.1 pos=151.4,0.0,114.8 cell=2,0,1 origin=0,0,0 replicas=0 dmin=0.0 dmax=0.0 limit=88.0 speed=0.0 beyond=0 dup=0 chunks=9 orphans=0 carrierless=0 spawns=1 despawns=0 pawn=1
[nebula] [nebula-probe] t=36.1 pos=151.4,0.0,114.8 cell=2,0,1 origin=0,0,0 replicas=0 dmin=0.0 dmax=0.0 limit=88.0 speed=0.0 beyond=0 dup=0 chunks=9 orphans=0 carrierless=0 spawns=1 despawns=0 pawn=1
[nebula] [nebula-probe] t=37.1 pos=151.4,0.0,114.8 cell=2,0,1 origin=0,0,0 replicas=0 dmin=0.0 dmax=0.0 limit=88.0 speed=0.0 beyond=0 dup=0 chunks=9 orphans=0 carrierless=0 spawns=1 despawns=0 pawn=1
[nebula] [nebula-probe] t=38.1 pos=151.4,0.0,114.8 cell=2,0,1 origin=0,0,0 replicas=0 dmin=0.0 dmax=0.0 limit=88.0 speed=0.0 beyond=0 dup=0 chunks=9 orphans=0 carrierless=0 spawns=1 despawns=0 pawn=1
[nebula] [nebula-probe] t=39.1 pos=151.4,0.0,114.8 cell=2,0,1 origin=0,0,0 replicas=0 dmin=0.0 dmax=0.0 limit=88.0 speed=0.0 beyond=0 dup=0 chunks=9 orphans=0 carrierless=0 spawns=1 despawns=0 pawn=1
[nebula] client 62484 fps replicas 1 (+0.0/s -0.0/s) entities 1 in 68 pkt/s 8.4 KB/s 0 states/s (msgs: state 0 rpc 0 vars 0) rtt 0ms lead 4 (adj 1, worker saw 4) corrections 0 | full-rate interp: depth 0.0 ticks, starved 0.0% worst +0.0 | frame max 1.0ms fixed/frame max 1 | gaps>3t 0 worst 0t | render delay 3t (stream lag 0t) | snapshot age ms min 0.0 avg 0.0 max 0.0
[nebula] [nebula-probe] t=40.1 pos=151.4,0.0,114.8 cell=2,0,1 origin=0,0,0 replicas=0 dmin=0.0 dmax=0.0 limit=88.0 speed=0.0 beyond=0 dup=0 chunks=9 orphans=0 carrierless=0 spawns=1 despawns=0 pawn=1
[nebula] [nebula-probe] t=41.1 pos=151.4,0.0,114.8 cell=2,0,1 origin=0,0,0 replicas=0 dmin=0.0 dmax=0.0 limit=88.0 speed=0.0 beyond=0 dup=0 chunks=9 orphans=0 carrierless=0 spawns=1 despawns=0 pawn=1
[nebula] [nebula-probe] t=42.1 pos=151.4,0.0,114.8 cell=2,0,1 origin=0,0,0 replicas=0 dmin=0.0 dmax=0.0 limit=88.0 speed=0.0 beyond=0 dup=0 chunks=9 orphans=0 carrierless=0 spawns=1 despawns=0 pawn=1
[nebula] [nebula-probe] t=43.1 pos=151.4,0.0,114.8 cell=2,0,1 origin=0,0,0 replicas=0 dmin=0.0 dmax=0.0 limit=88.0 speed=0.0 beyond=0 dup=0 chunks=9 orphans=0 carrierless=0 spawns=1 despawns=0 pawn=1
[nebula] [nebula-probe] t=44.1 pos=151.4,0.0,114.8 cell=2,0,1 origin=0,0,0 replicas=0 dmin=0.0 dmax=0.0 limit=88.0 speed=0.0 beyond=0 dup=0 chunks=9 orphans=0 carrierless=0 spawns=1 despawns=0 pawn=1
[nebula] client 62731 fps replicas 1 (+0.0/s -0.0/s) entities 1 in 38 pkt/s 6.9 KB/s 0 states/s (msgs: state 0 rpc 0 vars 0) rtt 0ms lead 4 (adj 1, worker saw 4) corrections 0 | full-rate interp: depth 0.0 ticks, starved 0.0% worst +0.0 | frame max 0.8ms fixed/frame max 1 | gaps>3t 0 worst 0t | render delay 3t (stream lag 0t) | snapshot age ms min 0.0 avg 0.0 max 0.0
[nebula] [nebula-probe] t=45.1 pos=151.4,0.0,114.8 cell=2,0,1 origin=0,0,0 replicas=0 dmin=0.0 dmax=0.0 limit=88.0 speed=0.0 beyond=0 dup=0 chunks=9 orphans=0 carrierless=0 spawns=1 despawns=0 pawn=1
[nebula] [nebula-probe] t=46.1 pos=151.4,0.0,114.8 cell=2,0,1 origin=0,0,0 replicas=0 dmin=0.0 dmax=0.0 limit=88.0 speed=0.0 beyond=0 dup=0 chunks=9 orphans=0 carrierless=0 spawns=1 despawns=0 pawn=1
[nebula] [nebula-probe] t=47.1 pos=151.4,0.0,114.8 cell=2,0,1 origin=0,0,0 replicas=0 dmin=0.0 dmax=0.0 limit=88.0 speed=0.0 beyond=0 dup=0 chunks=9 orphans=0 carrierless=0 spawns=1 despawns=0 pawn=1
[nebula] [nebula-probe] t=48.1 pos=151.4,0.0,114.8 cell=2,0,1 origin=0,0,0 replicas=0 dmin=0.0 dmax=0.0 limit=88.0 speed=0.0 beyond=0 dup=0 chunks=9 orphans=0 carrierless=0 spawns=1 despawns=0 pawn=1
[nebula] [nebula-probe] t=49.1 pos=151.4,0.0,114.8 cell=2,0,1 origin=0,0,0 replicas=0 dmin=0.0 dmax=0.0 limit=88.0 speed=0.0 beyond=0 dup=0 chunks=9 orphans=0 carrierless=0 spawns=1 despawns=0 pawn=1
[nebula] client 63225 fps replicas 1 (+0.0/s -0.0/s) entities 1 in 9 pkt/s 4.1 KB/s 0 states/s (msgs: state 0 rpc 0 vars 0) rtt 0ms lead 4 (adj 1, worker saw 4) corrections 0 | full-rate interp: depth 0.0 ticks, starved 0.0% worst +0.0 | frame max 0.9ms fixed/frame max 1 | gaps>3t 0 worst 0t | render delay 3t (stream lag 0t) | snapshot age ms min 0.0 avg 0.0 max 0.0
[nebula] [nebula-probe] t=50.1 pos=151.4,0.0,114.8 cell=2,0,1 origin=0,0,0 replicas=0 dmin=0.0 dmax=0.0 limit=88.0 speed=0.0 beyond=0 dup=0 chunks=9 orphans=0 carrierless=0 spawns=1 despawns=0 pawn=1
[nebula] [nebula-probe] t=51.1 pos=151.4,0.0,114.8 cell=2,0,1 origin=0,0,0 replicas=0 dmin=0.0 dmax=0.0 limit=88.0 speed=0.0 beyond=0 dup=0 chunks=9 orphans=0 carrierless=0 spawns=1 despawns=0 pawn=1
[nebula] [nebula-probe] t=52.1 pos=151.4,0.0,114.8 cell=2,0,1 origin=0,0,0 replicas=0 dmin=0.0 dmax=0.0 limit=88.0 speed=0.0 beyond=0 dup=0 chunks=9 orphans=0 carrierless=0 spawns=1 despawns=0 pawn=1
[nebula] [nebula-probe] t=53.1 pos=151.4,0.0,114.8 cell=2,0,1 origin=0,0,0 replicas=0 dmin=0.0 dmax=0.0 limit=88.0 speed=0.0 beyond=0 dup=0 chunks=9 orphans=0 carrierless=0 spawns=1 despawns=0 pawn=1
[nebula] [nebula-probe] t=54.1 pos=151.4,0.0,114.8 cell=2,0,1 origin=0,0,0 replicas=0 dmin=0.0 dmax=0.0 limit=88.0 speed=0.0 beyond=0 dup=0 chunks=9 orphans=0 carrierless=0 spawns=1 despawns=0 pawn=1
[nebula] client 63192 fps replicas 1 (+0.0/s -0.0/s) entities 1 in 7 pkt/s 3.1 KB/s 0 states/s (msgs: state 0 rpc 0 vars 0) rtt 0ms lead 4 (adj 1, worker saw 4) corrections 0 | full-rate interp: depth 0.0 ticks, starved 0.0% worst +0.0 | frame max 0.8ms fixed/frame max 1 | gaps>3t 0 worst 0t | render delay 3t (stream lag 0t) | snapshot age ms min 0.0 avg 0.0 max 0.0
[nebula] [nebula-probe] t=55.1 pos=151.4,0.0,114.8 cell=2,0,1 origin=0,0,0 replicas=0 dmin=0.0 dmax=0.0 limit=88.0 speed=0.0 beyond=0 dup=0 chunks=9 orphans=0 carrierless=0 spawns=1 despawns=0 pawn=1
[nebula] [nebula-probe] t=56.1 pos=151.4,0.0,114.8 cell=2,0,1 origin=0,0,0 replicas=0 dmin=0.0 dmax=0.0 limit=88.0 speed=0.0 beyond=0 dup=0 chunks=9 orphans=0 carrierless=0 spawns=1 despawns=0 pawn=1
[nebula] [nebula-probe] t=57.1 pos=151.4,0.0,114.8 cell=2,0,1 origin=0,0,0 replicas=0 dmin=0.0 dmax=0.0 limit=88.0 speed=0.0 beyond=0 dup=0 chunks=9 orphans=0 carrierless=0 spawns=1 despawns=0 pawn=1
[nebula] [nebula-probe] t=58.1 pos=151.4,0.0,114.8 cell=2,0,1 origin=0,0,0 replicas=0 dmin=0.0 dmax=0.0 limit=88.0 speed=0.0 beyond=0 dup=0 chunks=9 orphans=0 carrierless=0 spawns=1 despawns=0 pawn=1
[nebula] [nebula-probe] t=59.1 pos=151.4,0.0,114.8 cell=2,0,1 origin=0,0,0 replicas=0 dmin=0.0 dmax=0.0 limit=88.0 speed=0.0 beyond=0 dup=0 chunks=9 orphans=0 carrierless=0 spawns=1 despawns=0 pawn=1
[nebula] client 62241 fps replicas 1 (+0.0/s -0.0/s) entities 1 in 10 pkt/s 4.7 KB/s 0 states/s (msgs: state 0 rpc 0 vars 0) rtt 0ms lead 4 (adj 1, worker saw 4) corrections 0 | full-rate interp: depth 0.0 ticks, starved 0.0% worst +0.0 | frame max 0.9ms fixed/frame max 1 | gaps>3t 0 worst 0t | render delay 3t (stream lag 0t) | snapshot age ms min 0.0 avg 0.0 max 0.0
[nebula] [nebula-probe] t=60.1 pos=151.4,0.0,114.8 cell=2,0,1 origin=0,0,0 replicas=0 dmin=0.0 dmax=0.0 limit=88.0 speed=0.0 beyond=0 dup=0 chunks=9 orphans=0 carrierless=0 spawns=1 despawns=0 pawn=1
[nebula] [nebula-probe] t=61.1 pos=151.4,0.0,114.8 cell=2,0,1 origin=0,0,0 replicas=0 dmin=0.0 dmax=0.0 limit=88.0 speed=0.0 beyond=0 dup=0 chunks=9 orphans=0 carrierless=0 spawns=1 despawns=0 pawn=1
[nebula] [nebula-probe] t=62.1 pos=151.4,0.0,114.8 cell=2,0,1 origin=0,0,0 replicas=0 dmin=0.0 dmax=0.0 limit=88.0 speed=0.0 beyond=0 dup=0 chunks=9 orphans=0 carrierless=0 spawns=1 despawns=0 pawn=1
[nebula] [nebula-probe] t=63.1 pos=151.4,0.0,114.8 cell=2,0,1 origin=0,0,0 replicas=0 dmin=0.0 dmax=0.0 limit=88.0 speed=0.0 beyond=0 dup=0 chunks=9 orphans=0 carrierless=0 spawns=1 despawns=0 pawn=1
[nebula] [nebula-probe] t=64.1 pos=151.4,0.0,114.8 cell=2,0,1 origin=0,0,0 replicas=0 dmin=0.0 dmax=0.0 limit=88.0 speed=0.0 beyond=0 dup=0 chunks=9 orphans=0 carrierless=0 spawns=1 despawns=0 pawn=1
[nebula] client 62761 fps replicas 1 (+0.0/s -0.0/s) entities 1 in 9 pkt/s 4.2 KB/s 0 states/s (msgs: state 0 rpc 0 vars 0) rtt 0ms lead 4 (adj 1, worker saw 4) corrections 0 | full-rate interp: depth 0.0 ticks, starved 0.0% worst +0.0 | frame max 0.8ms fixed/frame max 1 | gaps>3t 0 worst 0t | render delay 3t (stream lag 0t) | snapshot age ms min 0.0 avg 0.0 max 0.0
[nebula] [nebula-probe] t=65.1 pos=151.4,0.0,114.8 cell=2,0,1 origin=0,0,0 replicas=0 dmin=0.0 dmax=0.0 limit=88.0 speed=0.0 beyond=0 dup=0 chunks=9 orphans=0 carrierless=0 spawns=1 despawns=0 pawn=1
[nebula] [nebula-probe] t=66.1 pos=151.4,0.0,114.8 cell=2,0,1 origin=0,0,0 replicas=0 dmin=0.0 dmax=0.0 limit=88.0 speed=0.0 beyond=0 dup=0 chunks=9 orphans=0 carrierless=0 spawns=1 despawns=0 pawn=1
[nebula] [nebula-probe] t=67.1 pos=151.4,0.0,114.8 cell=2,0,1 origin=0,0,0 replicas=0 dmin=0.0 dmax=0.0 limit=88.0 speed=0.0 beyond=0 dup=0 chunks=9 orphans=0 carrierless=0 spawns=1 despawns=0 pawn=1
[nebula] [nebula-probe] t=68.1 pos=151.4,0.0,114.8 cell=2,0,1 origin=0,0,0 replicas=0 dmin=0.0 dmax=0.0 limit=88.0 speed=0.0 beyond=0 dup=0 chunks=9 orphans=0 carrierless=0 spawns=1 despawns=0 pawn=1
[nebula] [nebula-probe] t=69.1 pos=151.4,0.0,114.8 cell=2,0,1 origin=0,0,0 replicas=0 dmin=0.0 dmax=0.0 limit=88.0 speed=0.0 beyond=0 dup=0 chunks=9 orphans=0 carrierless=0 spawns=1 despawns=0 pawn=1
[nebula] client 63164 fps replicas 1 (+0.0/s -0.0/s) entities 1 in 7 pkt/s 3.0 KB/s 0 states/s (msgs: state 0 rpc 0 vars 0) rtt 0ms lead 4 (adj 1, worker saw 4) corrections 0 | full-rate interp: depth 0.0 ticks, starved 0.0% worst +0.0 | frame max 0.9ms fixed/frame max 1 | gaps>3t 0 worst 0t | render delay 3t (stream lag 0t) | snapshot age ms min 0.0 avg 0.0 max 0.0
[nebula] [nebula-probe] t=70.1 pos=151.4,0.0,114.8 cell=2,0,1 origin=0,0,0 replicas=0 dmin=0.0 dmax=0.0 limit=88.0 speed=0.0 beyond=0 dup=0 chunks=9 orphans=0 carrierless=0 spawns=1 despawns=0 pawn=1
[nebula] [nebula-probe] t=71.1 pos=151.4,0.0,114.8 cell=2,0,1 origin=0,0,0 replicas=0 dmin=0.0 dmax=0.0 limit=88.0 speed=0.0 beyond=0 dup=0 chunks=9 orphans=0 carrierless=0 spawns=1 despawns=0 pawn=1
[nebula] [nebula-probe] t=72.1 pos=151.4,0.0,114.8 cell=2,0,1 origin=0,0,0 replicas=0 dmin=0.0 dmax=0.0 limit=88.0 speed=0.0 beyond=0 dup=0 chunks=9 orphans=0 carrierless=0 spawns=1 despawns=0 pawn=1
[nebula] [nebula-probe] t=73.1 pos=151.4,0.0,114.8 cell=2,0,1 origin=0,0,0 replicas=0 dmin=0.0 dmax=0.0 limit=88.0 speed=0.0 beyond=0 dup=0 chunks=9 orphans=0 carrierless=0 spawns=1 despawns=0 pawn=1
[nebula] [nebula-probe] t=74.1 pos=151.4,0.0,114.8 cell=2,0,1 origin=0,0,0 replicas=0 dmin=0.0 dmax=0.0 limit=88.0 speed=0.0 beyond=0 dup=0 chunks=9 orphans=0 carrierless=0 spawns=1 despawns=0 pawn=1
[nebula] client 62621 fps replicas 1 (+0.0/s -0.0/s) entities 1 in 9 pkt/s 4.1 KB/s 0 states/s (msgs: state 0 rpc 0 vars 0) rtt 0ms lead 4 (adj 1, worker saw 4) corrections 0 | full-rate interp: depth 0.0 ticks, starved 0.0% worst +0.0 | frame max 1.2ms fixed/frame max 1 | gaps>3t 0 worst 0t | render delay 3t (stream lag 0t) | snapshot age ms min 0.0 avg 0.0 max 0.0
[nebula] [nebula-probe] t=75.1 pos=151.4,0.0,114.8 cell=2,0,1 origin=0,0,0 replicas=0 dmin=0.0 dmax=0.0 limit=88.0 speed=0.0 beyond=0 dup=0 chunks=9 orphans=0 carrierless=0 spawns=1 despawns=0 pawn=1
[nebula] [nebula-probe] t=76.1 pos=151.4,0.0,114.8 cell=2,0,1 origin=0,0,0 replicas=0 dmin=0.0 dmax=0.0 limit=88.0 speed=0.0 beyond=0 dup=0 chunks=9 orphans=0 carrierless=0 spawns=1 despawns=0 pawn=1
[nebula] [nebula-probe] t=77.1 pos=151.4,0.0,114.8 cell=2,0,1 origin=0,0,0 replicas=0 dmin=0.0 dmax=0.0 limit=88.0 speed=0.0 beyond=0 dup=0 chunks=9 orphans=0 carrierless=0 spawns=1 despawns=0 pawn=1
[nebula] [nebula-probe] t=78.1 pos=151.4,0.0,114.8 cell=2,0,1 origin=0,0,0 replicas=0 dmin=0.0 dmax=0.0 limit=88.0 speed=0.0 beyond=0 dup=0 chunks=9 orphans=0 carrierless=0 spawns=1 despawns=0 pawn=1
[nebula] [nebula-probe] t=79.1 pos=151.4,0.0,114.8 cell=2,0,1 origin=0,0,0 replicas=0 dmin=0.0 dmax=0.0 limit=88.0 speed=0.0 beyond=0 dup=0 chunks=9 orphans=0 carrierless=0 spawns=1 despawns=0 pawn=1
[nebula] client 62963 fps replicas 1 (+0.0/s -0.0/s) entities 1 in 7 pkt/s 2.8 KB/s 0 states/s (msgs: state 0 rpc 0 vars 0) rtt 0ms lead 4 (adj 1, worker saw 4) corrections 0 | full-rate interp: depth 0.0 ticks, starved 0.0% worst +0.0 | frame max 0.8ms fixed/frame max 1 | gaps>3t 0 worst 0t | render delay 3t (stream lag 0t) | snapshot age ms min 0.0 avg 0.0 max 0.0
[nebula] [nebula-probe] t=80.1 pos=151.4,0.0,114.8 cell=2,0,1 origin=0,0,0 replicas=0 dmin=0.0 dmax=0.0 limit=88.0 speed=0.0 beyond=0 dup=0 chunks=9 orphans=0 carrierless=0 spawns=1 despawns=0 pawn=1
[nebula] [nebula-probe] t=81.1 pos=151.4,0.0,114.8 cell=2,0,1 origin=0,0,0 replicas=0 dmin=0.0 dmax=0.0 limit=88.0 speed=0.0 beyond=0 dup=0 chunks=9 orphans=0 carrierless=0 spawns=1 despawns=0 pawn=1
[nebula] [nebula-probe] t=82.1 pos=151.4,0.0,114.8 cell=2,0,1 origin=0,0,0 replicas=0 dmin=0.0 dmax=0.0 limit=88.0 speed=0.0 beyond=0 dup=0 chunks=9 orphans=0 carrierless=0 spawns=1 despawns=0 pawn=1
[nebula] [nebula-probe] t=83.1 pos=151.4,0.0,114.8 cell=2,0,1 origin=0,0,0 replicas=0 dmin=0.0 dmax=0.0 limit=88.0 speed=0.0 beyond=0 dup=0 chunks=9 orphans=0 carrierless=0 spawns=1 despawns=0 pawn=1
[nebula] [nebula-probe] t=84.1 pos=151.4,0.0,114.8 cell=2,0,1 origin=0,0,0 replicas=0 dmin=0.0 dmax=0.0 limit=88.0 speed=0.0 beyond=0 dup=0 chunks=9 orphans=0 carrierless=0 spawns=1 despawns=0 pawn=1
[nebula] client 62654 fps replicas 1 (+0.0/s -0.0/s) entities 1 in 8 pkt/s 3.8 KB/s 0 states/s (msgs: state 0 rpc 0 vars 0) rtt 0ms lead 4 (adj 1, worker saw 4) corrections 0 | full-rate interp: depth 0.0 ticks, starved 0.0% worst +0.0 | frame max 0.8ms fixed/frame max 1 | gaps>3t 0 worst 0t | render delay 3t (stream lag 0t) | snapshot age ms min 0.0 avg 0.0 max 0.0
[nebula] [nebula-probe] t=85.1 pos=151.4,0.0,114.8 cell=2,0,1 origin=0,0,0 replicas=0 dmin=0.0 dmax=0.0 limit=88.0 speed=0.0 beyond=0 dup=0 chunks=9 orphans=0 carrierless=0 spawns=1 despawns=0 pawn=1
[nebula] [nebula-probe] t=86.1 pos=151.4,0.0,114.8 cell=2,0,1 origin=0,0,0 replicas=0 dmin=0.0 dmax=0.0 limit=88.0 speed=0.0 beyond=0 dup=0 chunks=9 orphans=0 carrierless=0 spawns=1 despawns=0 pawn=1
[nebula] [nebula-probe] t=87.1 pos=151.4,0.0,114.8 cell=2,0,1 origin=0,0,0 replicas=0 dmin=0.0 dmax=0.0 limit=88.0 speed=0.0 beyond=0 dup=0 chunks=9 orphans=0 carrierless=0 spawns=1 despawns=0 pawn=1
[nebula] [nebula-probe] t=88.1 pos=151.4,0.0,114.8 cell=2,0,1 origin=0,0,0 replicas=0 dmin=0.0 dmax=0.0 limit=88.0 speed=0.0 beyond=0 dup=0 chunks=9 orphans=0 carrierless=0 spawns=1 despawns=0 pawn=1
[nebula] [nebula-probe] t=89.1 pos=151.4,0.0,114.8 cell=2,0,1 origin=0,0,0 replicas=0 dmin=0.0 dmax=0.0 limit=88.0 speed=0.0 beyond=0 dup=0 chunks=9 orphans=0 carrierless=0 spawns=1 despawns=0 pawn=1
[nebula] client 62945 fps replicas 1 (+0.0/s -0.0/s) entities 1 in 9 pkt/s 4.3 KB/s 0 states/s (msgs: state 0 rpc 0 vars 0) rtt 0ms lead 4 (adj 1, worker saw 4) corrections 0 | full-rate interp: depth 0.0 ticks, starved 0.0% worst +0.0 | frame max 0.8ms fixed/frame max 1 | gaps>3t 0 worst 0t | render delay 3t (stream lag 0t) | snapshot age ms min 0.0 avg 0.0 max 0.0
[nebula] [nebula-probe] t=90.1 pos=151.4,0.0,114.8 cell=2,0,1 origin=0,0,0 replicas=0 dmin=0.0 dmax=0.0 limit=88.0 speed=0.0 beyond=0 dup=0 chunks=9 orphans=0 carrierless=0 spawns=1 despawns=0 pawn=1
[nebula] [nebula-probe] t=91.1 pos=151.4,0.0,114.8 cell=2,0,1 origin=0,0,0 replicas=0 dmin=0.0 dmax=0.0 limit=88.0 speed=0.0 beyond=0 dup=0 chunks=9 orphans=0 carrierless=0 spawns=1 despawns=0 pawn=1
[nebula] [nebula-probe] t=92.1 pos=151.4,0.0,114.8 cell=2,0,1 origin=0,0,0 replicas=0 dmin=0.0 dmax=0.0 limit=88.0 speed=0.0 beyond=0 dup=0 chunks=9 orphans=0 carrierless=0 spawns=1 despawns=0 pawn=1
[nebula] [nebula-probe] t=93.1 pos=151.4,0.0,114.8 cell=2,0,1 origin=0,0,0 replicas=0 dmin=0.0 dmax=0.0 limit=88.0 speed=0.0 beyond=0 dup=0 chunks=9 orphans=0 carrierless=0 spawns=1 despawns=0 pawn=1
[nebula] [nebula-probe] t=94.1 pos=151.4,0.0,114.8 cell=2,0,1 origin=0,0,0 replicas=0 dmin=0.0 dmax=0.0 limit=88.0 speed=0.0 beyond=0 dup=0 chunks=9 orphans=0 carrierless=0 spawns=1 despawns=0 pawn=1
[nebula] client 63172 fps replicas 1 (+0.0/s -0.0/s) entities 1 in 8 pkt/s 3.7 KB/s 0 states/s (msgs: state 0 rpc 0 vars 0) rtt 0ms lead 4 (adj 1, worker saw 4) corrections 0 | full-rate interp: depth 0.0 ticks, starved 0.0% worst +0.0 | frame max 0.9ms fixed/frame max 1 | gaps>3t 0 worst 0t | render delay 3t (stream lag 0t) | snapshot age ms min 0.0 avg 0.0 max 0.0
[nebula] [nebula-probe] t=95.1 pos=151.4,0.0,114.8 cell=2,0,1 origin=0,0,0 replicas=0 dmin=0.0 dmax=0.0 limit=88.0 speed=0.0 beyond=0 dup=0 chunks=9 orphans=0 carrierless=0 spawns=1 despawns=0 pawn=1
[nebula] [nebula-probe] t=96.1 pos=151.4,0.0,114.8 cell=2,0,1 origin=0,0,0 replicas=0 dmin=0.0 dmax=0.0 limit=88.0 speed=0.0 beyond=0 dup=0 chunks=9 orphans=0 carrierless=0 spawns=1 despawns=0 pawn=1
[nebula] [nebula-probe] t=97.1 pos=151.4,0.0,114.8 cell=2,0,1 origin=0,0,0 replicas=0 dmin=0.0 dmax=0.0 limit=88.0 speed=0.0 beyond=0 dup=0 chunks=9 orphans=0 carrierless=0 spawns=1 despawns=0 pawn=1
[nebula] [nebula-probe] t=98.1 pos=151.4,0.0,114.8 cell=2,0,1 origin=0,0,0 replicas=0 dmin=0.0 dmax=0.0 limit=88.0 speed=0.0 beyond=0 dup=0 chunks=9 orphans=0 carrierless=0 spawns=1 despawns=0 pawn=1
[nebula] [nebula-probe] t=99.1 pos=151.4,0.0,114.8 cell=2,0,1 origin=0,0,0 replicas=0 dmin=0.0 dmax=0.0 limit=88.0 speed=0.0 beyond=0 dup=0 chunks=9 orphans=0 carrierless=0 spawns=1 despawns=0 pawn=1
[nebula] client 63104 fps replicas 1 (+0.0/s -0.0/s) entities 1 in 7 pkt/s 3.3 KB/s 0 states/s (msgs: state 0 rpc 0 vars 0) rtt 0ms lead 4 (adj 1, worker saw 4) corrections 0 | full-rate interp: depth 0.0 ticks, starved 0.0% worst +0.0 | frame max 0.9ms fixed/frame max 1 | gaps>3t 0 worst 0t | render delay 3t (stream lag 0t) | snapshot age ms min 0.0 avg 0.0 max 0.0
[nebula] [nebula-probe] t=100.1 pos=151.4,0.0,114.8 cell=2,0,1 origin=0,0,0 replicas=0 dmin=0.0 dmax=0.0 limit=88.0 speed=0.0 beyond=0 dup=0 chunks=9 orphans=0 carrierless=0 spawns=1 despawns=0 pawn=1
[nebula] [nebula-probe] t=101.1 pos=151.4,0.0,114.8 cell=2,0,1 origin=0,0,0 replicas=0 dmin=0.0 dmax=0.0 limit=88.0 speed=0.0 beyond=0 dup=0 chunks=9 orphans=0 carrierless=0 spawns=1 despawns=0 pawn=1
[nebula] [nebula-probe] t=102.1 pos=151.4,0.0,114.8 cell=2,0,1 origin=0,0,0 replicas=0 dmin=0.0 dmax=0.0 limit=88.0 speed=0.0 beyond=0 dup=0 chunks=9 orphans=0 carrierless=0 spawns=1 despawns=0 pawn=1
[nebula] [nebula-probe] t=103.1 pos=151.4,0.0,114.8 cell=2,0,1 origin=0,0,0 replicas=0 dmin=0.0 dmax=0.0 limit=88.0 speed=0.0 beyond=0 dup=0 chunks=9 orphans=0 carrierless=0 spawns=1 despawns=0 pawn=1
[nebula] [nebula-probe] t=104.1 pos=151.4,0.0,114.8 cell=2,0,1 origin=0,0,0 replicas=0 dmin=0.0 dmax=0.0 limit=88.0 speed=0.0 beyond=0 dup=0 chunks=9 orphans=0 carrierless=0 spawns=1 despawns=0 pawn=1
[nebula] client 62575 fps replicas 1 (+0.0/s -0.0/s) entities 1 in 9 pkt/s 4.3 KB/s 0 states/s (msgs: state 0 rpc 0 vars 0) rtt 0ms lead 4 (adj 1, worker saw 4) corrections 0 | full-rate interp: depth 0.0 ticks, starved 0.0% worst +0.0 | frame max 0.8ms fixed/frame max 1 | gaps>3t 0 worst 0t | render delay 3t (stream lag 0t) | snapshot age ms min 0.0 avg 0.0 max 0.0
[nebula] [nebula-probe] t=105.1 pos=151.4,0.0,114.8 cell=2,0,1 origin=0,0,0 replicas=0 dmin=0.0 dmax=0.0 limit=88.0 speed=0.0 beyond=0 dup=0 chunks=9 orphans=0 carrierless=0 spawns=1 despawns=0 pawn=1
[nebula] [nebula-probe] t=106.1 pos=151.4,0.0,114.8 cell=2,0,1 origin=0,0,0 replicas=0 dmin=0.0 dmax=0.0 limit=88.0 speed=0.0 beyond=0 dup=0 chunks=9 orphans=0 carrierless=0 spawns=1 despawns=0 pawn=1
[nebula] [nebula-probe] t=107.1 pos=151.4,0.0,114.8 cell=2,0,1 origin=0,0,0 replicas=0 dmin=0.0 dmax=0.0 limit=88.0 speed=0.0 beyond=0 dup=0 chunks=9 orphans=0 carrierless=0 spawns=1 despawns=0 pawn=1
[nebula] [nebula-probe] t=108.1 pos=151.4,0.0,114.8 cell=2,0,1 origin=0,0,0 replicas=0 dmin=0.0 dmax=0.0 limit=88.0 speed=0.0 beyond=0 dup=0 chunks=9 orphans=0 carrierless=0 spawns=1 despawns=0 pawn=1
[nebula] [nebula-probe] t=109.1 pos=151.4,0.0,114.8 cell=2,0,1 origin=0,0,0 replicas=0 dmin=0.0 dmax=0.0 limit=88.0 speed=0.0 beyond=0 dup=0 chunks=9 orphans=0 carrierless=0 spawns=1 despawns=0 pawn=1
[nebula] client 62733 fps replicas 1 (+0.0/s -0.0/s) entities 1 in 8 pkt/s 3.4 KB/s 0 states/s (msgs: state 0 rpc 0 vars 0) rtt 0ms lead 4 (adj 1, worker saw 4) corrections 0 | full-rate interp: depth 0.0 ticks, starved 0.0% worst +0.0 | frame max 0.9ms fixed/frame max 1 | gaps>3t 0 worst 0t | render delay 3t (stream lag 0t) | snapshot age ms min 0.0 avg 0.0 max 0.0
[nebula] [nebula-probe] t=110.1 pos=151.4,0.0,114.8 cell=2,0,1 origin=0,0,0 replicas=0 dmin=0.0 dmax=0.0 limit=88.0 speed=0.0 beyond=0 dup=0 chunks=9 orphans=0 carrierless=0 spawns=1 despawns=0 pawn=1
[nebula] [nebula-probe] t=111.1 pos=151.4,0.0,114.8 cell=2,0,1 origin=0,0,0 replicas=0 dmin=0.0 dmax=0.0 limit=88.0 speed=0.0 beyond=0 dup=0 chunks=9 orphans=0 carrierless=0 spawns=1 despawns=0 pawn=1
[nebula] [nebula-probe] t=112.1 pos=151.4,0.0,114.8 cell=2,0,1 origin=0,0,0 replicas=0 dmin=0.0 dmax=0.0 limit=88.0 speed=0.0 beyond=0 dup=0 chunks=9 orphans=0 carrierless=0 spawns=1 despawns=0 pawn=1
[nebula] [nebula-probe] t=113.1 pos=151.4,0.0,114.8 cell=2,0,1 origin=0,0,0 replicas=0 dmin=0.0 dmax=0.0 limit=88.0 speed=0.0 beyond=0 dup=0 chunks=9 orphans=0 carrierless=0 spawns=1 despawns=0 pawn=1
[nebula] [nebula-probe] t=114.1 pos=151.4,0.0,114.8 cell=2,0,1 origin=0,0,0 replicas=0 dmin=0.0 dmax=0.0 limit=88.0 speed=0.0 beyond=0 dup=0 chunks=9 orphans=0 carrierless=0 spawns=1 despawns=0 pawn=1
[nebula] client 62744 fps replicas 1 (+0.0/s -0.0/s) entities 1 in 8 pkt/s 3.7 KB/s 0 states/s (msgs: state 0 rpc 0 vars 0) rtt 0ms lead 4 (adj 1, worker saw 4) corrections 0 | full-rate interp: depth 0.0 ticks, starved 0.0% worst +0.0 | frame max 1.0ms fixed/frame max 1 | gaps>3t 0 worst 0t | render delay 3t (stream lag 0t) | snapshot age ms min 0.0 avg 0.0 max 0.0
[nebula] [nebula-probe] t=115.1 pos=151.4,0.0,114.8 cell=2,0,1 origin=0,0,0 replicas=0 dmin=0.0 dmax=0.0 limit=88.0 speed=0.0 beyond=0 dup=0 chunks=9 orphans=0 carrierless=0 spawns=1 despawns=0 pawn=1
[nebula] [nebula-probe] t=116.1 pos=151.4,0.0,114.8 cell=2,0,1 origin=0,0,0 replicas=0 dmin=0.0 dmax=0.0 limit=88.0 speed=0.0 beyond=0 dup=0 chunks=9 orphans=0 carrierless=0 spawns=1 despawns=0 pawn=1
[nebula] [nebula-probe] t=117.1 pos=151.4,0.0,114.8 cell=2,0,1 origin=0,0,0 replicas=0 dmin=0.0 dmax=0.0 limit=88.0 speed=0.0 beyond=0 dup=0 chunks=9 orphans=0 carrierless=0 spawns=1 despawns=0 pawn=1
[nebula] [nebula-probe] t=118.1 pos=151.4,0.0,114.8 cell=2,0,1 origin=0,0,0 replicas=0 dmin=0.0 dmax=0.0 limit=88.0 speed=0.0 beyond=0 dup=0 chunks=9 orphans=0 carrierless=0 spawns=1 despawns=0 pawn=1
[nebula] [nebula-probe] t=119.1 pos=151.4,0.0,114.8 cell=2,0,1 origin=0,0,0 replicas=0 dmin=0.0 dmax=0.0 limit=88.0 speed=0.0 beyond=0 dup=0 chunks=9 orphans=0 carrierless=0 spawns=1 despawns=0 pawn=1
[nebula] client 62811 fps replicas 1 (+0.0/s -0.0/s) entities 1 in 11 pkt/s 5.4 KB/s 0 states/s (msgs: state 0 rpc 0 vars 0) rtt 0ms lead 4 (adj 1, worker saw 4) corrections 0 | full-rate interp: depth 0.0 ticks, starved 0.0% worst +0.0 | frame max 0.8ms fixed/frame max 1 | gaps>3t 0 worst 0t | render delay 3t (stream lag 0t) | snapshot age ms min 0.0 avg 0.0 max 0.0
[nebula] [nebula-probe] t=120.1 pos=151.4,0.0,114.8 cell=2,0,1 origin=0,0,0 replicas=0 dmin=0.0 dmax=0.0 limit=88.0 speed=0.0 beyond=0 dup=0 chunks=9 orphans=0 carrierless=0 spawns=1 despawns=0 pawn=1
[nebula] [nebula-probe] t=121.1 pos=151.4,0.0,114.8 cell=2,0,1 origin=0,0,0 replicas=0 dmin=0.0 dmax=0.0 limit=88.0 speed=0.0 beyond=0 dup=0 chunks=9 orphans=0 carrierless=0 spawns=1 despawns=0 pawn=1
[nebula] [nebula-probe] t=122.1 pos=151.4,0.0,114.8 cell=2,0,1 origin=0,0,0 replicas=0 dmin=0.0 dmax=0.0 limit=88.0 speed=0.0 beyond=0 dup=0 chunks=9 orphans=0 carrierless=0 spawns=1 despawns=0 pawn=1
[nebula] [nebula-probe] t=123.1 pos=151.4,0.0,114.8 cell=2,0,1 origin=0,0,0 replicas=0 dmin=0.0 dmax=0.0 limit=88.0 speed=0.0 beyond=0 dup=0 chunks=9 orphans=0 carrierless=0 spawns=1 despawns=0 pawn=1
[nebula] [nebula-probe] t=124.1 pos=151.4,0.0,114.8 cell=2,0,1 origin=0,0,0 replicas=0 dmin=0.0 dmax=0.0 limit=88.0 speed=0.0 beyond=0 dup=0 chunks=9 orphans=0 carrierless=0 spawns=1 despawns=0 pawn=1
[nebula] client 62403 fps replicas 1 (+0.0/s -0.0/s) entities 1 in 8 pkt/s 3.9 KB/s 0 states/s (msgs: state 0 rpc 0 vars 0) rtt 0ms lead 4 (adj 1, worker saw 4) corrections 0 | full-rate interp: depth 0.0 ticks, starved 0.0% worst +0.0 | frame max 0.9ms fixed/frame max 1 | gaps>3t 0 worst 0t | render delay 3t (stream lag 0t) | snapshot age ms min 0.0 avg 0.0 max 0.0
[nebula] [nebula-probe] t=125.1 pos=151.4,0.0,114.8 cell=2,0,1 origin=0,0,0 replicas=0 dmin=0.0 dmax=0.0 limit=88.0 speed=0.0 beyond=0 dup=0 chunks=9 orphans=0 carrierless=0 spawns=1 despawns=0 pawn=1
[nebula] [nebula-probe] t=126.1 pos=151.4,0.0,114.8 cell=2,0,1 origin=0,0,0 replicas=0 dmin=0.0 dmax=0.0 limit=88.0 speed=0.0 beyond=0 dup=0 chunks=9 orphans=0 carrierless=0 spawns=1 despawns=0 pawn=1
[nebula] [nebula-probe] t=127.1 pos=151.4,0.0,114.8 cell=2,0,1 origin=0,0,0 replicas=0 dmin=0.0 dmax=0.0 limit=88.0 speed=0.0 beyond=0 dup=0 chunks=9 orphans=0 carrierless=0 spawns=1 despawns=0 pawn=1
[nebula] [nebula-probe] t=128.1 pos=151.4,0.0,114.8 cell=2,0,1 origin=0,0,0 replicas=0 dmin=0.0 dmax=0.0 limit=88.0 speed=0.0 beyond=0 dup=0 chunks=9 orphans=0 carrierless=0 spawns=1 despawns=0 pawn=1
[nebula] [nebula-probe] t=129.1 pos=151.4,0.0,114.8 cell=2,0,1 origin=0,0,0 replicas=0 dmin=0.0 dmax=0.0 limit=88.0 speed=0.0 beyond=0 dup=0 chunks=9 orphans=0 carrierless=0 spawns=1 despawns=0 pawn=1
[nebula] client 62537 fps replicas 1 (+0.0/s -0.0/s) entities 1 in 8 pkt/s 3.8 KB/s 0 states/s (msgs: state 0 rpc 0 vars 0) rtt 0ms lead 4 (adj 1, worker saw 4) corrections 0 | full-rate interp: depth 0.0 ticks, starved 0.0% worst +0.0 | frame max 0.9ms fixed/frame max 1 | gaps>3t 0 worst 0t | render delay 3t (stream lag 0t) | snapshot age ms min 0.0 avg 0.0 max 0.0
[nebula] [nebula-probe] t=130.1 pos=151.4,0.0,114.8 cell=2,0,1 origin=0,0,0 replicas=0 dmin=0.0 dmax=0.0 limit=88.0 speed=0.0 beyond=0 dup=0 chunks=9 orphans=0 carrierless=0 spawns=1 despawns=0 pawn=1
[nebula] [nebula-probe] t=131.1 pos=151.4,0.0,114.8 cell=2,0,1 origin=0,0,0 replicas=0 dmin=0.0 dmax=0.0 limit=88.0 speed=0.0 beyond=0 dup=0 chunks=9 orphans=0 carrierless=0 spawns=1 despawns=0 pawn=1
[nebula] [nebula-probe] t=132.1 pos=151.4,0.0,114.8 cell=2,0,1 origin=0,0,0 replicas=0 dmin=0.0 dmax=0.0 limit=88.0 speed=0.0 beyond=0 dup=0 chunks=9 orphans=0 carrierless=0 spawns=1 despawns=0 pawn=1
[nebula] [nebula-probe] t=133.1 pos=151.4,0.0,114.8 cell=2,0,1 origin=0,0,0 replicas=0 dmin=0.0 dmax=0.0 limit=88.0 speed=0.0 beyond=0 dup=0 chunks=9 orphans=0 carrierless=0 spawns=1 despawns=0 pawn=1
[nebula] [nebula-probe] t=134.1 pos=151.4,0.0,114.8 cell=2,0,1 origin=0,0,0 replicas=0 dmin=0.0 dmax=0.0 limit=88.0 speed=0.0 beyond=0 dup=0 chunks=9 orphans=0 carrierless=0 spawns=1 despawns=0 pawn=1
[nebula] client 62293 fps replicas 1 (+0.0/s -0.0/s) entities 1 in 10 pkt/s 4.9 KB/s 0 states/s (msgs: state 0 rpc 0 vars 0) rtt 0ms lead 4 (adj 1, worker saw 4) corrections 0 | full-rate interp: depth 0.0 ticks, starved 0.0% worst +0.0 | frame max 0.9ms fixed/frame max 1 | gaps>3t 0 worst 0t | render delay 3t (stream lag 0t) | snapshot age ms min 0.0 avg 0.0 max 0.0
[nebula] [nebula-probe] t=135.1 pos=151.4,0.0,114.8 cell=2,0,1 origin=0,0,0 replicas=0 dmin=0.0 dmax=0.0 limit=88.0 speed=0.0 beyond=0 dup=0 chunks=9 orphans=0 carrierless=0 spawns=1 despawns=0 pawn=1
[nebula] [nebula-probe] t=136.1 pos=151.4,0.0,114.8 cell=2,0,1 origin=0,0,0 replicas=0 dmin=0.0 dmax=0.0 limit=88.0 speed=0.0 beyond=0 dup=0 chunks=9 orphans=0 carrierless=0 spawns=1 despawns=0 pawn=1
[nebula] [nebula-probe] t=137.1 pos=151.4,0.0,114.8 cell=2,0,1 origin=0,0,0 replicas=0 dmin=0.0 dmax=0.0 limit=88.0 speed=0.0 beyond=0 dup=0 chunks=9 orphans=0 carrierless=0 spawns=1 despawns=0 pawn=1
[nebula] [nebula-probe] t=138.1 pos=151.4,0.0,114.8 cell=2,0,1 origin=0,0,0 replicas=0 dmin=0.0 dmax=0.0 limit=88.0 speed=0.0 beyond=0 dup=0 chunks=9 orphans=0 carrierless=0 spawns=1 despawns=0 pawn=1
[nebula] [nebula-probe] t=139.1 pos=151.4,0.0,114.8 cell=2,0,1 origin=0,0,0 replicas=0 dmin=0.0 dmax=0.0 limit=88.0 speed=0.0 beyond=0 dup=0 chunks=9 orphans=0 carrierless=0 spawns=1 despawns=0 pawn=1
[nebula] client 63041 fps replicas 1 (+0.0/s -0.0/s) entities 1 in 8 pkt/s 3.7 KB/s 0 states/s (msgs: state 0 rpc 0 vars 0) rtt 0ms lead 4 (adj 1, worker saw 4) corrections 0 | full-rate interp: depth 0.0 ticks, starved 0.0% worst +0.0 | frame max 0.9ms fixed/frame max 1 | gaps>3t 0 worst 0t | render delay 3t (stream lag 0t) | snapshot age ms min 0.0 avg 0.0 max 0.0
[nebula] [nebula-probe] t=140.1 pos=151.4,0.0,114.8 cell=2,0,1 origin=0,0,0 replicas=0 dmin=0.0 dmax=0.0 limit=88.0 speed=0.0 beyond=0 dup=0 chunks=9 orphans=0 carrierless=0 spawns=1 despawns=0 pawn=1
[nebula] [nebula-probe] t=141.1 pos=151.4,0.0,114.8 cell=2,0,1 origin=0,0,0 replicas=0 dmin=0.0 dmax=0.0 limit=88.0 speed=0.0 beyond=0 dup=0 chunks=9 orphans=0 carrierless=0 spawns=1 despawns=0 pawn=1
[nebula] [nebula-probe] t=142.1 pos=151.4,0.0,114.8 cell=2,0,1 origin=0,0,0 replicas=0 dmin=0.0 dmax=0.0 limit=88.0 speed=0.0 beyond=0 dup=0 chunks=9 orphans=0 carrierless=0 spawns=1 despawns=0 pawn=1
[nebula] [nebula-probe] t=143.1 pos=151.4,0.0,114.8 cell=2,0,1 origin=0,0,0 replicas=0 dmin=0.0 dmax=0.0 limit=88.0 speed=0.0 beyond=0 dup=0 chunks=9 orphans=0 carrierless=0 spawns=1 despawns=0 pawn=1
[nebula] [nebula-probe] t=144.1 pos=151.4,0.0,114.8 cell=2,0,1 origin=0,0,0 replicas=0 dmin=0.0 dmax=0.0 limit=88.0 speed=0.0 beyond=0 dup=0 chunks=9 orphans=0 carrierless=0 spawns=1 despawns=0 pawn=1
[nebula] client 62735 fps replicas 1 (+0.0/s -0.0/s) entities 1 in 9 pkt/s 4.2 KB/s 0 states/s (msgs: state 0 rpc 0 vars 0) rtt 0ms lead 4 (adj 1, worker saw 4) corrections 0 | full-rate interp: depth 0.0 ticks, starved 0.0% worst +0.0 | frame max 0.8ms fixed/frame max 1 | gaps>3t 0 worst 0t | render delay 3t (stream lag 0t) | snapshot age ms min 0.0 avg 0.0 max 0.0
[nebula] [nebula-probe] t=145.1 pos=151.4,0.0,114.8 cell=2,0,1 origin=0,0,0 replicas=0 dmin=0.0 dmax=0.0 limit=88.0 speed=0.0 beyond=0 dup=0 chunks=9 orphans=0 carrierless=0 spawns=1 despawns=0 pawn=1
[nebula] [nebula-probe] t=146.1 pos=151.4,0.0,114.8 cell=2,0,1 origin=0,0,0 replicas=0 dmin=0.0 dmax=0.0 limit=88.0 speed=0.0 beyond=0 dup=0 chunks=9 orphans=0 carrierless=0 spawns=1 despawns=0 pawn=1
[nebula] [nebula-probe] t=147.1 pos=151.4,0.0,114.8 cell=2,0,1 origin=0,0,0 replicas=0 dmin=0.0 dmax=0.0 limit=88.0 speed=0.0 beyond=0 dup=0 chunks=9 orphans=0 carrierless=0 spawns=1 despawns=0 pawn=1
[nebula] [nebula-probe] t=148.1 pos=151.4,0.0,114.8 cell=2,0,1 origin=0,0,0 replicas=0 dmin=0.0 dmax=0.0 limit=88.0 speed=0.0 beyond=0 dup=0 chunks=9 orphans=0 carrierless=0 spawns=1 despawns=0 pawn=1
[nebula] [nebula-probe] t=149.1 pos=151.4,0.0,114.8 cell=2,0,1 origin=0,0,0 replicas=0 dmin=0.0 dmax=0.0 limit=88.0 speed=0.0 beyond=0 dup=0 chunks=9 orphans=0 carrierless=0 spawns=1 despawns=0 pawn=1
[nebula] client 62489 fps replicas 1 (+0.0/s -0.0/s) entities 1 in 10 pkt/s 4.9 KB/s 0 states/s (msgs: state 0 rpc 0 vars 0) rtt 0ms lead 4 (adj 1, worker saw 4) corrections 0 | full-rate interp: depth 0.0 ticks, starved 0.0% worst +0.0 | frame max 0.8ms fixed/frame max 1 | gaps>3t 0 worst 0t | render delay 3t (stream lag 0t) | snapshot age ms min 0.0 avg 0.0 max 0.0
[nebula] [nebula-probe] t=150.1 pos=151.4,0.0,114.8 cell=2,0,1 origin=0,0,0 replicas=0 dmin=0.0 dmax=0.0 limit=88.0 speed=0.0 beyond=0 dup=0 chunks=9 orphans=0 carrierless=0 spawns=1 despawns=0 pawn=1
[nebula] [nebula-probe] t=151.1 pos=151.4,0.0,114.8 cell=2,0,1 origin=0,0,0 replicas=0 dmin=0.0 dmax=0.0 limit=88.0 speed=0.0 beyond=0 dup=0 chunks=9 orphans=0 carrierless=0 spawns=1 despawns=0 pawn=1
[nebula] [nebula-probe] t=152.1 pos=151.4,0.0,114.8 cell=2,0,1 origin=0,0,0 replicas=0 dmin=0.0 dmax=0.0 limit=88.0 speed=0.0 beyond=0 dup=0 chunks=9 orphans=0 carrierless=0 spawns=1 despawns=0 pawn=1
[nebula] [nebula-probe] t=153.1 pos=151.4,0.0,114.8 cell=2,0,1 origin=0,0,0 replicas=0 dmin=0.0 dmax=0.0 limit=88.0 speed=0.0 beyond=0 dup=0 chunks=9 orphans=0 carrierless=0 spawns=1 despawns=0 pawn=1
[nebula] [nebula-probe] t=154.1 pos=151.4,0.0,114.8 cell=2,0,1 origin=0,0,0 replicas=0 dmin=0.0 dmax=0.0 limit=88.0 speed=0.0 beyond=0 dup=0 chunks=9 orphans=0 carrierless=0 spawns=1 despawns=0 pawn=1
[nebula] client 62804 fps replicas 1 (+0.0/s -0.0/s) entities 1 in 7 pkt/s 3.2 KB/s 0 states/s (msgs: state 0 rpc 0 vars 0) rtt 0ms lead 4 (adj 1, worker saw 4) corrections 0 | full-rate interp: depth 0.0 ticks, starved 0.0% worst +0.0 | frame max 0.8ms fixed/frame max 1 | gaps>3t 0 worst 0t | render delay 3t (stream lag 0t) | snapshot age ms min 0.0 avg 0.0 max 0.0
[nebula] [nebula-probe] t=155.1 pos=151.4,0.0,114.8 cell=2,0,1 origin=0,0,0 replicas=0 dmin=0.0 dmax=0.0 limit=88.0 speed=0.0 beyond=0 dup=0 chunks=9 orphans=0 carrierless=0 spawns=1 despawns=0 pawn=1
[nebula] [nebula-probe] t=156.1 pos=151.4,0.0,114.8 cell=2,0,1 origin=0,0,0 replicas=0 dmin=0.0 dmax=0.0 limit=88.0 speed=0.0 beyond=0 dup=0 chunks=9 orphans=0 carrierless=0 spawns=1 despawns=0 pawn=1
[nebula] [nebula-probe] t=157.1 pos=151.4,0.0,114.8 cell=2,0,1 origin=0,0,0 replicas=0 dmin=0.0 dmax=0.0 limit=88.0 speed=0.0 beyond=0 dup=0 chunks=9 orphans=0 carrierless=0 spawns=1 despawns=0 pawn=1
[nebula] [nebula-probe] t=158.1 pos=151.4,0.0,114.8 cell=2,0,1 origin=0,0,0 replicas=0 dmin=0.0 dmax=0.0 limit=88.0 speed=0.0 beyond=0 dup=0 chunks=9 orphans=0 carrierless=0 spawns=1 despawns=0 pawn=1
[nebula] [nebula-probe] t=159.1 pos=151.4,0.0,114.8 cell=2,0,1 origin=0,0,0 replicas=0 dmin=0.0 dmax=0.0 limit=88.0 speed=0.0 beyond=0 dup=0 chunks=9 orphans=0 carrierless=0 spawns=1 despawns=0 pawn=1
[nebula] client 62854 fps replicas 1 (+0.0/s -0.0/s) entities 1 in 9 pkt/s 4.1 KB/s 0 states/s (msgs: state 0 rpc 0 vars 0) rtt 0ms lead 4 (adj 1, worker saw 4) corrections 0 | full-rate interp: depth 0.0 ticks, starved 0.0% worst +0.0 | frame max 0.9ms fixed/frame max 1 | gaps>3t 0 worst 0t | render delay 3t (stream lag 0t) | snapshot age ms min 0.0 avg 0.0 max 0.0
[nebula] [nebula-probe] t=160.1 pos=151.4,0.0,114.8 cell=2,0,1 origin=0,0,0 replicas=0 dmin=0.0 dmax=0.0 limit=88.0 speed=0.0 beyond=0 dup=0 chunks=9 orphans=0 carrierless=0 spawns=1 despawns=0 pawn=1
[nebula] [nebula-probe] t=161.1 pos=151.4,0.0,114.8 cell=2,0,1 origin=0,0,0 replicas=0 dmin=0.0 dmax=0.0 limit=88.0 speed=0.0 beyond=0 dup=0 chunks=9 orphans=0 carrierless=0 spawns=1 despawns=0 pawn=1
[nebula] [nebula-probe] t=162.1 pos=151.4,0.0,114.8 cell=2,0,1 origin=0,0,0 replicas=0 dmin=0.0 dmax=0.0 limit=88.0 speed=0.0 beyond=0 dup=0 chunks=9 orphans=0 carrierless=0 spawns=1 despawns=0 pawn=1
[nebula] [nebula-probe] t=163.1 pos=151.4,0.0,114.8 cell=2,0,1 origin=0,0,0 replicas=0 dmin=0.0 dmax=0.0 limit=88.0 speed=0.0 beyond=0 dup=0 chunks=9 orphans=0 carrierless=0 spawns=1 despawns=0 pawn=1
[nebula] [nebula-probe] t=164.1 pos=151.4,0.0,114.8 cell=2,0,1 origin=0,0,0 replicas=0 dmin=0.0 dmax=0.0 limit=88.0 speed=0.0 beyond=0 dup=0 chunks=9 orphans=0 carrierless=0 spawns=1 despawns=0 pawn=1
[nebula] client 62657 fps replicas 1 (+0.0/s -0.0/s) entities 1 in 10 pkt/s 5.0 KB/s 0 states/s (msgs: state 0 rpc 0 vars 0) rtt 0ms lead 4 (adj 1, worker saw 4) corrections 0 | full-rate interp: depth 0.0 ticks, starved 0.0% worst +0.0 | frame max 1.1ms fixed/frame max 1 | gaps>3t 0 worst 0t | render delay 3t (stream lag 0t) | snapshot age ms min 0.0 avg 0.0 max 0.0
[nebula] [nebula-probe] t=165.1 pos=151.4,0.0,114.8 cell=2,0,1 origin=0,0,0 replicas=0 dmin=0.0 dmax=0.0 limit=88.0 speed=0.0 beyond=0 dup=0 chunks=9 orphans=0 carrierless=0 spawns=1 despawns=0 pawn=1
[nebula] [nebula-probe] t=166.1 pos=151.4,0.0,114.8 cell=2,0,1 origin=0,0,0 replicas=0 dmin=0.0 dmax=0.0 limit=88.0 speed=0.0 beyond=0 dup=0 chunks=9 orphans=0 carrierless=0 spawns=1 despawns=0 pawn=1
[nebula] [nebula-probe] t=167.1 pos=151.4,0.0,114.8 cell=2,0,1 origin=0,0,0 replicas=0 dmin=0.0 dmax=0.0 limit=88.0 speed=0.0 beyond=0 dup=0 chunks=9 orphans=0 carrierless=0 spawns=1 despawns=0 pawn=1
[nebula] [nebula-probe] t=168.1 pos=151.4,0.0,114.8 cell=2,0,1 origin=0,0,0 replicas=0 dmin=0.0 dmax=0.0 limit=88.0 speed=0.0 beyond=0 dup=0 chunks=9 orphans=0 carrierless=0 spawns=1 despawns=0 pawn=1
[nebula] [nebula-probe] t=169.1 pos=151.4,0.0,114.8 cell=2,0,1 origin=0,0,0 replicas=0 dmin=0.0 dmax=0.0 limit=88.0 speed=0.0 beyond=0 dup=0 chunks=9 orphans=0 carrierless=0 spawns=1 despawns=0 pawn=1
[nebula] client 62895 fps replicas 1 (+0.0/s -0.0/s) entities 1 in 8 pkt/s 3.4 KB/s 0 states/s (msgs: state 0 rpc 0 vars 0) rtt 0ms lead 4 (adj 1, worker saw 4) corrections 0 | full-rate interp: depth 0.0 ticks, starved 0.0% worst +0.0 | frame max 1.1ms fixed/frame max 1 | gaps>3t 0 worst 0t | render delay 3t (stream lag 0t) | snapshot age ms min 0.0 avg 0.0 max 0.0
[nebula] [nebula-probe] t=170.1 pos=151.4,0.0,114.8 cell=2,0,1 origin=0,0,0 replicas=0 dmin=0.0 dmax=0.0 limit=88.0 speed=0.0 beyond=0 dup=0 chunks=9 orphans=0 carrierless=0 spawns=1 despawns=0 pawn=1
[nebula] [nebula-probe] t=171.1 pos=151.4,0.0,114.8 cell=2,0,1 origin=0,0,0 replicas=0 dmin=0.0 dmax=0.0 limit=88.0 speed=0.0 beyond=0 dup=0 chunks=9 orphans=0 carrierless=0 spawns=1 despawns=0 pawn=1
[nebula] [nebula-probe] t=172.1 pos=151.4,0.0,114.8 cell=2,0,1 origin=0,0,0 replicas=0 dmin=0.0 dmax=0.0 limit=88.0 speed=0.0 beyond=0 dup=0 chunks=9 orphans=0 carrierless=0 spawns=1 despawns=0 pawn=1
[nebula] [nebula-probe] t=173.1 pos=151.4,0.0,114.8 cell=2,0,1 origin=0,0,0 replicas=0 dmin=0.0 dmax=0.0 limit=88.0 speed=0.0 beyond=0 dup=0 chunks=9 orphans=0 carrierless=0 spawns=1 despawns=0 pawn=1
[nebula] [nebula-probe] t=174.1 pos=151.4,0.0,114.8 cell=2,0,1 origin=0,0,0 replicas=0 dmin=0.0 dmax=0.0 limit=88.0 speed=0.0 beyond=0 dup=0 chunks=9 orphans=0 carrierless=0 spawns=1 despawns=0 pawn=1
[nebula] client 62590 fps replicas 1 (+0.0/s -0.0/s) entities 1 in 9 pkt/s 4.2 KB/s 0 states/s (msgs: state 0 rpc 0 vars 0) rtt 0ms lead 4 (adj 1, worker saw 4) corrections 0 | full-rate interp: depth 0.0 ticks, starved 0.0% worst +0.0 | frame max 1.0ms fixed/frame max 1 | gaps>3t 0 worst 0t | render delay 3t (stream lag 0t) | snapshot age ms min 0.0 avg 0.0 max 0.0
[nebula] [nebula-probe] t=175.1 pos=151.4,0.0,114.8 cell=2,0,1 origin=0,0,0 replicas=0 dmin=0.0 dmax=0.0 limit=88.0 speed=0.0 beyond=0 dup=0 chunks=9 orphans=0 carrierless=0 spawns=1 despawns=0 pawn=1
[nebula] [nebula-probe] t=176.1 pos=151.4,0.0,114.8 cell=2,0,1 origin=0,0,0 replicas=0 dmin=0.0 dmax=0.0 limit=88.0 speed=0.0 beyond=0 dup=0 chunks=9 orphans=0 carrierless=0 spawns=1 despawns=0 pawn=1
[nebula] [nebula-probe] t=177.1 pos=151.4,0.0,114.8 cell=2,0,1 origin=0,0,0 replicas=0 dmin=0.0 dmax=0.0 limit=88.0 speed=0.0 beyond=0 dup=0 chunks=9 orphans=0 carrierless=0 spawns=1 despawns=0 pawn=1
[nebula] [nebula-probe] t=178.1 pos=151.4,0.0,114.8 cell=2,0,1 origin=0,0,0 replicas=0 dmin=0.0 dmax=0.0 limit=88.0 speed=0.0 beyond=0 dup=0 chunks=9 orphans=0 carrierless=0 spawns=1 despawns=0 pawn=1
[nebula] [nebula-probe] t=179.1 pos=151.4,0.0,114.8 cell=2,0,1 origin=0,0,0 replicas=0 dmin=0.0 dmax=0.0 limit=88.0 speed=0.0 beyond=0 dup=0 chunks=9 orphans=0 carrierless=0 spawns=1 despawns=0 pawn=1
[nebula] client 62057 fps replicas 1 (+0.0/s -0.0/s) entities 1 in 12 pkt/s 6.4 KB/s 0 states/s (msgs: state 0 rpc 0 vars 0) rtt 0ms lead 4 (adj 1, worker saw 4) corrections 0 | full-rate interp: depth 0.0 ticks, starved 0.0% worst +0.0 | frame max 0.8ms fixed/frame max 1 | gaps>3t 0 worst 0t | render delay 3t (stream lag 0t) | snapshot age ms min 0.0 avg 0.0 max 0.0
[nebula] [nebula-probe] t=180.1 pos=151.4,0.0,114.8 cell=2,0,1 origin=0,0,0 replicas=0 dmin=0.0 dmax=0.0 limit=88.0 speed=0.0 beyond=0 dup=0 chunks=9 orphans=0 carrierless=0 spawns=1 despawns=0 pawn=1
[nebula] [nebula-probe] t=181.1 pos=151.4,0.0,114.8 cell=2,0,1 origin=0,0,0 replicas=0 dmin=0.0 dmax=0.0 limit=88.0 speed=0.0 beyond=0 dup=0 chunks=9 orphans=0 carrierless=0 spawns=1 despawns=0 pawn=1
[nebula] [nebula-probe] t=182.1 pos=151.4,0.0,114.8 cell=2,0,1 origin=0,0,0 replicas=0 dmin=0.0 dmax=0.0 limit=88.0 speed=0.0 beyond=0 dup=0 chunks=9 orphans=0 carrierless=0 spawns=1 despawns=0 pawn=1
[nebula] [nebula-probe] t=183.1 pos=151.4,0.0,114.8 cell=2,0,1 origin=0,0,0 replicas=0 dmin=0.0 dmax=0.0 limit=88.0 speed=0.0 beyond=0 dup=0 chunks=9 orphans=0 carrierless=0 spawns=1 despawns=0 pawn=1
[nebula] [nebula-probe] t=184.1 pos=151.4,0.0,114.8 cell=2,0,1 origin=0,0,0 replicas=0 dmin=0.0 dmax=0.0 limit=88.0 speed=0.0 beyond=0 dup=0 chunks=9 orphans=0 carrierless=0 spawns=1 despawns=0 pawn=1
[nebula] client 63099 fps replicas 1 (+0.0/s -0.0/s) entities 1 in 7 pkt/s 3.0 KB/s 0 states/s (msgs: state 0 rpc 0 vars 0) rtt 0ms lead 4 (adj 1, worker saw 4) corrections 0 | full-rate interp: depth 0.0 ticks, starved 0.0% worst +0.0 | frame max 0.9ms fixed/frame max 1 | gaps>3t 0 worst 0t | render delay 3t (stream lag 0t) | snapshot age ms min 0.0 avg 0.0 max 0.0
[nebula] [nebula-probe] t=185.1 pos=151.4,0.0,114.8 cell=2,0,1 origin=0,0,0 replicas=0 dmin=0.0 dmax=0.0 limit=88.0 speed=0.0 beyond=0 dup=0 chunks=9 orphans=0 carrierless=0 spawns=1 despawns=0 pawn=1
[nebula] [nebula-probe] t=186.1 pos=151.4,0.0,114.8 cell=2,0,1 origin=0,0,0 replicas=0 dmin=0.0 dmax=0.0 limit=88.0 speed=0.0 beyond=0 dup=0 chunks=9 orphans=0 carrierless=0 spawns=1 despawns=0 pawn=1
[nebula] [nebula-probe] t=187.1 pos=151.4,0.0,114.8 cell=2,0,1 origin=0,0,0 replicas=0 dmin=0.0 dmax=0.0 limit=88.0 speed=0.0 beyond=0 dup=0 chunks=9 orphans=0 carrierless=0 spawns=1 despawns=0 pawn=1
[nebula] [nebula-probe] t=188.1 pos=151.4,0.0,114.8 cell=2,0,1 origin=0,0,0 replicas=0 dmin=0.0 dmax=0.0 limit=88.0 speed=0.0 beyond=0 dup=0 chunks=9 orphans=0 carrierless=0 spawns=1 despawns=0 pawn=1
[nebula] [nebula-probe] t=189.1 pos=151.4,0.0,114.8 cell=2,0,1 origin=0,0,0 replicas=0 dmin=0.0 dmax=0.0 limit=88.0 speed=0.0 beyond=0 dup=0 chunks=9 orphans=0 carrierless=0 spawns=1 despawns=0 pawn=1
[nebula] client 62807 fps replicas 1 (+0.0/s -0.0/s) entities 1 in 7 pkt/s 3.2 KB/s 0 states/s (msgs: state 0 rpc 0 vars 0) rtt 0ms lead 4 (adj 1, worker saw 4) corrections 0 | full-rate interp: depth 0.0 ticks, starved 0.0% worst +0.0 | frame max 0.9ms fixed/frame max 1 | gaps>3t 0 worst 0t | render delay 3t (stream lag 0t) | snapshot age ms min 0.0 avg 0.0 max 0.0
[nebula] [nebula-probe] t=190.1 pos=151.4,0.0,114.8 cell=2,0,1 origin=0,0,0 replicas=0 dmin=0.0 dmax=0.0 limit=88.0 speed=0.0 beyond=0 dup=0 chunks=9 orphans=0 carrierless=0 spawns=1 despawns=0 pawn=1
[nebula] [nebula-probe] t=191.1 pos=151.4,0.0,114.8 cell=2,0,1 origin=0,0,0 replicas=0 dmin=0.0 dmax=0.0 limit=88.0 speed=0.0 beyond=0 dup=0 chunks=9 orphans=0 carrierless=0 spawns=1 despawns=0 pawn=1
[nebula] [nebula-probe] t=192.1 pos=151.4,0.0,114.8 cell=2,0,1 origin=0,0,0 replicas=0 dmin=0.0 dmax=0.0 limit=88.0 speed=0.0 beyond=0 dup=0 chunks=9 orphans=0 carrierless=0 spawns=1 despawns=0 pawn=1
[nebula] [nebula-probe] t=193.1 pos=151.4,0.0,114.8 cell=2,0,1 origin=0,0,0 replicas=0 dmin=0.0 dmax=0.0 limit=88.0 speed=0.0 beyond=0 dup=0 chunks=9 orphans=0 carrierless=0 spawns=1 despawns=0 pawn=1
[nebula] [nebula-probe] t=194.1 pos=151.4,0.0,114.8 cell=2,0,1 origin=0,0,0 replicas=0 dmin=0.0 dmax=0.0 limit=88.0 speed=0.0 beyond=0 dup=0 chunks=9 orphans=0 carrierless=0 spawns=1 despawns=0 pawn=1
[nebula] client 61544 fps replicas 1 (+0.0/s -0.0/s) entities 1 in 12 pkt/s 6.0 KB/s 0 states/s (msgs: state 0 rpc 0 vars 0) rtt 0ms lead 4 (adj 1, worker saw 4) corrections 0 | full-rate interp: depth 0.0 ticks, starved 0.0% worst +0.0 | frame max 1.0ms fixed/frame max 1 | gaps>3t 0 worst 0t | render delay 3t (stream lag 0t) | snapshot age ms min 0.0 avg 0.0 max 0.0
[nebula] [nebula-probe] t=195.1 pos=151.4,0.0,114.8 cell=2,0,1 origin=0,0,0 replicas=0 dmin=0.0 dmax=0.0 limit=88.0 speed=0.0 beyond=0 dup=0 chunks=9 orphans=0 carrierless=0 spawns=1 despawns=0 pawn=1
[nebula] [nebula-probe] t=196.1 pos=151.4,0.0,114.8 cell=2,0,1 origin=0,0,0 replicas=0 dmin=0.0 dmax=0.0 limit=88.0 speed=0.0 beyond=0 dup=0 chunks=9 orphans=0 carrierless=0 spawns=1 despawns=0 pawn=1
[nebula] [nebula-probe] t=197.1 pos=151.4,0.0,114.8 cell=2,0,1 origin=0,0,0 replicas=0 dmin=0.0 dmax=0.0 limit=88.0 speed=0.0 beyond=0 dup=0 chunks=9 orphans=0 carrierless=0 spawns=1 despawns=0 pawn=1
[nebula] [nebula-probe] t=198.1 pos=151.4,0.0,114.8 cell=2,0,1 origin=0,0,0 replicas=0 dmin=0.0 dmax=0.0 limit=88.0 speed=0.0 beyond=0 dup=0 chunks=9 orphans=0 carrierless=0 spawns=1 despawns=0 pawn=1
[nebula] [nebula-probe] t=199.1 pos=151.4,0.0,114.8 cell=2,0,1 origin=0,0,0 replicas=0 dmin=0.0 dmax=0.0 limit=88.0 speed=0.0 beyond=0 dup=0 chunks=9 orphans=0 carrierless=0 spawns=1 despawns=0 pawn=1
[nebula] client 62761 fps replicas 1 (+0.0/s -0.0/s) entities 1 in 8 pkt/s 3.7 KB/s 0 states/s (msgs: state 0 rpc 0 vars 0) rtt 0ms lead 4 (adj 1, worker saw 4) corrections 0 | full-rate interp: depth 0.0 ticks, starved 0.0% worst +0.0 | frame max 1.0ms fixed/frame max 1 | gaps>3t 0 worst 0t | render delay 3t (stream lag 0t) | snapshot age ms min 0.0 avg 0.0 max 0.0
[nebula] [nebula-probe] t=200.1 pos=151.4,0.0,114.8 cell=2,0,1 origin=0,0,0 replicas=0 dmin=0.0 dmax=0.0 limit=88.0 speed=0.0 beyond=0 dup=0 chunks=9 orphans=0 carrierless=0 spawns=1 despawns=0 pawn=1
[nebula] [nebula-probe] t=201.1 pos=151.4,0.0,114.8 cell=2,0,1 origin=0,0,0 replicas=0 dmin=0.0 dmax=0.0 limit=88.0 speed=0.0 beyond=0 dup=0 chunks=9 orphans=0 carrierless=0 spawns=1 despawns=0 pawn=1
[nebula] [nebula-probe] t=202.1 pos=151.4,0.0,114.8 cell=2,0,1 origin=0,0,0 replicas=0 dmin=0.0 dmax=0.0 limit=88.0 speed=0.0 beyond=0 dup=0 chunks=9 orphans=0 carrierless=0 spawns=1 despawns=0 pawn=1
[nebula] [nebula-probe] t=203.1 pos=151.4,0.0,114.8 cell=2,0,1 origin=0,0,0 replicas=0 dmin=0.0 dmax=0.0 limit=88.0 speed=0.0 beyond=0 dup=0 chunks=9 orphans=0 carrierless=0 spawns=1 despawns=0 pawn=1
[nebula] [nebula-probe] t=204.1 pos=151.4,0.0,114.8 cell=2,0,1 origin=0,0,0 replicas=0 dmin=0.0 dmax=0.0 limit=88.0 speed=0.0 beyond=0 dup=0 chunks=9 orphans=0 carrierless=0 spawns=1 despawns=0 pawn=1
[nebula] client 63228 fps replicas 1 (+0.0/s -0.0/s) entities 1 in 7 pkt/s 3.1 KB/s 0 states/s (msgs: state 0 rpc 0 vars 0) rtt 0ms lead 4 (adj 1, worker saw 4) corrections 0 | full-rate interp: depth 0.0 ticks, starved 0.0% worst +0.0 | frame max 0.9ms fixed/frame max 1 | gaps>3t 0 worst 0t | render delay 3t (stream lag 0t) | snapshot age ms min 0.0 avg 0.0 max 0.0
[nebula] [nebula-probe] t=205.1 pos=151.4,0.0,114.8 cell=2,0,1 origin=0,0,0 replicas=0 dmin=0.0 dmax=0.0 limit=88.0 speed=0.0 beyond=0 dup=0 chunks=9 orphans=0 carrierless=0 spawns=1 despawns=0 pawn=1
[nebula] [nebula-probe] t=206.1 pos=151.4,0.0,114.8 cell=2,0,1 origin=0,0,0 replicas=0 dmin=0.0 dmax=0.0 limit=88.0 speed=0.0 beyond=0 dup=0 chunks=9 orphans=0 carrierless=0 spawns=1 despawns=0 pawn=1
[nebula] [nebula-probe] t=207.1 pos=151.4,0.0,114.8 cell=2,0,1 origin=0,0,0 replicas=0 dmin=0.0 dmax=0.0 limit=88.0 speed=0.0 beyond=0 dup=0 chunks=9 orphans=0 carrierless=0 spawns=1 despawns=0 pawn=1
[nebula] [nebula-probe] t=208.1 pos=151.4,0.0,114.8 cell=2,0,1 origin=0,0,0 replicas=0 dmin=0.0 dmax=0.0 limit=88.0 speed=0.0 beyond=0 dup=0 chunks=9 orphans=0 carrierless=0 spawns=1 despawns=0 pawn=1
