Mono path[0] = 'C:/Dev/nebula-virtualworld/Builds/Win64/Nebula_Data/Managed'
Mono config path = 'C:/Dev/nebula-virtualworld/Builds/Win64/MonoBleedingEdge/etc'
CodeReloadManager initialized
Found 1 interfaces on host : 0) 192.168.4.54
Player connection [73440]  Target information:

Player connection [73440]  * "[IP] 192.168.4.54 [Port] 55002 [Flags] 2 [Guid] 3095869653 [EditorId] 3301648937 [Version] 1048832 [Id] WindowsPlayer(2,Atlas) [Debug] 0 [PackageName] WindowsPlayer [ProjectName] nebula-virtualworld" 

Player connection [73440] Started UDP target info broadcast (1) on [225.0.0.222:54997].

Input System module state changed to: Initialized.
[Physics::Module] Initialized fallback backend.
[Physics::Module] Id: 0xdecafbad
Initialize engine version: 6000.6.0f1 (f7f8ed4d1e24)
[EntityIdStore] init: VM path (explicit commit), pageSize=4096, blockCount=1048576, entitiesPerBlock=256, slots reserved=4294967296 bytes
[Subsystems] Discovering subsystems at path C:/Dev/nebula-virtualworld/Builds/Win64/Nebula_Data/UnitySubsystems
Forcing GfxDevice: Null
GfxDevice: creating device client; kGfxThreadingModeNonThreaded
NullGfxDevice:
    Version:  NULL 1.0 [1.0]
    Renderer: Null Device
    Vendor:   Unity Technologies
Begin MonoManager ReloadAssembly
- Finished resetting the current domain, in  0.007 seconds
[Physics::Module] Selected backend.
[Physics::Module] Name: PhysX
[Physics::Module] Id: 0xf2b8ea05
[Physics::Module] SDK Version: 4.1.2
[Physics::Module] Integration Version: 1.0.0
[Physics::Module] Threading Mode: Multi-Threaded
Microsoft Media Foundation video decoding to texture disabled: graphics device is Null, only Direct3D 11 and Direct3D 12 (only on desktop) are supported for hardware-accelerated video decoding.
UnloadTime: 0.453800 ms
[nebula] boot roles=Client scene=World tickRate=60
[nebula] containers: 0 (runtime world)
[nebula] connecting to gateway 127.0.0.1:7200 as 'bot3'
[nebula] chunked world: cell (64.00, 512.00, 64.00) (planar), near 2 cell(s), allocator ring 3, retire after 30s
[nebula] client 0 fps replicas 0 (+0.0/s -0.0/s) entities 0 in 0 pkt/s 0.0 KB/s 0 states/s (msgs: state 0 rpc 0 vars 0) rtt -1ms lead 0 (adj 0, worker saw 0) corrections 0 | full-rate interp: depth 0.0 ticks, starved 0.0% worst +0.0 | frame max 72.9ms fixed/frame max 1 | gaps>3t 0 worst 0t | render delay 0t (stream lag 0t) | snapshot age ms min 0.0 avg 0.0 max 0.0
[nebula] [nebula-probe] t=0.1 pos=0.0,0.0,0.0 cell=0,0,0 origin=0,0,0 replicas=0 dmin=0.0 dmax=0.0 limit=88.0 speed=0.0 beyond=0 dup=0 chunks=0 orphans=0 carrierless=0 spawns=0 despawns=0 pawn=0
[nebula] welcome: clientId=2739580370478432257 identity=19d2169f567c serverTick=1365037333
[nebula] world starting, about 3 s: no worker is running yet; holding the join
[nebula] [nebula-probe] t=1.1 pos=0.0,0.0,0.0 cell=0,0,0 origin=0,0,0 replicas=0 dmin=0.0 dmax=0.0 limit=88.0 speed=0.0 beyond=0 dup=0 chunks=0 orphans=0 carrierless=0 spawns=0 despawns=0 pawn=0
[nebula] [nebula-probe] t=2.1 pos=0.0,0.0,0.0 cell=0,0,0 origin=0,0,0 replicas=0 dmin=0.0 dmax=0.0 limit=88.0 speed=0.0 beyond=0 dup=0 chunks=0 orphans=0 carrierless=0 spawns=0 despawns=0 pawn=0
[nebula] [nebula-probe] t=3.1 pos=0.0,0.0,0.0 cell=0,0,0 origin=0,0,0 replicas=0 dmin=0.0 dmax=0.0 limit=88.0 speed=0.0 beyond=0 dup=0 chunks=0 orphans=0 carrierless=0 spawns=0 despawns=0 pawn=0
[nebula] joined the world
[nebula] [vw-bot] mode=LineBuild
[nebula] local player spawned: Player(Clone)#844424930131969(e1,rt_9223358842715242496,local)
[nebula] [nebula-probe] t=4.1 pos=-166.0,0.0,9.4 cell=-3,0,0 origin=0,0,0 replicas=3 dmin=1.7 dmax=41.8 limit=88.0 speed=0.0 beyond=0 dup=0 chunks=9 orphans=0 carrierless=0 spawns=4 despawns=0 pawn=1
[nebula] client 55065 fps replicas 4 (+0.8/s -0.0/s) entities 4 in 47 pkt/s 4.1 KB/s 24 states/s (msgs: state 24 rpc 0 vars 0) rtt 0ms lead 3 (adj 0, worker saw 3) corrections 1 last 0.10m | full-rate interp: depth -3.9 ticks, starved 23.3% worst +22.8 | frame max 298.2ms fixed/frame max 1 | gaps>3t 0 worst 0t | render delay 3t (stream lag 0t) | snapshot age ms min 1.5 avg 5.4 max 16.5
[nebula] [nebula-probe] t=5.1 pos=-160.0,0.0,9.4 cell=-3,0,0 origin=0,0,0 replicas=3 dmin=7.7 dmax=41.8 limit=97.6 speed=6.0 beyond=0 dup=0 chunks=9 orphans=0 carrierless=0 spawns=4 despawns=0 pawn=1
[nebula] [nebula-probe] t=6.1 pos=-154.0,0.0,9.4 cell=-3,0,0 origin=0,0,0 replicas=3 dmin=13.7 dmax=42.8 limit=97.6 speed=6.0 beyond=0 dup=0 chunks=9 orphans=0 carrierless=0 spawns=4 despawns=0 pawn=1
[nebula] [nebula-probe] t=7.1 pos=-148.0,0.0,9.4 cell=-3,0,0 origin=0,0,0 replicas=5 dmin=1.6 dmax=44.5 limit=97.6 speed=6.0 beyond=0 dup=0 chunks=9 orphans=0 carrierless=0 spawns=6 despawns=0 pawn=1
[nebula] [nebula-probe] t=8.1 pos=-142.0,0.0,9.4 cell=-3,0,0 origin=0,0,0 replicas=5 dmin=7.6 dmax=46.9 limit=97.6 speed=6.0 beyond=0 dup=0 chunks=9 orphans=0 carrierless=0 spawns=6 despawns=0 pawn=1
[nebula] [nebula-probe] t=9.1 pos=-136.0,0.0,9.4 cell=-3,0,0 origin=0,0,0 replicas=5 dmin=13.6 dmax=50.0 limit=97.6 speed=6.0 beyond=0 dup=0 chunks=9 orphans=0 carrierless=0 spawns=6 despawns=0 pawn=1
[nebula] client 33558 fps replicas 8 (+0.8/s -0.0/s) entities 8 in 141 pkt/s 11.6 KB/s 77 states/s (msgs: state 77 rpc 0 vars 1) rtt 0ms lead 3 (adj 0, worker saw 3) corrections 0 | full-rate interp: depth 1.6 ticks, starved 0.0% worst +0.0 | frame max 0.8ms fixed/frame max 1 | gaps>3t 0 worst 0t | render delay 3t (stream lag 0t) | snapshot age ms min 1.5 avg 5.4 max 10.7
[nebula] [nebula-probe] t=10.1 pos=-130.0,0.0,9.4 cell=-3,0,0 origin=0,0,0 replicas=7 dmin=1.5 dmax=53.5 limit=97.6 speed=6.0 beyond=0 dup=0 chunks=9 orphans=0 carrierless=0 spawns=8 despawns=0 pawn=1
[nebula] [nebula-probe] t=11.1 pos=-123.9,0.0,9.4 cell=-2,0,0 origin=0,0,0 replicas=7 dmin=7.6 dmax=57.5 limit=97.8 speed=6.1 beyond=0 dup=0 chunks=9 orphans=0 carrierless=0 spawns=8 despawns=0 pawn=1
[nebula] [nebula-probe] t=12.1 pos=-117.9,0.0,9.4 cell=-2,0,0 origin=0,0,0 replicas=7 dmin=13.6 dmax=61.8 limit=97.6 speed=6.0 beyond=0 dup=0 chunks=9 orphans=0 carrierless=0 spawns=8 despawns=0 pawn=1
[nebula] [nebula-probe] t=13.1 pos=-111.9,0.0,9.4 cell=-2,0,0 origin=0,0,0 replicas=9 dmin=1.5 dmax=66.4 limit=97.6 speed=6.0 beyond=0 dup=0 chunks=12 orphans=0 carrierless=0 spawns=10 despawns=0 pawn=1
[nebula] [nebula-probe] t=14.1 pos=-105.9,0.0,9.4 cell=-2,0,0 origin=0,0,0 replicas=9 dmin=7.5 dmax=61.8 limit=97.6 speed=6.0 beyond=0 dup=0 chunks=9 orphans=0 carrierless=0 spawns=11 despawns=1 pawn=1
[nebula] client 47678 fps replicas 10 (+0.6/s -0.2/s) entities 10 in 132 pkt/s 11.3 KB/s 67 states/s (msgs: state 67 rpc 0 vars 0) rtt 0ms lead 4 (adj 1, worker saw 5) corrections 0 | full-rate interp: depth 1.7 ticks, starved 0.0% worst +0.0 | frame max 3.5ms fixed/frame max 1 | gaps>3t 0 worst 0t | render delay 3t (stream lag 0t) | snapshot age ms min 1.6 avg 14.9 max 21.2
[nebula] [nebula-probe] t=15.1 pos=-99.9,0.0,9.4 cell=-2,0,0 origin=0,0,0 replicas=9 dmin=13.5 dmax=67.8 limit=97.6 speed=6.0 beyond=0 dup=0 chunks=9 orphans=0 carrierless=0 spawns=11 despawns=1 pawn=1
[nebula] [nebula-probe] t=16.1 pos=-93.9,0.0,9.4 cell=-2,0,0 origin=0,0,0 replicas=10 dmin=1.5 dmax=66.3 limit=97.6 speed=6.0 beyond=0 dup=0 chunks=9 orphans=0 carrierless=0 spawns=13 despawns=2 pawn=1
[nebula] [nebula-probe] t=17.1 pos=-87.9,0.0,9.4 cell=-2,0,0 origin=0,0,0 replicas=9 dmin=7.5 dmax=61.7 limit=97.6 speed=6.0 beyond=0 dup=0 chunks=9 orphans=0 carrierless=0 spawns=13 despawns=3 pawn=1
[nebula] [nebula-probe] t=18.1 pos=-81.9,0.0,9.4 cell=-2,0,0 origin=0,0,0 replicas=9 dmin=13.5 dmax=67.7 limit=97.6 speed=6.0 beyond=0 dup=0 chunks=9 orphans=0 carrierless=0 spawns=13 despawns=3 pawn=1
[nebula] [nebula-probe] t=19.1 pos=-75.9,0.0,9.4 cell=-2,0,0 origin=0,0,0 replicas=10 dmin=1.5 dmax=66.3 limit=97.6 speed=6.0 beyond=0 dup=0 chunks=9 orphans=0 carrierless=0 spawns=15 despawns=4 pawn=1
[nebula] client 56953 fps replicas 6 (+0.8/s -1.6/s) entities 6 in 129 pkt/s 11.6 KB/s 60 states/s (msgs: state 60 rpc 0 vars 0) rtt 0ms lead 4 (adj 1, worker saw 5) corrections 0 | full-rate interp: depth 0.0 ticks, starved 0.0% worst +0.0 | frame max 0.8ms fixed/frame max 1 | gaps>3t 0 worst 0t | render delay 4t (stream lag 1t) | snapshot age ms min 14.4 avg 17.9 max 34.6
[nebula] [nebula-probe] t=20.1 pos=-69.9,0.0,9.4 cell=-2,0,0 origin=0,0,0 replicas=5 dmin=7.5 dmax=61.6 limit=97.6 speed=6.0 beyond=0 dup=0 chunks=9 orphans=0 carrierless=0 spawns=15 despawns=9 pawn=1
[nebula] [nebula-probe] t=21.1 pos=-63.9,0.0,9.4 cell=-1,0,0 origin=0,0,0 replicas=5 dmin=13.5 dmax=67.6 limit=97.6 speed=6.0 beyond=0 dup=0 chunks=9 orphans=0 carrierless=0 spawns=15 despawns=9 pawn=1
[nebula] [nebula-probe] t=22.1 pos=-57.9,0.0,9.4 cell=-1,0,0 origin=0,0,0 replicas=4 dmin=19.5 dmax=55.5 limit=97.6 speed=6.0 beyond=0 dup=0 chunks=9 orphans=0 carrierless=0 spawns=15 despawns=10 pawn=1
[nebula] [nebula-probe] t=23.1 pos=-51.9,0.0,9.4 cell=-1,0,0 origin=0,0,0 replicas=4 dmin=25.5 dmax=61.5 limit=97.6 speed=6.0 beyond=0 dup=0 chunks=9 orphans=0 carrierless=0 spawns=15 despawns=10 pawn=1
[nebula] [nebula-probe] t=24.1 pos=-45.9,0.0,9.4 cell=-1,0,0 origin=0,0,0 replicas=4 dmin=31.5 dmax=67.5 limit=97.6 speed=6.0 beyond=0 dup=0 chunks=9 orphans=0 carrierless=0 spawns=15 despawns=10 pawn=1
[nebula] client 62147 fps replicas 5 (+0.0/s -0.2/s) entities 5 in 31 pkt/s 4.4 KB/s 12 states/s (msgs: state 12 rpc 0 vars 0) rtt 0ms lead 4 (adj 1, worker saw 5) corrections 0 | full-rate interp: depth 0.0 ticks, starved 0.0% worst +0.0 | frame max 0.9ms fixed/frame max 1 | gaps>3t 0 worst 0t | render delay 4t (stream lag 1t) | snapshot age ms min 15.0 avg 17.8 max 19.2
[nebula] [nebula-probe] t=25.1 pos=-39.9,0.0,9.4 cell=-1,0,0 origin=0,0,0 replicas=4 dmin=37.5 dmax=73.5 limit=97.6 speed=6.0 beyond=0 dup=0 chunks=9 orphans=0 carrierless=0 spawns=15 despawns=10 pawn=1
[nebula] [nebula-probe] t=26.1 pos=-33.9,0.0,9.4 cell=-1,0,0 origin=0,0,0 replicas=4 dmin=43.5 dmax=79.5 limit=97.6 speed=6.0 beyond=0 dup=0 chunks=9 orphans=0 carrierless=0 spawns=15 despawns=10 pawn=1
[nebula] [nebula-probe] t=27.1 pos=-27.9,0.0,9.4 cell=-1,0,0 origin=0,0,0 replicas=4 dmin=49.5 dmax=85.5 limit=97.6 speed=6.0 beyond=0 dup=0 chunks=9 orphans=0 carrierless=0 spawns=15 despawns=10 pawn=1
[nebula] [nebula-probe] t=28.1 pos=-21.9,0.0,9.4 cell=-1,0,0 origin=0,0,0 replicas=4 dmin=55.5 dmax=91.5 limit=97.6 speed=6.0 beyond=0 dup=0 chunks=9 orphans=0 carrierless=0 spawns=15 despawns=10 pawn=1
[nebula] [nebula-probe] t=29.1 pos=-15.9,0.0,9.4 cell=-1,0,0 origin=0,0,0 replicas=4 dmin=61.5 dmax=97.5 limit=97.6 speed=6.0 beyond=0 dup=0 chunks=9 orphans=0 carrierless=0 spawns=15 despawns=10 pawn=1
[nebula] client 62550 fps replicas 5 (+0.0/s -0.0/s) entities 5 in 9 pkt/s 4.8 KB/s 0 states/s (msgs: state 0 rpc 0 vars 0) rtt 0ms lead 4 (adj 1, worker saw 5) corrections 0 | full-rate interp: depth 0.0 ticks, starved 0.0% worst +0.0 | frame max 0.9ms fixed/frame max 1 | gaps>3t 0 worst 0t | render delay 4t (stream lag 1t) | snapshot age ms min 0.0 avg 0.0 max 0.0
[nebula] [nebula-probe] t=30.1 pos=-9.9,0.0,9.4 cell=-1,0,0 origin=0,0,0 replicas=4 dmin=67.5 dmax=103.5 limit=97.6 speed=6.0 beyond=1 dup=0 chunks=9 orphans=0 carrierless=0 spawns=15 despawns=10 pawn=1 beyondIds=281474976710662:Prop(Clone)@103
[nebula] [nebula-probe] t=31.1 pos=-3.9,0.0,9.4 cell=-1,0,0 origin=0,0,0 replicas=4 dmin=73.5 dmax=109.5 limit=97.6 speed=6.0 beyond=1 dup=0 chunks=9 orphans=0 carrierless=0 spawns=15 despawns=10 pawn=1 beyondIds=281474976710662:Prop(Clone)@109
[nebula] entity #844424930131969 is inside container rt_0, unknown here; holding
[nebula] [nebula-probe] t=32.1 pos=2.1,0.0,9.4 cell=0,0,0 origin=0,0,0 replicas=4 dmin=79.5 dmax=115.5 limit=97.6 speed=6.0 beyond=1 dup=0 chunks=9 orphans=0 carrierless=0 spawns=15 despawns=10 pawn=1 beyondIds=281474976710662:Prop(Clone)@115
[nebula] [nebula-probe] t=33.1 pos=0.0,0.0,0.0 cell=0,0,0 origin=0,0,0 replicas=0 dmin=0.0 dmax=0.0 limit=88.0 speed=0.0 beyond=0 dup=0 chunks=3 orphans=0 carrierless=0 spawns=15 despawns=15 pawn=0
[nebula] [nebula-probe] t=34.1 pos=0.0,0.0,0.0 cell=0,0,0 origin=0,0,0 replicas=0 dmin=0.0 dmax=0.0 limit=88.0 speed=0.0 beyond=0 dup=0 chunks=3 orphans=0 carrierless=0 spawns=15 despawns=15 pawn=0
[nebula] client 67098 fps replicas 0 (+0.0/s -1.0/s) entities 0 in 84 pkt/s 7.7 KB/s 38 states/s (msgs: state 38 rpc 0 vars 0) rtt 0ms lead 4 (adj 1, worker saw 4) corrections 0 | full-rate interp: depth 0.0 ticks, starved 0.0% worst +0.0 | frame max 1.3ms fixed/frame max 1 | gaps>3t 1 worst 650t | render delay 3t (stream lag 0t) | snapshot age ms min 5.8 avg 9.5 max 11.0
[nebula] [nebula-probe] t=35.1 pos=0.0,0.0,0.0 cell=0,0,0 origin=0,0,0 replicas=0 dmin=0.0 dmax=0.0 limit=88.0 speed=0.0 beyond=0 dup=0 chunks=3 orphans=0 carrierless=0 spawns=15 despawns=15 pawn=0
[nebula] [nebula-probe] t=36.1 pos=0.0,0.0,0.0 cell=0,0,0 origin=0,0,0 replicas=0 dmin=0.0 dmax=0.0 limit=88.0 speed=0.0 beyond=0 dup=0 chunks=3 orphans=0 carrierless=0 spawns=15 despawns=15 pawn=0
[nebula] [nebula-probe] t=37.1 pos=0.0,0.0,0.0 cell=0,0,0 origin=0,0,0 replicas=0 dmin=0.0 dmax=0.0 limit=88.0 speed=0.0 beyond=0 dup=0 chunks=3 orphans=0 carrierless=0 spawns=15 despawns=15 pawn=0
[nebula] [nebula-probe] t=38.1 pos=0.0,0.0,0.0 cell=0,0,0 origin=0,0,0 replicas=0 dmin=0.0 dmax=0.0 limit=88.0 speed=0.0 beyond=0 dup=0 chunks=3 orphans=0 carrierless=0 spawns=15 despawns=15 pawn=0
[nebula] [nebula-probe] t=39.1 pos=0.0,0.0,0.0 cell=0,0,0 origin=0,0,0 replicas=0 dmin=0.0 dmax=0.0 limit=88.0 speed=0.0 beyond=0 dup=0 chunks=3 orphans=0 carrierless=0 spawns=15 despawns=15 pawn=0
[nebula] client 71975 fps replicas 0 (+0.0/s -0.0/s) entities 0 in 128 pkt/s 9.4 KB/s 60 states/s (msgs: state 60 rpc 0 vars 0) rtt 0ms lead 4 (adj 1, worker saw 4) corrections 0 | full-rate interp: depth 0.0 ticks, starved 0.0% worst +0.0 | frame max 0.9ms fixed/frame max 1 | gaps>3t 0 worst 0t | render delay 3t (stream lag 0t) | snapshot age ms min 6.0 avg 9.6 max 36.9
[nebula] [nebula-probe] t=40.1 pos=0.0,0.0,0.0 cell=0,0,0 origin=0,0,0 replicas=0 dmin=0.0 dmax=0.0 limit=88.0 speed=0.0 beyond=0 dup=0 chunks=3 orphans=0 carrierless=0 spawns=15 despawns=15 pawn=0
[nebula] [nebula-probe] t=41.1 pos=0.0,0.0,0.0 cell=0,0,0 origin=0,0,0 replicas=0 dmin=0.0 dmax=0.0 limit=88.0 speed=0.0 beyond=0 dup=0 chunks=3 orphans=0 carrierless=0 spawns=15 despawns=15 pawn=0
[nebula] [nebula-probe] t=42.1 pos=0.0,0.0,0.0 cell=0,0,0 origin=0,0,0 replicas=0 dmin=0.0 dmax=0.0 limit=88.0 speed=0.0 beyond=0 dup=0 chunks=3 orphans=0 carrierless=0 spawns=15 despawns=15 pawn=0
[nebula] [nebula-probe] t=43.1 pos=0.0,0.0,0.0 cell=0,0,0 origin=0,0,0 replicas=0 dmin=0.0 dmax=0.0 limit=88.0 speed=0.0 beyond=0 dup=0 chunks=3 orphans=0 carrierless=0 spawns=15 despawns=15 pawn=0
[nebula] [nebula-probe] t=44.1 pos=0.0,0.0,0.0 cell=0,0,0 origin=0,0,0 replicas=0 dmin=0.0 dmax=0.0 limit=88.0 speed=0.0 beyond=0 dup=0 chunks=3 orphans=0 carrierless=0 spawns=15 despawns=15 pawn=0
[nebula] client 72135 fps replicas 0 (+0.0/s -0.0/s) entities 0 in 67 pkt/s 5.6 KB/s 29 states/s (msgs: state 29 rpc 0 vars 0) rtt 0ms lead 4 (adj 1, worker saw 4) corrections 0 | full-rate interp: depth 0.0 ticks, starved 0.0% worst +0.0 | frame max 0.9ms fixed/frame max 1 | gaps>3t 0 worst 0t | render delay 3t (stream lag 0t) | snapshot age ms min 6.1 avg 9.6 max 13.0
[nebula] [nebula-probe] t=45.1 pos=0.0,0.0,0.0 cell=0,0,0 origin=0,0,0 replicas=0 dmin=0.0 dmax=0.0 limit=88.0 speed=0.0 beyond=0 dup=0 chunks=3 orphans=0 carrierless=0 spawns=15 despawns=15 pawn=0
[nebula] [nebula-probe] t=46.1 pos=0.0,0.0,0.0 cell=0,0,0 origin=0,0,0 replicas=0 dmin=0.0 dmax=0.0 limit=88.0 speed=0.0 beyond=0 dup=0 chunks=3 orphans=0 carrierless=0 spawns=15 despawns=15 pawn=0
[nebula] [nebula-probe] t=47.1 pos=0.0,0.0,0.0 cell=0,0,0 origin=0,0,0 replicas=0 dmin=0.0 dmax=0.0 limit=88.0 speed=0.0 beyond=0 dup=0 chunks=3 orphans=0 carrierless=0 spawns=15 despawns=15 pawn=0
[nebula] [nebula-probe] t=48.1 pos=0.0,0.0,0.0 cell=0,0,0 origin=0,0,0 replicas=0 dmin=0.0 dmax=0.0 limit=88.0 speed=0.0 beyond=0 dup=0 chunks=3 orphans=0 carrierless=0 spawns=15 despawns=15 pawn=0
[nebula] [nebula-probe] t=49.1 pos=0.0,0.0,0.0 cell=0,0,0 origin=0,0,0 replicas=0 dmin=0.0 dmax=0.0 limit=88.0 speed=0.0 beyond=0 dup=0 chunks=3 orphans=0 carrierless=0 spawns=15 despawns=15 pawn=0
[nebula] client 72361 fps replicas 0 (+0.0/s -0.0/s) entities 0 in 9 pkt/s 1.5 KB/s 0 states/s (msgs: state 0 rpc 0 vars 0) rtt 0ms lead 4 (adj 1, worker saw 4) corrections 0 | full-rate interp: depth 0.0 ticks, starved 0.0% worst +0.0 | frame max 0.8ms fixed/frame max 1 | gaps>3t 0 worst 0t | render delay 3t (stream lag 0t) | snapshot age ms min 0.0 avg 0.0 max 0.0
[nebula] [nebula-probe] t=50.1 pos=0.0,0.0,0.0 cell=0,0,0 origin=0,0,0 replicas=0 dmin=0.0 dmax=0.0 limit=88.0 speed=0.0 beyond=0 dup=0 chunks=3 orphans=0 carrierless=0 spawns=15 despawns=15 pawn=0
[nebula] [nebula-probe] t=51.1 pos=0.0,0.0,0.0 cell=0,0,0 origin=0,0,0 replicas=0 dmin=0.0 dmax=0.0 limit=88.0 speed=0.0 beyond=0 dup=0 chunks=3 orphans=0 carrierless=0 spawns=15 despawns=15 pawn=0
[nebula] [nebula-probe] t=52.1 pos=0.0,0.0,0.0 cell=0,0,0 origin=0,0,0 replicas=0 dmin=0.0 dmax=0.0 limit=88.0 speed=0.0 beyond=0 dup=0 chunks=3 orphans=0 carrierless=0 spawns=15 despawns=15 pawn=0
[nebula] [nebula-probe] t=53.1 pos=0.0,0.0,0.0 cell=0,0,0 origin=0,0,0 replicas=0 dmin=0.0 dmax=0.0 limit=88.0 speed=0.0 beyond=0 dup=0 chunks=3 orphans=0 carrierless=0 spawns=15 despawns=15 pawn=0
[nebula] [nebula-probe] t=54.1 pos=0.0,0.0,0.0 cell=0,0,0 origin=0,0,0 replicas=0 dmin=0.0 dmax=0.0 limit=88.0 speed=0.0 beyond=0 dup=0 chunks=3 orphans=0 carrierless=0 spawns=15 despawns=15 pawn=0
[nebula] client 72377 fps replicas 0 (+0.0/s -0.0/s) entities 0 in 7 pkt/s 1.2 KB/s 0 states/s (msgs: state 0 rpc 0 vars 0) rtt 0ms lead 4 (adj 1, worker saw 4) corrections 0 | full-rate interp: depth 0.0 ticks, starved 0.0% worst +0.0 | frame max 0.9ms fixed/frame max 1 | gaps>3t 0 worst 0t | render delay 3t (stream lag 0t) | snapshot age ms min 0.0 avg 0.0 max 0.0
[nebula] [nebula-probe] t=55.1 pos=0.0,0.0,0.0 cell=0,0,0 origin=0,0,0 replicas=0 dmin=0.0 dmax=0.0 limit=88.0 speed=0.0 beyond=0 dup=0 chunks=3 orphans=0 carrierless=0 spawns=15 despawns=15 pawn=0
[nebula] [nebula-probe] t=56.1 pos=0.0,0.0,0.0 cell=0,0,0 origin=0,0,0 replicas=0 dmin=0.0 dmax=0.0 limit=88.0 speed=0.0 beyond=0 dup=0 chunks=3 orphans=0 carrierless=0 spawns=15 despawns=15 pawn=0
[nebula] [nebula-probe] t=57.1 pos=0.0,0.0,0.0 cell=0,0,0 origin=0,0,0 replicas=0 dmin=0.0 dmax=0.0 limit=88.0 speed=0.0 beyond=0 dup=0 chunks=3 orphans=0 carrierless=0 spawns=15 despawns=15 pawn=0
[nebula] [nebula-probe] t=58.1 pos=0.0,0.0,0.0 cell=0,0,0 origin=0,0,0 replicas=0 dmin=0.0 dmax=0.0 limit=88.0 speed=0.0 beyond=0 dup=0 chunks=3 orphans=0 carrierless=0 spawns=15 despawns=15 pawn=0
[nebula] [nebula-probe] t=59.1 pos=0.0,0.0,0.0 cell=0,0,0 origin=0,0,0 replicas=0 dmin=0.0 dmax=0.0 limit=88.0 speed=0.0 beyond=0 dup=0 chunks=3 orphans=0 carrierless=0 spawns=15 despawns=15 pawn=0
[nebula] client 72394 fps replicas 0 (+0.0/s -0.0/s) entities 0 in 10 pkt/s 1.8 KB/s 0 states/s (msgs: state 0 rpc 0 vars 0) rtt 0ms lead 4 (adj 1, worker saw 4) corrections 0 | full-rate interp: depth 0.0 ticks, starved 0.0% worst +0.0 | frame max 1.0ms fixed/frame max 1 | gaps>3t 0 worst 0t | render delay 3t (stream lag 0t) | snapshot age ms min 0.0 avg 0.0 max 0.0
[nebula] [nebula-probe] t=60.1 pos=0.0,0.0,0.0 cell=0,0,0 origin=0,0,0 replicas=0 dmin=0.0 dmax=0.0 limit=88.0 speed=0.0 beyond=0 dup=0 chunks=3 orphans=0 carrierless=0 spawns=15 despawns=15 pawn=0
[nebula] [nebula-probe] t=61.1 pos=0.0,0.0,0.0 cell=0,0,0 origin=0,0,0 replicas=0 dmin=0.0 dmax=0.0 limit=88.0 speed=0.0 beyond=0 dup=0 chunks=3 orphans=0 carrierless=0 spawns=15 despawns=15 pawn=0
[nebula] [nebula-probe] t=62.1 pos=0.0,0.0,0.0 cell=0,0,0 origin=0,0,0 replicas=0 dmin=0.0 dmax=0.0 limit=88.0 speed=0.0 beyond=0 dup=0 chunks=3 orphans=0 carrierless=0 spawns=15 despawns=15 pawn=0
[nebula] [nebula-probe] t=63.1 pos=0.0,0.0,0.0 cell=0,0,0 origin=0,0,0 replicas=0 dmin=0.0 dmax=0.0 limit=88.0 speed=0.0 beyond=0 dup=0 chunks=3 orphans=0 carrierless=0 spawns=15 despawns=15 pawn=0
[nebula] [nebula-probe] t=64.1 pos=0.0,0.0,0.0 cell=0,0,0 origin=0,0,0 replicas=0 dmin=0.0 dmax=0.0 limit=88.0 speed=0.0 beyond=0 dup=0 chunks=3 orphans=0 carrierless=0 spawns=15 despawns=15 pawn=0
[nebula] client 72067 fps replicas 0 (+0.0/s -0.0/s) entities 0 in 9 pkt/s 1.6 KB/s 0 states/s (msgs: state 0 rpc 0 vars 0) rtt 0ms lead 4 (adj 1, worker saw 4) corrections 0 | full-rate interp: depth 0.0 ticks, starved 0.0% worst +0.0 | frame max 0.8ms fixed/frame max 1 | gaps>3t 0 worst 0t | render delay 3t (stream lag 0t) | snapshot age ms min 0.0 avg 0.0 max 0.0
[nebula] [nebula-probe] t=65.1 pos=0.0,0.0,0.0 cell=0,0,0 origin=0,0,0 replicas=0 dmin=0.0 dmax=0.0 limit=88.0 speed=0.0 beyond=0 dup=0 chunks=3 orphans=0 carrierless=0 spawns=15 despawns=15 pawn=0
[nebula] [nebula-probe] t=66.1 pos=0.0,0.0,0.0 cell=0,0,0 origin=0,0,0 replicas=0 dmin=0.0 dmax=0.0 limit=88.0 speed=0.0 beyond=0 dup=0 chunks=3 orphans=0 carrierless=0 spawns=15 despawns=15 pawn=0
[nebula] [nebula-probe] t=67.1 pos=0.0,0.0,0.0 cell=0,0,0 origin=0,0,0 replicas=0 dmin=0.0 dmax=0.0 limit=88.0 speed=0.0 beyond=0 dup=0 chunks=3 orphans=0 carrierless=0 spawns=15 despawns=15 pawn=0
[nebula] [nebula-probe] t=68.1 pos=0.0,0.0,0.0 cell=0,0,0 origin=0,0,0 replicas=0 dmin=0.0 dmax=0.0 limit=88.0 speed=0.0 beyond=0 dup=0 chunks=3 orphans=0 carrierless=0 spawns=15 despawns=15 pawn=0
[nebula] [nebula-probe] t=69.1 pos=0.0,0.0,0.0 cell=0,0,0 origin=0,0,0 replicas=0 dmin=0.0 dmax=0.0 limit=88.0 speed=0.0 beyond=0 dup=0 chunks=3 orphans=0 carrierless=0 spawns=15 despawns=15 pawn=0
[nebula] client 72509 fps replicas 0 (+0.0/s -0.0/s) entities 0 in 7 pkt/s 1.1 KB/s 0 states/s (msgs: state 0 rpc 0 vars 0) rtt 0ms lead 4 (adj 1, worker saw 4) corrections 0 | full-rate interp: depth 0.0 ticks, starved 0.0% worst +0.0 | frame max 0.9ms fixed/frame max 1 | gaps>3t 0 worst 0t | render delay 3t (stream lag 0t) | snapshot age ms min 0.0 avg 0.0 max 0.0
[nebula] [nebula-probe] t=70.1 pos=0.0,0.0,0.0 cell=0,0,0 origin=0,0,0 replicas=0 dmin=0.0 dmax=0.0 limit=88.0 speed=0.0 beyond=0 dup=0 chunks=3 orphans=0 carrierless=0 spawns=15 despawns=15 pawn=0
[nebula] [nebula-probe] t=71.1 pos=0.0,0.0,0.0 cell=0,0,0 origin=0,0,0 replicas=0 dmin=0.0 dmax=0.0 limit=88.0 speed=0.0 beyond=0 dup=0 chunks=3 orphans=0 carrierless=0 spawns=15 despawns=15 pawn=0
[nebula] [nebula-probe] t=72.1 pos=0.0,0.0,0.0 cell=0,0,0 origin=0,0,0 replicas=0 dmin=0.0 dmax=0.0 limit=88.0 speed=0.0 beyond=0 dup=0 chunks=3 orphans=0 carrierless=0 spawns=15 despawns=15 pawn=0
[nebula] [nebula-probe] t=73.1 pos=0.0,0.0,0.0 cell=0,0,0 origin=0,0,0 replicas=0 dmin=0.0 dmax=0.0 limit=88.0 speed=0.0 beyond=0 dup=0 chunks=3 orphans=0 carrierless=0 spawns=15 despawns=15 pawn=0
[nebula] [nebula-probe] t=74.1 pos=0.0,0.0,0.0 cell=0,0,0 origin=0,0,0 replicas=0 dmin=0.0 dmax=0.0 limit=88.0 speed=0.0 beyond=0 dup=0 chunks=3 orphans=0 carrierless=0 spawns=15 despawns=15 pawn=0
[nebula] client 72184 fps replicas 0 (+0.0/s -0.0/s) entities 0 in 21 pkt/s 2.4 KB/s 6 states/s (msgs: state 6 rpc 0 vars 0) rtt 0ms lead 4 (adj 1, worker saw 4) corrections 0 | full-rate interp: depth 0.0 ticks, starved 0.0% worst +0.0 | frame max 0.9ms fixed/frame max 1 | gaps>3t 0 worst 0t | render delay 3t (stream lag 0t) | snapshot age ms min 9.1 avg 9.8 max 11.2
[nebula] [nebula-probe] t=75.1 pos=0.0,0.0,0.0 cell=0,0,0 origin=0,0,0 replicas=0 dmin=0.0 dmax=0.0 limit=88.0 speed=0.0 beyond=0 dup=0 chunks=3 orphans=0 carrierless=0 spawns=15 despawns=15 pawn=0
[nebula] [nebula-probe] t=76.1 pos=0.0,0.0,0.0 cell=0,0,0 origin=0,0,0 replicas=0 dmin=0.0 dmax=0.0 limit=88.0 speed=0.0 beyond=0 dup=0 chunks=3 orphans=0 carrierless=0 spawns=15 despawns=15 pawn=0
[nebula] [nebula-probe] t=77.1 pos=0.0,0.0,0.0 cell=0,0,0 origin=0,0,0 replicas=0 dmin=0.0 dmax=0.0 limit=88.0 speed=0.0 beyond=0 dup=0 chunks=3 orphans=0 carrierless=0 spawns=15 despawns=15 pawn=0
[nebula] [nebula-probe] t=78.1 pos=0.0,0.0,0.0 cell=0,0,0 origin=0,0,0 replicas=0 dmin=0.0 dmax=0.0 limit=88.0 speed=0.0 beyond=0 dup=0 chunks=3 orphans=0 carrierless=0 spawns=15 despawns=15 pawn=0
[nebula] [nebula-probe] t=79.1 pos=0.0,0.0,0.0 cell=0,0,0 origin=0,0,0 replicas=0 dmin=0.0 dmax=0.0 limit=88.0 speed=0.0 beyond=0 dup=0 chunks=3 orphans=0 carrierless=0 spawns=15 despawns=15 pawn=0
[nebula] client 72466 fps replicas 0 (+0.0/s -0.0/s) entities 0 in 126 pkt/s 9.1 KB/s 60 states/s (msgs: state 60 rpc 0 vars 0) rtt 0ms lead 4 (adj 1, worker saw 4) corrections 0 | full-rate interp: depth 0.0 ticks, starved 0.0% worst +0.0 | frame max 0.9ms fixed/frame max 1 | gaps>3t 0 worst 0t | render delay 3t (stream lag 0t) | snapshot age ms min 6.2 avg 9.8 max 13.9
[nebula] [nebula-probe] t=80.1 pos=0.0,0.0,0.0 cell=0,0,0 origin=0,0,0 replicas=0 dmin=0.0 dmax=0.0 limit=88.0 speed=0.0 beyond=0 dup=0 chunks=3 orphans=0 carrierless=0 spawns=15 despawns=15 pawn=0
[nebula] [nebula-probe] t=81.1 pos=0.0,0.0,0.0 cell=0,0,0 origin=0,0,0 replicas=0 dmin=0.0 dmax=0.0 limit=88.0 speed=0.0 beyond=0 dup=0 chunks=3 orphans=0 carrierless=0 spawns=15 despawns=15 pawn=0
[nebula] [nebula-probe] t=82.1 pos=0.0,0.0,0.0 cell=0,0,0 origin=0,0,0 replicas=0 dmin=0.0 dmax=0.0 limit=88.0 speed=0.0 beyond=0 dup=0 chunks=3 orphans=0 carrierless=0 spawns=15 despawns=15 pawn=0
[nebula] [nebula-probe] t=83.1 pos=0.0,0.0,0.0 cell=0,0,0 origin=0,0,0 replicas=0 dmin=0.0 dmax=0.0 limit=88.0 speed=0.0 beyond=0 dup=0 chunks=3 orphans=0 carrierless=0 spawns=15 despawns=15 pawn=0
[nebula] [nebula-probe] t=84.1 pos=0.0,0.0,0.0 cell=0,0,0 origin=0,0,0 replicas=0 dmin=0.0 dmax=0.0 limit=88.0 speed=0.0 beyond=0 dup=0 chunks=3 orphans=0 carrierless=0 spawns=15 despawns=15 pawn=0
[nebula] client 72124 fps replicas 0 (+0.0/s -0.0/s) entities 0 in 128 pkt/s 9.5 KB/s 60 states/s (msgs: state 60 rpc 0 vars 0) rtt 0ms lead 4 (adj 1, worker saw 4) corrections 0 | full-rate interp: depth 0.0 ticks, starved 0.0% worst +0.0 | frame max 0.9ms fixed/frame max 1 | gaps>3t 0 worst 0t | render delay 3t (stream lag 0t) | snapshot age ms min 6.2 avg 9.8 max 15.3
[nebula] [nebula-probe] t=85.1 pos=0.0,0.0,0.0 cell=0,0,0 origin=0,0,0 replicas=0 dmin=0.0 dmax=0.0 limit=88.0 speed=0.0 beyond=0 dup=0 chunks=3 orphans=0 carrierless=0 spawns=15 despawns=15 pawn=0
[nebula] [nebula-probe] t=86.1 pos=0.0,0.0,0.0 cell=0,0,0 origin=0,0,0 replicas=0 dmin=0.0 dmax=0.0 limit=88.0 speed=0.0 beyond=0 dup=0 chunks=4 orphans=0 carrierless=0 spawns=15 despawns=15 pawn=0
[nebula] [nebula-probe] t=87.1 pos=0.0,0.0,0.0 cell=0,0,0 origin=0,0,0 replicas=0 dmin=0.0 dmax=0.0 limit=88.0 speed=0.0 beyond=0 dup=0 chunks=4 orphans=0 carrierless=0 spawns=15 despawns=15 pawn=0
[nebula] [nebula-probe] t=88.1 pos=0.0,0.0,0.0 cell=0,0,0 origin=0,0,0 replicas=0 dmin=0.0 dmax=0.0 limit=88.0 speed=0.0 beyond=0 dup=0 chunks=4 orphans=0 carrierless=0 spawns=15 despawns=15 pawn=0
[nebula] [nebula-probe] t=89.1 pos=0.0,0.0,0.0 cell=0,0,0 origin=0,0,0 replicas=0 dmin=0.0 dmax=0.0 limit=88.0 speed=0.0 beyond=0 dup=0 chunks=4 orphans=0 carrierless=0 spawns=15 despawns=15 pawn=0
[nebula] client 72428 fps replicas 0 (+0.0/s -0.0/s) entities 0 in 129 pkt/s 10.1 KB/s 60 states/s (msgs: state 60 rpc 0 vars 0) rtt 0ms lead 4 (adj 1, worker saw 4) corrections 0 | full-rate interp: depth 0.0 ticks, starved 0.0% worst +0.0 | frame max 0.9ms fixed/frame max 1 | gaps>3t 0 worst 0t | render delay 3t (stream lag 0t) | snapshot age ms min 6.2 avg 9.8 max 14.8
[nebula] [nebula-probe] t=90.1 pos=0.0,0.0,0.0 cell=0,0,0 origin=0,0,0 replicas=0 dmin=0.0 dmax=0.0 limit=88.0 speed=0.0 beyond=0 dup=0 chunks=4 orphans=0 carrierless=0 spawns=15 despawns=15 pawn=0
[nebula] [nebula-probe] t=91.1 pos=0.0,0.0,0.0 cell=0,0,0 origin=0,0,0 replicas=0 dmin=0.0 dmax=0.0 limit=88.0 speed=0.0 beyond=0 dup=0 chunks=4 orphans=0 carrierless=0 spawns=15 despawns=15 pawn=0
[nebula] [nebula-probe] t=92.1 pos=0.0,0.0,0.0 cell=0,0,0 origin=0,0,0 replicas=0 dmin=0.0 dmax=0.0 limit=88.0 speed=0.0 beyond=0 dup=0 chunks=4 orphans=0 carrierless=0 spawns=15 despawns=15 pawn=0
[nebula] [nebula-probe] t=93.1 pos=0.0,0.0,0.0 cell=0,0,0 origin=0,0,0 replicas=0 dmin=0.0 dmax=0.0 limit=88.0 speed=0.0 beyond=0 dup=0 chunks=4 orphans=0 carrierless=0 spawns=15 despawns=15 pawn=0
[nebula] [nebula-probe] t=94.1 pos=0.0,0.0,0.0 cell=0,0,0 origin=0,0,0 replicas=0 dmin=0.0 dmax=0.0 limit=88.0 speed=0.0 beyond=0 dup=0 chunks=4 orphans=0 carrierless=0 spawns=15 despawns=15 pawn=0
[nebula] client 72390 fps replicas 0 (+0.0/s -0.0/s) entities 0 in 128 pkt/s 9.8 KB/s 60 states/s (msgs: state 60 rpc 0 vars 0) rtt 0ms lead 4 (adj 1, worker saw 4) corrections 0 | full-rate interp: depth 0.0 ticks, starved 0.0% worst +0.0 | frame max 0.9ms fixed/frame max 1 | gaps>3t 0 worst 0t | render delay 3t (stream lag 0t) | snapshot age ms min 6.8 avg 9.8 max 14.4
[nebula] [nebula-probe] t=95.1 pos=0.0,0.0,0.0 cell=0,0,0 origin=0,0,0 replicas=0 dmin=0.0 dmax=0.0 limit=88.0 speed=0.0 beyond=0 dup=0 chunks=4 orphans=0 carrierless=0 spawns=15 despawns=15 pawn=0
[nebula] [nebula-probe] t=96.1 pos=0.0,0.0,0.0 cell=0,0,0 origin=0,0,0 replicas=0 dmin=0.0 dmax=0.0 limit=88.0 speed=0.0 beyond=0 dup=0 chunks=5 orphans=0 carrierless=0 spawns=15 despawns=15 pawn=0
[nebula] [nebula-probe] t=97.1 pos=0.0,0.0,0.0 cell=0,0,0 origin=0,0,0 replicas=0 dmin=0.0 dmax=0.0 limit=88.0 speed=0.0 beyond=0 dup=0 chunks=5 orphans=0 carrierless=0 spawns=15 despawns=15 pawn=0
[nebula] [nebula-probe] t=98.1 pos=0.0,0.0,0.0 cell=0,0,0 origin=0,0,0 replicas=0 dmin=0.0 dmax=0.0 limit=88.0 speed=0.0 beyond=0 dup=0 chunks=5 orphans=0 carrierless=0 spawns=15 despawns=15 pawn=0
[nebula] [nebula-probe] t=99.1 pos=0.0,0.0,0.0 cell=0,0,0 origin=0,0,0 replicas=0 dmin=0.0 dmax=0.0 limit=88.0 speed=0.0 beyond=0 dup=0 chunks=5 orphans=0 carrierless=0 spawns=15 despawns=15 pawn=0
[nebula] client 72127 fps replicas 0 (+0.0/s -0.0/s) entities 0 in 127 pkt/s 10.0 KB/s 60 states/s (msgs: state 60 rpc 0 vars 0) rtt 0ms lead 4 (adj 1, worker saw 4) corrections 0 | full-rate interp: depth 0.0 ticks, starved 0.0% worst +0.0 | frame max 0.8ms fixed/frame max 1 | gaps>3t 0 worst 0t | render delay 3t (stream lag 0t) | snapshot age ms min 6.2 avg 9.8 max 13.9
[nebula] [nebula-probe] t=100.1 pos=0.0,0.0,0.0 cell=0,0,0 origin=0,0,0 replicas=0 dmin=0.0 dmax=0.0 limit=88.0 speed=0.0 beyond=0 dup=0 chunks=5 orphans=0 carrierless=0 spawns=15 despawns=15 pawn=0
[nebula] [nebula-probe] t=101.1 pos=0.0,0.0,0.0 cell=0,0,0 origin=0,0,0 replicas=0 dmin=0.0 dmax=0.0 limit=88.0 speed=0.0 beyond=0 dup=0 chunks=5 orphans=0 carrierless=0 spawns=15 despawns=15 pawn=0
[nebula] [nebula-probe] t=102.1 pos=0.0,0.0,0.0 cell=0,0,0 origin=0,0,0 replicas=0 dmin=0.0 dmax=0.0 limit=88.0 speed=0.0 beyond=0 dup=0 chunks=5 orphans=0 carrierless=0 spawns=15 despawns=15 pawn=0
[nebula] [nebula-probe] t=103.1 pos=0.0,0.0,0.0 cell=0,0,0 origin=0,0,0 replicas=0 dmin=0.0 dmax=0.0 limit=88.0 speed=0.0 beyond=0 dup=0 chunks=5 orphans=0 carrierless=0 spawns=15 despawns=15 pawn=0
[nebula] [nebula-probe] t=104.1 pos=0.0,0.0,0.0 cell=0,0,0 origin=0,0,0 replicas=0 dmin=0.0 dmax=0.0 limit=88.0 speed=0.0 beyond=0 dup=0 chunks=5 orphans=0 carrierless=0 spawns=15 despawns=15 pawn=0
[nebula] client 71743 fps replicas 0 (+0.0/s -0.0/s) entities 0 in 129 pkt/s 10.6 KB/s 60 states/s (msgs: state 60 rpc 0 vars 0) rtt 0ms lead 4 (adj 1, worker saw 4) corrections 0 | full-rate interp: depth 0.0 ticks, starved 0.0% worst +0.0 | frame max 0.9ms fixed/frame max 1 | gaps>3t 0 worst 0t | render delay 3t (stream lag 0t) | snapshot age ms min 6.3 avg 9.8 max 13.8
[nebula] [nebula-probe] t=105.1 pos=0.0,0.0,0.0 cell=0,0,0 origin=0,0,0 replicas=0 dmin=0.0 dmax=0.0 limit=88.0 speed=0.0 beyond=0 dup=0 chunks=5 orphans=0 carrierless=0 spawns=15 despawns=15 pawn=0
[nebula] [nebula-probe] t=106.1 pos=0.0,0.0,0.0 cell=0,0,0 origin=0,0,0 replicas=0 dmin=0.0 dmax=0.0 limit=88.0 speed=0.0 beyond=0 dup=0 chunks=5 orphans=0 carrierless=0 spawns=15 despawns=15 pawn=0
[nebula] [nebula-probe] t=107.1 pos=0.0,0.0,0.0 cell=0,0,0 origin=0,0,0 replicas=0 dmin=0.0 dmax=0.0 limit=88.0 speed=0.0 beyond=0 dup=0 chunks=6 orphans=0 carrierless=0 spawns=15 despawns=15 pawn=0
[nebula] [nebula-probe] t=108.1 pos=0.0,0.0,0.0 cell=0,0,0 origin=0,0,0 replicas=0 dmin=0.0 dmax=0.0 limit=88.0 speed=0.0 beyond=0 dup=0 chunks=6 orphans=0 carrierless=0 spawns=15 despawns=15 pawn=0
[nebula] [nebula-probe] t=109.1 pos=0.0,0.0,0.0 cell=0,0,0 origin=0,0,0 replicas=0 dmin=0.0 dmax=0.0 limit=88.0 speed=0.0 beyond=0 dup=0 chunks=6 orphans=0 carrierless=0 spawns=15 despawns=15 pawn=0
[nebula] client 72132 fps replicas 0 (+0.0/s -0.0/s) entities 0 in 127 pkt/s 10.3 KB/s 60 states/s (msgs: state 60 rpc 0 vars 0) rtt 0ms lead 4 (adj 1, worker saw 4) corrections 0 | full-rate interp: depth 0.0 ticks, starved 0.0% worst +0.0 | frame max 0.8ms fixed/frame max 1 | gaps>3t 0 worst 0t | render delay 3t (stream lag 0t) | snapshot age ms min 8.9 avg 9.9 max 14.9
[nebula] [nebula-probe] t=110.1 pos=0.0,0.0,0.0 cell=0,0,0 origin=0,0,0 replicas=0 dmin=0.0 dmax=0.0 limit=88.0 speed=0.0 beyond=0 dup=0 chunks=6 orphans=0 carrierless=0 spawns=15 despawns=15 pawn=0
[nebula] [nebula-probe] t=111.1 pos=0.0,0.0,0.0 cell=0,0,0 origin=0,0,0 replicas=0 dmin=0.0 dmax=0.0 limit=88.0 speed=0.0 beyond=0 dup=0 chunks=6 orphans=0 carrierless=0 spawns=15 despawns=15 pawn=0
[nebula] [nebula-probe] t=112.1 pos=0.0,0.0,0.0 cell=0,0,0 origin=0,0,0 replicas=0 dmin=0.0 dmax=0.0 limit=88.0 speed=0.0 beyond=0 dup=0 chunks=6 orphans=0 carrierless=0 spawns=15 despawns=15 pawn=0
[nebula] [nebula-probe] t=113.1 pos=0.0,0.0,0.0 cell=0,0,0 origin=0,0,0 replicas=0 dmin=0.0 dmax=0.0 limit=88.0 speed=0.0 beyond=0 dup=0 chunks=6 orphans=0 carrierless=0 spawns=15 despawns=15 pawn=0
[nebula] [nebula-probe] t=114.1 pos=0.0,0.0,0.0 cell=0,0,0 origin=0,0,0 replicas=0 dmin=0.0 dmax=0.0 limit=88.0 speed=0.0 beyond=0 dup=0 chunks=6 orphans=0 carrierless=0 spawns=15 despawns=15 pawn=0
[nebula] client 71895 fps replicas 0 (+0.0/s -0.0/s) entities 0 in 47 pkt/s 5.2 KB/s 19 states/s (msgs: state 19 rpc 0 vars 0) rtt 0ms lead 4 (adj 1, worker saw 4) corrections 0 | full-rate interp: depth 0.0 ticks, starved 0.0% worst +0.0 | frame max 0.9ms fixed/frame max 1 | gaps>3t 0 worst 0t | render delay 3t (stream lag 0t) | snapshot age ms min 8.9 avg 9.9 max 10.8
[nebula] [nebula-probe] t=115.1 pos=0.0,0.0,0.0 cell=0,0,0 origin=0,0,0 replicas=0 dmin=0.0 dmax=0.0 limit=88.0 speed=0.0 beyond=0 dup=0 chunks=6 orphans=0 carrierless=0 spawns=15 despawns=15 pawn=0
[nebula] [nebula-probe] t=116.1 pos=0.0,0.0,0.0 cell=0,0,0 origin=0,0,0 replicas=0 dmin=0.0 dmax=0.0 limit=88.0 speed=0.0 beyond=0 dup=0 chunks=6 orphans=0 carrierless=0 spawns=15 despawns=15 pawn=0
[nebula] [nebula-probe] t=117.1 pos=0.0,0.0,0.0 cell=0,0,0 origin=0,0,0 replicas=0 dmin=0.0 dmax=0.0 limit=88.0 speed=0.0 beyond=0 dup=0 chunks=6 orphans=0 carrierless=0 spawns=15 despawns=15 pawn=0
[nebula] [nebula-probe] t=118.1 pos=0.0,0.0,0.0 cell=0,0,0 origin=0,0,0 replicas=0 dmin=0.0 dmax=0.0 limit=88.0 speed=0.0 beyond=0 dup=0 chunks=6 orphans=0 carrierless=0 spawns=15 despawns=15 pawn=0
[nebula] [nebula-probe] t=119.1 pos=0.0,0.0,0.0 cell=0,0,0 origin=0,0,0 replicas=0 dmin=0.0 dmax=0.0 limit=88.0 speed=0.0 beyond=0 dup=0 chunks=6 orphans=0 carrierless=0 spawns=15 despawns=15 pawn=0
[nebula] client 71795 fps replicas 0 (+0.0/s -0.0/s) entities 0 in 78 pkt/s 8.4 KB/s 34 states/s (msgs: state 34 rpc 0 vars 0) rtt 0ms lead 4 (adj 1, worker saw 4) corrections 0 | full-rate interp: depth 0.0 ticks, starved 0.0% worst +0.0 | frame max 0.8ms fixed/frame max 1 | gaps>3t 0 worst 0t | render delay 3t (stream lag 0t) | snapshot age ms min 8.9 avg 9.8 max 13.8
[nebula] [nebula-probe] t=120.1 pos=0.0,0.0,0.0 cell=0,0,0 origin=0,0,0 replicas=0 dmin=0.0 dmax=0.0 limit=88.0 speed=0.0 beyond=0 dup=0 chunks=6 orphans=0 carrierless=0 spawns=15 despawns=15 pawn=0
[nebula] [nebula-probe] t=121.1 pos=0.0,0.0,0.0 cell=0,0,0 origin=0,0,0 replicas=0 dmin=0.0 dmax=0.0 limit=88.0 speed=0.0 beyond=0 dup=0 chunks=6 orphans=0 carrierless=0 spawns=15 despawns=15 pawn=0
[nebula] [nebula-probe] t=122.1 pos=0.0,0.0,0.0 cell=0,0,0 origin=0,0,0 replicas=0 dmin=0.0 dmax=0.0 limit=88.0 speed=0.0 beyond=0 dup=0 chunks=6 orphans=0 carrierless=0 spawns=15 despawns=15 pawn=0
[nebula] [nebula-probe] t=123.1 pos=0.0,0.0,0.0 cell=0,0,0 origin=0,0,0 replicas=0 dmin=0.0 dmax=0.0 limit=88.0 speed=0.0 beyond=0 dup=0 chunks=6 orphans=0 carrierless=0 spawns=15 despawns=15 pawn=0
[nebula] [nebula-probe] t=124.1 pos=0.0,0.0,0.0 cell=0,0,0 origin=0,0,0 replicas=0 dmin=0.0 dmax=0.0 limit=88.0 speed=0.0 beyond=0 dup=0 chunks=6 orphans=0 carrierless=0 spawns=15 despawns=15 pawn=0
[nebula] client 72313 fps replicas 0 (+0.0/s -0.0/s) entities 0 in 128 pkt/s 10.8 KB/s 60 states/s (msgs: state 60 rpc 0 vars 0) rtt 0ms lead 4 (adj 1, worker saw 4) corrections 0 | full-rate interp: depth 0.0 ticks, starved 0.0% worst +0.0 | frame max 0.8ms fixed/frame max 1 | gaps>3t 0 worst 0t | render delay 3t (stream lag 0t) | snapshot age ms min 8.6 avg 9.8 max 11.0
[nebula] [nebula-probe] t=125.1 pos=0.0,0.0,0.0 cell=0,0,0 origin=0,0,0 replicas=0 dmin=0.0 dmax=0.0 limit=88.0 speed=0.0 beyond=0 dup=0 chunks=6 orphans=0 carrierless=0 spawns=15 despawns=15 pawn=0
[nebula] [nebula-probe] t=126.1 pos=0.0,0.0,0.0 cell=0,0,0 origin=0,0,0 replicas=0 dmin=0.0 dmax=0.0 limit=88.0 speed=0.0 beyond=0 dup=0 chunks=6 orphans=0 carrierless=0 spawns=15 despawns=15 pawn=0
[nebula] [nebula-probe] t=127.1 pos=0.0,0.0,0.0 cell=0,0,0 origin=0,0,0 replicas=0 dmin=0.0 dmax=0.0 limit=88.0 speed=0.0 beyond=0 dup=0 chunks=6 orphans=0 carrierless=0 spawns=15 despawns=15 pawn=0
[nebula] [nebula-probe] t=128.1 pos=0.0,0.0,0.0 cell=0,0,0 origin=0,0,0 replicas=0 dmin=0.0 dmax=0.0 limit=88.0 speed=0.0 beyond=0 dup=0 chunks=7 orphans=0 carrierless=0 spawns=15 despawns=15 pawn=0
[nebula] [nebula-probe] t=129.1 pos=0.0,0.0,0.0 cell=0,0,0 origin=0,0,0 replicas=0 dmin=0.0 dmax=0.0 limit=88.0 speed=0.0 beyond=0 dup=0 chunks=7 orphans=0 carrierless=0 spawns=15 despawns=15 pawn=0
[nebula] client 72107 fps replicas 0 (+0.0/s -0.0/s) entities 0 in 128 pkt/s 10.9 KB/s 60 states/s (msgs: state 60 rpc 0 vars 0) rtt 0ms lead 4 (adj 1, worker saw 4) corrections 0 | full-rate interp: depth 0.0 ticks, starved 0.0% worst +0.0 | frame max 0.9ms fixed/frame max 1 | gaps>3t 0 worst 0t | render delay 3t (stream lag 0t) | snapshot age ms min 8.8 avg 9.8 max 12.5
[nebula] [nebula-probe] t=130.1 pos=0.0,0.0,0.0 cell=0,0,0 origin=0,0,0 replicas=0 dmin=0.0 dmax=0.0 limit=88.0 speed=0.0 beyond=0 dup=0 chunks=7 orphans=0 carrierless=0 spawns=15 despawns=15 pawn=0
[nebula] [nebula-probe] t=131.1 pos=0.0,0.0,0.0 cell=0,0,0 origin=0,0,0 replicas=0 dmin=0.0 dmax=0.0 limit=88.0 speed=0.0 beyond=0 dup=0 chunks=7 orphans=0 carrierless=0 spawns=15 despawns=15 pawn=0
[nebula] [nebula-probe] t=132.1 pos=0.0,0.0,0.0 cell=0,0,0 origin=0,0,0 replicas=0 dmin=0.0 dmax=0.0 limit=88.0 speed=0.0 beyond=0 dup=0 chunks=7 orphans=0 carrierless=0 spawns=15 despawns=15 pawn=0
[nebula] [nebula-probe] t=133.1 pos=0.0,0.0,0.0 cell=0,0,0 origin=0,0,0 replicas=0 dmin=0.0 dmax=0.0 limit=88.0 speed=0.0 beyond=0 dup=0 chunks=7 orphans=0 carrierless=0 spawns=15 despawns=15 pawn=0
[nebula] [nebula-probe] t=134.1 pos=0.0,0.0,0.0 cell=0,0,0 origin=0,0,0 replicas=0 dmin=0.0 dmax=0.0 limit=88.0 speed=0.0 beyond=0 dup=0 chunks=7 orphans=0 carrierless=0 spawns=15 despawns=15 pawn=0
[nebula] client 71946 fps replicas 0 (+0.0/s -0.0/s) entities 0 in 130 pkt/s 12.0 KB/s 60 states/s (msgs: state 60 rpc 0 vars 0) rtt 0ms lead 4 (adj 1, worker saw 4) corrections 0 | full-rate interp: depth 0.0 ticks, starved 0.0% worst +0.0 | frame max 0.9ms fixed/frame max 1 | gaps>3t 0 worst 0t | render delay 3t (stream lag 0t) | snapshot age ms min 8.4 avg 9.7 max 11.0
[nebula] [nebula-probe] t=135.1 pos=0.0,0.0,0.0 cell=0,0,0 origin=0,0,0 replicas=0 dmin=0.0 dmax=0.0 limit=88.0 speed=0.0 beyond=0 dup=0 chunks=7 orphans=0 carrierless=0 spawns=15 despawns=15 pawn=0
[nebula] [nebula-probe] t=136.1 pos=0.0,0.0,0.0 cell=0,0,0 origin=0,0,0 replicas=0 dmin=0.0 dmax=0.0 limit=88.0 speed=0.0 beyond=0 dup=0 chunks=7 orphans=0 carrierless=0 spawns=15 despawns=15 pawn=0
[nebula] [nebula-probe] t=137.1 pos=0.0,0.0,0.0 cell=0,0,0 origin=0,0,0 replicas=0 dmin=0.0 dmax=0.0 limit=88.0 speed=0.0 beyond=0 dup=0 chunks=7 orphans=0 carrierless=0 spawns=15 despawns=15 pawn=0
[nebula] [nebula-probe] t=138.1 pos=0.0,0.0,0.0 cell=0,0,0 origin=0,0,0 replicas=0 dmin=0.0 dmax=0.0 limit=88.0 speed=0.0 beyond=0 dup=0 chunks=7 orphans=0 carrierless=0 spawns=15 despawns=15 pawn=0
[nebula] [nebula-probe] t=139.1 pos=0.0,0.0,0.0 cell=0,0,0 origin=0,0,0 replicas=0 dmin=0.0 dmax=0.0 limit=88.0 speed=0.0 beyond=0 dup=0 chunks=8 orphans=0 carrierless=0 spawns=15 despawns=15 pawn=0
[nebula] client 71881 fps replicas 0 (+0.0/s -0.0/s) entities 0 in 128 pkt/s 11.1 KB/s 60 states/s (msgs: state 60 rpc 0 vars 0) rtt 0ms lead 4 (adj 1, worker saw 4) corrections 0 | full-rate interp: depth 0.0 ticks, starved 0.0% worst +0.0 | frame max 0.8ms fixed/frame max 1 | gaps>3t 0 worst 0t | render delay 3t (stream lag 0t) | snapshot age ms min 8.9 avg 9.8 max 14.7
[nebula] [nebula-probe] t=140.1 pos=0.0,0.0,0.0 cell=0,0,0 origin=0,0,0 replicas=0 dmin=0.0 dmax=0.0 limit=88.0 speed=0.0 beyond=0 dup=0 chunks=8 orphans=0 carrierless=0 spawns=15 despawns=15 pawn=0
[nebula] [nebula-probe] t=141.1 pos=0.0,0.0,0.0 cell=0,0,0 origin=0,0,0 replicas=0 dmin=0.0 dmax=0.0 limit=88.0 speed=0.0 beyond=0 dup=0 chunks=8 orphans=0 carrierless=0 spawns=15 despawns=15 pawn=0
[nebula] [nebula-probe] t=142.1 pos=0.0,0.0,0.0 cell=0,0,0 origin=0,0,0 replicas=0 dmin=0.0 dmax=0.0 limit=88.0 speed=0.0 beyond=0 dup=0 chunks=8 orphans=0 carrierless=0 spawns=15 despawns=15 pawn=0
[nebula] [nebula-probe] t=143.1 pos=0.0,0.0,0.0 cell=0,0,0 origin=0,0,0 replicas=0 dmin=0.0 dmax=0.0 limit=88.0 speed=0.0 beyond=0 dup=0 chunks=8 orphans=0 carrierless=0 spawns=15 despawns=15 pawn=0
[nebula] [nebula-probe] t=144.1 pos=0.0,0.0,0.0 cell=0,0,0 origin=0,0,0 replicas=0 dmin=0.0 dmax=0.0 limit=88.0 speed=0.0 beyond=0 dup=0 chunks=8 orphans=0 carrierless=0 spawns=15 despawns=15 pawn=0
[nebula] client 72011 fps replicas 0 (+0.0/s -0.0/s) entities 0 in 128 pkt/s 11.9 KB/s 60 states/s (msgs: state 60 rpc 0 vars 0) rtt 0ms lead 4 (adj 1, worker saw 4) corrections 0 | full-rate interp: depth 0.0 ticks, starved 0.0% worst +0.0 | frame max 0.8ms fixed/frame max 1 | gaps>3t 0 worst 0t | render delay 3t (stream lag 0t) | snapshot age ms min 8.8 avg 9.7 max 14.0
[nebula] [nebula-probe] t=145.1 pos=0.0,0.0,0.0 cell=0,0,0 origin=0,0,0 replicas=0 dmin=0.0 dmax=0.0 limit=88.0 speed=0.0 beyond=0 dup=0 chunks=8 orphans=0 carrierless=0 spawns=15 despawns=15 pawn=0
[nebula] [nebula-probe] t=146.1 pos=0.0,0.0,0.0 cell=0,0,0 origin=0,0,0 replicas=0 dmin=0.0 dmax=0.0 limit=88.0 speed=0.0 beyond=0 dup=0 chunks=8 orphans=0 carrierless=0 spawns=15 despawns=15 pawn=0
[nebula] [nebula-probe] t=147.1 pos=0.0,0.0,0.0 cell=0,0,0 origin=0,0,0 replicas=0 dmin=0.0 dmax=0.0 limit=88.0 speed=0.0 beyond=0 dup=0 chunks=8 orphans=0 carrierless=0 spawns=15 despawns=15 pawn=0
[nebula] [nebula-probe] t=148.1 pos=0.0,0.0,0.0 cell=0,0,0 origin=0,0,0 replicas=0 dmin=0.0 dmax=0.0 limit=88.0 speed=0.0 beyond=0 dup=0 chunks=8 orphans=0 carrierless=0 spawns=15 despawns=15 pawn=0
[nebula] [nebula-probe] t=149.1 pos=0.0,0.0,0.0 cell=0,0,0 origin=0,0,0 replicas=0 dmin=0.0 dmax=0.0 limit=88.0 speed=0.0 beyond=0 dup=0 chunks=8 orphans=0 carrierless=0 spawns=15 despawns=15 pawn=0
[nebula] client 70979 fps replicas 0 (+0.0/s -0.0/s) entities 0 in 129 pkt/s 12.7 KB/s 60 states/s (msgs: state 60 rpc 0 vars 0) rtt 0ms lead 4 (adj 1, worker saw 4) corrections 0 | full-rate interp: depth 0.0 ticks, starved 0.0% worst +0.0 | frame max 1.1ms fixed/frame max 1 | gaps>3t 0 worst 0t | render delay 3t (stream lag 0t) | snapshot age ms min 8.7 avg 9.8 max 13.7
[nebula] [nebula-probe] t=150.1 pos=0.0,0.0,0.0 cell=0,0,0 origin=0,0,0 replicas=0 dmin=0.0 dmax=0.0 limit=88.0 speed=0.0 beyond=0 dup=0 chunks=9 orphans=0 carrierless=0 spawns=15 despawns=15 pawn=0
[nebula] [nebula-probe] t=151.1 pos=0.0,0.0,0.0 cell=0,0,0 origin=0,0,0 replicas=0 dmin=0.0 dmax=0.0 limit=88.0 speed=0.0 beyond=0 dup=0 chunks=9 orphans=0 carrierless=0 spawns=15 despawns=15 pawn=0
[nebula] [nebula-probe] t=152.1 pos=0.0,0.0,0.0 cell=0,0,0 origin=0,0,0 replicas=0 dmin=0.0 dmax=0.0 limit=88.0 speed=0.0 beyond=0 dup=0 chunks=9 orphans=0 carrierless=0 spawns=15 despawns=15 pawn=0
[nebula] [nebula-probe] t=153.1 pos=0.0,0.0,0.0 cell=0,0,0 origin=0,0,0 replicas=0 dmin=0.0 dmax=0.0 limit=88.0 speed=0.0 beyond=0 dup=0 chunks=9 orphans=0 carrierless=0 spawns=15 despawns=15 pawn=0
[nebula] [nebula-probe] t=154.1 pos=0.0,0.0,0.0 cell=0,0,0 origin=0,0,0 replicas=0 dmin=0.0 dmax=0.0 limit=88.0 speed=0.0 beyond=0 dup=0 chunks=9 orphans=0 carrierless=0 spawns=15 despawns=15 pawn=0
[nebula] client 72116 fps replicas 0 (+0.0/s -0.0/s) entities 0 in 127 pkt/s 11.3 KB/s 60 states/s (msgs: state 60 rpc 0 vars 0) rtt 0ms lead 4 (adj 1, worker saw 4) corrections 0 | full-rate interp: depth 0.0 ticks, starved 0.0% worst +0.0 | frame max 0.8ms fixed/frame max 1 | gaps>3t 0 worst 0t | render delay 3t (stream lag 0t) | snapshot age ms min 8.9 avg 9.7 max 11.4
[nebula] [nebula-probe] t=155.1 pos=0.0,0.0,0.0 cell=0,0,0 origin=0,0,0 replicas=0 dmin=0.0 dmax=0.0 limit=88.0 speed=0.0 beyond=0 dup=0 chunks=9 orphans=0 carrierless=0 spawns=15 despawns=15 pawn=0
[nebula] [nebula-probe] t=156.1 pos=0.0,0.0,0.0 cell=0,0,0 origin=0,0,0 replicas=0 dmin=0.0 dmax=0.0 limit=88.0 speed=0.0 beyond=0 dup=0 chunks=9 orphans=0 carrierless=0 spawns=15 despawns=15 pawn=0
[nebula] [nebula-probe] t=157.1 pos=0.0,0.0,0.0 cell=0,0,0 origin=0,0,0 replicas=0 dmin=0.0 dmax=0.0 limit=88.0 speed=0.0 beyond=0 dup=0 chunks=9 orphans=0 carrierless=0 spawns=15 despawns=15 pawn=0
[nebula] [nebula-probe] t=158.1 pos=0.0,0.0,0.0 cell=0,0,0 origin=0,0,0 replicas=0 dmin=0.0 dmax=0.0 limit=88.0 speed=0.0 beyond=0 dup=0 chunks=9 orphans=0 carrierless=0 spawns=15 despawns=15 pawn=0
[nebula] [nebula-probe] t=159.1 pos=0.0,0.0,0.0 cell=0,0,0 origin=0,0,0 replicas=0 dmin=0.0 dmax=0.0 limit=88.0 speed=0.0 beyond=0 dup=0 chunks=9 orphans=0 carrierless=0 spawns=15 despawns=15 pawn=0
[nebula] client 71339 fps replicas 0 (+0.0/s -0.0/s) entities 0 in 128 pkt/s 12.0 KB/s 60 states/s (msgs: state 60 rpc 0 vars 0) rtt 0ms lead 4 (adj 1, worker saw 4) corrections 0 | full-rate interp: depth 0.0 ticks, starved 0.0% worst +0.0 | frame max 0.9ms fixed/frame max 1 | gaps>3t 0 worst 0t | render delay 3t (stream lag 0t) | snapshot age ms min 8.9 avg 9.7 max 14.2
[nebula] [nebula-probe] t=160.1 pos=0.0,0.0,0.0 cell=0,0,0 origin=0,0,0 replicas=0 dmin=0.0 dmax=0.0 limit=88.0 speed=0.0 beyond=0 dup=0 chunks=10 orphans=0 carrierless=0 spawns=15 despawns=15 pawn=0
[nebula] [nebula-probe] t=161.1 pos=0.0,0.0,0.0 cell=0,0,0 origin=0,0,0 replicas=0 dmin=0.0 dmax=0.0 limit=88.0 speed=0.0 beyond=0 dup=0 chunks=10 orphans=0 carrierless=0 spawns=15 despawns=15 pawn=0
[nebula] [nebula-probe] t=162.1 pos=0.0,0.0,0.0 cell=0,0,0 origin=0,0,0 replicas=0 dmin=0.0 dmax=0.0 limit=88.0 speed=0.0 beyond=0 dup=0 chunks=10 orphans=0 carrierless=0 spawns=15 despawns=15 pawn=0
[nebula] [nebula-probe] t=163.1 pos=0.0,0.0,0.0 cell=0,0,0 origin=0,0,0 replicas=0 dmin=0.0 dmax=0.0 limit=88.0 speed=0.0 beyond=0 dup=0 chunks=10 orphans=0 carrierless=0 spawns=15 despawns=15 pawn=0
[nebula] [nebula-probe] t=164.1 pos=0.0,0.0,0.0 cell=0,0,0 origin=0,0,0 replicas=0 dmin=0.0 dmax=0.0 limit=88.0 speed=0.0 beyond=0 dup=0 chunks=10 orphans=0 carrierless=0 spawns=15 despawns=15 pawn=0
[nebula] client 71813 fps replicas 0 (+0.0/s -0.0/s) entities 0 in 130 pkt/s 13.2 KB/s 60 states/s (msgs: state 60 rpc 0 vars 0) rtt 0ms lead 4 (adj 1, worker saw 4) corrections 0 | full-rate interp: depth 0.0 ticks, starved 0.0% worst +0.0 | frame max 0.9ms fixed/frame max 1 | gaps>3t 0 worst 0t | render delay 3t (stream lag 0t) | snapshot age ms min 8.9 avg 9.7 max 12.6
[nebula] [nebula-probe] t=165.1 pos=0.0,0.0,0.0 cell=0,0,0 origin=0,0,0 replicas=0 dmin=0.0 dmax=0.0 limit=88.0 speed=0.0 beyond=0 dup=0 chunks=10 orphans=0 carrierless=0 spawns=15 despawns=15 pawn=0
[nebula] [nebula-probe] t=166.1 pos=0.0,0.0,0.0 cell=0,0,0 origin=0,0,0 replicas=0 dmin=0.0 dmax=0.0 limit=88.0 speed=0.0 beyond=0 dup=0 chunks=10 orphans=0 carrierless=0 spawns=15 despawns=15 pawn=0
[nebula] [nebula-probe] t=167.1 pos=0.0,0.0,0.0 cell=0,0,0 origin=0,0,0 replicas=0 dmin=0.0 dmax=0.0 limit=88.0 speed=0.0 beyond=0 dup=0 chunks=10 orphans=0 carrierless=0 spawns=15 despawns=15 pawn=0
[nebula] [nebula-probe] t=168.1 pos=0.0,0.0,0.0 cell=0,0,0 origin=0,0,0 replicas=0 dmin=0.0 dmax=0.0 limit=88.0 speed=0.0 beyond=0 dup=0 chunks=10 orphans=0 carrierless=0 spawns=15 despawns=15 pawn=0
[nebula] [nebula-probe] t=169.1 pos=0.0,0.0,0.0 cell=0,0,0 origin=0,0,0 replicas=0 dmin=0.0 dmax=0.0 limit=88.0 speed=0.0 beyond=0 dup=0 chunks=10 orphans=0 carrierless=0 spawns=15 despawns=15 pawn=0
[nebula] client 72245 fps replicas 0 (+0.0/s -0.0/s) entities 0 in 127 pkt/s 11.6 KB/s 60 states/s (msgs: state 60 rpc 0 vars 0) rtt 0ms lead 4 (adj 1, worker saw 4) corrections 0 | full-rate interp: depth 0.0 ticks, starved 0.0% worst +0.0 | frame max 0.8ms fixed/frame max 1 | gaps>3t 0 worst 0t | render delay 3t (stream lag 0t) | snapshot age ms min 8.4 avg 9.7 max 15.6
[nebula] [nebula-probe] t=170.1 pos=0.0,0.0,0.0 cell=0,0,0 origin=0,0,0 replicas=0 dmin=0.0 dmax=0.0 limit=88.0 speed=0.0 beyond=0 dup=0 chunks=10 orphans=0 carrierless=0 spawns=15 despawns=15 pawn=0
[nebula] [nebula-probe] t=171.1 pos=0.0,0.0,0.0 cell=0,0,0 origin=0,0,0 replicas=0 dmin=0.0 dmax=0.0 limit=88.0 speed=0.0 beyond=0 dup=0 chunks=11 orphans=0 carrierless=0 spawns=15 despawns=15 pawn=0
[nebula] [nebula-probe] t=172.1 pos=0.0,0.0,0.0 cell=0,0,0 origin=0,0,0 replicas=0 dmin=0.0 dmax=0.0 limit=88.0 speed=0.0 beyond=0 dup=0 chunks=11 orphans=0 carrierless=0 spawns=15 despawns=15 pawn=0
[nebula] [nebula-probe] t=173.1 pos=0.0,0.0,0.0 cell=0,0,0 origin=0,0,0 replicas=0 dmin=0.0 dmax=0.0 limit=88.0 speed=0.0 beyond=0 dup=0 chunks=11 orphans=0 carrierless=0 spawns=15 despawns=15 pawn=0
[nebula] [nebula-probe] t=174.1 pos=0.0,0.0,0.0 cell=0,0,0 origin=0,0,0 replicas=0 dmin=0.0 dmax=0.0 limit=88.0 speed=0.0 beyond=0 dup=0 chunks=11 orphans=0 carrierless=0 spawns=15 despawns=15 pawn=0
[nebula] client 72172 fps replicas 0 (+0.0/s -0.0/s) entities 0 in 129 pkt/s 12.5 KB/s 60 states/s (msgs: state 60 rpc 0 vars 0) rtt 0ms lead 4 (adj 1, worker saw 4) corrections 0 | full-rate interp: depth 0.0 ticks, starved 0.0% worst +0.0 | frame max 0.9ms fixed/frame max 1 | gaps>3t 0 worst 0t | render delay 3t (stream lag 0t) | snapshot age ms min 8.3 avg 9.7 max 14.5
[nebula] [nebula-probe] t=175.1 pos=0.0,0.0,0.0 cell=0,0,0 origin=0,0,0 replicas=0 dmin=0.0 dmax=0.0 limit=88.0 speed=0.0 beyond=0 dup=0 chunks=11 orphans=0 carrierless=0 spawns=15 despawns=15 pawn=0
[nebula] [nebula-probe] t=176.1 pos=0.0,0.0,0.0 cell=0,0,0 origin=0,0,0 replicas=0 dmin=0.0 dmax=0.0 limit=88.0 speed=0.0 beyond=0 dup=0 chunks=11 orphans=0 carrierless=0 spawns=15 despawns=15 pawn=0
[nebula] [nebula-probe] t=177.1 pos=0.0,0.0,0.0 cell=0,0,0 origin=0,0,0 replicas=0 dmin=0.0 dmax=0.0 limit=88.0 speed=0.0 beyond=0 dup=0 chunks=11 orphans=0 carrierless=0 spawns=15 despawns=15 pawn=0
[nebula] [nebula-probe] t=178.1 pos=0.0,0.0,0.0 cell=0,0,0 origin=0,0,0 replicas=0 dmin=0.0 dmax=0.0 limit=88.0 speed=0.0 beyond=0 dup=0 chunks=11 orphans=0 carrierless=0 spawns=15 despawns=15 pawn=0
[nebula] [nebula-probe] t=179.1 pos=0.0,0.0,0.0 cell=0,0,0 origin=0,0,0 replicas=0 dmin=0.0 dmax=0.0 limit=88.0 speed=0.0 beyond=0 dup=0 chunks=11 orphans=0 carrierless=0 spawns=15 despawns=15 pawn=0
[nebula] client 71258 fps replicas 0 (+0.0/s -0.0/s) entities 0 in 132 pkt/s 14.6 KB/s 60 states/s (msgs: state 60 rpc 0 vars 0) rtt 0ms lead 4 (adj 1, worker saw 4) corrections 0 | full-rate interp: depth 0.0 ticks, starved 0.0% worst +0.0 | frame max 0.8ms fixed/frame max 1 | gaps>3t 0 worst 0t | render delay 3t (stream lag 0t) | snapshot age ms min 8.4 avg 9.7 max 13.7
[nebula] [nebula-probe] t=180.1 pos=0.0,0.0,0.0 cell=0,0,0 origin=0,0,0 replicas=0 dmin=0.0 dmax=0.0 limit=88.0 speed=0.0 beyond=0 dup=0 chunks=11 orphans=0 carrierless=0 spawns=15 despawns=15 pawn=0
[nebula] [nebula-probe] t=181.1 pos=0.0,0.0,0.0 cell=0,0,0 origin=0,0,0 replicas=0 dmin=0.0 dmax=0.0 limit=88.0 speed=0.0 beyond=0 dup=0 chunks=11 orphans=0 carrierless=0 spawns=15 despawns=15 pawn=0
[nebula] [nebula-probe] t=182.1 pos=0.0,0.0,0.0 cell=0,0,0 origin=0,0,0 replicas=0 dmin=0.0 dmax=0.0 limit=88.0 speed=0.0 beyond=0 dup=0 chunks=12 orphans=0 carrierless=0 spawns=15 despawns=15 pawn=0
[nebula] [nebula-probe] t=183.1 pos=0.0,0.0,0.0 cell=0,0,0 origin=0,0,0 replicas=0 dmin=0.0 dmax=0.0 limit=88.0 speed=0.0 beyond=0 dup=0 chunks=12 orphans=0 carrierless=0 spawns=15 despawns=15 pawn=0
[nebula] [nebula-probe] t=184.1 pos=0.0,0.0,0.0 cell=0,0,0 origin=0,0,0 replicas=0 dmin=0.0 dmax=0.0 limit=88.0 speed=0.0 beyond=0 dup=0 chunks=12 orphans=0 carrierless=0 spawns=15 despawns=15 pawn=0
[nebula] client 71986 fps replicas 0 (+0.0/s -0.0/s) entities 0 in 127 pkt/s 11.4 KB/s 60 states/s (msgs: state 60 rpc 0 vars 0) rtt 0ms lead 4 (adj 1, worker saw 4) corrections 0 | full-rate interp: depth 0.0 ticks, starved 0.0% worst +0.0 | frame max 0.9ms fixed/frame max 1 | gaps>3t 0 worst 0t | render delay 3t (stream lag 0t) | snapshot age ms min 8.9 avg 9.8 max 12.1
[nebula] [nebula-probe] t=185.1 pos=0.0,0.0,0.0 cell=0,0,0 origin=0,0,0 replicas=0 dmin=0.0 dmax=0.0 limit=88.0 speed=0.0 beyond=0 dup=0 chunks=12 orphans=0 carrierless=0 spawns=15 despawns=15 pawn=0
[nebula] [nebula-probe] t=186.1 pos=0.0,0.0,0.0 cell=0,0,0 origin=0,0,0 replicas=0 dmin=0.0 dmax=0.0 limit=88.0 speed=0.0 beyond=0 dup=0 chunks=12 orphans=0 carrierless=0 spawns=15 despawns=15 pawn=0
[nebula] [nebula-probe] t=187.1 pos=0.0,0.0,0.0 cell=0,0,0 origin=0,0,0 replicas=0 dmin=0.0 dmax=0.0 limit=88.0 speed=0.0 beyond=0 dup=0 chunks=12 orphans=0 carrierless=0 spawns=15 despawns=15 pawn=0
[nebula] [nebula-probe] t=188.1 pos=0.0,0.0,0.0 cell=0,0,0 origin=0,0,0 replicas=0 dmin=0.0 dmax=0.0 limit=88.0 speed=0.0 beyond=0 dup=0 chunks=12 orphans=0 carrierless=0 spawns=15 despawns=15 pawn=0
[nebula] [nebula-probe] t=189.1 pos=0.0,0.0,0.0 cell=0,0,0 origin=0,0,0 replicas=0 dmin=0.0 dmax=0.0 limit=88.0 speed=0.0 beyond=0 dup=0 chunks=12 orphans=0 carrierless=0 spawns=15 despawns=15 pawn=0
[nebula] client 72203 fps replicas 0 (+0.0/s -0.0/s) entities 0 in 127 pkt/s 11.7 KB/s 60 states/s (msgs: state 60 rpc 0 vars 0) rtt 0ms lead 4 (adj 1, worker saw 4) corrections 0 | full-rate interp: depth 0.0 ticks, starved 0.0% worst +0.0 | frame max 0.9ms fixed/frame max 1 | gaps>3t 0 worst 0t | render delay 3t (stream lag 0t) | snapshot age ms min 8.9 avg 9.8 max 14.0
[nebula] [nebula-probe] t=190.1 pos=0.0,0.0,0.0 cell=0,0,0 origin=0,0,0 replicas=0 dmin=0.0 dmax=0.0 limit=88.0 speed=0.0 beyond=0 dup=0 chunks=12 orphans=0 carrierless=0 spawns=15 despawns=15 pawn=0
[nebula] [nebula-probe] t=191.1 pos=0.0,0.0,0.0 cell=0,0,0 origin=0,0,0 replicas=0 dmin=0.0 dmax=0.0 limit=88.0 speed=0.0 beyond=0 dup=0 chunks=12 orphans=0 carrierless=0 spawns=15 despawns=15 pawn=0
[nebula] [nebula-probe] t=192.1 pos=0.0,0.0,0.0 cell=0,0,0 origin=0,0,0 replicas=0 dmin=0.0 dmax=0.0 limit=88.0 speed=0.0 beyond=0 dup=0 chunks=13 orphans=0 carrierless=0 spawns=15 despawns=15 pawn=0
[nebula] [nebula-probe] t=193.1 pos=0.0,0.0,0.0 cell=0,0,0 origin=0,0,0 replicas=0 dmin=0.0 dmax=0.0 limit=88.0 speed=0.0 beyond=0 dup=0 chunks=13 orphans=0 carrierless=0 spawns=15 despawns=15 pawn=0
[nebula] [nebula-probe] t=194.1 pos=0.0,0.0,0.0 cell=0,0,0 origin=0,0,0 replicas=0 dmin=0.0 dmax=0.0 limit=88.0 speed=0.0 beyond=0 dup=0 chunks=13 orphans=0 carrierless=0 spawns=15 despawns=15 pawn=0
[nebula] client 71783 fps replicas 0 (+0.0/s -0.0/s) entities 0 in 132 pkt/s 15.3 KB/s 60 states/s (msgs: state 60 rpc 0 vars 0) rtt 0ms lead 4 (adj 1, worker saw 4) corrections 0 | full-rate interp: depth 0.0 ticks, starved 0.0% worst +0.0 | frame max 1.0ms fixed/frame max 1 | gaps>3t 0 worst 0t | render delay 3t (stream lag 0t) | snapshot age ms min 8.5 avg 9.8 max 15.9
[nebula] [nebula-probe] t=195.1 pos=0.0,0.0,0.0 cell=0,0,0 origin=0,0,0 replicas=0 dmin=0.0 dmax=0.0 limit=88.0 speed=0.0 beyond=0 dup=0 chunks=13 orphans=0 carrierless=0 spawns=15 despawns=15 pawn=0
[nebula] [nebula-probe] t=196.1 pos=0.0,0.0,0.0 cell=0,0,0 origin=0,0,0 replicas=0 dmin=0.0 dmax=0.0 limit=88.0 speed=0.0 beyond=0 dup=0 chunks=13 orphans=0 carrierless=0 spawns=15 despawns=15 pawn=0
[nebula] [nebula-probe] t=197.1 pos=0.0,0.0,0.0 cell=0,0,0 origin=0,0,0 replicas=0 dmin=0.0 dmax=0.0 limit=88.0 speed=0.0 beyond=0 dup=0 chunks=13 orphans=0 carrierless=0 spawns=15 despawns=15 pawn=0
[nebula] [nebula-probe] t=198.1 pos=0.0,0.0,0.0 cell=0,0,0 origin=0,0,0 replicas=0 dmin=0.0 dmax=0.0 limit=88.0 speed=0.0 beyond=0 dup=0 chunks=13 orphans=0 carrierless=0 spawns=15 despawns=15 pawn=0
[nebula] [nebula-probe] t=199.1 pos=0.0,0.0,0.0 cell=0,0,0 origin=0,0,0 replicas=0 dmin=0.0 dmax=0.0 limit=88.0 speed=0.0 beyond=0 dup=0 chunks=13 orphans=0 carrierless=0 spawns=15 despawns=15 pawn=0
[nebula] client 71704 fps replicas 0 (+0.0/s -0.0/s) entities 0 in 128 pkt/s 12.6 KB/s 60 states/s (msgs: state 60 rpc 0 vars 0) rtt 0ms lead 4 (adj 1, worker saw 4) corrections 0 | full-rate interp: depth 0.0 ticks, starved 0.0% worst +0.0 | frame max 0.9ms fixed/frame max 1 | gaps>3t 0 worst 0t | render delay 3t (stream lag 0t) | snapshot age ms min 9.1 avg 14.2 max 18.9
[nebula] [nebula-probe] t=200.1 pos=0.0,0.0,0.0 cell=0,0,0 origin=0,0,0 replicas=0 dmin=0.0 dmax=0.0 limit=88.0 speed=0.0 beyond=0 dup=0 chunks=13 orphans=0 carrierless=0 spawns=15 despawns=15 pawn=0
[nebula] [nebula-probe] t=201.1 pos=0.0,0.0,0.0 cell=0,0,0 origin=0,0,0 replicas=0 dmin=0.0 dmax=0.0 limit=88.0 speed=0.0 beyond=0 dup=0 chunks=13 orphans=0 carrierless=0 spawns=15 despawns=15 pawn=0
[nebula] [nebula-probe] t=202.1 pos=0.0,0.0,0.0 cell=0,0,0 origin=0,0,0 replicas=0 dmin=0.0 dmax=0.0 limit=88.0 speed=0.0 beyond=0 dup=0 chunks=13 orphans=0 carrierless=0 spawns=15 despawns=15 pawn=0
[nebula] [nebula-probe] t=203.1 pos=0.0,0.0,0.0 cell=0,0,0 origin=0,0,0 replicas=0 dmin=0.0 dmax=0.0 limit=88.0 speed=0.0 beyond=0 dup=0 chunks=14 orphans=0 carrierless=0 spawns=15 despawns=15 pawn=0
[nebula] [nebula-probe] t=204.1 pos=0.0,0.0,0.0 cell=0,0,0 origin=0,0,0 replicas=0 dmin=0.0 dmax=0.0 limit=88.0 speed=0.0 beyond=0 dup=0 chunks=14 orphans=0 carrierless=0 spawns=15 despawns=15 pawn=0
[nebula] client 72035 fps replicas 0 (+0.0/s -0.0/s) entities 0 in 127 pkt/s 12.0 KB/s 60 states/s (msgs: state 60 rpc 0 vars 0) rtt 0ms lead 4 (adj 1, worker saw 4) corrections 0 | full-rate interp: depth 0.0 ticks, starved 0.0% worst +0.0 | frame max 0.8ms fixed/frame max 1 | gaps>3t 0 worst 0t | render delay 3t (stream lag 0t) | snapshot age ms min 13.8 avg 16.9 max 21.8
[nebula] [nebula-probe] t=205.1 pos=0.0,0.0,0.0 cell=0,0,0 origin=0,0,0 replicas=0 dmin=0.0 dmax=0.0 limit=88.0 speed=0.0 beyond=0 dup=0 chunks=14 orphans=0 carrierless=0 spawns=15 despawns=15 pawn=0
[nebula] [nebula-probe] t=206.1 pos=0.0,0.0,0.0 cell=0,0,0 origin=0,0,0 replicas=0 dmin=0.0 dmax=0.0 limit=88.0 speed=0.0 beyond=0 dup=0 chunks=14 orphans=0 carrierless=0 spawns=15 despawns=15 pawn=0
[nebula] [nebula-probe] t=207.1 pos=0.0,0.0,0.0 cell=0,0,0 origin=0,0,0 replicas=0 dmin=0.0 dmax=0.0 limit=88.0 speed=0.0 beyond=0 dup=0 chunks=14 orphans=0 carrierless=0 spawns=15 despawns=15 pawn=0
[nebula] [nebula-probe] t=208.1 pos=0.0,0.0,0.0 cell=0,0,0 origin=0,0,0 replicas=0 dmin=0.0 dmax=0.0 limit=88.0 speed=0.0 beyond=0 dup=0 chunks=14 orphans=0 carrierless=0 spawns=15 despawns=15 pawn=0
