Mono path[0] = 'C:/Dev/nebula-virtualworld/Builds/Win64/Nebula_Data/Managed'
Mono config path = 'C:/Dev/nebula-virtualworld/Builds/Win64/MonoBleedingEdge/etc'
CodeReloadManager initialized
Found 1 interfaces on host : 0) 192.168.4.54
Player connection [52632]  Target information:

Player connection [52632]  * "[IP] 192.168.4.54 [Port] 55001 [Flags] 2 [Guid] 3681051439 [EditorId] 3301648937 [Version] 1048832 [Id] WindowsPlayer(2,Atlas) [Debug] 0 [PackageName] WindowsPlayer [ProjectName] nebula-virtualworld" 

Player connection [52632] Started UDP target info broadcast (1) on [225.0.0.222:54997].

Input System module state changed to: Initialized.
[Physics::Module] Initialized fallback backend.
[Physics::Module] Id: 0xdecafbad
Initialize engine version: 6000.6.0f1 (f7f8ed4d1e24)
[EntityIdStore] init: VM path (explicit commit), pageSize=4096, blockCount=1048576, entitiesPerBlock=256, slots reserved=4294967296 bytes
[Subsystems] Discovering subsystems at path C:/Dev/nebula-virtualworld/Builds/Win64/Nebula_Data/UnitySubsystems
Forcing GfxDevice: Null
GfxDevice: creating device client; kGfxThreadingModeNonThreaded
NullGfxDevice:
    Version:  NULL 1.0 [1.0]
    Renderer: Null Device
    Vendor:   Unity Technologies
Begin MonoManager ReloadAssembly
- Finished resetting the current domain, in  0.007 seconds
[Physics::Module] Selected backend.
[Physics::Module] Name: PhysX
[Physics::Module] Id: 0xf2b8ea05
[Physics::Module] SDK Version: 4.1.2
[Physics::Module] Integration Version: 1.0.0
[Physics::Module] Threading Mode: Multi-Threaded
Microsoft Media Foundation video decoding to texture disabled: graphics device is Null, only Direct3D 11 and Direct3D 12 (only on desktop) are supported for hardware-accelerated video decoding.
UnloadTime: 0.461800 ms
[nebula] boot roles=Client scene=World tickRate=60
[nebula] containers: 0 (runtime world)
[nebula] connecting to gateway 127.0.0.1:7200 as 'bot8'
[nebula] chunked world: cell (64.00, 512.00, 64.00) (planar), near 2 cell(s), allocator ring 3, retire after 30s
[nebula] client 0 fps replicas 0 (+0.0/s -0.0/s) entities 0 in 0 pkt/s 0.0 KB/s 0 states/s (msgs: state 0 rpc 0 vars 0) rtt -1ms lead 0 (adj 0, worker saw 0) corrections 0 | full-rate interp: depth 0.0 ticks, starved 0.0% worst +0.0 | frame max 73.4ms fixed/frame max 1 | gaps>3t 0 worst 0t | render delay 0t (stream lag 0t) | snapshot age ms min 0.0 avg 0.0 max 0.0
[nebula] [nebula-probe] t=0.1 pos=0.0,0.0,0.0 cell=0,0,0 origin=0,0,0 replicas=0 dmin=0.0 dmax=0.0 limit=88.0 speed=0.0 beyond=0 dup=0 chunks=0 orphans=0 carrierless=0 spawns=0 despawns=0 pawn=0
[nebula] welcome: clientId=2739580370478432263 identity=e0fc8652fe1e serverTick=1365037333
[nebula] world starting, about 3 s: no worker is running yet; holding the join
[nebula] [nebula-probe] t=1.1 pos=0.0,0.0,0.0 cell=0,0,0 origin=0,0,0 replicas=0 dmin=0.0 dmax=0.0 limit=88.0 speed=0.0 beyond=0 dup=0 chunks=0 orphans=0 carrierless=0 spawns=0 despawns=0 pawn=0
[nebula] [nebula-probe] t=2.1 pos=0.0,0.0,0.0 cell=0,0,0 origin=0,0,0 replicas=0 dmin=0.0 dmax=0.0 limit=88.0 speed=0.0 beyond=0 dup=0 chunks=0 orphans=0 carrierless=0 spawns=0 despawns=0 pawn=0
[nebula] [nebula-probe] t=3.1 pos=0.0,0.0,0.0 cell=0,0,0 origin=0,0,0 replicas=0 dmin=0.0 dmax=0.0 limit=88.0 speed=0.0 beyond=0 dup=0 chunks=0 orphans=0 carrierless=0 spawns=0 despawns=0 pawn=0
[nebula] joined the world
[nebula] [vw-bot] mode=LineBuild
[nebula] local player spawned: Player(Clone)#844424930131970(e1,rt_4398048608255,local)
[nebula] [nebula-probe] t=4.1 pos=118.4,0.0,-43.6 cell=1,0,-1 origin=0,0,0 replicas=1 dmin=1.7 dmax=1.7 limit=88.0 speed=0.0 beyond=0 dup=0 chunks=9 orphans=0 carrierless=0 spawns=2 despawns=0 pawn=1
[nebula] client 63615 fps replicas 2 (+0.4/s -0.0/s) entities 2 in 43 pkt/s 3.8 KB/s 19 states/s (msgs: state 19 rpc 0 vars 0) rtt 0ms lead 3 (adj 0, worker saw 3) corrections 1 last 0.10m | full-rate interp: depth 0.0 ticks, starved 0.0% worst +0.0 | frame max 303.2ms fixed/frame max 1 | gaps>3t 0 worst 0t | render delay 3t (stream lag 0t) | snapshot age ms min 4.3 avg 5.7 max 19.7
[nebula] [nebula-probe] t=5.1 pos=124.4,0.0,-43.6 cell=1,0,-1 origin=0,0,0 replicas=1 dmin=7.7 dmax=7.7 limit=97.6 speed=6.0 beyond=0 dup=0 chunks=9 orphans=0 carrierless=0 spawns=2 despawns=0 pawn=1
[nebula] [nebula-probe] t=6.1 pos=130.4,0.0,-43.6 cell=2,0,-1 origin=0,0,0 replicas=1 dmin=13.7 dmax=13.7 limit=97.6 speed=6.0 beyond=0 dup=0 chunks=9 orphans=0 carrierless=0 spawns=2 despawns=0 pawn=1
[nebula] [nebula-probe] t=7.1 pos=136.4,0.0,-43.6 cell=2,0,-1 origin=0,0,0 replicas=2 dmin=1.6 dmax=19.7 limit=97.6 speed=6.0 beyond=0 dup=0 chunks=12 orphans=0 carrierless=0 spawns=3 despawns=0 pawn=1
[nebula] [nebula-probe] t=8.1 pos=142.4,0.0,-43.6 cell=2,0,-1 origin=0,0,0 replicas=2 dmin=7.6 dmax=25.7 limit=97.6 speed=6.0 beyond=0 dup=0 chunks=12 orphans=0 carrierless=0 spawns=3 despawns=0 pawn=1
[nebula] [nebula-probe] t=9.1 pos=148.5,0.0,-43.6 cell=2,0,-1 origin=0,0,0 replicas=2 dmin=13.7 dmax=31.8 limit=97.8 speed=6.1 beyond=0 dup=0 chunks=12 orphans=0 carrierless=0 spawns=3 despawns=0 pawn=1
[nebula] client 61737 fps replicas 4 (+0.4/s -0.0/s) entities 4 in 126 pkt/s 10.9 KB/s 60 states/s (msgs: state 60 rpc 0 vars 0) rtt 0ms lead 4 (adj 1, worker saw 4) corrections 0 | full-rate interp: depth 0.0 ticks, starved 0.0% worst +0.0 | frame max 0.8ms fixed/frame max 1 | gaps>3t 0 worst 0t | render delay 3t (stream lag 0t) | snapshot age ms min 4.1 avg 5.5 max 10.7
[nebula] [nebula-probe] t=10.1 pos=154.5,0.0,-43.6 cell=2,0,-1 origin=0,0,0 replicas=3 dmin=1.6 dmax=37.8 limit=97.6 speed=6.0 beyond=0 dup=0 chunks=12 orphans=0 carrierless=0 spawns=4 despawns=0 pawn=1
[nebula] [nebula-probe] t=11.1 pos=160.5,0.0,-43.6 cell=2,0,-1 origin=0,0,0 replicas=3 dmin=7.6 dmax=43.8 limit=97.6 speed=6.0 beyond=0 dup=0 chunks=12 orphans=0 carrierless=0 spawns=4 despawns=0 pawn=1
[nebula] [nebula-probe] t=12.1 pos=166.5,0.0,-43.6 cell=2,0,-1 origin=0,0,0 replicas=3 dmin=13.6 dmax=49.8 limit=97.6 speed=6.0 beyond=0 dup=0 chunks=12 orphans=0 carrierless=0 spawns=4 despawns=0 pawn=1
[nebula] [nebula-probe] t=13.1 pos=172.5,0.0,-43.6 cell=2,0,-1 origin=0,0,0 replicas=4 dmin=1.6 dmax=55.8 limit=97.6 speed=6.0 beyond=0 dup=0 chunks=12 orphans=0 carrierless=0 spawns=5 despawns=0 pawn=1
[nebula] [nebula-probe] t=14.1 pos=178.5,0.0,-43.6 cell=2,0,-1 origin=0,0,0 replicas=4 dmin=7.6 dmax=61.8 limit=97.6 speed=6.0 beyond=0 dup=0 chunks=12 orphans=0 carrierless=0 spawns=5 despawns=0 pawn=1
[nebula] client 62083 fps replicas 5 (+0.2/s -0.0/s) entities 5 in 125 pkt/s 11.0 KB/s 60 states/s (msgs: state 60 rpc 0 vars 0) rtt 0ms lead 4 (adj 1, worker saw 4) corrections 0 | full-rate interp: depth 0.0 ticks, starved 0.0% worst +0.0 | frame max 0.9ms fixed/frame max 1 | gaps>3t 0 worst 0t | render delay 3t (stream lag 0t) | snapshot age ms min 4.6 avg 5.9 max 19.0
[nebula] [nebula-probe] t=15.1 pos=184.5,0.0,-43.6 cell=2,0,-1 origin=0,0,0 replicas=4 dmin=13.6 dmax=67.8 limit=97.6 speed=6.0 beyond=0 dup=0 chunks=12 orphans=0 carrierless=0 spawns=5 despawns=0 pawn=1
[nebula] [nebula-probe] t=16.1 pos=190.5,0.0,-43.6 cell=2,0,-1 origin=0,0,0 replicas=4 dmin=1.6 dmax=55.7 limit=97.6 speed=6.0 beyond=0 dup=0 chunks=9 orphans=0 carrierless=0 spawns=6 despawns=1 pawn=1
[nebula] [nebula-probe] t=17.1 pos=196.5,0.0,-43.6 cell=3,0,-1 origin=0,0,0 replicas=4 dmin=7.6 dmax=61.7 limit=97.6 speed=6.0 beyond=0 dup=0 chunks=9 orphans=0 carrierless=0 spawns=6 despawns=1 pawn=1
[nebula] [nebula-probe] t=18.1 pos=202.5,0.0,-43.6 cell=3,0,-1 origin=0,0,0 replicas=4 dmin=13.6 dmax=67.7 limit=97.6 speed=6.0 beyond=0 dup=0 chunks=9 orphans=0 carrierless=0 spawns=6 despawns=1 pawn=1
[nebula] [nebula-probe] t=19.1 pos=208.5,0.0,-43.6 cell=3,0,-1 origin=0,0,0 replicas=4 dmin=1.6 dmax=55.6 limit=97.6 speed=6.0 beyond=0 dup=0 chunks=9 orphans=0 carrierless=0 spawns=7 despawns=2 pawn=1
[nebula] client 62220 fps replicas 5 (+0.4/s -0.4/s) entities 5 in 128 pkt/s 11.5 KB/s 60 states/s (msgs: state 60 rpc 0 vars 0) rtt 0ms lead 4 (adj 1, worker saw 4) corrections 0 | full-rate interp: depth 0.0 ticks, starved 0.0% worst +0.0 | frame max 3.6ms fixed/frame max 1 | gaps>3t 0 worst 0t | render delay 3t (stream lag 0t) | snapshot age ms min 14.4 avg 17.9 max 34.6
[nebula] [nebula-probe] t=20.1 pos=214.5,0.0,-43.6 cell=3,0,-1 origin=0,0,0 replicas=4 dmin=7.6 dmax=61.6 limit=97.6 speed=6.0 beyond=0 dup=0 chunks=9 orphans=0 carrierless=0 spawns=7 despawns=2 pawn=1
[nebula] [nebula-probe] t=21.1 pos=220.5,0.0,-43.6 cell=3,0,-1 origin=0,0,0 replicas=4 dmin=13.6 dmax=67.6 limit=97.6 speed=6.0 beyond=0 dup=0 chunks=9 orphans=0 carrierless=0 spawns=7 despawns=2 pawn=1
[nebula] [nebula-probe] t=22.1 pos=226.5,0.0,-43.6 cell=3,0,-1 origin=0,0,0 replicas=4 dmin=1.6 dmax=55.6 limit=97.6 speed=6.0 beyond=0 dup=0 chunks=9 orphans=0 carrierless=0 spawns=8 despawns=3 pawn=1
[nebula] [nebula-probe] t=23.1 pos=232.5,0.0,-43.6 cell=3,0,-1 origin=0,0,0 replicas=4 dmin=7.6 dmax=61.6 limit=97.6 speed=6.0 beyond=0 dup=0 chunks=9 orphans=0 carrierless=0 spawns=8 despawns=3 pawn=1
[nebula] [nebula-probe] t=24.1 pos=238.5,0.0,-43.6 cell=3,0,-1 origin=0,0,0 replicas=4 dmin=13.6 dmax=67.6 limit=97.6 speed=6.0 beyond=0 dup=0 chunks=9 orphans=0 carrierless=0 spawns=8 despawns=3 pawn=1
[nebula] client 62181 fps replicas 5 (+0.4/s -0.4/s) entities 5 in 127 pkt/s 10.7 KB/s 60 states/s (msgs: state 60 rpc 0 vars 0) rtt 0ms lead 4 (adj 1, worker saw 4) corrections 0 | full-rate interp: depth 0.0 ticks, starved 0.0% worst +0.0 | frame max 0.8ms fixed/frame max 1 | gaps>3t 0 worst 0t | render delay 3t (stream lag 0t) | snapshot age ms min 14.5 avg 18.0 max 22.6
[nebula] [nebula-probe] t=25.1 pos=244.5,0.0,-43.6 cell=3,0,-1 origin=0,0,0 replicas=4 dmin=1.6 dmax=55.6 limit=97.6 speed=6.0 beyond=0 dup=0 chunks=9 orphans=0 carrierless=0 spawns=9 despawns=4 pawn=1
[nebula] [nebula-probe] t=26.1 pos=250.5,0.0,-43.6 cell=3,0,-1 origin=0,0,0 replicas=4 dmin=7.6 dmax=61.6 limit=97.6 speed=6.0 beyond=0 dup=0 chunks=9 orphans=0 carrierless=0 spawns=9 despawns=4 pawn=1
[nebula] [nebula-probe] t=27.1 pos=256.5,0.0,-43.6 cell=4,0,-1 origin=0,0,0 replicas=4 dmin=13.6 dmax=67.6 limit=97.6 speed=6.0 beyond=0 dup=0 chunks=9 orphans=0 carrierless=0 spawns=9 despawns=4 pawn=1
[nebula] [nebula-probe] t=28.1 pos=262.5,0.0,-43.6 cell=4,0,-1 origin=0,0,0 replicas=4 dmin=1.6 dmax=55.6 limit=97.6 speed=6.0 beyond=0 dup=0 chunks=9 orphans=0 carrierless=0 spawns=10 despawns=5 pawn=1
[nebula] [nebula-probe] t=29.1 pos=268.5,0.0,-43.6 cell=4,0,-1 origin=0,0,0 replicas=4 dmin=7.6 dmax=61.6 limit=97.6 speed=6.0 beyond=0 dup=0 chunks=9 orphans=0 carrierless=0 spawns=10 despawns=5 pawn=1
[nebula] client 62280 fps replicas 5 (+0.2/s -0.2/s) entities 5 in 130 pkt/s 12.6 KB/s 60 states/s (msgs: state 60 rpc 0 vars 0) rtt 0ms lead 4 (adj 1, worker saw 4) corrections 0 | full-rate interp: depth 0.0 ticks, starved 0.0% worst +0.0 | frame max 0.9ms fixed/frame max 1 | gaps>3t 0 worst 0t | render delay 3t (stream lag 0t) | snapshot age ms min 14.7 avg 18.1 max 21.9
[nebula] [nebula-probe] t=30.1 pos=274.5,0.0,-43.6 cell=4,0,-1 origin=0,0,0 replicas=4 dmin=13.6 dmax=67.6 limit=97.6 speed=6.0 beyond=0 dup=0 chunks=9 orphans=0 carrierless=0 spawns=10 despawns=5 pawn=1
[nebula] [nebula-probe] t=31.1 pos=280.5,0.0,-43.6 cell=4,0,-1 origin=0,0,0 replicas=4 dmin=1.6 dmax=55.6 limit=97.6 speed=6.0 beyond=0 dup=0 chunks=9 orphans=0 carrierless=0 spawns=11 despawns=6 pawn=1
[nebula] [nebula-probe] t=32.1 pos=286.5,0.0,-43.6 cell=4,0,-1 origin=0,0,0 replicas=4 dmin=7.6 dmax=61.6 limit=97.6 speed=6.0 beyond=0 dup=0 chunks=9 orphans=0 carrierless=0 spawns=11 despawns=6 pawn=1
[nebula] [nebula-probe] t=33.1 pos=292.5,0.0,-43.6 cell=4,0,-1 origin=0,0,0 replicas=4 dmin=13.6 dmax=67.6 limit=97.6 speed=6.0 beyond=0 dup=0 chunks=9 orphans=0 carrierless=0 spawns=11 despawns=6 pawn=1
[nebula] [nebula-probe] t=34.1 pos=298.5,0.0,-43.6 cell=4,0,-1 origin=0,0,0 replicas=4 dmin=1.6 dmax=55.6 limit=97.6 speed=6.0 beyond=0 dup=0 chunks=9 orphans=0 carrierless=0 spawns=12 despawns=7 pawn=1
[nebula] client 62573 fps replicas 5 (+0.4/s -0.4/s) entities 5 in 128 pkt/s 11.2 KB/s 60 states/s (msgs: state 60 rpc 0 vars 0) rtt 0ms lead 4 (adj 1, worker saw 4) corrections 0 | full-rate interp: depth 0.0 ticks, starved 0.0% worst +0.0 | frame max 0.9ms fixed/frame max 1 | gaps>3t 0 worst 0t | render delay 3t (stream lag 0t) | snapshot age ms min 15.3 avg 18.2 max 23.6
[nebula] [nebula-probe] t=35.1 pos=304.5,0.0,-43.6 cell=4,0,-1 origin=0,0,0 replicas=4 dmin=7.6 dmax=61.6 limit=97.6 speed=6.0 beyond=0 dup=0 chunks=9 orphans=0 carrierless=0 spawns=12 despawns=7 pawn=1
[nebula] [nebula-probe] t=36.1 pos=310.5,0.0,-43.6 cell=4,0,-1 origin=0,0,0 replicas=4 dmin=13.6 dmax=67.6 limit=97.6 speed=6.0 beyond=0 dup=0 chunks=9 orphans=0 carrierless=0 spawns=12 despawns=7 pawn=1
[nebula] [nebula-probe] t=37.1 pos=316.5,0.0,-43.6 cell=4,0,-1 origin=0,0,0 replicas=4 dmin=1.6 dmax=55.6 limit=97.6 speed=6.0 beyond=0 dup=0 chunks=9 orphans=0 carrierless=0 spawns=13 despawns=8 pawn=1
[nebula] [nebula-probe] t=38.1 pos=2.5,0.0,20.4 cell=5,0,-1 origin=5,0,-1 replicas=4 dmin=7.6 dmax=61.6 limit=88.0 speed=0.0 beyond=0 dup=0 chunks=9 orphans=0 carrierless=0 spawns=13 despawns=8 pawn=1
[nebula] [nebula-probe] t=39.1 pos=8.5,0.0,20.4 cell=5,0,-1 origin=5,0,-1 replicas=4 dmin=13.6 dmax=67.6 limit=97.6 speed=6.0 beyond=0 dup=0 chunks=9 orphans=0 carrierless=0 spawns=13 despawns=8 pawn=1
[nebula] client 61745 fps replicas 5 (+0.4/s -0.4/s) entities 5 in 129 pkt/s 11.8 KB/s 60 states/s (msgs: state 60 rpc 0 vars 0) rtt 0ms lead 4 (adj 1, worker saw 4) corrections 0 | full-rate interp: depth 0.0 ticks, starved 0.0% worst +0.0 | frame max 2.9ms fixed/frame max 1 | gaps>3t 0 worst 0t | render delay 3t (stream lag 0t) | snapshot age ms min 17.1 avg 18.2 max 36.9
[nebula] [nebula-probe] t=40.1 pos=14.5,0.0,20.4 cell=5,0,-1 origin=5,0,-1 replicas=4 dmin=1.6 dmax=55.6 limit=97.6 speed=6.0 beyond=0 dup=0 chunks=9 orphans=0 carrierless=0 spawns=14 despawns=9 pawn=1
[nebula] [nebula-probe] t=41.1 pos=20.5,0.0,20.4 cell=5,0,-1 origin=5,0,-1 replicas=4 dmin=7.6 dmax=61.6 limit=97.6 speed=6.0 beyond=0 dup=0 chunks=9 orphans=0 carrierless=0 spawns=14 despawns=9 pawn=1
[nebula] [nebula-probe] t=42.1 pos=26.5,0.0,20.4 cell=5,0,-1 origin=5,0,-1 replicas=4 dmin=13.6 dmax=67.6 limit=97.6 speed=6.0 beyond=0 dup=0 chunks=9 orphans=0 carrierless=0 spawns=14 despawns=9 pawn=1
[nebula] [nebula-probe] t=43.1 pos=32.5,0.0,20.4 cell=5,0,-1 origin=5,0,-1 replicas=4 dmin=1.6 dmax=55.6 limit=97.6 speed=6.0 beyond=0 dup=0 chunks=9 orphans=0 carrierless=0 spawns=15 despawns=10 pawn=1
[nebula] [nebula-probe] t=44.1 pos=38.5,0.0,20.4 cell=5,0,-1 origin=5,0,-1 replicas=4 dmin=7.6 dmax=61.6 limit=97.6 speed=6.0 beyond=0 dup=0 chunks=9 orphans=0 carrierless=0 spawns=15 despawns=10 pawn=1
[nebula] client 62065 fps replicas 5 (+0.2/s -0.2/s) entities 5 in 130 pkt/s 12.7 KB/s 60 states/s (msgs: state 60 rpc 0 vars 0) rtt 0ms lead 4 (adj 1, worker saw 4) corrections 0 | full-rate interp: depth 0.0 ticks, starved 0.0% worst +0.0 | frame max 0.8ms fixed/frame max 1 | gaps>3t 0 worst 0t | render delay 3t (stream lag 0t) | snapshot age ms min 17.1 avg 18.1 max 19.5
[nebula] [nebula-probe] t=45.1 pos=44.5,0.0,20.4 cell=5,0,-1 origin=5,0,-1 replicas=4 dmin=13.6 dmax=67.6 limit=97.6 speed=6.0 beyond=0 dup=0 chunks=9 orphans=0 carrierless=0 spawns=15 despawns=10 pawn=1
[nebula] [nebula-probe] t=46.1 pos=50.5,0.0,20.4 cell=5,0,-1 origin=5,0,-1 replicas=4 dmin=1.6 dmax=55.6 limit=97.6 speed=6.0 beyond=0 dup=0 chunks=9 orphans=0 carrierless=0 spawns=16 despawns=11 pawn=1
[nebula] [nebula-probe] t=47.1 pos=56.5,0.0,20.4 cell=5,0,-1 origin=5,0,-1 replicas=4 dmin=7.6 dmax=61.6 limit=97.6 speed=6.0 beyond=0 dup=0 chunks=9 orphans=0 carrierless=0 spawns=16 despawns=11 pawn=1
[nebula] [nebula-probe] t=48.1 pos=62.5,0.0,20.4 cell=5,0,-1 origin=5,0,-1 replicas=4 dmin=13.6 dmax=67.6 limit=97.6 speed=6.0 beyond=0 dup=0 chunks=9 orphans=0 carrierless=0 spawns=16 despawns=11 pawn=1
[nebula] [nebula-probe] t=49.1 pos=68.5,0.0,20.4 cell=6,0,-1 origin=5,0,-1 replicas=4 dmin=1.6 dmax=55.6 limit=97.6 speed=6.0 beyond=0 dup=0 chunks=9 orphans=0 carrierless=0 spawns=17 despawns=12 pawn=1
[nebula] client 62367 fps replicas 5 (+0.4/s -0.4/s) entities 5 in 129 pkt/s 12.4 KB/s 60 states/s (msgs: state 60 rpc 0 vars 0) rtt 0ms lead 4 (adj 1, worker saw 4) corrections 0 | full-rate interp: depth 0.0 ticks, starved 0.0% worst +0.0 | frame max 0.8ms fixed/frame max 1 | gaps>3t 0 worst 0t | render delay 3t (stream lag 0t) | snapshot age ms min 17.2 avg 18.1 max 22.0
[nebula] [nebula-probe] t=50.1 pos=74.5,0.0,20.4 cell=6,0,-1 origin=5,0,-1 replicas=4 dmin=7.6 dmax=61.6 limit=97.6 speed=6.0 beyond=0 dup=0 chunks=9 orphans=0 carrierless=0 spawns=17 despawns=12 pawn=1
[nebula] [nebula-probe] t=51.1 pos=80.5,0.0,20.4 cell=6,0,-1 origin=5,0,-1 replicas=4 dmin=13.6 dmax=67.6 limit=97.6 speed=6.0 beyond=0 dup=0 chunks=9 orphans=0 carrierless=0 spawns=17 despawns=12 pawn=1
[nebula] [nebula-probe] t=52.1 pos=86.5,0.0,20.4 cell=6,0,-1 origin=5,0,-1 replicas=4 dmin=1.6 dmax=55.6 limit=97.6 speed=6.0 beyond=0 dup=0 chunks=9 orphans=0 carrierless=0 spawns=18 despawns=13 pawn=1
[nebula] [nebula-probe] t=53.1 pos=92.5,0.0,20.4 cell=6,0,-1 origin=5,0,-1 replicas=4 dmin=7.6 dmax=61.6 limit=97.6 speed=6.0 beyond=0 dup=0 chunks=9 orphans=0 carrierless=0 spawns=18 despawns=13 pawn=1
[nebula] [nebula-probe] t=54.1 pos=98.5,0.0,20.4 cell=6,0,-1 origin=5,0,-1 replicas=4 dmin=13.6 dmax=67.6 limit=97.6 speed=6.0 beyond=0 dup=0 chunks=9 orphans=0 carrierless=0 spawns=18 despawns=13 pawn=1
[nebula] client 62284 fps replicas 5 (+0.4/s -0.4/s) entities 5 in 128 pkt/s 11.2 KB/s 60 states/s (msgs: state 60 rpc 0 vars 0) rtt 0ms lead 4 (adj 1, worker saw 4) corrections 0 | full-rate interp: depth 0.0 ticks, starved 0.0% worst +0.0 | frame max 0.8ms fixed/frame max 1 | gaps>3t 0 worst 0t | render delay 3t (stream lag 0t) | snapshot age ms min 17.2 avg 18.0 max 22.5
[nebula] [nebula-probe] t=55.1 pos=104.5,0.0,20.4 cell=6,0,-1 origin=5,0,-1 replicas=4 dmin=1.6 dmax=55.6 limit=97.6 speed=6.0 beyond=0 dup=0 chunks=9 orphans=0 carrierless=0 spawns=19 despawns=14 pawn=1
[nebula] [nebula-probe] t=56.1 pos=110.5,0.0,20.4 cell=6,0,-1 origin=5,0,-1 replicas=4 dmin=7.6 dmax=61.6 limit=97.6 speed=6.0 beyond=0 dup=0 chunks=9 orphans=0 carrierless=0 spawns=19 despawns=14 pawn=1
[nebula] [nebula-probe] t=57.1 pos=116.5,0.0,20.4 cell=6,0,-1 origin=5,0,-1 replicas=4 dmin=13.6 dmax=67.6 limit=97.6 speed=6.0 beyond=0 dup=0 chunks=9 orphans=0 carrierless=0 spawns=19 despawns=14 pawn=1
[nebula] [nebula-probe] t=58.1 pos=122.5,0.0,20.4 cell=6,0,-1 origin=5,0,-1 replicas=4 dmin=1.6 dmax=55.6 limit=97.6 speed=6.0 beyond=0 dup=0 chunks=9 orphans=0 carrierless=0 spawns=20 despawns=15 pawn=1
[nebula] [nebula-probe] t=59.1 pos=128.5,0.0,20.4 cell=7,0,-1 origin=5,0,-1 replicas=4 dmin=7.6 dmax=61.6 limit=97.6 speed=6.0 beyond=0 dup=0 chunks=9 orphans=0 carrierless=0 spawns=20 despawns=15 pawn=1
[nebula] client 61975 fps replicas 5 (+0.2/s -0.2/s) entities 5 in 130 pkt/s 12.8 KB/s 60 states/s (msgs: state 60 rpc 0 vars 0) rtt 0ms lead 4 (adj 1, worker saw 4) corrections 0 | full-rate interp: depth 0.0 ticks, starved 0.0% worst +0.0 | frame max 0.9ms fixed/frame max 1 | gaps>3t 0 worst 0t | render delay 3t (stream lag 0t) | snapshot age ms min 17.2 avg 18.0 max 19.3
[nebula] [nebula-probe] t=60.1 pos=134.5,0.0,20.4 cell=7,0,-1 origin=5,0,-1 replicas=4 dmin=13.6 dmax=67.6 limit=97.6 speed=6.0 beyond=0 dup=0 chunks=9 orphans=0 carrierless=0 spawns=20 despawns=15 pawn=1
[nebula] [nebula-probe] t=61.1 pos=140.5,0.0,20.4 cell=7,0,-1 origin=5,0,-1 replicas=4 dmin=1.6 dmax=55.6 limit=97.6 speed=6.0 beyond=0 dup=0 chunks=9 orphans=0 carrierless=0 spawns=21 despawns=16 pawn=1
[nebula] [nebula-probe] t=62.1 pos=146.5,0.0,20.4 cell=7,0,-1 origin=5,0,-1 replicas=4 dmin=7.6 dmax=61.6 limit=97.6 speed=6.0 beyond=0 dup=0 chunks=9 orphans=0 carrierless=0 spawns=21 despawns=16 pawn=1
[nebula] [nebula-probe] t=63.1 pos=152.5,0.0,20.4 cell=7,0,-1 origin=5,0,-1 replicas=4 dmin=13.6 dmax=67.6 limit=97.6 speed=6.0 beyond=0 dup=0 chunks=9 orphans=0 carrierless=0 spawns=21 despawns=16 pawn=1
[nebula] [nebula-probe] t=64.1 pos=158.5,0.0,20.4 cell=7,0,-1 origin=5,0,-1 replicas=4 dmin=1.6 dmax=55.6 limit=97.6 speed=6.0 beyond=0 dup=0 chunks=9 orphans=0 carrierless=0 spawns=22 despawns=17 pawn=1
[nebula] client 61862 fps replicas 5 (+0.4/s -0.4/s) entities 5 in 130 pkt/s 12.4 KB/s 60 states/s (msgs: state 60 rpc 0 vars 0) rtt 0ms lead 4 (adj 1, worker saw 4) corrections 0 | full-rate interp: depth 0.0 ticks, starved 0.0% worst +0.0 | frame max 0.9ms fixed/frame max 1 | gaps>3t 0 worst 0t | render delay 3t (stream lag 0t) | snapshot age ms min 17.3 avg 18.0 max 22.9
[nebula] [nebula-probe] t=65.1 pos=164.5,0.0,20.4 cell=7,0,-1 origin=5,0,-1 replicas=4 dmin=7.6 dmax=61.6 limit=97.6 speed=6.0 beyond=0 dup=0 chunks=9 orphans=0 carrierless=0 spawns=22 despawns=17 pawn=1
[nebula] [nebula-probe] t=66.1 pos=170.5,0.0,20.4 cell=7,0,-1 origin=5,0,-1 replicas=4 dmin=13.6 dmax=67.6 limit=97.6 speed=6.0 beyond=0 dup=0 chunks=9 orphans=0 carrierless=0 spawns=22 despawns=17 pawn=1
[nebula] [nebula-probe] t=67.1 pos=176.5,0.0,20.4 cell=7,0,-1 origin=5,0,-1 replicas=4 dmin=1.5 dmax=55.6 limit=97.6 speed=6.0 beyond=0 dup=0 chunks=9 orphans=0 carrierless=0 spawns=23 despawns=18 pawn=1
[nebula] [nebula-probe] t=68.1 pos=182.5,0.0,20.4 cell=7,0,-1 origin=5,0,-1 replicas=4 dmin=7.5 dmax=61.6 limit=97.6 speed=6.0 beyond=0 dup=0 chunks=9 orphans=0 carrierless=0 spawns=23 despawns=18 pawn=1
[nebula] [nebula-probe] t=69.1 pos=188.5,0.0,20.4 cell=7,0,-1 origin=5,0,-1 replicas=4 dmin=13.5 dmax=67.6 limit=97.6 speed=6.0 beyond=0 dup=0 chunks=9 orphans=0 carrierless=0 spawns=23 despawns=18 pawn=1
[nebula] client 62506 fps replicas 5 (+0.4/s -0.4/s) entities 5 in 128 pkt/s 11.1 KB/s 60 states/s (msgs: state 60 rpc 0 vars 0) rtt 0ms lead 4 (adj 1, worker saw 4) corrections 0 | full-rate interp: depth 0.0 ticks, starved 0.0% worst +0.0 | frame max 0.9ms fixed/frame max 1 | gaps>3t 0 worst 0t | render delay 3t (stream lag 0t) | snapshot age ms min 17.2 avg 17.9 max 19.3
[nebula] [nebula-probe] t=70.1 pos=194.5,0.0,20.4 cell=8,0,-1 origin=5,0,-1 replicas=4 dmin=1.5 dmax=55.6 limit=97.6 speed=6.0 beyond=0 dup=0 chunks=9 orphans=0 carrierless=0 spawns=24 despawns=19 pawn=1
[nebula] [nebula-probe] t=71.1 pos=200.5,0.0,20.4 cell=8,0,-1 origin=5,0,-1 replicas=4 dmin=7.5 dmax=61.6 limit=97.6 speed=6.0 beyond=0 dup=0 chunks=9 orphans=0 carrierless=0 spawns=24 despawns=19 pawn=1
[nebula] [nebula-probe] t=72.1 pos=206.5,0.0,20.4 cell=8,0,-1 origin=5,0,-1 replicas=4 dmin=13.5 dmax=67.6 limit=97.6 speed=6.0 beyond=0 dup=0 chunks=9 orphans=0 carrierless=0 spawns=24 despawns=19 pawn=1
[nebula] [nebula-probe] t=73.1 pos=212.5,0.0,20.4 cell=8,0,-1 origin=5,0,-1 replicas=4 dmin=1.5 dmax=55.6 limit=97.6 speed=6.0 beyond=0 dup=0 chunks=9 orphans=0 carrierless=0 spawns=25 despawns=20 pawn=1
[nebula] [nebula-probe] t=74.1 pos=218.5,0.0,20.4 cell=8,0,-1 origin=5,0,-1 replicas=4 dmin=7.5 dmax=61.6 limit=97.6 speed=6.0 beyond=0 dup=0 chunks=9 orphans=0 carrierless=0 spawns=25 despawns=20 pawn=1
[nebula] client 62449 fps replicas 5 (+0.2/s -0.2/s) entities 5 in 129 pkt/s 12.2 KB/s 60 states/s (msgs: state 60 rpc 0 vars 0) rtt 0ms lead 4 (adj 1, worker saw 4) corrections 0 | full-rate interp: depth 0.0 ticks, starved 0.0% worst +0.0 | frame max 1.0ms fixed/frame max 1 | gaps>3t 0 worst 0t | render delay 3t (stream lag 0t) | snapshot age ms min 17.2 avg 17.9 max 22.3
[nebula] [nebula-probe] t=75.1 pos=224.5,0.0,20.4 cell=8,0,-1 origin=5,0,-1 replicas=4 dmin=13.5 dmax=67.6 limit=97.6 speed=6.0 beyond=0 dup=0 chunks=9 orphans=0 carrierless=0 spawns=25 despawns=20 pawn=1
[nebula] [nebula-probe] t=76.1 pos=230.5,0.0,20.4 cell=8,0,-1 origin=5,0,-1 replicas=4 dmin=1.5 dmax=55.5 limit=97.6 speed=6.0 beyond=0 dup=0 chunks=9 orphans=0 carrierless=0 spawns=26 despawns=21 pawn=1
[nebula] [nebula-probe] t=77.1 pos=236.5,0.0,20.4 cell=8,0,-1 origin=5,0,-1 replicas=4 dmin=7.5 dmax=61.5 limit=97.6 speed=6.0 beyond=0 dup=0 chunks=9 orphans=0 carrierless=0 spawns=26 despawns=21 pawn=1
[nebula] [nebula-probe] t=78.1 pos=242.5,0.0,20.4 cell=8,0,-1 origin=5,0,-1 replicas=4 dmin=13.5 dmax=67.5 limit=97.6 speed=6.0 beyond=0 dup=0 chunks=9 orphans=0 carrierless=0 spawns=26 despawns=21 pawn=1
[nebula] [nebula-probe] t=79.1 pos=248.5,0.0,20.4 cell=8,0,-1 origin=5,0,-1 replicas=4 dmin=1.5 dmax=55.5 limit=97.6 speed=6.0 beyond=0 dup=0 chunks=9 orphans=0 carrierless=0 spawns=27 despawns=22 pawn=1
[nebula] client 62422 fps replicas 5 (+0.4/s -0.4/s) entities 5 in 127 pkt/s 11.0 KB/s 60 states/s (msgs: state 60 rpc 0 vars 0) rtt 0ms lead 4 (adj 1, worker saw 4) corrections 0 | full-rate interp: depth 0.0 ticks, starved 0.0% worst +0.0 | frame max 1.0ms fixed/frame max 1 | gaps>3t 0 worst 0t | render delay 3t (stream lag 0t) | snapshot age ms min 17.2 avg 17.9 max 23.1
[nebula] [nebula-probe] t=80.1 pos=254.5,0.0,20.4 cell=8,0,-1 origin=5,0,-1 replicas=4 dmin=7.5 dmax=61.5 limit=97.6 speed=6.0 beyond=0 dup=0 chunks=9 orphans=0 carrierless=0 spawns=27 despawns=22 pawn=1
[nebula] [nebula-probe] t=81.1 pos=260.5,0.0,20.4 cell=9,0,-1 origin=5,0,-1 replicas=4 dmin=13.5 dmax=67.5 limit=97.6 speed=6.0 beyond=0 dup=0 chunks=9 orphans=0 carrierless=0 spawns=27 despawns=22 pawn=1
[nebula] [nebula-probe] t=82.1 pos=266.5,0.0,20.4 cell=9,0,-1 origin=5,0,-1 replicas=4 dmin=1.5 dmax=55.5 limit=97.6 speed=6.0 beyond=0 dup=0 chunks=9 orphans=0 carrierless=0 spawns=28 despawns=23 pawn=1
[nebula] [nebula-probe] t=83.1 pos=272.5,0.0,20.4 cell=9,0,-1 origin=5,0,-1 replicas=4 dmin=7.5 dmax=61.5 limit=97.6 speed=6.0 beyond=0 dup=0 chunks=9 orphans=0 carrierless=0 spawns=28 despawns=23 pawn=1
[nebula] [nebula-probe] t=84.1 pos=278.5,0.0,20.4 cell=9,0,-1 origin=5,0,-1 replicas=4 dmin=13.5 dmax=67.5 limit=97.6 speed=6.0 beyond=0 dup=0 chunks=9 orphans=0 carrierless=0 spawns=28 despawns=23 pawn=1
[nebula] client 62062 fps replicas 5 (+0.4/s -0.4/s) entities 5 in 129 pkt/s 12.1 KB/s 60 states/s (msgs: state 60 rpc 0 vars 0) rtt 0ms lead 4 (adj 1, worker saw 4) corrections 0 | full-rate interp: depth 0.0 ticks, starved 0.0% worst +0.0 | frame max 0.8ms fixed/frame max 1 | gaps>3t 0 worst 0t | render delay 3t (stream lag 0t) | snapshot age ms min 16.9 avg 17.9 max 18.4
[nebula] [nebula-probe] t=85.1 pos=284.5,0.0,20.4 cell=9,0,-1 origin=5,0,-1 replicas=4 dmin=1.5 dmax=55.5 limit=97.6 speed=6.0 beyond=0 dup=0 chunks=9 orphans=0 carrierless=0 spawns=29 despawns=24 pawn=1
[nebula] [nebula-probe] t=86.1 pos=290.5,0.0,20.4 cell=9,0,-1 origin=5,0,-1 replicas=4 dmin=7.5 dmax=61.5 limit=97.6 speed=6.0 beyond=0 dup=0 chunks=9 orphans=0 carrierless=0 spawns=29 despawns=24 pawn=1
[nebula] [nebula-probe] t=87.1 pos=296.5,0.0,20.4 cell=9,0,-1 origin=5,0,-1 replicas=4 dmin=13.5 dmax=67.5 limit=97.6 speed=6.0 beyond=0 dup=0 chunks=9 orphans=0 carrierless=0 spawns=29 despawns=24 pawn=1
[nebula] [nebula-probe] t=88.1 pos=302.5,0.0,20.4 cell=9,0,-1 origin=5,0,-1 replicas=4 dmin=1.5 dmax=55.5 limit=97.6 speed=6.0 beyond=0 dup=0 chunks=9 orphans=0 carrierless=0 spawns=30 despawns=25 pawn=1
[nebula] [nebula-probe] t=89.1 pos=308.5,0.0,20.4 cell=9,0,-1 origin=5,0,-1 replicas=4 dmin=7.5 dmax=61.5 limit=97.6 speed=6.0 beyond=0 dup=0 chunks=9 orphans=0 carrierless=0 spawns=30 despawns=25 pawn=1
[nebula] client 62500 fps replicas 5 (+0.2/s -0.2/s) entities 5 in 129 pkt/s 12.4 KB/s 60 states/s (msgs: state 60 rpc 0 vars 0) rtt 0ms lead 4 (adj 1, worker saw 4) corrections 0 | full-rate interp: depth 0.0 ticks, starved 0.0% worst +0.0 | frame max 0.9ms fixed/frame max 1 | gaps>3t 0 worst 0t | render delay 3t (stream lag 0t) | snapshot age ms min 17.2 avg 17.9 max 21.4
[nebula] [nebula-probe] t=90.1 pos=314.5,0.0,20.4 cell=9,0,-1 origin=5,0,-1 replicas=4 dmin=13.5 dmax=67.5 limit=97.6 speed=6.0 beyond=0 dup=0 chunks=9 orphans=0 carrierless=0 spawns=30 despawns=25 pawn=1
[nebula] [nebula-probe] t=91.1 pos=0.5,0.0,20.4 cell=10,0,-1 origin=10,0,-1 replicas=4 dmin=1.5 dmax=55.5 limit=88.0 speed=0.0 beyond=0 dup=0 chunks=9 orphans=0 carrierless=0 spawns=31 despawns=26 pawn=1
[nebula] [nebula-probe] t=92.1 pos=6.5,0.0,20.4 cell=10,0,-1 origin=10,0,-1 replicas=4 dmin=7.5 dmax=61.5 limit=97.6 speed=6.0 beyond=0 dup=0 chunks=9 orphans=0 carrierless=0 spawns=31 despawns=26 pawn=1
[nebula] [nebula-probe] t=93.1 pos=12.5,0.0,20.4 cell=10,0,-1 origin=10,0,-1 replicas=4 dmin=13.5 dmax=67.5 limit=97.6 speed=6.0 beyond=0 dup=0 chunks=9 orphans=0 carrierless=0 spawns=31 despawns=26 pawn=1
[nebula] [nebula-probe] t=94.1 pos=18.5,0.0,20.4 cell=10,0,-1 origin=10,0,-1 replicas=4 dmin=1.5 dmax=55.5 limit=97.6 speed=6.0 beyond=0 dup=0 chunks=9 orphans=0 carrierless=0 spawns=32 despawns=27 pawn=1
[nebula] client 62570 fps replicas 5 (+0.4/s -0.4/s) entities 5 in 129 pkt/s 11.9 KB/s 60 states/s (msgs: state 60 rpc 0 vars 0) rtt 0ms lead 4 (adj 1, worker saw 4) corrections 0 | full-rate interp: depth 0.0 ticks, starved 0.0% worst +0.0 | frame max 0.9ms fixed/frame max 1 | gaps>3t 0 worst 0t | render delay 3t (stream lag 0t) | snapshot age ms min 17.2 avg 18.0 max 22.3
[nebula] [nebula-probe] t=95.1 pos=24.5,0.0,20.4 cell=10,0,-1 origin=10,0,-1 replicas=4 dmin=7.5 dmax=61.5 limit=97.6 speed=6.0 beyond=0 dup=0 chunks=9 orphans=0 carrierless=0 spawns=32 despawns=27 pawn=1
[nebula] [nebula-probe] t=96.1 pos=30.5,0.0,20.4 cell=10,0,-1 origin=10,0,-1 replicas=4 dmin=13.5 dmax=67.5 limit=97.6 speed=6.0 beyond=0 dup=0 chunks=9 orphans=0 carrierless=0 spawns=32 despawns=27 pawn=1
[nebula] [nebula-probe] t=97.1 pos=36.5,0.0,20.4 cell=10,0,-1 origin=10,0,-1 replicas=4 dmin=1.5 dmax=55.5 limit=97.6 speed=6.0 beyond=0 dup=0 chunks=9 orphans=0 carrierless=0 spawns=33 despawns=28 pawn=1
[nebula] [nebula-probe] t=98.1 pos=42.5,0.0,20.4 cell=10,0,-1 origin=10,0,-1 replicas=4 dmin=7.5 dmax=61.5 limit=97.6 speed=6.0 beyond=0 dup=0 chunks=9 orphans=0 carrierless=0 spawns=33 despawns=28 pawn=1
[nebula] [nebula-probe] t=99.1 pos=48.5,0.0,20.4 cell=10,0,-1 origin=10,0,-1 replicas=4 dmin=13.5 dmax=67.5 limit=97.6 speed=6.0 beyond=0 dup=0 chunks=9 orphans=0 carrierless=0 spawns=33 despawns=28 pawn=1
[nebula] client 62335 fps replicas 5 (+0.4/s -0.4/s) entities 5 in 128 pkt/s 11.5 KB/s 60 states/s (msgs: state 60 rpc 0 vars 0) rtt 0ms lead 4 (adj 1, worker saw 4) corrections 0 | full-rate interp: depth 0.0 ticks, starved 0.0% worst +0.0 | frame max 1.0ms fixed/frame max 1 | gaps>3t 0 worst 0t | render delay 3t (stream lag 0t) | snapshot age ms min 17.2 avg 17.9 max 22.4
[nebula] [nebula-probe] t=100.1 pos=54.5,0.0,20.4 cell=10,0,-1 origin=10,0,-1 replicas=4 dmin=1.5 dmax=55.5 limit=97.6 speed=6.0 beyond=0 dup=0 chunks=9 orphans=0 carrierless=0 spawns=34 despawns=29 pawn=1
[nebula] [nebula-probe] t=101.1 pos=60.5,0.0,20.4 cell=10,0,-1 origin=10,0,-1 replicas=4 dmin=7.5 dmax=61.5 limit=97.6 speed=6.0 beyond=0 dup=0 chunks=9 orphans=0 carrierless=0 spawns=34 despawns=29 pawn=1
[nebula] [nebula-probe] t=102.1 pos=66.5,0.0,20.4 cell=11,0,-1 origin=10,0,-1 replicas=4 dmin=13.5 dmax=67.5 limit=97.6 speed=6.0 beyond=0 dup=0 chunks=9 orphans=0 carrierless=0 spawns=34 despawns=29 pawn=1
[nebula] [nebula-probe] t=103.1 pos=72.5,0.0,20.4 cell=11,0,-1 origin=10,0,-1 replicas=4 dmin=1.5 dmax=55.5 limit=97.6 speed=6.0 beyond=0 dup=0 chunks=9 orphans=0 carrierless=0 spawns=35 despawns=30 pawn=1
[nebula] [nebula-probe] t=104.1 pos=78.5,0.0,20.4 cell=11,0,-1 origin=10,0,-1 replicas=4 dmin=7.5 dmax=61.5 limit=97.6 speed=6.0 beyond=0 dup=0 chunks=9 orphans=0 carrierless=0 spawns=35 despawns=30 pawn=1
[nebula] client 62520 fps replicas 5 (+0.2/s -0.2/s) entities 5 in 129 pkt/s 12.6 KB/s 60 states/s (msgs: state 60 rpc 0 vars 0) rtt 0ms lead 4 (adj 1, worker saw 4) corrections 0 | full-rate interp: depth 0.0 ticks, starved 0.0% worst +0.0 | frame max 1.0ms fixed/frame max 1 | gaps>3t 0 worst 0t | render delay 3t (stream lag 0t) | snapshot age ms min 17.3 avg 18.0 max 21.3
[nebula] [nebula-probe] t=105.1 pos=84.5,0.0,20.4 cell=11,0,-1 origin=10,0,-1 replicas=4 dmin=13.5 dmax=67.5 limit=97.6 speed=6.0 beyond=0 dup=0 chunks=9 orphans=0 carrierless=0 spawns=35 despawns=30 pawn=1
[nebula] [nebula-probe] t=106.1 pos=90.5,0.0,20.4 cell=11,0,-1 origin=10,0,-1 replicas=4 dmin=1.5 dmax=55.5 limit=97.6 speed=6.0 beyond=0 dup=0 chunks=9 orphans=0 carrierless=0 spawns=36 despawns=31 pawn=1
[nebula] [nebula-probe] t=107.1 pos=96.5,0.0,20.4 cell=11,0,-1 origin=10,0,-1 replicas=4 dmin=7.5 dmax=61.5 limit=97.6 speed=6.0 beyond=0 dup=0 chunks=9 orphans=0 carrierless=0 spawns=36 despawns=31 pawn=1
[nebula] [nebula-probe] t=108.1 pos=102.5,0.0,20.4 cell=11,0,-1 origin=10,0,-1 replicas=4 dmin=13.5 dmax=67.5 limit=97.6 speed=6.0 beyond=0 dup=0 chunks=9 orphans=0 carrierless=0 spawns=36 despawns=31 pawn=1
[nebula] [nebula-probe] t=109.1 pos=108.5,0.0,20.4 cell=11,0,-1 origin=10,0,-1 replicas=4 dmin=1.5 dmax=55.5 limit=97.6 speed=6.0 beyond=0 dup=0 chunks=9 orphans=0 carrierless=0 spawns=37 despawns=32 pawn=1
[nebula] client 62269 fps replicas 5 (+0.4/s -0.4/s) entities 5 in 128 pkt/s 11.6 KB/s 60 states/s (msgs: state 60 rpc 0 vars 0) rtt 0ms lead 4 (adj 1, worker saw 4) corrections 0 | full-rate interp: depth 0.0 ticks, starved 0.0% worst +0.0 | frame max 0.8ms fixed/frame max 1 | gaps>3t 0 worst 0t | render delay 3t (stream lag 0t) | snapshot age ms min 17.0 avg 18.0 max 18.6
[nebula] [nebula-probe] t=110.1 pos=114.5,0.0,20.4 cell=11,0,-1 origin=10,0,-1 replicas=4 dmin=7.5 dmax=61.5 limit=97.6 speed=6.0 beyond=0 dup=0 chunks=9 orphans=0 carrierless=0 spawns=37 despawns=32 pawn=1
[nebula] [nebula-probe] t=111.1 pos=120.5,0.0,20.4 cell=11,0,-1 origin=10,0,-1 replicas=4 dmin=13.5 dmax=67.5 limit=97.6 speed=6.0 beyond=0 dup=0 chunks=9 orphans=0 carrierless=0 spawns=37 despawns=32 pawn=1
[nebula] [nebula-probe] t=112.1 pos=126.5,0.0,20.4 cell=11,0,-1 origin=10,0,-1 replicas=4 dmin=1.5 dmax=55.5 limit=97.6 speed=6.0 beyond=0 dup=0 chunks=9 orphans=0 carrierless=0 spawns=38 despawns=33 pawn=1
[nebula] [nebula-probe] t=113.1 pos=132.5,0.0,20.4 cell=12,0,-1 origin=10,0,-1 replicas=4 dmin=7.5 dmax=61.5 limit=97.6 speed=6.0 beyond=0 dup=0 chunks=9 orphans=0 carrierless=0 spawns=38 despawns=33 pawn=1
[nebula] [nebula-probe] t=114.1 pos=138.5,0.0,20.4 cell=12,0,-1 origin=10,0,-1 replicas=4 dmin=13.5 dmax=67.5 limit=97.6 speed=6.0 beyond=0 dup=0 chunks=9 orphans=0 carrierless=0 spawns=38 despawns=33 pawn=1
[nebula] client 62307 fps replicas 5 (+0.4/s -0.4/s) entities 5 in 129 pkt/s 12.0 KB/s 60 states/s (msgs: state 60 rpc 0 vars 0) rtt 0ms lead 4 (adj 1, worker saw 4) corrections 0 | full-rate interp: depth 0.0 ticks, starved 0.0% worst +0.0 | frame max 1.0ms fixed/frame max 1 | gaps>3t 0 worst 0t | render delay 4t (stream lag 1t) | snapshot age ms min 17.1 avg 18.0 max 23.0
[nebula] [nebula-probe] t=115.1 pos=144.5,0.0,20.4 cell=12,0,-1 origin=10,0,-1 replicas=4 dmin=1.5 dmax=55.5 limit=97.6 speed=6.0 beyond=0 dup=0 chunks=9 orphans=0 carrierless=0 spawns=39 despawns=34 pawn=1
[nebula] [nebula-probe] t=116.1 pos=150.5,0.0,20.4 cell=12,0,-1 origin=10,0,-1 replicas=4 dmin=7.5 dmax=61.5 limit=97.6 speed=6.0 beyond=0 dup=0 chunks=9 orphans=0 carrierless=0 spawns=39 despawns=34 pawn=1
[nebula] [nebula-probe] t=117.1 pos=156.5,0.0,20.4 cell=12,0,-1 origin=10,0,-1 replicas=4 dmin=13.5 dmax=67.5 limit=97.6 speed=6.0 beyond=0 dup=0 chunks=9 orphans=0 carrierless=0 spawns=39 despawns=34 pawn=1
[nebula] [nebula-probe] t=118.1 pos=162.5,0.0,20.4 cell=12,0,-1 origin=10,0,-1 replicas=4 dmin=1.5 dmax=55.5 limit=97.6 speed=6.0 beyond=0 dup=0 chunks=9 orphans=0 carrierless=0 spawns=40 despawns=35 pawn=1
[nebula] [nebula-probe] t=119.1 pos=168.5,0.0,20.4 cell=12,0,-1 origin=10,0,-1 replicas=4 dmin=7.5 dmax=61.5 limit=97.6 speed=6.0 beyond=0 dup=0 chunks=9 orphans=0 carrierless=0 spawns=40 despawns=35 pawn=1
[nebula] client 61573 fps replicas 5 (+0.2/s -0.2/s) entities 5 in 131 pkt/s 13.5 KB/s 60 states/s (msgs: state 60 rpc 0 vars 0) rtt 0ms lead 4 (adj 1, worker saw 4) corrections 0 | full-rate interp: depth 0.0 ticks, starved 0.0% worst +0.0 | frame max 0.8ms fixed/frame max 1 | gaps>3t 0 worst 0t | render delay 3t (stream lag 0t) | snapshot age ms min 17.2 avg 18.0 max 18.9
[nebula] [nebula-probe] t=120.1 pos=174.5,0.0,20.4 cell=12,0,-1 origin=10,0,-1 replicas=4 dmin=13.5 dmax=67.5 limit=97.6 speed=6.0 beyond=0 dup=0 chunks=9 orphans=0 carrierless=0 spawns=40 despawns=35 pawn=1
[nebula] [nebula-probe] t=121.1 pos=180.5,0.0,20.4 cell=12,0,-1 origin=10,0,-1 replicas=4 dmin=1.5 dmax=55.5 limit=97.6 speed=6.0 beyond=0 dup=0 chunks=9 orphans=0 carrierless=0 spawns=41 despawns=36 pawn=1
[nebula] [nebula-probe] t=122.1 pos=186.5,0.0,20.4 cell=12,0,-1 origin=10,0,-1 replicas=4 dmin=7.5 dmax=61.5 limit=97.6 speed=6.0 beyond=0 dup=0 chunks=9 orphans=0 carrierless=0 spawns=41 despawns=36 pawn=1
[nebula] [nebula-probe] t=123.1 pos=192.5,0.0,20.4 cell=13,0,-1 origin=10,0,-1 replicas=4 dmin=13.5 dmax=67.5 limit=97.6 speed=6.0 beyond=0 dup=0 chunks=9 orphans=0 carrierless=0 spawns=41 despawns=36 pawn=1
[nebula] [nebula-probe] t=124.1 pos=198.5,0.0,20.4 cell=13,0,-1 origin=10,0,-1 replicas=4 dmin=1.5 dmax=55.5 limit=97.6 speed=6.0 beyond=0 dup=0 chunks=9 orphans=0 carrierless=0 spawns=42 despawns=37 pawn=1
[nebula] client 62244 fps replicas 5 (+0.4/s -0.4/s) entities 5 in 129 pkt/s 12.2 KB/s 60 states/s (msgs: state 60 rpc 0 vars 0) rtt 0ms lead 4 (adj 1, worker saw 4) corrections 0 | full-rate interp: depth 0.0 ticks, starved 0.0% worst +0.0 | frame max 0.9ms fixed/frame max 1 | gaps>3t 0 worst 0t | render delay 3t (stream lag 0t) | snapshot age ms min 17.3 avg 18.0 max 22.0
[nebula] [nebula-probe] t=125.1 pos=204.5,0.0,20.4 cell=13,0,-1 origin=10,0,-1 replicas=4 dmin=7.5 dmax=61.5 limit=97.6 speed=6.0 beyond=0 dup=0 chunks=9 orphans=0 carrierless=0 spawns=42 despawns=37 pawn=1
[nebula] [nebula-probe] t=126.1 pos=210.5,0.0,20.4 cell=13,0,-1 origin=10,0,-1 replicas=4 dmin=13.5 dmax=67.5 limit=97.6 speed=6.0 beyond=0 dup=0 chunks=9 orphans=0 carrierless=0 spawns=42 despawns=37 pawn=1
[nebula] [nebula-probe] t=127.1 pos=216.5,0.0,20.4 cell=13,0,-1 origin=10,0,-1 replicas=4 dmin=1.5 dmax=55.5 limit=97.6 speed=6.0 beyond=0 dup=0 chunks=9 orphans=0 carrierless=0 spawns=43 despawns=38 pawn=1
[nebula] [nebula-probe] t=128.1 pos=222.5,0.0,20.4 cell=13,0,-1 origin=10,0,-1 replicas=4 dmin=7.5 dmax=61.5 limit=97.6 speed=6.0 beyond=0 dup=0 chunks=9 orphans=0 carrierless=0 spawns=43 despawns=38 pawn=1
[nebula] [nebula-probe] t=129.1 pos=228.5,0.0,20.4 cell=13,0,-1 origin=10,0,-1 replicas=4 dmin=13.5 dmax=67.5 limit=97.6 speed=6.0 beyond=0 dup=0 chunks=9 orphans=0 carrierless=0 spawns=43 despawns=38 pawn=1
[nebula] client 62031 fps replicas 5 (+0.4/s -0.4/s) entities 5 in 129 pkt/s 12.0 KB/s 60 states/s (msgs: state 60 rpc 0 vars 0) rtt 0ms lead 4 (adj 1, worker saw 4) corrections 0 | full-rate interp: depth 0.0 ticks, starved 0.0% worst +0.0 | frame max 0.8ms fixed/frame max 1 | gaps>3t 0 worst 0t | render delay 3t (stream lag 0t) | snapshot age ms min 17.0 avg 18.1 max 21.4
[nebula] [nebula-probe] t=130.1 pos=234.5,0.0,20.4 cell=13,0,-1 origin=10,0,-1 replicas=4 dmin=1.5 dmax=55.5 limit=97.6 speed=6.0 beyond=0 dup=0 chunks=9 orphans=0 carrierless=0 spawns=44 despawns=39 pawn=1
[nebula] [nebula-probe] t=131.1 pos=240.5,0.0,20.4 cell=13,0,-1 origin=10,0,-1 replicas=4 dmin=7.5 dmax=61.5 limit=97.6 speed=6.0 beyond=0 dup=0 chunks=9 orphans=0 carrierless=0 spawns=44 despawns=39 pawn=1
[nebula] [nebula-probe] t=132.1 pos=246.5,0.0,20.4 cell=13,0,-1 origin=10,0,-1 replicas=4 dmin=13.5 dmax=67.5 limit=97.6 speed=6.0 beyond=0 dup=0 chunks=9 orphans=0 carrierless=0 spawns=44 despawns=39 pawn=1
[nebula] [nebula-probe] t=133.1 pos=252.5,0.0,20.4 cell=13,0,-1 origin=10,0,-1 replicas=4 dmin=1.5 dmax=55.5 limit=97.6 speed=6.0 beyond=0 dup=0 chunks=9 orphans=0 carrierless=0 spawns=45 despawns=40 pawn=1
[nebula] [nebula-probe] t=134.1 pos=258.5,0.0,20.4 cell=14,0,-1 origin=10,0,-1 replicas=4 dmin=7.5 dmax=61.5 limit=97.6 speed=6.0 beyond=0 dup=0 chunks=9 orphans=0 carrierless=0 spawns=45 despawns=40 pawn=1
[nebula] client 62093 fps replicas 5 (+0.2/s -0.2/s) entities 5 in 130 pkt/s 13.0 KB/s 60 states/s (msgs: state 60 rpc 0 vars 0) rtt 0ms lead 4 (adj 1, worker saw 4) corrections 0 | full-rate interp: depth 0.0 ticks, starved 0.0% worst +0.0 | frame max 0.9ms fixed/frame max 1 | gaps>3t 0 worst 0t | render delay 3t (stream lag 0t) | snapshot age ms min 17.2 avg 18.1 max 23.1
[nebula] [nebula-probe] t=135.1 pos=264.5,0.0,20.4 cell=14,0,-1 origin=10,0,-1 replicas=4 dmin=13.5 dmax=67.5 limit=97.6 speed=6.0 beyond=0 dup=0 chunks=9 orphans=0 carrierless=0 spawns=45 despawns=40 pawn=1
[nebula] [nebula-probe] t=136.1 pos=270.5,0.0,20.4 cell=14,0,-1 origin=10,0,-1 replicas=4 dmin=1.5 dmax=55.5 limit=97.6 speed=6.0 beyond=0 dup=0 chunks=9 orphans=0 carrierless=0 spawns=46 despawns=41 pawn=1
[nebula] [nebula-probe] t=137.1 pos=276.5,0.0,20.4 cell=14,0,-1 origin=10,0,-1 replicas=4 dmin=7.5 dmax=61.5 limit=97.6 speed=6.0 beyond=0 dup=0 chunks=9 orphans=0 carrierless=0 spawns=46 despawns=41 pawn=1
[nebula] [nebula-probe] t=138.1 pos=282.5,0.0,20.4 cell=14,0,-1 origin=10,0,-1 replicas=4 dmin=13.5 dmax=67.5 limit=97.6 speed=6.0 beyond=0 dup=0 chunks=9 orphans=0 carrierless=0 spawns=46 despawns=41 pawn=1
[nebula] [nebula-probe] t=139.1 pos=288.5,0.0,20.4 cell=14,0,-1 origin=10,0,-1 replicas=4 dmin=1.5 dmax=55.5 limit=97.6 speed=6.0 beyond=0 dup=0 chunks=9 orphans=0 carrierless=0 spawns=47 despawns=42 pawn=1
[nebula] client 62130 fps replicas 5 (+0.4/s -0.4/s) entities 5 in 129 pkt/s 12.1 KB/s 60 states/s (msgs: state 60 rpc 0 vars 0) rtt 0ms lead 4 (adj 1, worker saw 4) corrections 0 | full-rate interp: depth 0.0 ticks, starved 0.0% worst +0.0 | frame max 0.8ms fixed/frame max 1 | gaps>3t 0 worst 0t | render delay 3t (stream lag 0t) | snapshot age ms min 17.1 avg 18.2 max 34.8
[nebula] [nebula-probe] t=140.1 pos=294.5,0.0,20.4 cell=14,0,-1 origin=10,0,-1 replicas=4 dmin=7.5 dmax=61.5 limit=97.6 speed=6.0 beyond=0 dup=0 chunks=9 orphans=0 carrierless=0 spawns=47 despawns=42 pawn=1
[nebula] [nebula-probe] t=141.1 pos=300.5,0.0,20.4 cell=14,0,-1 origin=10,0,-1 replicas=4 dmin=13.5 dmax=67.5 limit=97.6 speed=6.0 beyond=0 dup=0 chunks=9 orphans=0 carrierless=0 spawns=47 despawns=42 pawn=1
[nebula] [nebula-probe] t=142.1 pos=306.5,0.0,20.4 cell=14,0,-1 origin=10,0,-1 replicas=4 dmin=1.5 dmax=55.5 limit=97.6 speed=6.0 beyond=0 dup=0 chunks=9 orphans=0 carrierless=0 spawns=48 despawns=43 pawn=1
[nebula] [nebula-probe] t=143.1 pos=312.5,0.0,20.4 cell=14,0,-1 origin=10,0,-1 replicas=4 dmin=7.5 dmax=61.5 limit=97.6 speed=6.0 beyond=0 dup=0 chunks=9 orphans=0 carrierless=0 spawns=48 despawns=43 pawn=1
[nebula] [nebula-probe] t=144.1 pos=318.5,0.0,20.4 cell=14,0,-1 origin=10,0,-1 replicas=4 dmin=13.5 dmax=67.5 limit=97.6 speed=6.0 beyond=0 dup=0 chunks=9 orphans=0 carrierless=0 spawns=48 despawns=43 pawn=1
[nebula] client 62343 fps replicas 5 (+0.4/s -0.4/s) entities 5 in 130 pkt/s 12.5 KB/s 60 states/s (msgs: state 60 rpc 0 vars 0) rtt 0ms lead 4 (adj 1, worker saw 4) corrections 0 | full-rate interp: depth 0.0 ticks, starved 0.0% worst +0.0 | frame max 1.0ms fixed/frame max 1 | gaps>3t 0 worst 0t | render delay 3t (stream lag 0t) | snapshot age ms min 17.2 avg 18.1 max 22.3
[nebula] [nebula-probe] t=145.1 pos=4.5,0.0,20.4 cell=15,0,-1 origin=15,0,-1 replicas=4 dmin=1.5 dmax=55.5 limit=88.0 speed=0.0 beyond=0 dup=0 chunks=9 orphans=0 carrierless=0 spawns=49 despawns=44 pawn=1
[nebula] [nebula-probe] t=146.1 pos=10.5,0.0,20.4 cell=15,0,-1 origin=15,0,-1 replicas=4 dmin=7.5 dmax=61.5 limit=97.6 speed=6.0 beyond=0 dup=0 chunks=9 orphans=0 carrierless=0 spawns=49 despawns=44 pawn=1
[nebula] [nebula-probe] t=147.1 pos=16.5,0.0,20.4 cell=15,0,-1 origin=15,0,-1 replicas=4 dmin=13.5 dmax=67.5 limit=97.6 speed=6.0 beyond=0 dup=0 chunks=9 orphans=0 carrierless=0 spawns=49 despawns=44 pawn=1
[nebula] [nebula-probe] t=148.1 pos=22.5,0.0,20.4 cell=15,0,-1 origin=15,0,-1 replicas=4 dmin=1.5 dmax=55.5 limit=97.6 speed=6.0 beyond=0 dup=0 chunks=9 orphans=0 carrierless=0 spawns=50 despawns=45 pawn=1
[nebula] [nebula-probe] t=149.1 pos=28.5,0.0,20.4 cell=15,0,-1 origin=15,0,-1 replicas=4 dmin=7.5 dmax=61.5 limit=97.6 speed=6.0 beyond=0 dup=0 chunks=9 orphans=0 carrierless=0 spawns=50 despawns=45 pawn=1
[nebula] client 62332 fps replicas 5 (+0.2/s -0.2/s) entities 5 in 130 pkt/s 13.0 KB/s 60 states/s (msgs: state 60 rpc 0 vars 0) rtt 0ms lead 4 (adj 1, worker saw 4) corrections 0 | full-rate interp: depth 0.0 ticks, starved 0.0% worst +0.0 | frame max 1.1ms fixed/frame max 1 | gaps>3t 0 worst 0t | render delay 3t (stream lag 0t) | snapshot age ms min 17.2 avg 18.1 max 22.8
[nebula] [nebula-probe] t=150.1 pos=34.5,0.0,20.4 cell=15,0,-1 origin=15,0,-1 replicas=4 dmin=13.5 dmax=67.5 limit=97.6 speed=6.0 beyond=0 dup=0 chunks=9 orphans=0 carrierless=0 spawns=50 despawns=45 pawn=1
[nebula] [nebula-probe] t=151.1 pos=40.5,0.0,20.4 cell=15,0,-1 origin=15,0,-1 replicas=4 dmin=1.5 dmax=55.5 limit=97.6 speed=6.0 beyond=0 dup=0 chunks=9 orphans=0 carrierless=0 spawns=51 despawns=46 pawn=1
[nebula] [nebula-probe] t=152.1 pos=46.5,0.0,20.4 cell=15,0,-1 origin=15,0,-1 replicas=4 dmin=7.5 dmax=61.5 limit=97.6 speed=6.0 beyond=0 dup=0 chunks=9 orphans=0 carrierless=0 spawns=51 despawns=46 pawn=1
[nebula] [nebula-probe] t=153.1 pos=52.5,0.0,20.4 cell=15,0,-1 origin=15,0,-1 replicas=4 dmin=13.5 dmax=67.5 limit=97.6 speed=6.0 beyond=0 dup=0 chunks=9 orphans=0 carrierless=0 spawns=51 despawns=46 pawn=1
[nebula] [nebula-probe] t=154.1 pos=58.5,0.0,20.4 cell=15,0,-1 origin=15,0,-1 replicas=4 dmin=1.5 dmax=55.5 limit=97.6 speed=6.0 beyond=0 dup=0 chunks=9 orphans=0 carrierless=0 spawns=52 despawns=47 pawn=1
[nebula] client 62569 fps replicas 5 (+0.4/s -0.4/s) entities 5 in 128 pkt/s 11.4 KB/s 60 states/s (msgs: state 60 rpc 0 vars 0) rtt 0ms lead 4 (adj 1, worker saw 4) corrections 0 | full-rate interp: depth 0.0 ticks, starved 0.0% worst +0.0 | frame max 0.9ms fixed/frame max 1 | gaps>3t 0 worst 0t | render delay 3t (stream lag 0t) | snapshot age ms min 17.2 avg 18.1 max 21.7
[nebula] [nebula-probe] t=155.1 pos=64.5,0.0,20.4 cell=16,0,-1 origin=15,0,-1 replicas=4 dmin=7.5 dmax=61.5 limit=97.6 speed=6.0 beyond=0 dup=0 chunks=9 orphans=0 carrierless=0 spawns=52 despawns=47 pawn=1
[nebula] [nebula-probe] t=156.1 pos=70.5,0.0,20.4 cell=16,0,-1 origin=15,0,-1 replicas=4 dmin=13.5 dmax=67.5 limit=97.6 speed=6.0 beyond=0 dup=0 chunks=9 orphans=0 carrierless=0 spawns=52 despawns=47 pawn=1
[nebula] [nebula-probe] t=157.1 pos=76.5,0.0,20.4 cell=16,0,-1 origin=15,0,-1 replicas=4 dmin=1.5 dmax=55.5 limit=97.6 speed=6.0 beyond=0 dup=0 chunks=9 orphans=0 carrierless=0 spawns=53 despawns=48 pawn=1
[nebula] [nebula-probe] t=158.1 pos=82.5,0.0,20.4 cell=16,0,-1 origin=15,0,-1 replicas=4 dmin=7.5 dmax=61.5 limit=97.6 speed=6.0 beyond=0 dup=0 chunks=9 orphans=0 carrierless=0 spawns=53 despawns=48 pawn=1
[nebula] [nebula-probe] t=159.1 pos=88.5,0.0,20.4 cell=16,0,-1 origin=15,0,-1 replicas=4 dmin=13.5 dmax=67.5 limit=97.6 speed=6.0 beyond=0 dup=0 chunks=9 orphans=0 carrierless=0 spawns=53 despawns=48 pawn=1
[nebula] client 61962 fps replicas 5 (+0.4/s -0.4/s) entities 5 in 129 pkt/s 12.3 KB/s 60 states/s (msgs: state 60 rpc 0 vars 0) rtt 0ms lead 4 (adj 1, worker saw 4) corrections 0 | full-rate interp: depth 0.0 ticks, starved 0.0% worst +0.0 | frame max 1.1ms fixed/frame max 1 | gaps>3t 0 worst 0t | render delay 3t (stream lag 0t) | snapshot age ms min 17.2 avg 18.1 max 23.0
[nebula] [nebula-probe] t=160.1 pos=94.5,0.0,20.4 cell=16,0,-1 origin=15,0,-1 replicas=4 dmin=1.5 dmax=55.5 limit=97.6 speed=6.0 beyond=0 dup=0 chunks=9 orphans=0 carrierless=0 spawns=54 despawns=49 pawn=1
[nebula] [nebula-probe] t=161.1 pos=100.5,0.0,20.4 cell=16,0,-1 origin=15,0,-1 replicas=4 dmin=7.5 dmax=61.5 limit=97.6 speed=6.0 beyond=0 dup=0 chunks=9 orphans=0 carrierless=0 spawns=54 despawns=49 pawn=1
[nebula] [nebula-probe] t=162.1 pos=106.5,0.0,20.4 cell=16,0,-1 origin=15,0,-1 replicas=4 dmin=13.5 dmax=67.5 limit=97.6 speed=6.0 beyond=0 dup=0 chunks=9 orphans=0 carrierless=0 spawns=54 despawns=49 pawn=1
[nebula] [nebula-probe] t=163.1 pos=112.5,0.0,20.4 cell=16,0,-1 origin=15,0,-1 replicas=4 dmin=1.5 dmax=55.5 limit=97.6 speed=6.0 beyond=0 dup=0 chunks=9 orphans=0 carrierless=0 spawns=55 despawns=50 pawn=1
[nebula] [nebula-probe] t=164.1 pos=118.5,0.0,20.4 cell=16,0,-1 origin=15,0,-1 replicas=4 dmin=7.5 dmax=61.5 limit=97.6 speed=6.0 beyond=0 dup=0 chunks=9 orphans=0 carrierless=0 spawns=55 despawns=50 pawn=1
[nebula] client 62013 fps replicas 5 (+0.2/s -0.2/s) entities 5 in 130 pkt/s 13.2 KB/s 60 states/s (msgs: state 60 rpc 0 vars 0) rtt 0ms lead 4 (adj 1, worker saw 4) corrections 0 | full-rate interp: depth 0.0 ticks, starved 0.0% worst +0.0 | frame max 0.8ms fixed/frame max 1 | gaps>3t 0 worst 0t | render delay 3t (stream lag 0t) | snapshot age ms min 17.0 avg 18.0 max 22.2
[nebula] [nebula-probe] t=165.1 pos=124.5,0.0,20.4 cell=16,0,-1 origin=15,0,-1 replicas=4 dmin=13.5 dmax=67.5 limit=97.6 speed=6.0 beyond=0 dup=0 chunks=9 orphans=0 carrierless=0 spawns=55 despawns=50 pawn=1
[nebula] [nebula-probe] t=166.1 pos=130.5,0.0,20.4 cell=17,0,-1 origin=15,0,-1 replicas=4 dmin=1.5 dmax=55.5 limit=97.6 speed=6.0 beyond=0 dup=0 chunks=9 orphans=0 carrierless=0 spawns=56 despawns=51 pawn=1
[nebula] [nebula-probe] t=167.1 pos=136.5,0.0,20.4 cell=17,0,-1 origin=15,0,-1 replicas=4 dmin=7.5 dmax=61.5 limit=97.6 speed=6.0 beyond=0 dup=0 chunks=9 orphans=0 carrierless=0 spawns=56 despawns=51 pawn=1
[nebula] [nebula-probe] t=168.1 pos=142.5,0.0,20.4 cell=17,0,-1 origin=15,0,-1 replicas=4 dmin=13.5 dmax=67.5 limit=97.6 speed=6.0 beyond=0 dup=0 chunks=9 orphans=0 carrierless=0 spawns=56 despawns=51 pawn=1
[nebula] [nebula-probe] t=169.1 pos=148.5,0.0,20.4 cell=17,0,-1 origin=15,0,-1 replicas=4 dmin=1.5 dmax=55.5 limit=97.6 speed=6.0 beyond=0 dup=0 chunks=9 orphans=0 carrierless=0 spawns=57 despawns=52 pawn=1
[nebula] client 62381 fps replicas 5 (+0.4/s -0.4/s) entities 5 in 128 pkt/s 11.7 KB/s 60 states/s (msgs: state 60 rpc 0 vars 0) rtt 0ms lead 4 (adj 1, worker saw 4) corrections 0 | full-rate interp: depth 0.0 ticks, starved 0.0% worst +0.0 | frame max 0.8ms fixed/frame max 1 | gaps>3t 0 worst 0t | render delay 3t (stream lag 0t) | snapshot age ms min 17.2 avg 18.2 max 22.9
[nebula] [nebula-probe] t=170.1 pos=154.5,0.0,20.4 cell=17,0,-1 origin=15,0,-1 replicas=4 dmin=7.5 dmax=61.5 limit=97.6 speed=6.0 beyond=0 dup=0 chunks=9 orphans=0 carrierless=0 spawns=57 despawns=52 pawn=1
[nebula] [nebula-probe] t=171.1 pos=160.5,0.0,20.4 cell=17,0,-1 origin=15,0,-1 replicas=4 dmin=13.5 dmax=67.5 limit=97.6 speed=6.0 beyond=0 dup=0 chunks=9 orphans=0 carrierless=0 spawns=57 despawns=52 pawn=1
[nebula] [nebula-probe] t=172.1 pos=166.5,0.0,20.4 cell=17,0,-1 origin=15,0,-1 replicas=4 dmin=1.5 dmax=55.5 limit=97.6 speed=6.0 beyond=0 dup=0 chunks=9 orphans=0 carrierless=0 spawns=58 despawns=53 pawn=1
[nebula] [nebula-probe] t=173.1 pos=172.5,0.0,20.4 cell=17,0,-1 origin=15,0,-1 replicas=4 dmin=7.5 dmax=61.5 limit=97.6 speed=6.0 beyond=0 dup=0 chunks=9 orphans=0 carrierless=0 spawns=58 despawns=53 pawn=1
[nebula] [nebula-probe] t=174.1 pos=178.5,0.0,20.4 cell=17,0,-1 origin=15,0,-1 replicas=4 dmin=13.5 dmax=67.5 limit=97.6 speed=6.0 beyond=0 dup=0 chunks=9 orphans=0 carrierless=0 spawns=58 despawns=53 pawn=1
[nebula] client 61764 fps replicas 5 (+0.4/s -0.4/s) entities 5 in 130 pkt/s 12.4 KB/s 60 states/s (msgs: state 60 rpc 0 vars 0) rtt 0ms lead 4 (adj 1, worker saw 4) corrections 0 | full-rate interp: depth 0.0 ticks, starved 0.0% worst +0.0 | frame max 0.8ms fixed/frame max 1 | gaps>3t 0 worst 0t | render delay 4t (stream lag 1t) | snapshot age ms min 17.3 avg 18.1 max 23.0
[nebula] [nebula-probe] t=175.1 pos=184.5,0.0,20.4 cell=17,0,-1 origin=15,0,-1 replicas=4 dmin=1.5 dmax=55.5 limit=97.6 speed=6.0 beyond=0 dup=0 chunks=9 orphans=0 carrierless=0 spawns=59 despawns=54 pawn=1
[nebula] [nebula-probe] t=176.1 pos=190.5,0.0,20.4 cell=17,0,-1 origin=15,0,-1 replicas=4 dmin=7.5 dmax=61.5 limit=97.6 speed=6.0 beyond=0 dup=0 chunks=9 orphans=0 carrierless=0 spawns=59 despawns=54 pawn=1
[nebula] [nebula-probe] t=177.1 pos=196.5,0.0,20.4 cell=18,0,-1 origin=15,0,-1 replicas=4 dmin=13.5 dmax=67.5 limit=97.6 speed=6.0 beyond=0 dup=0 chunks=9 orphans=0 carrierless=0 spawns=59 despawns=54 pawn=1
[nebula] [nebula-probe] t=178.1 pos=202.5,0.0,20.4 cell=18,0,-1 origin=15,0,-1 replicas=4 dmin=1.5 dmax=55.5 limit=97.6 speed=6.0 beyond=0 dup=0 chunks=9 orphans=0 carrierless=0 spawns=60 despawns=55 pawn=1
[nebula] [nebula-probe] t=179.1 pos=208.5,0.0,20.4 cell=18,0,-1 origin=15,0,-1 replicas=4 dmin=7.5 dmax=61.5 limit=97.6 speed=6.0 beyond=0 dup=0 chunks=9 orphans=0 carrierless=0 spawns=60 despawns=55 pawn=1
[nebula] client 61331 fps replicas 5 (+0.2/s -0.2/s) entities 5 in 133 pkt/s 14.6 KB/s 60 states/s (msgs: state 60 rpc 0 vars 0) rtt 0ms lead 4 (adj 1, worker saw 4) corrections 0 | full-rate interp: depth 0.0 ticks, starved 0.0% worst +0.0 | frame max 0.9ms fixed/frame max 1 | gaps>3t 0 worst 0t | render delay 3t (stream lag 0t) | snapshot age ms min 16.4 avg 18.1 max 22.7
[nebula] [nebula-probe] t=180.1 pos=214.5,0.0,20.4 cell=18,0,-1 origin=15,0,-1 replicas=4 dmin=13.5 dmax=67.5 limit=97.6 speed=6.0 beyond=0 dup=0 chunks=9 orphans=0 carrierless=0 spawns=60 despawns=55 pawn=1
[nebula] [nebula-probe] t=181.1 pos=220.5,0.0,20.4 cell=18,0,-1 origin=15,0,-1 replicas=4 dmin=1.5 dmax=55.5 limit=97.6 speed=6.0 beyond=0 dup=0 chunks=9 orphans=0 carrierless=0 spawns=61 despawns=56 pawn=1
[nebula] [nebula-probe] t=182.1 pos=226.5,0.0,20.4 cell=18,0,-1 origin=15,0,-1 replicas=4 dmin=7.5 dmax=61.5 limit=97.6 speed=6.0 beyond=0 dup=0 chunks=9 orphans=0 carrierless=0 spawns=61 despawns=56 pawn=1
[nebula] [nebula-probe] t=183.1 pos=232.5,0.0,20.4 cell=18,0,-1 origin=15,0,-1 replicas=4 dmin=13.5 dmax=67.5 limit=97.6 speed=6.0 beyond=0 dup=0 chunks=9 orphans=0 carrierless=0 spawns=61 despawns=56 pawn=1
[nebula] [nebula-probe] t=184.1 pos=238.5,0.0,20.4 cell=18,0,-1 origin=15,0,-1 replicas=4 dmin=1.5 dmax=55.5 limit=97.6 speed=6.0 beyond=0 dup=0 chunks=9 orphans=0 carrierless=0 spawns=62 despawns=57 pawn=1
[nebula] client 62734 fps replicas 5 (+0.4/s -0.4/s) entities 5 in 127 pkt/s 11.1 KB/s 60 states/s (msgs: state 60 rpc 0 vars 0) rtt 0ms lead 4 (adj 1, worker saw 4) corrections 0 | full-rate interp: depth 0.0 ticks, starved 0.0% worst +0.0 | frame max 0.8ms fixed/frame max 1 | gaps>3t 0 worst 0t | render delay 3t (stream lag 0t) | snapshot age ms min 17.2 avg 18.1 max 21.9
[nebula] [nebula-probe] t=185.1 pos=244.6,0.0,20.4 cell=18,0,-1 origin=15,0,-1 replicas=4 dmin=7.5 dmax=61.5 limit=97.6 speed=6.0 beyond=0 dup=0 chunks=9 orphans=0 carrierless=0 spawns=62 despawns=57 pawn=1
[nebula] [nebula-probe] t=186.1 pos=250.6,0.0,20.4 cell=18,0,-1 origin=15,0,-1 replicas=4 dmin=13.5 dmax=67.5 limit=97.6 speed=6.0 beyond=0 dup=0 chunks=9 orphans=0 carrierless=0 spawns=62 despawns=57 pawn=1
[nebula] [nebula-probe] t=187.1 pos=256.6,0.0,20.4 cell=19,0,-1 origin=15,0,-1 replicas=4 dmin=1.5 dmax=55.5 limit=97.6 speed=6.0 beyond=0 dup=0 chunks=9 orphans=0 carrierless=0 spawns=63 despawns=58 pawn=1
[nebula] [nebula-probe] t=188.1 pos=262.6,0.0,20.4 cell=19,0,-1 origin=15,0,-1 replicas=4 dmin=7.5 dmax=61.5 limit=97.6 speed=6.0 beyond=0 dup=0 chunks=9 orphans=0 carrierless=0 spawns=63 despawns=58 pawn=1
[nebula] [nebula-probe] t=189.1 pos=268.6,0.0,20.4 cell=19,0,-1 origin=15,0,-1 replicas=4 dmin=13.5 dmax=67.5 limit=97.6 speed=6.0 beyond=0 dup=0 chunks=9 orphans=0 carrierless=0 spawns=63 despawns=58 pawn=1
[nebula] client 62649 fps replicas 5 (+0.4/s -0.4/s) entities 5 in 128 pkt/s 11.4 KB/s 60 states/s (msgs: state 60 rpc 0 vars 0) rtt 0ms lead 4 (adj 1, worker saw 4) corrections 0 | full-rate interp: depth 0.0 ticks, starved 0.0% worst +0.0 | frame max 1.0ms fixed/frame max 1 | gaps>3t 0 worst 0t | render delay 3t (stream lag 0t) | snapshot age ms min 17.2 avg 18.2 max 22.8
[nebula] [nebula-probe] t=190.1 pos=274.6,0.0,20.4 cell=19,0,-1 origin=15,0,-1 replicas=4 dmin=1.5 dmax=55.5 limit=97.6 speed=6.0 beyond=0 dup=0 chunks=9 orphans=0 carrierless=0 spawns=64 despawns=59 pawn=1
[nebula] [nebula-probe] t=191.1 pos=280.6,0.0,20.4 cell=19,0,-1 origin=15,0,-1 replicas=4 dmin=7.5 dmax=61.5 limit=97.6 speed=6.0 beyond=0 dup=0 chunks=9 orphans=0 carrierless=0 spawns=64 despawns=59 pawn=1
[nebula] [nebula-probe] t=192.1 pos=286.6,0.0,20.4 cell=19,0,-1 origin=15,0,-1 replicas=4 dmin=13.5 dmax=67.5 limit=97.6 speed=6.0 beyond=0 dup=0 chunks=9 orphans=0 carrierless=0 spawns=64 despawns=59 pawn=1
[nebula] [nebula-probe] t=193.1 pos=292.6,0.0,20.4 cell=19,0,-1 origin=15,0,-1 replicas=4 dmin=1.5 dmax=55.5 limit=97.6 speed=6.0 beyond=0 dup=0 chunks=9 orphans=0 carrierless=0 spawns=65 despawns=60 pawn=1
[nebula] [nebula-probe] t=194.1 pos=298.6,0.0,20.4 cell=19,0,-1 origin=15,0,-1 replicas=4 dmin=7.5 dmax=61.5 limit=97.6 speed=6.0 beyond=0 dup=0 chunks=9 orphans=0 carrierless=0 spawns=65 despawns=60 pawn=1
[nebula] client 61803 fps replicas 5 (+0.2/s -0.2/s) entities 5 in 132 pkt/s 14.2 KB/s 60 states/s (msgs: state 60 rpc 0 vars 0) rtt 0ms lead 4 (adj 1, worker saw 4) corrections 0 | full-rate interp: depth 0.0 ticks, starved 0.0% worst +0.0 | frame max 0.9ms fixed/frame max 1 | gaps>3t 0 worst 0t | render delay 3t (stream lag 0t) | snapshot age ms min 5.1 avg 18.1 max 22.4
[nebula] [nebula-probe] t=195.1 pos=304.6,0.0,20.4 cell=19,0,-1 origin=15,0,-1 replicas=4 dmin=13.5 dmax=67.5 limit=97.6 speed=6.0 beyond=0 dup=0 chunks=9 orphans=0 carrierless=0 spawns=65 despawns=60 pawn=1
[nebula] [nebula-probe] t=196.1 pos=310.6,0.0,20.4 cell=19,0,-1 origin=15,0,-1 replicas=4 dmin=1.5 dmax=55.5 limit=97.6 speed=6.0 beyond=0 dup=0 chunks=9 orphans=0 carrierless=0 spawns=66 despawns=61 pawn=1
[nebula] [nebula-probe] t=197.1 pos=316.6,0.0,20.4 cell=19,0,-1 origin=15,0,-1 replicas=4 dmin=7.5 dmax=61.5 limit=97.6 speed=6.0 beyond=0 dup=0 chunks=9 orphans=0 carrierless=0 spawns=66 despawns=61 pawn=1
[nebula] [nebula-probe] t=198.1 pos=2.6,0.0,20.4 cell=20,0,-1 origin=20,0,-1 replicas=4 dmin=13.5 dmax=67.5 limit=88.0 speed=0.0 beyond=0 dup=0 chunks=9 orphans=0 carrierless=0 spawns=66 despawns=61 pawn=1
[nebula] [nebula-probe] t=199.1 pos=8.6,0.0,20.4 cell=20,0,-1 origin=20,0,-1 replicas=4 dmin=1.5 dmax=55.5 limit=97.6 speed=6.0 beyond=0 dup=0 chunks=9 orphans=0 carrierless=0 spawns=67 despawns=62 pawn=1
[nebula] client 61912 fps replicas 5 (+0.4/s -0.4/s) entities 5 in 129 pkt/s 12.0 KB/s 60 states/s (msgs: state 60 rpc 0 vars 0) rtt 0ms lead 4 (adj 1, worker saw 4) corrections 0 | full-rate interp: depth 0.0 ticks, starved 0.0% worst +0.0 | frame max 0.9ms fixed/frame max 1 | gaps>3t 0 worst 0t | render delay 3t (stream lag 0t) | snapshot age ms min 17.2 avg 18.1 max 22.9
[nebula] [nebula-probe] t=200.1 pos=14.6,0.0,20.4 cell=20,0,-1 origin=20,0,-1 replicas=4 dmin=7.5 dmax=61.5 limit=97.6 speed=6.0 beyond=0 dup=0 chunks=9 orphans=0 carrierless=0 spawns=67 despawns=62 pawn=1
[nebula] [nebula-probe] t=201.1 pos=20.6,0.0,20.4 cell=20,0,-1 origin=20,0,-1 replicas=4 dmin=13.5 dmax=67.5 limit=97.6 speed=6.0 beyond=0 dup=0 chunks=9 orphans=0 carrierless=0 spawns=67 despawns=62 pawn=1
[nebula] [nebula-probe] t=202.1 pos=26.6,0.0,20.4 cell=20,0,-1 origin=20,0,-1 replicas=4 dmin=1.5 dmax=55.5 limit=97.6 speed=6.0 beyond=0 dup=0 chunks=9 orphans=0 carrierless=0 spawns=68 despawns=63 pawn=1
[nebula] [nebula-probe] t=203.1 pos=32.6,0.0,20.4 cell=20,0,-1 origin=20,0,-1 replicas=4 dmin=7.5 dmax=61.5 limit=97.6 speed=6.0 beyond=0 dup=0 chunks=9 orphans=0 carrierless=0 spawns=68 despawns=63 pawn=1
[nebula] [nebula-probe] t=204.1 pos=38.6,0.0,20.4 cell=20,0,-1 origin=20,0,-1 replicas=4 dmin=13.5 dmax=67.5 limit=97.6 speed=6.0 beyond=0 dup=0 chunks=9 orphans=0 carrierless=0 spawns=68 despawns=63 pawn=1
[nebula] client 62491 fps replicas 5 (+0.4/s -0.4/s) entities 5 in 128 pkt/s 11.2 KB/s 60 states/s (msgs: state 60 rpc 0 vars 0) rtt 0ms lead 4 (adj 1, worker saw 4) corrections 0 | full-rate interp: depth 0.0 ticks, starved 0.0% worst +0.0 | frame max 0.8ms fixed/frame max 1 | gaps>3t 0 worst 0t | render delay 3t (stream lag 0t) | snapshot age ms min 17.3 avg 18.2 max 23.5
[nebula] [nebula-probe] t=205.1 pos=44.6,0.0,20.4 cell=20,0,-1 origin=20,0,-1 replicas=4 dmin=1.5 dmax=55.5 limit=97.6 speed=6.0 beyond=0 dup=0 chunks=9 orphans=0 carrierless=0 spawns=69 despawns=64 pawn=1
[nebula] [nebula-probe] t=206.1 pos=50.6,0.0,20.4 cell=20,0,-1 origin=20,0,-1 replicas=4 dmin=7.5 dmax=61.5 limit=97.6 speed=6.0 beyond=0 dup=0 chunks=9 orphans=0 carrierless=0 spawns=69 despawns=64 pawn=1
[nebula] [nebula-probe] t=207.1 pos=56.6,0.0,20.4 cell=20,0,-1 origin=20,0,-1 replicas=4 dmin=13.5 dmax=67.5 limit=97.6 speed=6.0 beyond=0 dup=0 chunks=9 orphans=0 carrierless=0 spawns=69 despawns=64 pawn=1
[nebula] [nebula-probe] t=208.1 pos=62.6,0.0,20.4 cell=20,0,-1 origin=20,0,-1 replicas=4 dmin=1.5 dmax=55.5 limit=97.6 speed=6.0 beyond=0 dup=0 chunks=9 orphans=0 carrierless=0 spawns=70 despawns=65 pawn=1
