2026-09-21T07:36:57.6238732Z [nebula] timer resolution 1 ms requested; background throttling opt-out ok
2026-09-21T07:36:57.6921495Z [nebula] control plane: hosted by this orchestrator, stored in sqlite
2026-09-21T07:36:57.6931912Z [nebula] persistence: sqlite store at sqlite:C:\Dev\nebula-virtualworld\Library\Nebula\nebula.db
2026-09-21T07:36:57.6932589Z [nebula] warning: persistence: -nebula-reset-persistence: deleting every saved entity
2026-09-21T07:36:57.6986048Z [nebula] orchestrator orch1: desired workers = 4, host=process, spawnGateway=True
2026-09-21T07:36:57.7566037Z [nebula] dashboard at http://localhost:7180/ (bind localhost); World map at http://localhost:7180/map; workers post telemetry to http://127.0.0.1:7180/api/telemetry; artifacts from C:\Dev\nebula-virtualworld\Builds\Win64
2026-09-21T07:36:57.7571491Z [nebula] control plane hosted at http://127.0.0.1:7180/ (stored in sqlite)
2026-09-21T07:36:57.7572272Z [nebula] standalone orchestrator started; 0 baked containers
2026-09-21T07:36:57.7576204Z [nebula] persistence: sqlite store ready (0 record(s))
2026-09-21T07:36:57.7588172Z [nebula] setting npcs = 0
2026-09-21T07:36:57.8280013Z [nebula] launched gateway pid=62132
2026-09-21T07:36:58.8492791Z [nebula] scaling up: launching worker w1
2026-09-21T07:36:58.8536974Z [nebula] launched worker w1 pid=13064
2026-09-21T07:36:58.8537598Z [nebula] Nebula.exe -batchmode -nographics -nebula-role worker -nebula-worker-id w1 -nebula-worker-index 1 -nebula-port 7301 -nebula-advertise 127.0.0.1 -nebula-control-plane http://127.0.0.1:7180/ -nebula-gateway 127.0.0.1:7200 -nebula-telemetry http://127.0.0.1:7180/api/telemetry -nebula-persistence-mode remote -nebula-verbose -logFile "C:\Dev\nebula-virtualworld\Builds\Win64\Logs\w1.log"
2026-09-21T07:36:58.8539191Z [nebula] launched worker w1 on process: pid 13064
2026-09-21T07:36:58.8544251Z [nebula] scaling up: launching worker w2
2026-09-21T07:36:58.8576318Z [nebula] launched worker w2 pid=23484
2026-09-21T07:36:58.8576440Z [nebula] Nebula.exe -batchmode -nographics -nebula-role worker -nebula-worker-id w2 -nebula-worker-index 2 -nebula-port 7302 -nebula-advertise 127.0.0.1 -nebula-control-plane http://127.0.0.1:7180/ -nebula-gateway 127.0.0.1:7200 -nebula-telemetry http://127.0.0.1:7180/api/telemetry -nebula-persistence-mode remote -nebula-verbose -logFile "C:\Dev\nebula-virtualworld\Builds\Win64\Logs\w2.log"
2026-09-21T07:36:58.8576672Z [nebula] launched worker w2 on process: pid 23484
2026-09-21T07:36:58.8576981Z [nebula] scaling up: launching worker w3
2026-09-21T07:36:58.8607950Z [nebula] launched worker w3 pid=14964
2026-09-21T07:36:58.8608123Z [nebula] Nebula.exe -batchmode -nographics -nebula-role worker -nebula-worker-id w3 -nebula-worker-index 3 -nebula-port 7303 -nebula-advertise 127.0.0.1 -nebula-control-plane http://127.0.0.1:7180/ -nebula-gateway 127.0.0.1:7200 -nebula-telemetry http://127.0.0.1:7180/api/telemetry -nebula-persistence-mode remote -nebula-verbose -logFile "C:\Dev\nebula-virtualworld\Builds\Win64\Logs\w3.log"
2026-09-21T07:36:58.8608265Z [nebula] launched worker w3 on process: pid 14964
2026-09-21T07:36:58.8608491Z [nebula] scaling up: launching worker w4
2026-09-21T07:36:58.8641901Z [nebula] launched worker w4 pid=62844
2026-09-21T07:36:58.8642190Z [nebula] Nebula.exe -batchmode -nographics -nebula-role worker -nebula-worker-id w4 -nebula-worker-index 4 -nebula-port 7304 -nebula-advertise 127.0.0.1 -nebula-control-plane http://127.0.0.1:7180/ -nebula-gateway 127.0.0.1:7200 -nebula-telemetry http://127.0.0.1:7180/api/telemetry -nebula-persistence-mode remote -nebula-verbose -logFile "C:\Dev\nebula-virtualworld\Builds\Win64\Logs\w4.log"
2026-09-21T07:36:58.8642356Z [nebula] launched worker w4 on process: pid 62844
2026-09-21T07:37:02.4236927Z [nebula] assign rt_9223358842717339645 -> w2
2026-09-21T07:37:02.4237310Z [nebula] assign rt_9223363240763850749 -> w2
2026-09-21T07:37:02.4237369Z [nebula] assign rt_9223367638810361853 -> w2
2026-09-21T07:37:02.4237418Z [nebula] assign rt_9223358842717339646 -> w2
2026-09-21T07:37:02.4237463Z [nebula] assign rt_9223358842717339647 -> w2
2026-09-21T07:37:02.4237977Z [nebula] assign rt_9223363240763850750 -> w2
2026-09-21T07:37:02.4238041Z [nebula] assign rt_9223367638810361854 -> w2
2026-09-21T07:37:02.4238068Z [nebula] assign rt_9223363240763850751 -> w2
2026-09-21T07:37:02.4238106Z [nebula] assign rt_9223367638810361855 -> w2
2026-09-21T07:37:02.4238144Z [nebula] assign rt_2097149 -> w2
2026-09-21T07:37:02.4238187Z [nebula] assign rt_4398048608253 -> w2
2026-09-21T07:37:02.4238231Z [nebula] assign rt_8796095119357 -> w2
2026-09-21T07:37:02.4238272Z [nebula] assign rt_13194141630461 -> w3
2026-09-21T07:37:02.4238312Z [nebula] assign rt_2097150 -> w3
2026-09-21T07:37:02.4238438Z [nebula] assign rt_4398048608254 -> w3
2026-09-21T07:37:02.4238478Z [nebula] assign rt_2097151 -> w3
2026-09-21T07:37:02.4238554Z [nebula] assign rt_4398048608255 -> w3
2026-09-21T07:37:02.4238598Z [nebula] assign rt_8796095119358 -> w3
2026-09-21T07:37:02.4238646Z [nebula] assign rt_13194141630462 -> w3
2026-09-21T07:37:02.4238683Z [nebula] assign rt_8796095119359 -> w3
2026-09-21T07:37:02.4238714Z [nebula] assign rt_13194141630463 -> w3
2026-09-21T07:37:02.4238738Z [nebula] assign rt_9223358842715242496 -> w3
2026-09-21T07:37:02.4238762Z [nebula] assign rt_9223358842715242497 -> w3
2026-09-21T07:37:02.4238791Z [nebula] assign rt_9223363240761753600 -> w3
2026-09-21T07:37:02.4238833Z [nebula] assign rt_8796093022208 -> w4
2026-09-21T07:37:02.4238871Z [nebula] assign rt_13194139533312 -> w4
2026-09-21T07:37:02.4238911Z [nebula] assign rt_8796093022209 -> w4
2026-09-21T07:37:02.4238950Z [nebula] assign rt_13194139533313 -> w4
2026-09-21T07:37:02.4238988Z [nebula] assign rt_2 -> w4
2026-09-21T07:37:02.4239026Z [nebula] assign rt_4398046511106 -> w4
2026-09-21T07:37:02.4239062Z [nebula] assign rt_3 -> w4
2026-09-21T07:37:02.4239098Z [nebula] assign rt_4398046511107 -> w4
2026-09-21T07:37:02.4239135Z [nebula] assign rt_8796093022210 -> w4
2026-09-21T07:37:02.4239181Z [nebula] assign rt_13194139533314 -> w4
2026-09-21T07:37:02.4239284Z [nebula] assign rt_8796093022211 -> w4
2026-09-21T07:37:02.4239321Z [nebula] assign rt_13194139533315 -> w4
2026-09-21T07:37:02.7583369Z [nebula] loop 60 Hz, period max 71.0 ms, tick avg 0.53 ms max 71.0 ms
2026-09-21T07:37:07.7732682Z [nebula] loop 60 Hz, period max 18.5 ms, tick avg 0.12 ms max 6.9 ms
2026-09-21T07:37:12.1239391Z [nebula] assign rt_9223363240763850751 -> w3
2026-09-21T07:37:12.1239700Z [nebula] assign rt_9223367638810361855 -> w3
2026-09-21T07:37:12.1239778Z [nebula] assign rt_2097146 -> w3
2026-09-21T07:37:12.1239841Z [nebula] assign rt_4398048608250 -> w3
2026-09-21T07:37:12.1239904Z [nebula] assign rt_2097147 -> w3
2026-09-21T07:37:12.1239971Z [nebula] assign rt_4398048608251 -> w3
2026-09-21T07:37:12.1240051Z [nebula] assign rt_8796095119354 -> w3
2026-09-21T07:37:12.1240121Z [nebula] assign rt_8796095119355 -> w3
2026-09-21T07:37:12.1240177Z [nebula] assign rt_2097148 -> w3
2026-09-21T07:37:12.1240233Z [nebula] assign rt_4398048608252 -> w3
2026-09-21T07:37:12.1240281Z [nebula] assign rt_2097149 -> w3
2026-09-21T07:37:12.1240327Z [nebula] assign rt_4398048608253 -> w3
2026-09-21T07:37:12.1240396Z [nebula] assign rt_8796095119356 -> w3
2026-09-21T07:37:12.1240446Z [nebula] assign rt_8796095119357 -> w3
2026-09-21T07:37:12.1240513Z [nebula] assign rt_17592188141566 -> w3
2026-09-21T07:37:12.1240580Z [nebula] assign rt_21990234652670 -> w3
2026-09-21T07:37:12.1240641Z [nebula] assign rt_17592188141567 -> w3
2026-09-21T07:37:12.1240710Z [nebula] assign rt_21990234652671 -> w3
2026-09-21T07:37:12.1240769Z [nebula] assign rt_9223345648575709184 -> w3
2026-09-21T07:37:12.1240821Z [nebula] assign rt_9223350046622220288 -> w3
2026-09-21T07:37:12.1240881Z [nebula] assign rt_9223345648575709185 -> w3
2026-09-21T07:37:12.1240935Z [nebula] assign rt_9223350046622220289 -> w1
2026-09-21T07:37:12.1240998Z [nebula] assign rt_9223345648575709186 -> w1
2026-09-21T07:37:12.1241058Z [nebula] assign rt_9223350046622220290 -> w1
2026-09-21T07:37:12.1241127Z [nebula] assign rt_9223345648575709187 -> w1
2026-09-21T07:37:12.1241926Z [nebula] assign rt_9223350046622220291 -> w1
2026-09-21T07:37:12.1242023Z [nebula] assign rt_9223354444668731392 -> w1
2026-09-21T07:37:12.1242055Z [nebula] assign rt_9223358842715242496 -> w1
2026-09-21T07:37:12.1242117Z [nebula] assign rt_9223354444668731393 -> w1
2026-09-21T07:37:12.1242311Z [nebula] assign rt_9223358842715242497 -> w1
2026-09-21T07:37:12.1242379Z [nebula] assign rt_9223363240761753600 -> w1
2026-09-21T07:37:12.1242439Z [nebula] assign rt_9223354444668731394 -> w1
2026-09-21T07:37:12.1242512Z [nebula] assign rt_9223354444668731395 -> w1
2026-09-21T07:37:12.1242579Z [nebula] assign rt_9223367638808264708 -> w1
2026-09-21T07:37:12.1242659Z [nebula] assign rt_9223367638808264709 -> w4
2026-09-21T07:37:12.1242737Z [nebula] assign rt_9223354444668731398 -> w4
2026-09-21T07:37:12.1242807Z [nebula] assign rt_9223358842715242502 -> w4
2026-09-21T07:37:12.1242879Z [nebula] assign rt_9223363240761753606 -> w4
2026-09-21T07:37:12.1242950Z [nebula] assign rt_9223367638808264710 -> w4
2026-09-21T07:37:12.1242988Z [nebula] assign rt_0 -> w4
2026-09-21T07:37:12.1243028Z [nebula] assign rt_4398046511104 -> w4
2026-09-21T07:37:12.1243066Z [nebula] assign rt_1 -> w4
2026-09-21T07:37:12.1243103Z [nebula] assign rt_4398046511105 -> w4
2026-09-21T07:37:12.1243164Z [nebula] assign rt_5 -> w4
2026-09-21T07:37:12.1243234Z [nebula] assign rt_4398046511109 -> w4
2026-09-21T07:37:12.1243305Z [nebula] assign rt_6 -> w4
2026-09-21T07:37:12.1243376Z [nebula] assign rt_4398046511110 -> w4
2026-09-21T07:37:12.7737347Z [nebula] loop 60 Hz, period max 18.6 ms, tick avg 0.14 ms max 8.2 ms
2026-09-21T07:37:13.6402847Z [nebula] warning: worker w2 missed heartbeats for 5.3s; declaring dead
2026-09-21T07:37:13.6437082Z [nebula] assign rt_9223345648577806331 -> w3
2026-09-21T07:37:13.6437300Z [nebula] assign rt_9223350046624317435 -> w3
2026-09-21T07:37:13.6437341Z [nebula] assign rt_9223354444670828538 -> w3
2026-09-21T07:37:13.6437372Z [nebula] assign rt_9223358842717339642 -> w3
2026-09-21T07:37:13.6437395Z [nebula] assign rt_9223354444670828539 -> w3
2026-09-21T07:37:13.6437418Z [nebula] assign rt_9223358842717339643 -> w3
2026-09-21T07:37:13.6437440Z [nebula] assign rt_9223363240763850746 -> w3
2026-09-21T07:37:13.6437463Z [nebula] assign rt_9223367638810361850 -> w3
2026-09-21T07:37:13.6437487Z [nebula] assign rt_9223363240763850747 -> w3
2026-09-21T07:37:13.6437509Z [nebula] assign rt_9223367638810361851 -> w3
2026-09-21T07:37:13.6437530Z [nebula] assign rt_9223345648577806332 -> w3
2026-09-21T07:37:13.6437552Z [nebula] assign rt_9223350046624317436 -> w3
2026-09-21T07:37:13.6437573Z [nebula] assign rt_9223345648577806333 -> w3
2026-09-21T07:37:13.6437594Z [nebula] assign rt_9223350046624317437 -> w3
2026-09-21T07:37:13.6437616Z [nebula] assign rt_9223345648577806334 -> w3
2026-09-21T07:37:13.6437641Z [nebula] assign rt_9223350046624317438 -> w3
2026-09-21T07:37:13.6437663Z [nebula] assign rt_9223345648577806335 -> w3
2026-09-21T07:37:13.6437684Z [nebula] assign rt_9223350046624317439 -> w3
2026-09-21T07:37:13.6437705Z [nebula] assign rt_9223354444670828540 -> w3
2026-09-21T07:37:13.6437731Z [nebula] assign rt_9223358842717339644 -> w3
2026-09-21T07:37:13.6437752Z [nebula] assign rt_9223354444670828541 -> w3
2026-09-21T07:37:13.6437773Z [nebula] assign rt_9223358842717339645 -> w3
2026-09-21T07:37:13.6437809Z [nebula] assign rt_9223363240763850748 -> w3
2026-09-21T07:37:13.6437831Z [nebula] assign rt_9223367638810361852 -> w3
2026-09-21T07:37:13.6437859Z [nebula] assign rt_9223363240763850749 -> w3
2026-09-21T07:37:13.6437878Z [nebula] assign rt_9223367638810361853 -> w3
2026-09-21T07:37:13.6437900Z [nebula] assign rt_9223354444670828542 -> w3
2026-09-21T07:37:13.6437920Z [nebula] assign rt_9223358842717339646 -> w3
2026-09-21T07:37:13.6437957Z [nebula] assign rt_9223354444670828543 -> w4
2026-09-21T07:37:13.6438012Z [nebula] assign rt_9223358842717339647 -> w4
2026-09-21T07:37:13.6438047Z [nebula] assign rt_9223363240763850750 -> w4
2026-09-21T07:37:13.6438122Z [nebula] assign rt_9223367638810361854 -> w4
2026-09-21T07:37:16.7076898Z [nebula] assign rt_9223354444670828543 -> w3
2026-09-21T07:37:16.7077074Z [nebula] assign rt_9223358842717339647 -> w3
2026-09-21T07:37:16.7077115Z [nebula] assign rt_9223363240763850750 -> w3
2026-09-21T07:37:16.7077155Z [nebula] assign rt_9223367638810361854 -> w3
2026-09-21T07:37:16.7077196Z [nebula] assign rt_8796095119358 -> w1
2026-09-21T07:37:16.7077235Z [nebula] assign rt_13194141630462 -> w1
2026-09-21T07:37:16.7077290Z [nebula] assign rt_8796095119359 -> w1
2026-09-21T07:37:16.7077325Z [nebula] assign rt_13194141630463 -> w1
2026-09-21T07:37:16.7077364Z [nebula] assign rt_17592188141564 -> w1
2026-09-21T07:37:16.7077403Z [nebula] assign rt_21990234652668 -> w1
2026-09-21T07:37:16.7077440Z [nebula] assign rt_17592188141565 -> w1
2026-09-21T07:37:16.7077477Z [nebula] assign rt_21990234652669 -> w1
2026-09-21T07:37:16.7077508Z [nebula] assign rt_17592188141566 -> w1
2026-09-21T07:37:16.7077536Z [nebula] assign rt_21990234652670 -> w1
2026-09-21T07:37:16.7077567Z [nebula] assign rt_17592188141567 -> w1
2026-09-21T07:37:16.7077597Z [nebula] assign rt_21990234652671 -> w1
2026-09-21T07:37:16.7077628Z [nebula] assign rt_9223345648575709184 -> w1
2026-09-21T07:37:16.7077659Z [nebula] assign rt_9223350046622220288 -> w1
2026-09-21T07:37:16.7077691Z [nebula] assign rt_9223345648575709185 -> w1
2026-09-21T07:37:16.7077727Z [nebula] assign rt_9223350046622220292 -> w4
2026-09-21T07:37:16.7077769Z [nebula] assign rt_9223345648575709189 -> w4
2026-09-21T07:37:16.7077811Z [nebula] assign rt_9223350046622220293 -> w4
2026-09-21T07:37:16.7077849Z [nebula] assign rt_9223345648575709190 -> w4
2026-09-21T07:37:16.7077889Z [nebula] assign rt_9223350046622220294 -> w4
2026-09-21T07:37:16.7077933Z [nebula] assign rt_9223354444668731396 -> w4
2026-09-21T07:37:16.7077979Z [nebula] assign rt_9223358842715242500 -> w4
2026-09-21T07:37:16.7078020Z [nebula] assign rt_9223354444668731397 -> w4
2026-09-21T07:37:16.7078062Z [nebula] assign rt_9223358842715242501 -> w4
2026-09-21T07:37:16.7078100Z [nebula] assign rt_9223363240761753604 -> w4
2026-09-21T07:37:16.7078143Z [nebula] assign rt_9223367638808264708 -> w4
2026-09-21T07:37:16.7078186Z [nebula] assign rt_9223363240761753605 -> w4
2026-09-21T07:37:17.7738604Z [nebula] loop 60 Hz, period max 18.5 ms, tick avg 0.09 ms max 4.1 ms
2026-09-21T07:37:21.8418659Z [nebula] relaunching worker w2
2026-09-21T07:37:21.8439419Z [nebula] launched worker w2 pid=64776
2026-09-21T07:37:21.8439517Z [nebula] Nebula.exe -batchmode -nographics -nebula-role worker -nebula-worker-id w2 -nebula-worker-index 2 -nebula-port 7302 -nebula-advertise 127.0.0.1 -nebula-control-plane http://127.0.0.1:7180/ -nebula-gateway 127.0.0.1:7200 -nebula-telemetry http://127.0.0.1:7180/api/telemetry -nebula-persistence-mode remote -nebula-verbose -logFile "C:\Dev\nebula-virtualworld\Builds\Win64\Logs\w2.log"
2026-09-21T07:37:21.8439572Z [nebula] launched worker w2 on process: pid 64776
2026-09-21T07:37:22.7741502Z [nebula] loop 60 Hz, period max 18.5 ms, tick avg 0.08 ms max 2.8 ms
2026-09-21T07:37:22.8749196Z [nebula] assign rt_4398048608252 -> w1
2026-09-21T07:37:22.8749357Z [nebula] assign rt_2097149 -> w1
2026-09-21T07:37:22.8749392Z [nebula] assign rt_4398048608253 -> w1
2026-09-21T07:37:22.8749424Z [nebula] assign rt_8796095119356 -> w1
2026-09-21T07:37:22.8749454Z [nebula] assign rt_13194141630460 -> w1
2026-09-21T07:37:22.8749480Z [nebula] assign rt_8796095119357 -> w1
2026-09-21T07:37:22.8749506Z [nebula] assign rt_13194141630461 -> w1
2026-09-21T07:37:22.8749531Z [nebula] assign rt_2097150 -> w1
2026-09-21T07:37:22.8749557Z [nebula] assign rt_4398048608254 -> w1
2026-09-21T07:37:22.8749584Z [nebula] assign rt_2097151 -> w1
2026-09-21T07:37:22.8749611Z [nebula] assign rt_4398048608255 -> w1
2026-09-21T07:37:22.8749637Z [nebula] assign rt_9223358842715242496 -> w2
2026-09-21T07:37:22.8749666Z [nebula] assign rt_9223354444668731393 -> w2
2026-09-21T07:37:22.8750079Z [nebula] assign rt_9223358842715242497 -> w2
2026-09-21T07:37:22.8750126Z [nebula] assign rt_9223363240761753600 -> w2
2026-09-21T07:37:22.8750151Z [nebula] assign rt_9223367638808264704 -> w2
2026-09-21T07:37:22.8750178Z [nebula] assign rt_9223363240761753601 -> w2
2026-09-21T07:37:22.8750208Z [nebula] assign rt_9223367638808264705 -> w2
2026-09-21T07:37:22.8750233Z [nebula] assign rt_9223354444668731394 -> w2
2026-09-21T07:37:22.8750257Z [nebula] assign rt_9223358842715242498 -> w2
2026-09-21T07:37:22.8750283Z [nebula] assign rt_9223354444668731395 -> w2
2026-09-21T07:37:22.8750307Z [nebula] assign rt_9223358842715242499 -> w2
2026-09-21T07:37:22.8750335Z [nebula] assign rt_9223363240761753602 -> w2
2026-09-21T07:37:22.8750359Z [nebula] assign rt_9223367638808264706 -> w2
2026-09-21T07:37:22.8750384Z [nebula] assign rt_9223363240761753603 -> w2
2026-09-21T07:37:22.8750407Z [nebula] assign rt_9223367638808264707 -> w2
2026-09-21T07:37:22.8750433Z [nebula] assign rt_9223345648575709188 -> w2
2026-09-21T07:37:22.8750463Z [nebula] assign rt_9223350046622220292 -> w2
2026-09-21T07:37:22.8750493Z [nebula] assign rt_9223345648575709189 -> w2
2026-09-21T07:37:22.8750522Z [nebula] assign rt_9223350046622220293 -> w2
2026-09-21T07:37:22.8750549Z [nebula] assign rt_9223345648575709190 -> w2
2026-09-21T07:37:22.8750578Z [nebula] assign rt_9223350046622220294 -> w2
2026-09-21T07:37:22.8750604Z [nebula] assign rt_9223354444668731396 -> w2
2026-09-21T07:37:22.8750629Z [nebula] assign rt_9223358842715242500 -> w2
2026-09-21T07:37:22.8751557Z [nebula] assign rt_9223354444668731397 -> w2
2026-09-21T07:37:22.8751617Z [nebula] assign rt_9223358842715242501 -> w2
2026-09-21T07:37:22.8751652Z [nebula] assign rt_9223363240761753604 -> w2
2026-09-21T07:37:22.8751681Z [nebula] assign rt_9223367638808264708 -> w2
2026-09-21T07:37:22.8751712Z [nebula] assign rt_9223363240761753605 -> w2
2026-09-21T07:37:22.8751745Z [nebula] assign rt_9223367638808264709 -> w2
2026-09-21T07:37:22.8751774Z [nebula] assign rt_26388279066624 -> w4
2026-09-21T07:37:22.8751815Z [nebula] assign rt_26388279066625 -> w4
2026-09-21T07:37:22.8751842Z [nebula] assign rt_26388279066626 -> w4
2026-09-21T07:37:22.8751873Z [nebula] assign rt_8796093022213 -> w4
2026-09-21T07:37:22.8751903Z [nebula] assign rt_8796093022214 -> w4
2026-09-21T07:37:27.7750722Z [nebula] loop 60 Hz, period max 18.5 ms, tick avg 0.10 ms max 6.6 ms
2026-09-21T07:37:32.7911830Z [nebula] loop 60 Hz, period max 18.5 ms, tick avg 0.09 ms max 3.2 ms
2026-09-21T07:37:37.8083505Z [nebula] loop 60 Hz, period max 18.5 ms, tick avg 0.07 ms max 0.8 ms
2026-09-21T07:37:42.8239729Z [nebula] loop 60 Hz, period max 18.4 ms, tick avg 0.09 ms max 1.5 ms
2026-09-21T07:37:44.2586508Z [nebula] assign rt_4398048608252 -> w3
2026-09-21T07:37:44.2586681Z [nebula] assign rt_2097149 -> w3
2026-09-21T07:37:44.2586709Z [nebula] assign rt_4398048608253 -> w3
2026-09-21T07:37:44.2586732Z [nebula] assign rt_8796095119356 -> w3
2026-09-21T07:37:44.2586756Z [nebula] assign rt_13194141630460 -> w3
2026-09-21T07:37:44.2586778Z [nebula] assign rt_8796095119357 -> w3
2026-09-21T07:37:44.2586799Z [nebula] assign rt_13194141630461 -> w3
2026-09-21T07:37:44.2586824Z [nebula] assign rt_2097150 -> w3
2026-09-21T07:37:44.2586865Z [nebula] assign rt_4398048608254 -> w3
2026-09-21T07:37:44.2586887Z [nebula] assign rt_2097151 -> w3
2026-09-21T07:37:44.2586907Z [nebula] assign rt_4398048608255 -> w3
2026-09-21T07:37:44.2586929Z [nebula] assign rt_8796095119358 -> w3
2026-09-21T07:37:44.2586949Z [nebula] assign rt_13194141630462 -> w3
2026-09-21T07:37:44.2586970Z [nebula] assign rt_8796095119359 -> w3
2026-09-21T07:37:44.2586991Z [nebula] assign rt_13194141630463 -> w3
2026-09-21T07:37:44.2587014Z [nebula] assign rt_17592188141564 -> w3
2026-09-21T07:37:44.2587037Z [nebula] assign rt_21990234652668 -> w3
2026-09-21T07:37:44.2587058Z [nebula] assign rt_17592188141565 -> w3
2026-09-21T07:37:44.2587080Z [nebula] assign rt_21990234652669 -> w3
2026-09-21T07:37:44.2587107Z [nebula] assign rt_9223358842715242496 -> w1
2026-09-21T07:37:44.2587170Z [nebula] assign rt_9223354444668731393 -> w1
2026-09-21T07:37:44.2587202Z [nebula] assign rt_9223358842715242497 -> w1
2026-09-21T07:37:44.2587222Z [nebula] assign rt_9223363240761753600 -> w1
2026-09-21T07:37:44.2587242Z [nebula] assign rt_9223367638808264704 -> w1
2026-09-21T07:37:44.2587261Z [nebula] assign rt_9223363240761753601 -> w1
2026-09-21T07:37:44.2587281Z [nebula] assign rt_9223367638808264705 -> w1
2026-09-21T07:37:44.2587303Z [nebula] assign rt_9223354444668731394 -> w1
2026-09-21T07:37:44.2587323Z [nebula] assign rt_9223358842715242498 -> w1
2026-09-21T07:37:44.2587345Z [nebula] assign rt_9223354444668731398 -> w2
2026-09-21T07:37:44.2587367Z [nebula] assign rt_9223358842715242502 -> w2
2026-09-21T07:37:44.2587399Z [nebula] assign rt_9223363240761753606 -> w2
2026-09-21T07:37:44.2587422Z [nebula] assign rt_9223367638808264710 -> w2
2026-09-21T07:37:44.2587442Z [nebula] assign rt_0 -> w2
2026-09-21T07:37:44.2587463Z [nebula] assign rt_4398046511104 -> w2
2026-09-21T07:37:44.2587483Z [nebula] assign rt_1 -> w2
2026-09-21T07:37:44.2587503Z [nebula] assign rt_4398046511105 -> w2
2026-09-21T07:37:44.2587523Z [nebula] assign rt_8796093022208 -> w2
2026-09-21T07:37:44.2587543Z [nebula] assign rt_13194139533312 -> w2
2026-09-21T07:37:44.2587564Z [nebula] assign rt_8796093022209 -> w2
2026-09-21T07:37:44.2587584Z [nebula] assign rt_13194139533313 -> w2
2026-09-21T07:37:44.2587604Z [nebula] assign rt_2 -> w2
2026-09-21T07:37:44.2587624Z [nebula] assign rt_4398046511106 -> w2
2026-09-21T07:37:44.2587646Z [nebula] assign rt_30786325577728 -> w4
2026-09-21T07:37:44.2587669Z [nebula] assign rt_30786325577729 -> w4
2026-09-21T07:37:44.2587691Z [nebula] assign rt_30786325577730 -> w4
2026-09-21T07:37:44.2587714Z [nebula] assign rt_35184372088832 -> w4
2026-09-21T07:37:44.2587736Z [nebula] assign rt_35184372088833 -> w4
2026-09-21T07:37:44.2587759Z [nebula] assign rt_35184372088834 -> w4
2026-09-21T07:37:47.8247198Z [nebula] loop 60 Hz, period max 19.4 ms, tick avg 0.08 ms max 1.5 ms
2026-09-21T07:37:52.8245698Z [nebula] loop 60 Hz, period max 18.5 ms, tick avg 0.08 ms max 1.5 ms
2026-09-21T07:37:57.8404478Z [nebula] loop 60 Hz, period max 18.4 ms, tick avg 0.07 ms max 0.7 ms
2026-09-21T07:38:02.8403821Z [nebula] loop 60 Hz, period max 18.4 ms, tick avg 0.08 ms max 1.0 ms
2026-09-21T07:38:07.8418084Z [nebula] loop 60 Hz, period max 18.5 ms, tick avg 0.07 ms max 0.8 ms
2026-09-21T07:38:11.7080359Z [nebula] assign rt_26388281163772 -> w3
2026-09-21T07:38:11.7080551Z [nebula] assign rt_30786327674876 -> w3
2026-09-21T07:38:11.7080586Z [nebula] assign rt_26388281163773 -> w3
2026-09-21T07:38:11.7080627Z [nebula] assign rt_30786327674877 -> w3
2026-09-21T07:38:11.7080654Z [nebula] assign rt_17592188141566 -> w3
2026-09-21T07:38:11.7080683Z [nebula] assign rt_21990234652670 -> w3
2026-09-21T07:38:11.7080709Z [nebula] assign rt_17592188141567 -> w3
2026-09-21T07:38:11.7080735Z [nebula] assign rt_3 -> w2
2026-09-21T07:38:11.7080763Z [nebula] assign rt_4398046511107 -> w2
2026-09-21T07:38:11.7080788Z [nebula] assign rt_8796093022210 -> w2
2026-09-21T07:38:11.7080814Z [nebula] assign rt_13194139533314 -> w2
2026-09-21T07:38:11.7080839Z [nebula] assign rt_8796093022211 -> w2
2026-09-21T07:38:11.7080864Z [nebula] assign rt_13194139533315 -> w2
2026-09-21T07:38:11.7080894Z [nebula] assign rt_39582418599936 -> w4
2026-09-21T07:38:11.7080922Z [nebula] assign rt_39582418599937 -> w4
2026-09-21T07:38:11.7080949Z [nebula] assign rt_43980465111040 -> w4
2026-09-21T07:38:11.7080978Z [nebula] assign rt_48378511622144 -> w4
2026-09-21T07:38:11.7081006Z [nebula] assign rt_43980465111041 -> w4
2026-09-21T07:38:11.7081036Z [nebula] assign rt_48378511622145 -> w4
2026-09-21T07:38:11.7081063Z [nebula] assign rt_39582418599938 -> w4
2026-09-21T07:38:11.7081092Z [nebula] assign rt_43980465111042 -> w4
2026-09-21T07:38:11.7081121Z [nebula] assign rt_48378511622146 -> w4
2026-09-21T07:38:12.8572011Z [nebula] loop 60 Hz, period max 18.5 ms, tick avg 0.07 ms max 1.0 ms
2026-09-21T07:38:17.8572242Z [nebula] loop 60 Hz, period max 18.5 ms, tick avg 0.08 ms max 1.0 ms
2026-09-21T07:38:22.8576687Z [nebula] loop 60 Hz, period max 18.5 ms, tick avg 0.07 ms max 1.0 ms
2026-09-21T07:38:27.8584284Z [nebula] loop 60 Hz, period max 18.5 ms, tick avg 0.08 ms max 1.1 ms
2026-09-21T07:38:32.8735959Z [nebula] loop 60 Hz, period max 18.5 ms, tick avg 0.08 ms max 1.5 ms
2026-09-21T07:38:37.8748720Z [nebula] loop 60 Hz, period max 18.5 ms, tick avg 0.08 ms max 1.1 ms
2026-09-21T07:38:42.8899264Z [nebula] loop 60 Hz, period max 18.4 ms, tick avg 0.08 ms max 1.0 ms
2026-09-21T07:38:47.8899575Z [nebula] loop 60 Hz, period max 18.5 ms, tick avg 0.09 ms max 1.4 ms
2026-09-21T07:38:52.8906471Z [nebula] loop 60 Hz, period max 18.7 ms, tick avg 0.07 ms max 1.0 ms
2026-09-21T07:38:53.4743886Z [nebula] assign rt_21990234652671 -> w3
2026-09-21T07:38:53.4744071Z [nebula] assign rt_26388281163774 -> w3
2026-09-21T07:38:53.4744107Z [nebula] assign rt_30786327674878 -> w3
2026-09-21T07:38:53.4744134Z [nebula] assign rt_26388281163775 -> w3
2026-09-21T07:38:53.4744164Z [nebula] assign rt_30786327674879 -> w3
2026-09-21T07:38:53.4744191Z [nebula] assign rt_35184374185980 -> w3
2026-09-21T07:38:53.4744217Z [nebula] assign rt_9223358842715242499 -> w1
2026-09-21T07:38:53.4744241Z [nebula] assign rt_9223363240761753602 -> w1
2026-09-21T07:38:53.4744334Z [nebula] assign rt_9223367638808264706 -> w1
2026-09-21T07:38:53.4744372Z [nebula] assign rt_17592186044416 -> w2
2026-09-21T07:38:53.4744399Z [nebula] assign rt_21990232555520 -> w2
2026-09-21T07:38:53.4744426Z [nebula] assign rt_17592186044417 -> w2
2026-09-21T07:38:53.4744453Z [nebula] assign rt_21990232555521 -> w2
2026-09-21T07:38:53.4744480Z [nebula] assign rt_26388279066624 -> w2
2026-09-21T07:38:53.4744513Z [nebula] assign rt_30786325577728 -> w2
2026-09-21T07:38:53.4744557Z [nebula] assign rt_26388279066625 -> w2
2026-09-21T07:38:53.4744585Z [nebula] assign rt_30786325577729 -> w2
2026-09-21T07:38:53.4744618Z [nebula] assign rt_17592186044418 -> w2
2026-09-21T07:38:53.4744652Z [nebula] assign rt_21990232555522 -> w2
2026-09-21T07:38:53.4744686Z [nebula] assign rt_17592186044419 -> w2
2026-09-21T07:38:53.4744720Z [nebula] assign rt_21990232555523 -> w2
2026-09-21T07:38:53.4744754Z [nebula] assign rt_26388279066626 -> w2
2026-09-21T07:38:53.4744786Z [nebula] assign rt_30786325577730 -> w2
2026-09-21T07:38:53.4744824Z [nebula] assign rt_52776558133248 -> w4
2026-09-21T07:38:53.4744861Z [nebula] assign rt_57174604644352 -> w4
2026-09-21T07:38:53.4744902Z [nebula] assign rt_52776558133249 -> w4
2026-09-21T07:38:53.4744946Z [nebula] assign rt_57174604644353 -> w4
2026-09-21T07:38:53.4744982Z [nebula] assign rt_61572651155456 -> w4
2026-09-21T07:38:53.4745020Z [nebula] assign rt_61572651155457 -> w4
2026-09-21T07:38:53.4745054Z [nebula] assign rt_52776558133250 -> w4
2026-09-21T07:38:53.4745095Z [nebula] assign rt_57174604644354 -> w4
2026-09-21T07:38:53.4745131Z [nebula] assign rt_61572651155458 -> w4
2026-09-21T07:38:57.9075881Z [nebula] loop 60 Hz, period max 18.4 ms, tick avg 0.09 ms max 1.2 ms
2026-09-21T07:39:02.9234927Z [nebula] loop 60 Hz, period max 18.5 ms, tick avg 0.09 ms max 0.8 ms
2026-09-21T07:39:07.9236049Z [nebula] loop 60 Hz, period max 18.5 ms, tick avg 0.08 ms max 1.4 ms
2026-09-21T07:39:12.9239047Z [nebula] loop 60 Hz, period max 18.4 ms, tick avg 0.09 ms max 1.0 ms
2026-09-21T07:39:17.9414924Z [nebula] loop 60 Hz, period max 18.3 ms, tick avg 0.10 ms max 0.9 ms
2026-09-21T07:39:22.9411198Z [nebula] loop 60 Hz, period max 18.4 ms, tick avg 0.08 ms max 1.7 ms
2026-09-21T07:39:26.6067717Z [nebula] assign rt_39582420697084 -> w3
2026-09-21T07:39:26.6067915Z [nebula] assign rt_35184374185981 -> w3
2026-09-21T07:39:26.6067949Z [nebula] assign rt_39582420697085 -> w3
2026-09-21T07:39:26.6067981Z [nebula] assign rt_43980467208188 -> w3
2026-09-21T07:39:26.6068010Z [nebula] assign rt_48378513719292 -> w3
2026-09-21T07:39:26.6068038Z [nebula] assign rt_43980467208189 -> w3
2026-09-21T07:39:26.6068133Z [nebula] assign rt_48378513719293 -> w3
2026-09-21T07:39:26.6068187Z [nebula] assign rt_35184374185982 -> w3
2026-09-21T07:39:26.6068221Z [nebula] assign rt_39582420697086 -> w3
2026-09-21T07:39:26.6068251Z [nebula] assign rt_35184374185983 -> w3
2026-09-21T07:39:26.6068278Z [nebula] assign rt_39582420697087 -> w3
2026-09-21T07:39:26.6068302Z [nebula] assign rt_9223363240761753603 -> w1
2026-09-21T07:39:26.6068348Z [nebula] assign rt_9223367638808264707 -> w1
2026-09-21T07:39:26.6068376Z [nebula] assign rt_9223367638808264708 -> w1
2026-09-21T07:39:26.6068404Z [nebula] assign rt_26388279066627 -> w2
2026-09-21T07:39:26.6068440Z [nebula] assign rt_30786325577731 -> w2
2026-09-21T07:39:26.6068469Z [nebula] assign rt_4 -> w2
2026-09-21T07:39:26.6068507Z [nebula] assign rt_4398046511108 -> w2
2026-09-21T07:39:26.6068537Z [nebula] assign rt_8796093022212 -> w2
2026-09-21T07:39:26.6068574Z [nebula] assign rt_13194139533316 -> w2
2026-09-21T07:39:26.6068607Z [nebula] assign rt_17592186044420 -> w2
2026-09-21T07:39:26.6068643Z [nebula] assign rt_21990232555524 -> w2
2026-09-21T07:39:26.6068679Z [nebula] assign rt_21990232555525 -> w2
2026-09-21T07:39:26.6068718Z [nebula] assign rt_26388279066628 -> w2
2026-09-21T07:39:26.6068753Z [nebula] assign rt_30786325577732 -> w2
2026-09-21T07:39:26.6068791Z [nebula] assign rt_26388279066629 -> w2
2026-09-21T07:39:26.6068827Z [nebula] assign rt_30786325577733 -> w2
2026-09-21T07:39:26.6068861Z [nebula] assign rt_21990232555526 -> w2
2026-09-21T07:39:26.6068898Z [nebula] assign rt_65970697666560 -> w4
2026-09-21T07:39:26.6068937Z [nebula] assign rt_65970697666561 -> w4
2026-09-21T07:39:26.6068975Z [nebula] assign rt_65970697666562 -> w4
2026-09-21T07:39:26.6069013Z [nebula] assign rt_70368744177664 -> w4
2026-09-21T07:39:26.6069043Z [nebula] assign rt_74766790688768 -> w4
2026-09-21T07:39:26.6069073Z [nebula] assign rt_70368744177665 -> w4
2026-09-21T07:39:26.6069106Z [nebula] assign rt_74766790688769 -> w4
2026-09-21T07:39:26.6069138Z [nebula] assign rt_79164837199872 -> w4
2026-09-21T07:39:26.6069168Z [nebula] assign rt_79164837199873 -> w4
2026-09-21T07:39:26.6069200Z [nebula] assign rt_70368744177666 -> w4
2026-09-21T07:39:26.6069231Z [nebula] assign rt_74766790688770 -> w4
2026-09-21T07:39:26.6069269Z [nebula] assign rt_79164837199874 -> w4
2026-09-21T07:39:27.9571837Z [nebula] loop 60 Hz, period max 18.5 ms, tick avg 0.10 ms max 1.1 ms
2026-09-21T07:39:32.9579987Z [nebula] loop 60 Hz, period max 18.5 ms, tick avg 0.10 ms max 1.1 ms
2026-09-21T07:39:37.9582866Z [nebula] loop 60 Hz, period max 18.5 ms, tick avg 0.08 ms max 1.0 ms
2026-09-21T07:39:42.9736859Z [nebula] loop 60 Hz, period max 18.5 ms, tick avg 0.10 ms max 1.3 ms
2026-09-21T07:39:47.9916258Z [nebula] loop 60 Hz, period max 41.1 ms, tick avg 0.09 ms max 1.2 ms
2026-09-21T07:39:53.0071096Z [nebula] loop 60 Hz, period max 19.3 ms, tick avg 0.09 ms max 1.4 ms
2026-09-21T07:39:57.2241200Z [nebula] assign rt_43980467208190 -> w3
2026-09-21T07:39:57.2241478Z [nebula] assign rt_48378513719294 -> w3
2026-09-21T07:39:57.2241506Z [nebula] assign rt_43980467208191 -> w3
2026-09-21T07:39:57.2241528Z [nebula] assign rt_48378513719295 -> w3
2026-09-21T07:39:57.2241550Z [nebula] assign rt_52776560230396 -> w3
2026-09-21T07:39:57.2241572Z [nebula] assign rt_57174606741500 -> w3
2026-09-21T07:39:57.2241594Z [nebula] assign rt_52776560230397 -> w3
2026-09-21T07:39:57.2241616Z [nebula] assign rt_57174606741501 -> w3
2026-09-21T07:39:57.2241638Z [nebula] assign rt_61572653252604 -> w3
2026-09-21T07:39:57.2241661Z [nebula] assign rt_65970699763708 -> w3
2026-09-21T07:39:57.2241684Z [nebula] assign rt_61572653252605 -> w3
2026-09-21T07:39:57.2241706Z [nebula] assign rt_65970699763709 -> w3
2026-09-21T07:39:57.2241728Z [nebula] assign rt_52776560230398 -> w3
2026-09-21T07:39:57.2241750Z [nebula] assign rt_57174606741502 -> w3
2026-09-21T07:39:57.2241772Z [nebula] assign rt_52776560230399 -> w3
2026-09-21T07:39:57.2241792Z [nebula] assign rt_0 -> w1
2026-09-21T07:39:57.2242232Z [nebula] assign rt_4398046511104 -> w1
2026-09-21T07:39:57.2242270Z [nebula] assign rt_1 -> w1
2026-09-21T07:39:57.2242291Z [nebula] assign rt_4398046511105 -> w1
2026-09-21T07:39:57.2242312Z [nebula] assign rt_8796093022208 -> w1
2026-09-21T07:39:57.2242334Z [nebula] assign rt_30786325577734 -> w2
2026-09-21T07:39:57.2242364Z [nebula] assign rt_35184372088832 -> w2
2026-09-21T07:39:57.2242385Z [nebula] assign rt_39582418599936 -> w2
2026-09-21T07:39:57.2242406Z [nebula] assign rt_35184372088833 -> w2
2026-09-21T07:39:57.2242427Z [nebula] assign rt_39582418599937 -> w2
2026-09-21T07:39:57.2242449Z [nebula] assign rt_43980465111040 -> w2
2026-09-21T07:39:57.2242470Z [nebula] assign rt_48378511622144 -> w2
2026-09-21T07:39:57.2242491Z [nebula] assign rt_43980465111041 -> w2
2026-09-21T07:39:57.2242513Z [nebula] assign rt_48378511622145 -> w2
2026-09-21T07:39:57.2242534Z [nebula] assign rt_35184372088834 -> w2
2026-09-21T07:39:57.2242556Z [nebula] assign rt_39582418599938 -> w2
2026-09-21T07:39:57.2242579Z [nebula] assign rt_35184372088835 -> w2
2026-09-21T07:39:57.2242601Z [nebula] assign rt_39582418599939 -> w2
2026-09-21T07:39:57.2242623Z [nebula] assign rt_43980465111042 -> w2
2026-09-21T07:39:57.2242645Z [nebula] assign rt_48378511622146 -> w2
2026-09-21T07:39:57.2242668Z [nebula] assign rt_43980465111043 -> w2
2026-09-21T07:39:57.2242693Z [nebula] assign rt_83562883710976 -> w4
2026-09-21T07:39:57.2242717Z [nebula] assign rt_83562883710977 -> w4
2026-09-21T07:39:57.2242741Z [nebula] assign rt_83562883710978 -> w4
2026-09-21T07:39:57.2242766Z [nebula] assign rt_87960930222080 -> w4
2026-09-21T07:39:57.2242791Z [nebula] assign rt_87960930222081 -> w4
2026-09-21T07:39:57.2242815Z [nebula] assign rt_87960930222082 -> w4
2026-09-21T07:39:58.0083519Z [nebula] loop 60 Hz, period max 18.5 ms, tick avg 0.10 ms max 1.3 ms
2026-09-21T07:40:03.0237397Z [nebula] loop 60 Hz, period max 18.5 ms, tick avg 0.11 ms max 1.6 ms
2026-09-21T07:40:08.0400874Z [nebula] loop 60 Hz, period max 18.4 ms, tick avg 0.08 ms max 0.9 ms
2026-09-21T07:40:13.0577453Z [nebula] loop 60 Hz, period max 19.3 ms, tick avg 0.09 ms max 1.2 ms
2026-09-21T07:40:18.0733599Z [nebula] loop 60 Hz, period max 19.3 ms, tick avg 0.10 ms max 1.1 ms
2026-09-21T07:40:23.0742692Z [nebula] loop 60 Hz, period max 18.9 ms, tick avg 0.10 ms max 1.4 ms
2026-09-21T07:40:27.3743621Z [nebula] assign rt_57174606741503 -> w3
2026-09-21T07:40:27.3743790Z [nebula] assign rt_61572653252606 -> w3
2026-09-21T07:40:27.3743819Z [nebula] assign rt_65970699763710 -> w3
2026-09-21T07:40:27.3743843Z [nebula] assign rt_61572653252607 -> w3
2026-09-21T07:40:27.3743864Z [nebula] assign rt_9223367638808264707 -> w2
2026-09-21T07:40:27.3743885Z [nebula] assign rt_9223367638808264708 -> w2
2026-09-21T07:40:27.3743905Z [nebula] assign rt_0 -> w2
2026-09-21T07:40:27.3743927Z [nebula] assign rt_4398046511104 -> w2
2026-09-21T07:40:27.3743948Z [nebula] assign rt_1 -> w2
2026-09-21T07:40:27.3743968Z [nebula] assign rt_4398046511105 -> w2
2026-09-21T07:40:27.3743988Z [nebula] assign rt_8796093022208 -> w2
2026-09-21T07:40:27.3744011Z [nebula] assign rt_48378511622147 -> w2
2026-09-21T07:40:27.3744032Z [nebula] assign rt_52776558133248 -> w2
2026-09-21T07:40:27.3744054Z [nebula] assign rt_57174604644352 -> w2
2026-09-21T07:40:27.3744075Z [nebula] assign rt_52776558133249 -> w2
2026-09-21T07:40:27.3744097Z [nebula] assign rt_57174604644353 -> w2
2026-09-21T07:40:27.3744118Z [nebula] assign rt_61572651155456 -> w2
2026-09-21T07:40:27.3744140Z [nebula] assign rt_65970697666560 -> w2
2026-09-21T07:40:27.3744162Z [nebula] assign rt_61572651155457 -> w2
2026-09-21T07:40:27.3744184Z [nebula] assign rt_65970697666561 -> w2
2026-09-21T07:40:27.3744206Z [nebula] assign rt_52776558133250 -> w2
2026-09-21T07:40:27.3744227Z [nebula] assign rt_57174604644354 -> w2
2026-09-21T07:40:27.3744250Z [nebula] assign rt_52776558133251 -> w2
2026-09-21T07:40:27.3744274Z [nebula] assign rt_92358976733184 -> w4
2026-09-21T07:40:27.3744304Z [nebula] assign rt_92358976733185 -> w4
2026-09-21T07:40:27.3744380Z [nebula] assign rt_96757023244288 -> w4
2026-09-21T07:40:27.3744421Z [nebula] assign rt_101155069755392 -> w4
2026-09-21T07:40:27.3744446Z [nebula] assign rt_96757023244289 -> w4
2026-09-21T07:40:27.3744468Z [nebula] assign rt_101155069755393 -> w4
2026-09-21T07:40:27.3744491Z [nebula] assign rt_92358976733186 -> w4
2026-09-21T07:40:27.3744516Z [nebula] assign rt_96757023244290 -> w4
2026-09-21T07:40:27.3744538Z [nebula] assign rt_101155069755394 -> w4
2026-09-21T07:40:28.0899677Z [nebula] loop 60 Hz, period max 18.5 ms, tick avg 0.10 ms max 1.1 ms
